******************************************************************************
             TMS320C2000 Linker PC v6.4.2                      
******************************************************************************
>> Linked Fri Jun 05 16:33:28 2015

OUTPUT FILE NAME:   <SolarExplorer_PVInverter.out>
ENTRY POINT SYMBOL: "_c_int00"  address: 003efcb7


MEMORY CONFIGURATION

         name            origin    length      used     unused   attr    fill
----------------------  --------  ---------  --------  --------  ----  --------
PAGE 0:
  RAML3                 00009000   00001000  000003db  00000c25  RWIX
  OTP                   003d7800   00000400  00000000  00000400  RWIX
  FLASHH                003e8000   00002000  00000000  00002000  RWIX
  FLASHG                003ea000   00002000  00000000  00002000  RWIX
  FLASHF                003ec000   00002000  00000000  00002000  RWIX
  FLASHE                003ee000   00002000  00001e60  000001a0  RWIX
  FLASHD                003f0000   00002000  000003db  00001c25  RWIX
  FLASHC                003f2000   00002000  00000000  00002000  RWIX
  FLASHA                003f6000   00001f80  00000306  00001c7a  RWIX
  CSM_RSVD              003f7f80   00000076  00000000  00000076  RWIX
  BEGIN                 003f7ff6   00000002  00000002  00000000  RWIX
  CSM_PWL               003f7ff8   00000008  00000000  00000008  RWIX
  IQTABLES              003fe000   00000b50  00000b50  00000000  RWIX
  IQTABLES2             003feb50   0000008c  00000000  0000008c  RWIX
  IQTABLES3             003febdc   000000aa  00000000  000000aa  RWIX
  BOOTROM               003ff27c   00000d44  00000000  00000d44  RWIX
  RESET                 003fffc0   00000002  00000000  00000002  RWIX
  VECTORS               003fffc2   0000003e  00000000  0000003e  RWIX

PAGE 1:
  BOOT_RSVD             00000000   00000050  00000000  00000050  RWIX
  RAMM0                 00000050   000003b0  00000380  00000030  RWIX
  RAMM1                 00000400   00000400  00000000  00000400  RWIX
  DEV_EMU               00000880   00000105  00000004  00000101  RWIX
  SYS_PWR_CTL           00000985   00000003  00000003  00000000  RWIX
  FLASH_REGS            00000a80   00000060  00000008  00000058  RWIX
  CSM                   00000ae0   00000010  00000010  00000000  RWIX
  ADC_RESULT            00000b00   00000020  00000020  00000000  RWIX
  CPU_TIMER0            00000c00   00000008  00000008  00000000  RWIX
  CPU_TIMER1            00000c08   00000008  00000008  00000000  RWIX
  CPU_TIMER2            00000c10   00000008  00000008  00000000  RWIX
  PIE_CTRL              00000ce0   00000020  0000001a  00000006  RWIX
  PIE_VECT              00000d00   00000100  00000100  00000000  RWIX
  CLA1                  00001400   00000080  00000040  00000040  RWIX
  CLA_CPU_MSGRAM        00001480   00000080  00000000  00000080  RWIX
  CPU_CLA_MSGRAM        00001500   00000080  00000000  00000080  RWIX
  ECANA                 00006000   00000040  00000034  0000000c  RWIX
  ECANA_LAM             00006040   00000040  00000040  00000000  RWIX
  ECANA_MOTS            00006080   00000040  00000040  00000000  RWIX
  ECANA_MOTO            000060c0   00000040  00000040  00000000  RWIX
  ECANA_MBOX            00006100   00000100  00000100  00000000  RWIX
  COMP1                 00006400   00000020  00000014  0000000c  RWIX
  COMP2                 00006420   00000020  00000014  0000000c  RWIX
  COMP3                 00006440   00000020  00000014  0000000c  RWIX
  EPWM1                 00006800   00000040  00000040  00000000  RWIX
  EPWM2                 00006840   00000040  00000040  00000000  RWIX
  EPWM3                 00006880   00000040  00000040  00000000  RWIX
  EPWM4                 000068c0   00000040  00000040  00000000  RWIX
  EPWM5                 00006900   00000040  00000040  00000000  RWIX
  EPWM6                 00006940   00000040  00000040  00000000  RWIX
  EPWM7                 00006980   00000040  00000040  00000000  RWIX
  ECAP1                 00006a00   00000020  00000020  00000000  RWIX
  HRCAP1                00006ac0   00000020  00000020  00000000  RWIX
  HRCAP2                00006ae0   00000020  00000020  00000000  RWIX
  EQEP1                 00006b00   00000040  00000040  00000000  RWIX
  LINA                  00006c00   00000080  0000004a  00000036  RWIX
  GPIOCTRL              00006f80   00000040  00000040  00000000  RWIX
  GPIODAT               00006fc0   00000020  00000020  00000000  RWIX
  GPIOINT               00006fe0   00000020  0000000c  00000014  RWIX
  SYSTEM                00007010   00000020  00000020  00000000  RWIX
  SPIA                  00007040   00000010  00000010  00000000  RWIX
  SCIA                  00007050   00000010  00000010  00000000  RWIX
  NMIINTRUPT            00007060   00000010  00000010  00000000  RWIX
  XINTRUPT              00007070   00000010  00000010  00000000  RWIX
  ADC                   00007100   00000080  00000050  00000030  RWIX
  SPIB                  00007740   00000010  00000010  00000000  RWIX
  I2CA                  00007900   00000040  00000022  0000001e  RWIX
  RAML0                 00008000   00000800  00000620  000001e0  RWIX
  dataRAM               00008800   00000400  000001ea  00000216  RWIX
  RAML2                 00008c00   00000400  00000000  00000400  RWIX
  PARTID                003d7e80   00000001  00000001  00000000  RWIX
  FLASHB                003f4000   00002000  00000101  00001eff  RWIX
  CSM_PWL               003f7ff8   00000008  00000008  00000000  RWIX


SECTION ALLOCATION MAP

 output                                  attributes/
section   page    origin      length       input sections
--------  ----  ----------  ----------   ----------------
.text      0    003ee000    00001e60     
                  003ee000    00000616     SolarExplorer-Main.obj (.text)
                  003ee616    000004b2     commros_28xx_c_regular.lib : commros.obj (.text)
                  003eeac8    00000269     inverterFSM.obj (.text)
                  003eed31    00000267     commros_28xx_c_regular.lib : Datalogger.obj (.text)
                  003eef98    00000259     mpptFSM.obj (.text)
                  003ef1f1    000001eb     hBridgeFSM.obj (.text)
                  003ef3dc    000001c4     ADC_SOC_Cnf.obj (.text)
                  003ef5a0    000001bf     SolarExplorer-DevInit_F2803x.obj (.text)
                  003ef75f    0000012f     panelFSM.obj (.text)
                  003ef88e    00000125     commros_28xx_c_regular.lib : ByteProtocol.obj (.text)
                  003ef9b3    000000d9     PWM_1ch_UpDwnCntCompl_Cnf.obj (.text)
                  003efa8c    000000b0     Commros_user.obj (.text)
                  003efb3c    00000083     rts2800_ml.lib : fd_mpy.obj (.text)
                  003efbbf    0000005a                    : fs_mpy.obj (.text)
                  003efc19    00000053     SolarExplorer-DPL-ISR.obj (.text)
                  003efc6c    0000004b     Util_DLOG4CHC.obj (.text)
                  003efcb7    00000044     rts2800_ml.lib : boot.obj (.text)
                  003efcfb    0000003a     C28x_SGEN_Lib_fixed.lib : sghp2c.obj (.text)
                  003efd35    0000002a     rts2800_ml.lib : l_div.obj (.text)
                  003efd5f    00000022                    : i_div.obj (.text)
                  003efd81    0000001f                    : fd_tol.obj (.text)
                  003efda0    0000001e                    : ll_cmp.obj (.text)
                  003efdbe    0000001c                    : fs_tofd.obj (.text)
                  003efdda    0000001a                    : i_tofs.obj (.text)
                  003efdf4    00000019                    : args_main.obj (.text)
                  003efe0d    00000019                    : exit.obj (.text)
                  003efe26    00000018                    : ll_aox.obj (.text)
                  003efe3e    0000000c                    : memset.obj (.text)
                  003efe4a    00000009                    : _lock.obj (.text)
                  003efe53    00000008     DSP2803x_CodeStartBranch.obj (.text)
                  003efe5b    00000005     SolarExplorer-DevInit_F2803x.obj (.text:retain)

ramfuncs   0    003f0000    000003db     RUN ADDR = 00009000
                  003f0000    000002ed     SolarExplorer-Main.obj (ramfuncs:retain)
                  003f02ed    000000cf     SolarExplorer-DPL-ISR.obj (ramfuncs)
                  003f03bc    0000001b     SolarExplorer-DevInit_F2803x.obj (ramfuncs)
                  003f03d7    00000004     DSP2803x_usDelay.obj (ramfuncs)

.cinit     0    003f6000    00000193     
                  003f6000    0000017d     SolarExplorer-Main.obj (.cinit)
                  003f617d    0000000a     rts2800_ml.lib : exit.obj (.cinit)
                  003f6187    00000005                    : _lock.obj (.cinit:__lock)
                  003f618c    00000005                    : _lock.obj (.cinit:__unlock)
                  003f6191    00000002     --HOLE-- [fill = 0]

IQmath     0    003f6193    0000015d     
                  003f6193    00000047     IQmath.lib : IQ15div.obj (IQmath)
                  003f61da    00000047                : IQ24div.obj (IQmath)
                  003f6221    00000047                : IQ9div.obj (IQmath)
                  003f6268    00000046                : IQ15isqrt.obj (IQmath)
                  003f62ae    00000042                : IQ15sqrt.obj (IQmath)

.econst    0    003f62f0    00000016     
                  003f62f0    00000012     Commros_user.obj (.econst:.string)
                  003f6302    00000004     SolarExplorer-Main.obj (.econst)

codestart 
*          0    003f7ff6    00000002     
                  003f7ff6    00000002     DSP2803x_CodeStartBranch.obj (codestart)

IQmathTables 
*          0    003fe000    00000b50     NOLOAD SECTION
                  003fe000    00000b50     IQmath.lib : IQmathTables.obj (IQmathTables)

.stack     1    00000050    00000380     UNINITIALIZED
                  00000050    00000380     --HOLE--

DevEmuRegsFile 
*          1    00000880    00000004     UNINITIALIZED
                  00000880    00000004     DSP2803x_GlobalVariableDefs.obj (DevEmuRegsFile)

SysPwrCtrlRegsFile 
*          1    00000985    00000003     UNINITIALIZED
                  00000985    00000003     DSP2803x_GlobalVariableDefs.obj (SysPwrCtrlRegsFile)

FlashRegsFile 
*          1    00000a80    00000008     UNINITIALIZED
                  00000a80    00000008     DSP2803x_GlobalVariableDefs.obj (FlashRegsFile)

CsmRegsFile 
*          1    00000ae0    00000010     UNINITIALIZED
                  00000ae0    00000010     DSP2803x_GlobalVariableDefs.obj (CsmRegsFile)

AdcResultFile 
*          1    00000b00    00000020     UNINITIALIZED
                  00000b00    00000020     DSP2803x_GlobalVariableDefs.obj (AdcResultFile)

CpuTimer0RegsFile 
*          1    00000c00    00000008     UNINITIALIZED
                  00000c00    00000008     DSP2803x_GlobalVariableDefs.obj (CpuTimer0RegsFile)

CpuTimer1RegsFile 
*          1    00000c08    00000008     UNINITIALIZED
                  00000c08    00000008     DSP2803x_GlobalVariableDefs.obj (CpuTimer1RegsFile)

CpuTimer2RegsFile 
*          1    00000c10    00000008     UNINITIALIZED
                  00000c10    00000008     DSP2803x_GlobalVariableDefs.obj (CpuTimer2RegsFile)

PieCtrlRegsFile 
*          1    00000ce0    0000001a     UNINITIALIZED
                  00000ce0    0000001a     DSP2803x_GlobalVariableDefs.obj (PieCtrlRegsFile)

PieVectTableFile 
*          1    00000d00    00000100     UNINITIALIZED
                  00000d00    00000100     DSP2803x_GlobalVariableDefs.obj (PieVectTableFile)

EmuKeyVar 
*          1    00000d00    00000001     UNINITIALIZED
                  00000d00    00000001     DSP2803x_GlobalVariableDefs.obj (EmuKeyVar)

EmuBModeVar 
*          1    00000d01    00000001     UNINITIALIZED
                  00000d01    00000001     DSP2803x_GlobalVariableDefs.obj (EmuBModeVar)

FlashCallbackVar 
*          1    00000d02    00000002     UNINITIALIZED
                  00000d02    00000002     DSP2803x_GlobalVariableDefs.obj (FlashCallbackVar)

FlashScalingVar 
*          1    00000d04    00000002     UNINITIALIZED
                  00000d04    00000002     DSP2803x_GlobalVariableDefs.obj (FlashScalingVar)

Cla1RegsFile 
*          1    00001400    00000040     UNINITIALIZED
                  00001400    00000040     DSP2803x_GlobalVariableDefs.obj (Cla1RegsFile)

ECanaRegsFile 
*          1    00006000    00000034     UNINITIALIZED
                  00006000    00000034     DSP2803x_GlobalVariableDefs.obj (ECanaRegsFile)

ECanaLAMRegsFile 
*          1    00006040    00000040     UNINITIALIZED
                  00006040    00000040     DSP2803x_GlobalVariableDefs.obj (ECanaLAMRegsFile)

ECanaMOTSRegsFile 
*          1    00006080    00000040     UNINITIALIZED
                  00006080    00000040     DSP2803x_GlobalVariableDefs.obj (ECanaMOTSRegsFile)

ECanaMOTORegsFile 
*          1    000060c0    00000040     UNINITIALIZED
                  000060c0    00000040     DSP2803x_GlobalVariableDefs.obj (ECanaMOTORegsFile)

ECanaMboxesFile 
*          1    00006100    00000100     UNINITIALIZED
                  00006100    00000100     DSP2803x_GlobalVariableDefs.obj (ECanaMboxesFile)

Comp1RegsFile 
*          1    00006400    00000014     UNINITIALIZED
                  00006400    00000014     DSP2803x_GlobalVariableDefs.obj (Comp1RegsFile)

Comp2RegsFile 
*          1    00006420    00000014     UNINITIALIZED
                  00006420    00000014     DSP2803x_GlobalVariableDefs.obj (Comp2RegsFile)

Comp3RegsFile 
*          1    00006440    00000014     UNINITIALIZED
                  00006440    00000014     DSP2803x_GlobalVariableDefs.obj (Comp3RegsFile)

EPwm1RegsFile 
*          1    00006800    00000040     UNINITIALIZED
                  00006800    00000040     DSP2803x_GlobalVariableDefs.obj (EPwm1RegsFile)

EPwm2RegsFile 
*          1    00006840    00000040     UNINITIALIZED
                  00006840    00000040     DSP2803x_GlobalVariableDefs.obj (EPwm2RegsFile)

EPwm3RegsFile 
*          1    00006880    00000040     UNINITIALIZED
                  00006880    00000040     DSP2803x_GlobalVariableDefs.obj (EPwm3RegsFile)

EPwm4RegsFile 
*          1    000068c0    00000040     UNINITIALIZED
                  000068c0    00000040     DSP2803x_GlobalVariableDefs.obj (EPwm4RegsFile)

EPwm5RegsFile 
*          1    00006900    00000040     UNINITIALIZED
                  00006900    00000040     DSP2803x_GlobalVariableDefs.obj (EPwm5RegsFile)

EPwm6RegsFile 
*          1    00006940    00000040     UNINITIALIZED
                  00006940    00000040     DSP2803x_GlobalVariableDefs.obj (EPwm6RegsFile)

EPwm7RegsFile 
*          1    00006980    00000040     UNINITIALIZED
                  00006980    00000040     DSP2803x_GlobalVariableDefs.obj (EPwm7RegsFile)

ECap1RegsFile 
*          1    00006a00    00000020     UNINITIALIZED
                  00006a00    00000020     DSP2803x_GlobalVariableDefs.obj (ECap1RegsFile)

HRCap1RegsFile 
*          1    00006ac0    00000020     UNINITIALIZED
                  00006ac0    00000020     DSP2803x_GlobalVariableDefs.obj (HRCap1RegsFile)

HRCap2RegsFile 
*          1    00006ae0    00000020     UNINITIALIZED
                  00006ae0    00000020     DSP2803x_GlobalVariableDefs.obj (HRCap2RegsFile)

EQep1RegsFile 
*          1    00006b00    00000040     UNINITIALIZED
                  00006b00    00000040     DSP2803x_GlobalVariableDefs.obj (EQep1RegsFile)

LinaRegsFile 
*          1    00006c00    0000004a     UNINITIALIZED
                  00006c00    0000004a     DSP2803x_GlobalVariableDefs.obj (LinaRegsFile)

GpioCtrlRegsFile 
*          1    00006f80    00000040     UNINITIALIZED
                  00006f80    00000040     DSP2803x_GlobalVariableDefs.obj (GpioCtrlRegsFile)

GpioDataRegsFile 
*          1    00006fc0    00000020     UNINITIALIZED
                  00006fc0    00000020     DSP2803x_GlobalVariableDefs.obj (GpioDataRegsFile)

GpioIntRegsFile 
*          1    00006fe0    0000000c     UNINITIALIZED
                  00006fe0    0000000c     DSP2803x_GlobalVariableDefs.obj (GpioIntRegsFile)

SysCtrlRegsFile 
*          1    00007010    00000020     UNINITIALIZED
                  00007010    00000020     DSP2803x_GlobalVariableDefs.obj (SysCtrlRegsFile)

SpiaRegsFile 
*          1    00007040    00000010     UNINITIALIZED
                  00007040    00000010     DSP2803x_GlobalVariableDefs.obj (SpiaRegsFile)

SciaRegsFile 
*          1    00007050    00000010     UNINITIALIZED
                  00007050    00000010     DSP2803x_GlobalVariableDefs.obj (SciaRegsFile)

NmiIntruptRegsFile 
*          1    00007060    00000010     UNINITIALIZED
                  00007060    00000010     DSP2803x_GlobalVariableDefs.obj (NmiIntruptRegsFile)

XIntruptRegsFile 
*          1    00007070    00000010     UNINITIALIZED
                  00007070    00000010     DSP2803x_GlobalVariableDefs.obj (XIntruptRegsFile)

AdcRegsFile 
*          1    00007100    00000050     UNINITIALIZED
                  00007100    00000050     DSP2803x_GlobalVariableDefs.obj (AdcRegsFile)

SpibRegsFile 
*          1    00007740    00000010     UNINITIALIZED
                  00007740    00000010     DSP2803x_GlobalVariableDefs.obj (SpibRegsFile)

I2caRegsFile 
*          1    00007900    00000022     UNINITIALIZED
                  00007900    00000022     DSP2803x_GlobalVariableDefs.obj (I2caRegsFile)

.ebss      1    00008000    00000620     UNINITIALIZED
                  00008000    000002c8     Commros_user.obj (.ebss)
                  000082c8    00000016     hBridgeFSM.obj (.ebss)
                  000082de    00000004     rts2800_ml.lib : exit.obj (.ebss)
                  000082e2    00000002                    : _lock.obj (.ebss:__lock)
                  000082e4    00000002                    : _lock.obj (.ebss:__unlock)
                  000082e6    00000001     panelFSM.obj (.ebss)
                  000082e7    00000019     --HOLE--
                  00008300    000002c0     SolarExplorer-Main.obj (.ebss)
                  000085c0    00000060     SciCommsGui_32bit.obj (.ebss)

DLOG       1    00008800    00000190     UNINITIALIZED
                  00008800    00000190     Util_DLOG4CHC.obj (DLOG)

CNTL_2P2Z_Section 
*          1    00008990    00000024     UNINITIALIZED
                  00008990    00000024     SolarExplorer-DPL-ISR.obj (CNTL_2P2Z_Section)

ADCDRV_1ch_Section 
*          1    000089dc    00000008     UNINITIALIZED
                  000089dc    00000008     SolarExplorer-DPL-ISR.obj (ADCDRV_1ch_Section)

PartIdRegsFile 
*          1    003d7e80    00000001     UNINITIALIZED
                  003d7e80    00000001     DSP2803x_GlobalVariableDefs.obj (PartIdRegsFile)

CsmPwlFile 
*          1    003f7ff8    00000008     UNINITIALIZED
                  003f7ff8    00000008     DSP2803x_GlobalVariableDefs.obj (CsmPwlFile)

.pinit     0    003f6000    00000000     UNINITIALIZED

.reset     0    003fffc0    00000002     DSECT
                  003fffc0    00000002     rts2800_ml.lib : boot.obj (.reset)

vectors    0    003fffc2    00000000     DSECT

MATH_EMAVG_Section 
*          1    000089b4    0000000c     UNINITIALIZED
                  000089b4    0000000c     SolarExplorer-DPL-ISR.obj (MATH_EMAVG_Section)

CNTL_2P2Z_Coef 
*          1    000089c0    0000001c     UNINITIALIZED
                  000089c0    0000001c     SolarExplorer-Main.obj (CNTL_2P2Z_Coef)

PWMDRV_1ch_UpDwnCntCompl_Section 
*          1    000089e4    00000004     UNINITIALIZED
                  000089e4    00000004     SolarExplorer-DPL-ISR.obj (PWMDRV_1ch_UpDwnCntCompl_Section)

ZeroNet_Section 
*          1    000089e8    00000002     UNINITIALIZED
                  000089e8    00000002     SolarExplorer-DPL-ISR.obj (ZeroNet_Section)

SINTBL     1    003f4000    00000101     
                  003f4000    00000101     C28x_SGEN_Lib_fixed.lib : SINTB360.obj (SINTBL)


GLOBAL DATA SYMBOLS: SORTED BY DATA PAGE

address     data page           name
--------    ----------------    ----
00000050       1 (00000040)     __stack

00000880      22 (00000880)     _DevEmuRegs

00000985      26 (00000980)     _SysPwrCtrlRegs

00000a80      2a (00000a80)     _FlashRegs

00000ae0      2b (00000ac0)     _CsmRegs

00000b00      2c (00000b00)     _AdcResult

00000c00      30 (00000c00)     _CpuTimer0Regs
00000c08      30 (00000c00)     _CpuTimer1Regs
00000c10      30 (00000c00)     _CpuTimer2Regs

00000ce0      33 (00000cc0)     _PieCtrlRegs

00000d00      34 (00000d00)     _EmuKey
00000d00      34 (00000d00)     _PieVectTable
00000d01      34 (00000d00)     _EmuBMode
00000d02      34 (00000d00)     _Flash_CallbackPtr
00000d04      34 (00000d00)     _Flash_CPUScaleFactor

00001400      50 (00001400)     _Cla1Regs

00006000     180 (00006000)     _ECanaRegs

00006040     181 (00006040)     _ECanaLAMRegs

00006080     182 (00006080)     _ECanaMOTSRegs

000060c0     183 (000060c0)     _ECanaMOTORegs

00006100     184 (00006100)     _ECanaMboxes

00006400     190 (00006400)     _Comp1Regs
00006420     190 (00006400)     _Comp2Regs

00006440     191 (00006440)     _Comp3Regs

00006800     1a0 (00006800)     _EPwm1Regs

00006840     1a1 (00006840)     _EPwm2Regs

00006880     1a2 (00006880)     _EPwm3Regs

000068c0     1a3 (000068c0)     _EPwm4Regs

00006900     1a4 (00006900)     _EPwm5Regs

00006940     1a5 (00006940)     _EPwm6Regs

00006980     1a6 (00006980)     _EPwm7Regs

00006a00     1a8 (00006a00)     _ECap1Regs

00006ac0     1ab (00006ac0)     _HRCap1Regs
00006ae0     1ab (00006ac0)     _HRCap2Regs

00006b00     1ac (00006b00)     _EQep1Regs

00006c00     1b0 (00006c00)     _LinaRegs

00006f80     1be (00006f80)     _GpioCtrlRegs

00006fc0     1bf (00006fc0)     _GpioDataRegs
00006fe0     1bf (00006fc0)     _GpioIntRegs

00007010     1c0 (00007000)     _SysCtrlRegs

00007040     1c1 (00007040)     _SpiaRegs
00007050     1c1 (00007040)     _SciaRegs
00007060     1c1 (00007040)     _NmiIntruptRegs
00007070     1c1 (00007040)     _XIntruptRegs

00007100     1c4 (00007100)     _AdcRegs

00007740     1dd (00007740)     _SpibRegs

00007900     1e4 (00007900)     _I2caRegs

00008000     200 (00008000)     _probes
00008008     200 (00008000)     _loggerVars

00008040     201 (00008040)     _buffer

00008140     205 (00008140)     _commros

000082c9     20b (000082c0)     _inC
000082cd     20b (000082c0)     _M2
000082ce     20b (000082c0)     _inD
000082cf     20b (000082c0)     _M1
000082d0     20b (000082c0)     _cin
000082d2     20b (000082c0)     _cout
000082d4     20b (000082c0)     _ALPHA
000082d6     20b (000082c0)     _BETA
000082d8     20b (000082c0)     _vc
000082da     20b (000082c0)     _il
000082dc     20b (000082c0)     _Vz0
000082de     20b (000082c0)     ___TI_cleanup_ptr
000082e0     20b (000082c0)     ___TI_dtors_ptr
000082e2     20b (000082c0)     __lock
000082e4     20b (000082c0)     __unlock

00008300     20c (00008300)     _Run_MPPT
00008301     20c (00008300)     _MPPT_slew
00008302     20c (00008300)     _MPPT_ENABLE
00008303     20c (00008300)     _LedBlinkCnt
00008304     20c (00008300)     _TransmitData
00008305     20c (00008300)     _Gui_InvStart
00008306     20c (00008300)     _Gui_MPPTEnable
00008307     20c (00008300)     _DlogCh4
00008308     20c (00008300)     _PanelBoostConnect
00008309     20c (00008300)     _UpdateCoef
0000830a     20c (00008300)     _DlogCh2
0000830b     20c (00008300)     _DlogCh3
0000830c     20c (00008300)     _DlogCh1
0000830d     20c (00008300)     _PwmDacCh2
0000830e     20c (00008300)     _PwmDacCh4
0000830f     20c (00008300)     _PVInverterState
00008310     20c (00008300)     _LedBlinkCnt2
00008311     20c (00008300)     _PwmDacCh1
00008312     20c (00008300)     _ResetPLL
00008313     20c (00008300)     _ClearInvTrip
00008314     20c (00008300)     _PwmDacCh3
00008315     20c (00008300)     _CloseVloopInv
00008316     20c (00008300)     _ZCDDetect
00008317     20c (00008300)     _sine_prev
00008318     20c (00008300)     _VloopTicker
0000831b     20c (00008300)     _i
0000831c     20c (00008300)     _K_Vboost
0000831d     20c (00008300)     _iK_Vboost
0000831e     20c (00008300)     _K_Vpv
0000831f     20c (00008300)     _K_Ipv
00008320     20c (00008300)     _CloseIloopInv
00008321     20c (00008300)     _Gui_InvStop
00008322     20c (00008300)     _iK_Ipv
00008324     20c (00008300)     _inv_meas_cur_diff_inst
00008326     20c (00008300)     _inv_ref_cur_inst
00008328     20c (00008300)     _inv_meas_vol_inst
0000832a     20c (00008300)     _inv_ref_vol_inst
0000832c     20c (00008300)     _inv_meas_hall_cur
0000832e     20c (00008300)     _Dgain_V
00008330     20c (00008300)     _Dmax_V
00008332     20c (00008300)     _Pgain_V
00008334     20c (00008300)     _Igain_V
00008336     20c (00008300)     _Dgain_I
00008338     20c (00008300)     _Dmax_I
0000833a     20c (00008300)     _Pgain_I
0000833c     20c (00008300)     _Gui_PanelPower
0000833e     20c (00008300)     _Gui_Vboost

00008340     20d (00008340)     _Gui_MPPTTrackingEff
00008342     20d (00008340)     _Gui_Vpv
00008344     20d (00008340)     _sdata
00008346     20d (00008340)     _Gui_PanelPower_Theoretical
00008348     20d (00008340)     _hBridge
0000834a     20d (00008340)     _inverter
0000834c     20d (00008340)     _panel
0000834e     20d (00008340)     _HistPtr
00008350     20d (00008340)     _Gui_Ipv
00008352     20d (00008340)     _mppt
00008354     20d (00008340)     _temp_Scratch
00008356     20d (00008340)     _inv_Iset
00008358     20d (00008340)     _InvModIndex
0000835a     20d (00008340)     _Grid_Freq
0000835c     20d (00008340)     _inv_meas_cur_lleg1_inst
0000835e     20d (00008340)     _Igain_I
00008360     20d (00008340)     _InvSine
00008362     20d (00008340)     _VavgReal
00008364     20d (00008340)     _VrmsReal
00008366     20d (00008340)     _ScaleFactor
00008368     20d (00008340)     _Vac_in
0000836a     20d (00008340)     _inv_meas_cur_lleg2_inst
0000836c     20d (00008340)     _Temp2
0000836e     20d (00008340)     _Offset_Volt
00008372     20d (00008340)     _IboostswRead
00008374     20d (00008340)     _IpvRead_EMAVG
00008376     20d (00008340)     _VpvRef_MPPT
00008378     20d (00008340)     _IboostSwRef
0000837a     20d (00008340)     _Duty3A_fixed
0000837c     20d (00008340)     _Duty3A
0000837e     20d (00008340)     _VpvRef

00008380     20e (00008380)     _VboostRead
00008382     20e (00008380)     _IpvRead
00008384     20e (00008380)     _VpvRead_EMAVG
00008386     20e (00008380)     _VpvRead
00008388     20e (00008380)     _VTimer1
0000838c     20e (00008380)     _VTimer2
00008390     20e (00008380)     _VTimer0
00008394     20e (00008380)     _Hist_Vpv
0000839c     20e (00008380)     _Hist_Ipv
000083a4     20e (00008380)     _Comp
000083ac     20e (00008380)     _Hist_Vboost
000083b4     20e (00008380)     _state

000083c0     20f (000083c0)     _pwmdac1
000083ca     20f (000083c0)     _sgen
000083d8     20f (000083c0)     _ACQPS
000083e8     20f (000083c0)     _ePWM

00008400     210 (00008400)     _ChSel
00008410     210 (00008400)     _TrigSel
00008420     210 (00008400)     _mppt_pno1

00008440     211 (00008440)     _dlog
00008456     211 (00008440)     _sine_mainsV

00008480     212 (00008480)     _mppt_incc1

000084c0     213 (000084c0)     _pidGRANDO_Iinv

00008500     214 (00008500)     _pidGRANDO_Vinv

00008540     215 (00008540)     _spll1

00008580     216 (00008580)     _plotArray

000085c0     217 (000085c0)     _dataOut16
000085c1     217 (000085c0)     _RcvTskPtrShdw
000085c2     217 (000085c0)     _NumWords
000085c3     217 (000085c0)     _wordsLeftToGet
000085c4     217 (000085c0)     _MemGetPtr
000085c5     217 (000085c0)     _delayer
000085c6     217 (000085c0)     _MemSetPtr
000085c7     217 (000085c0)     _MemGetAmount
000085c8     217 (000085c0)     _TaskDoneFlag
000085c9     217 (000085c0)     _RxWord
000085ca     217 (000085c0)     _LowByteFlag
000085cb     217 (000085c0)     _RxChar
000085cc     217 (000085c0)     _SendTaskPtr
000085ce     217 (000085c0)     _Temp
000085d0     217 (000085c0)     _MemSetValue
000085d2     217 (000085c0)     _MemGetAddress
000085d4     217 (000085c0)     _memDataPtr16
000085d6     217 (000085c0)     _dataOut32
000085d8     217 (000085c0)     _RcvTaskPointer
000085da     217 (000085c0)     _memDataPtr32
000085dc     217 (000085c0)     _CmdPacket

00008600     218 (00008600)     _CmdDispatcher

00008990     226 (00008980)     _CNTL_2P2Z_Ref1
00008992     226 (00008980)     _CNTL_2P2Z_Fdbk1
00008994     226 (00008980)     _CNTL_2P2Z_Out1
00008996     226 (00008980)     _CNTL_2P2Z_Coef1
00008998     226 (00008980)     _CNTL_2P2Z_DBUFF1
000089a2     226 (00008980)     _CNTL_2P2Z_Ref2
000089a4     226 (00008980)     _CNTL_2P2Z_Fdbk2
000089a6     226 (00008980)     _CNTL_2P2Z_Out2
000089a8     226 (00008980)     _CNTL_2P2Z_Coef2
000089aa     226 (00008980)     _CNTL_2P2Z_DBUFF2
000089b4     226 (00008980)     _MATH_EMAVG_In1
000089b6     226 (00008980)     _MATH_EMAVG_Out1
000089b8     226 (00008980)     _MATH_EMAVG_Multiplier1
000089ba     226 (00008980)     _MATH_EMAVG_In2
000089bc     226 (00008980)     _MATH_EMAVG_Out2
000089be     226 (00008980)     _MATH_EMAVG_Multiplier2

000089c0     227 (000089c0)     _CNTL_2P2Z_CoefStruct1
000089ce     227 (000089c0)     _CNTL_2P2Z_CoefStruct2
000089dc     227 (000089c0)     _ADCDRV_1ch_Rlt1
000089de     227 (000089c0)     _ADCDRV_1ch_Rlt5
000089e0     227 (000089c0)     _ADCDRV_1ch_Rlt6
000089e2     227 (000089c0)     _ADCDRV_1ch_Rlt7
000089e4     227 (000089c0)     _PWMDRV_1ch_UpDwnCntCompl_Duty3
000089e6     227 (000089c0)     _PWMDRV_1ch_UpDwnCntCompl_Period3

003d7e80    f5fa (003d7e80)     _PartIdRegs

003f4000    fd00 (003f4000)     SINTAB_360

003f6193    fd86 (003f6180)     __IQ15div

003f61da    fd87 (003f61c0)     __IQ24div

003f6221    fd88 (003f6200)     __IQ9div

003f6268    fd89 (003f6240)     __IQ15isqrt

003f62ae    fd8a (003f6280)     __IQ15sqrt

003f7ff8    fdff (003f7fc0)     _CsmPwl

003fe000    ff80 (003fe000)     _IQsinTable

003fe100    ff84 (003fe100)     _IQcosTable

003fe400    ff90 (003fe400)     _IQsinTableEnd

003fe502    ff94 (003fe500)     _IQcosTableEnd
003fe502    ff94 (003fe500)     _IQdivRoundSatTable
003fe510    ff94 (003fe500)     _IQdivTable

003fe712    ff9c (003fe700)     _IQdivTableEnd
003fe712    ff9c (003fe700)     _IQisqrtRoundSatTable
003fe712    ff9c (003fe700)     _IQsqrtRoundSatTable
003fe722    ff9c (003fe700)     _IQisqrtTable
003fe722    ff9c (003fe700)     _IQsqrtTable

003fe824    ffa0 (003fe800)     _IQatan2HalfPITable
003fe824    ffa0 (003fe800)     _IQisqrtTableEnd
003fe824    ffa0 (003fe800)     _IQsqrtTableEnd

003fe862    ffa1 (003fe840)     _IQatan2Table

003fe9e8    ffa7 (003fe9c0)     _IQ30mpyRndSatTable
003fe9e8    ffa7 (003fe9c0)     _IQatan2TableEnd
003fe9e8    ffa7 (003fe9c0)     _IQmpyRndSatTable
003fe9f4    ffa7 (003fe9c0)     _IQ29mpyRndSatTable

003fea00    ffa8 (003fea00)     _IQ28mpyRndSatTable
003fea0c    ffa8 (003fea00)     _IQ27mpyRndSatTable
003fea18    ffa8 (003fea00)     _IQ26mpyRndSatTable
003fea24    ffa8 (003fea00)     _IQ25mpyRndSatTable
003fea30    ffa8 (003fea00)     _IQ24mpyRndSatTable
003fea3c    ffa8 (003fea00)     _IQ23mpyRndSatTable

003fea48    ffa9 (003fea40)     _IQ22mpyRndSatTable
003fea54    ffa9 (003fea40)     _IQ21mpyRndSatTable
003fea60    ffa9 (003fea40)     _IQ20mpyRndSatTable
003fea6c    ffa9 (003fea40)     _IQ19mpyRndSatTable
003fea78    ffa9 (003fea40)     _IQ18mpyRndSatTable

003fea84    ffaa (003fea80)     _IQ17mpyRndSatTable
003fea90    ffaa (003fea80)     _IQ16mpyRndSatTable
003fea9c    ffaa (003fea80)     _IQ15mpyRndSatTable
003feaa8    ffaa (003fea80)     _IQ14mpyRndSatTable
003feab4    ffaa (003fea80)     _IQ13mpyRndSatTable

003feac0    ffab (003feac0)     _IQ12mpyRndSatTable
003feacc    ffab (003feac0)     _IQ11mpyRndSatTable
003fead8    ffab (003feac0)     _IQ10mpyRndSatTable
003feae4    ffab (003feac0)     _IQ9mpyRndSatTable
003feaf0    ffab (003feac0)     _IQ8mpyRndSatTable
003feafc    ffab (003feac0)     _IQ7mpyRndSatTable

003feb08    ffac (003feb00)     _IQ6mpyRndSatTable
003feb14    ffac (003feb00)     _IQ5mpyRndSatTable
003feb20    ffac (003feb00)     _IQ4mpyRndSatTable
003feb2c    ffac (003feb00)     _IQ3mpyRndSatTable
003feb38    ffac (003feb00)     _IQ2mpyRndSatTable

003feb44    ffad (003feb40)     _IQ1mpyRndSatTable
003feb50    ffad (003feb40)     _IQmpyRndSatTableEnd


GLOBAL SYMBOLS: SORTED ALPHABETICALLY BY Name 

page  address   name                             
----  -------   ----                             
abs   ffffffff  .text                            
0     003efe0d  C$$EXIT                          
0     003efb3c  FD$$MPY                          
0     003efd81  FD$$TOL                          
0     003efbbf  FS$$MPY                          
0     003efdbe  FS$$TOFD                         
0     003efd5f  I$$DIV                           
0     003efd70  I$$MOD                           
0     003efdda  I$$TOFS                          
0     003efd35  L$$DIV                           
0     003efd44  L$$MOD                           
0     003efe26  LL$$AND                          
0     003efda0  LL$$CMP                          
0     003efe2e  LL$$OR                           
0     003efe36  LL$$XOR                          
1     003f4000  SINTAB_360                       
0     003efd52  UL$$DIV                          
0     003efd59  UL$$MOD                          
0     003efdb2  ULL$$CMP                         
1     000083d8  _ACQPS                           
1     000089dc  _ADCDRV_1ch_Rlt1                 
1     000089de  _ADCDRV_1ch_Rlt5                 
1     000089e0  _ADCDRV_1ch_Rlt6                 
1     000089e2  _ADCDRV_1ch_Rlt7                 
0     003ef3dc  _ADC_SOC_CNF                     
1     000082d4  _ALPHA                           
1     00007100  _AdcRegs                         
1     00000b00  _AdcResult                       
0     003eef93  _AddLoggerVariableBuffers        
0     003eef8e  _AddProbes                       
1     000082d6  _BETA                            
0     003ef923  _ByteProtocol_DecodeByte         
0     003ef8f5  _ByteProtocol_Init               
0     003ef88e  _ByteProtocol_Transmit           
1     00008996  _CNTL_2P2Z_Coef1                 
1     000089a8  _CNTL_2P2Z_Coef2                 
1     000089c0  _CNTL_2P2Z_CoefStruct1           
1     000089ce  _CNTL_2P2Z_CoefStruct2           
1     00008998  _CNTL_2P2Z_DBUFF1                
1     000089aa  _CNTL_2P2Z_DBUFF2                
1     00008992  _CNTL_2P2Z_Fdbk1                 
1     000089a4  _CNTL_2P2Z_Fdbk2                 
1     00008994  _CNTL_2P2Z_Out1                  
1     000089a6  _CNTL_2P2Z_Out2                  
1     00008990  _CNTL_2P2Z_Ref1                  
1     000089a2  _CNTL_2P2Z_Ref2                  
1     00008400  _ChSel                           
1     00001400  _Cla1Regs                        
1     00008313  _ClearInvTrip                    
0     003eed9f  _ClearVariables                  
1     00008320  _CloseIloopInv                   
1     00008315  _CloseVloopInv                   
1     00008600  _CmdDispatcher                   
1     000085dc  _CmdPacket                       
1     000083a4  _Comp                            
1     00006400  _Comp1Regs                       
1     00006420  _Comp2Regs                       
1     00006440  _Comp3Regs                       
0     003ee642  _ConvertToBytes16                
0     003ee635  _ConvertToBytes32                
0     003ee647  _ConvertToUint16                 
0     003ee616  _ConvertToUint32                 
0     003ee64b  _ConvertToUint64                 
1     00000c00  _CpuTimer0Regs                   
1     00000c08  _CpuTimer1Regs                   
1     00000c10  _CpuTimer2Regs                   
1     003f7ff8  _CsmPwl                          
1     00000ae0  _CsmRegs                         
0     003efc6c  _DLOG_4CH_init                   
0     003efc77  _DLOG_4CH_update                 
0     003ee000  _DLOG_BuffInit                   
0     000092ed  _DPL_ISR                         
0     003efc19  _DPL_Init                        
0     000093d7  _DSP28x_usDelay                  
0     003eeed9  _Datalogger                      
0     003eedad  _DecodeCommands                  
0     003ee718  _DecodePacket                    
1     00000880  _DevEmuRegs                      
0     003ef5a0  _DeviceInit                      
1     00008336  _Dgain_I                         
1     0000832e  _Dgain_V                         
1     0000830c  _DlogCh1                         
1     0000830a  _DlogCh2                         
1     0000830b  _DlogCh3                         
1     00008307  _DlogCh4                         
1     00008338  _Dmax_I                          
1     00008330  _Dmax_V                          
0     003ee6ab  _DoCrc32                         
1     0000837c  _Duty3A                          
1     0000837a  _Duty3A_fixed                    
1     00006040  _ECanaLAMRegs                    
1     000060c0  _ECanaMOTORegs                   
1     00006080  _ECanaMOTSRegs                   
1     00006100  _ECanaMboxes                     
1     00006000  _ECanaRegs                       
1     00006a00  _ECap1Regs                       
1     00006800  _EPwm1Regs                       
1     00006840  _EPwm2Regs                       
1     00006880  _EPwm3Regs                       
1     000068c0  _EPwm4Regs                       
1     00006900  _EPwm5Regs                       
1     00006940  _EPwm6Regs                       
1     00006980  _EPwm7Regs                       
1     00006b00  _EQep1Regs                       
1     00000d01  _EmuBMode                        
1     00000d00  _EmuKey                          
0     003ee6f9  _EncodeAndTransmitData           
1     00000a80  _FlashRegs                       
1     00000d04  _Flash_CPUScaleFactor            
1     00000d02  _Flash_CallbackPtr               
1     00006f80  _GpioCtrlRegs                    
1     00006fc0  _GpioDataRegs                    
1     00006fe0  _GpioIntRegs                     
1     0000835a  _Grid_Freq                       
1     00008305  _Gui_InvStart                    
1     00008321  _Gui_InvStop                     
1     00008350  _Gui_Ipv                         
1     00008306  _Gui_MPPTEnable                  
1     00008340  _Gui_MPPTTrackingEff             
1     0000833c  _Gui_PanelPower                  
1     00008346  _Gui_PanelPower_Theoretical      
1     0000833e  _Gui_Vboost                      
1     00008342  _Gui_Vpv                         
0     003ef1f1  _HBridgeCtor                     
0     003ef27d  _HBridgeTransitionFunction       
0     003ef22b  _HBridge_VDC                     
0     003ef246  _HBridge_Zero                    
0     003ef207  _HBridge_default                 
0     003ef1f9  _HBridge_initial                 
0     003ef261  _HBridge_negVDC                  
1     00006ac0  _HRCap1Regs                      
1     00006ae0  _HRCap2Regs                      
1     0000834e  _HistPtr                         
1     0000839c  _Hist_Ipv                        
1     000083ac  _Hist_Vboost                     
1     00008394  _Hist_Vpv                        
1     00007900  _I2caRegs                        
0     003fead8  _IQ10mpyRndSatTable              
0     003feacc  _IQ11mpyRndSatTable              
0     003feac0  _IQ12mpyRndSatTable              
0     003feab4  _IQ13mpyRndSatTable              
0     003feaa8  _IQ14mpyRndSatTable              
0     003fea9c  _IQ15mpyRndSatTable              
0     003fea90  _IQ16mpyRndSatTable              
0     003fea84  _IQ17mpyRndSatTable              
0     003fea78  _IQ18mpyRndSatTable              
0     003fea6c  _IQ19mpyRndSatTable              
0     003feb44  _IQ1mpyRndSatTable               
0     003fea60  _IQ20mpyRndSatTable              
0     003fea54  _IQ21mpyRndSatTable              
0     003fea48  _IQ22mpyRndSatTable              
0     003fea3c  _IQ23mpyRndSatTable              
0     003fea30  _IQ24mpyRndSatTable              
0     003fea24  _IQ25mpyRndSatTable              
0     003fea18  _IQ26mpyRndSatTable              
0     003fea0c  _IQ27mpyRndSatTable              
0     003fea00  _IQ28mpyRndSatTable              
0     003fe9f4  _IQ29mpyRndSatTable              
0     003feb38  _IQ2mpyRndSatTable               
0     003fe9e8  _IQ30mpyRndSatTable              
0     003feb2c  _IQ3mpyRndSatTable               
0     003feb20  _IQ4mpyRndSatTable               
0     003feb14  _IQ5mpyRndSatTable               
0     003feb08  _IQ6mpyRndSatTable               
0     003feafc  _IQ7mpyRndSatTable               
0     003feaf0  _IQ8mpyRndSatTable               
0     003feae4  _IQ9mpyRndSatTable               
0     003fe824  _IQatan2HalfPITable              
0     003fe862  _IQatan2Table                    
0     003fe9e8  _IQatan2TableEnd                 
0     003fe100  _IQcosTable                      
0     003fe502  _IQcosTableEnd                   
0     003fe502  _IQdivRoundSatTable              
0     003fe510  _IQdivTable                      
0     003fe712  _IQdivTableEnd                   
0     003fe712  _IQisqrtRoundSatTable            
0     003fe722  _IQisqrtTable                    
0     003fe824  _IQisqrtTableEnd                 
0     003fe9e8  _IQmpyRndSatTable                
0     003feb50  _IQmpyRndSatTableEnd             
0     003fe000  _IQsinTable                      
0     003fe400  _IQsinTableEnd                   
0     003fe712  _IQsqrtRoundSatTable             
0     003fe722  _IQsqrtTable                     
0     003fe824  _IQsqrtTableEnd                  
0     003efe5b  _ISR_ILLEGAL                     
1     00008378  _IboostSwRef                     
1     00008372  _IboostswRead                    
1     0000835e  _Igain_I                         
1     00008334  _Igain_V                         
0     003eed9e  _Init                            
0     003efafd  _InitCommros                     
0     003eea5e  _InitCore                        
0     000093bc  _InitFlash                       
0     003efac5  _InitSciaGpio                    
1     00008358  _InvModIndex                     
1     00008360  _InvSine                         
0     00009000  _Inv_ISR                         
0     003eeac8  _InverterCtor                    
0     003eebff  _InverterTransitionFunction      
0     003eeb9d  _Inverter_AlmostOutOfParameters  
0     003eeb3b  _Inverter_OutOfParameters        
0     003eeb0a  _Inverter_PowerOn                
0     003eebce  _Inverter_ShutDown               
0     003eeb6c  _Inverter_WithinParameters       
0     003eead9  _Inverter_default                
0     003eead0  _Inverter_initial                
1     00008382  _IpvRead                         
1     00008374  _IpvRead_EMAVG                   
1     0000831f  _K_Ipv                           
1     0000831c  _K_Vboost                        
1     0000831e  _K_Vpv                           
1     00008303  _LedBlinkCnt                     
1     00008310  _LedBlinkCnt2                    
1     00006c00  _LinaRegs                        
1     000085ca  _LowByteFlag                     
1     000082cf  _M1                              
1     000082cd  _M2                              
1     000089b4  _MATH_EMAVG_In1                  
1     000089ba  _MATH_EMAVG_In2                  
1     000089b8  _MATH_EMAVG_Multiplier1          
1     000089be  _MATH_EMAVG_Multiplier2          
1     000089b6  _MATH_EMAVG_Out1                 
1     000089bc  _MATH_EMAVG_Out2                 
1     00008302  _MPPT_ENABLE                     
1     00008301  _MPPT_slew                       
0     003ef74a  _MemCopy                         
1     000085d2  _MemGetAddress                   
1     000085c7  _MemGetAmount                    
1     000085c4  _MemGetPtr                       
1     000085c6  _MemSetPtr                       
1     000085d0  _MemSetValue                     
0     003eef98  _MpptCtor                        
0     003ef19e  _MpptTransitionFunction          
0     003ef0b4  _Mppt_Blink                      
0     003ef188  _Mppt_Disable                    
0     003eefa9  _Mppt_Execute                    
0     003ef0d6  _Mppt_StateMachine               
0     003eefa0  _Mppt_initial                    
1     00007060  _NmiIntruptRegs                  
1     000085c2  _NumWords                        
1     0000836e  _Offset_Volt                     
0     003ef6d0  _PLLset                          
1     0000830f  _PVInverterState                 
1     000089e4  _PWMDRV_1ch_UpDwnCntCompl_Duty3  
1     000089e6  _PWMDRV_1ch_UpDwnCntCompl_Period3
0     003ef9b3  _PWM_1ch_UpDwnCntCompl_CNF       
1     00008308  _PanelBoostConnect               
0     003ef75f  _PanelCtor                       
0     003ef869  _PanelTransitionFunction         
0     003ef770  _Panel_Dashboard                 
0     003ef767  _Panel_initial                   
1     003d7e80  _PartIdRegs                      
1     0000833a  _Pgain_I                         
1     00008332  _Pgain_V                         
0     003ef70a  _PieCntlInit                     
1     00000ce0  _PieCtrlRegs                     
1     00000d00  _PieVectTable                    
0     003ef729  _PieVectTableInit                
1     00008311  _PwmDacCh1                       
1     0000830d  _PwmDacCh2                       
1     00008314  _PwmDacCh3                       
1     0000830e  _PwmDacCh4                       
0     003f03db  _RamfuncsLoadEnd                 
0     003f0000  _RamfuncsLoadStart               
0     00009000  _RamfuncsRunStart                
1     000085d8  _RcvTaskPointer                  
1     000085c1  _RcvTskPtrShdw                   
1     00008312  _ResetPLL                        
1     00008300  _Run_MPPT                        
1     000085cb  _RxChar                          
1     000085c9  _RxWord                          
0     003efaab  _SCIDataAvailable                
0     003efab3  _SCIReceiveByte                  
0     003efab7  _SCITransmitByte                 
0     003efcfb  _SGENHP_2_calc                   
0     003ee5ef  _SPI_init                        
0     003ee014  _SPLL_1ph_init                   
1     00008366  _ScaleFactor                     
1     00007050  _SciaRegs                        
0     003eea3a  _SendResetMessage                
1     000085cc  _SendTaskPtr                     
0     003ee9db  _ServiceRoutine                  
0     003efadb  _SetupSerialPort                 
1     00007040  _SpiaRegs                        
1     00007740  _SpibRegs                        
1     00007010  _SysCtrlRegs                     
1     00000985  _SysPwrCtrlRegs                  
1     000085c8  _TaskDoneFlag                    
1     000085ce  _Temp                            
1     0000836c  _Temp2                           
1     00008304  _TransmitData                    
1     00008410  _TrigSel                         
1     00008309  _UpdateCoef                      
1     00008390  _VTimer0                         
1     00008388  _VTimer1                         
1     0000838c  _VTimer2                         
1     00008368  _Vac_in                          
1     00008362  _VavgReal                        
1     00008380  _VboostRead                      
1     00008318  _VloopTicker                     
1     00008386  _VpvRead                         
1     00008384  _VpvRead_EMAVG                   
1     0000837e  _VpvRef                          
1     00008376  _VpvRef_MPPT                     
1     00008364  _VrmsReal                        
1     000082dc  _Vz0                             
0     003ef6c8  _WDogDisable                     
1     00007070  _XIntruptRegs                    
1     00008316  _ZCDDetect                       
0     003f6193  __IQ15div                        
0     003f6268  __IQ15isqrt                      
0     003f62ae  __IQ15sqrt                       
0     003f61da  __IQ24div                        
0     003f6221  __IQ9div                         
1     000003d0  __STACK_END                      
abs   00000380  __STACK_SIZE                     
1     000082de  ___TI_cleanup_ptr                
1     000082e0  ___TI_dtors_ptr                  
abs   ffffffff  ___binit__                       
abs   ffffffff  ___c_args__                      
0     003f6000  ___cinit__                       
abs   ffffffff  ___etext__                       
abs   ffffffff  ___pinit__                       
abs   ffffffff  ___text__                        
0     003efdf4  __args_main                      
1     000082e2  __lock                           
0     003efe52  __nop                            
0     003efe4e  __register_lock                  
0     003efe4a  __register_unlock                
1     00000050  __stack                          
1     000082e4  __unlock                         
0     003efe0d  _abort                           
1     00008040  _buffer                          
0     003efcb7  _c_int00                         
1     000082d0  _cin                             
1     00008140  _commros                         
1     000082d2  _cout                            
1     000085c0  _dataOut16                       
1     000085d6  _dataOut32                       
1     000085c5  _delayer                         
1     00008440  _dlog                            
1     000083e8  _ePWM                            
0     003efe0f  _exit                            
1     00008348  _hBridge                         
1     0000831b  _i                               
1     00008322  _iK_Ipv                          
1     0000831d  _iK_Vboost                       
1     000082da  _il                              
1     000082c9  _inC                             
1     000082ce  _inD                             
1     00008356  _inv_Iset                        
1     00008324  _inv_meas_cur_diff_inst          
1     0000835c  _inv_meas_cur_lleg1_inst         
1     0000836a  _inv_meas_cur_lleg2_inst         
1     0000832c  _inv_meas_hall_cur               
1     00008328  _inv_meas_vol_inst               
1     00008326  _inv_ref_cur_inst                
1     0000832a  _inv_ref_vol_inst                
1     0000834a  _inverter                        
0     003eed31  _loggdata                        
1     00008008  _loggerVars                      
0     003ee0ce  _main                            
1     000085d4  _memDataPtr16                    
1     000085da  _memDataPtr32                    
0     003efe3e  _memset                          
1     00008352  _mppt                            
1     00008480  _mppt_incc1                      
1     00008420  _mppt_pno1                       
1     0000834c  _panel                           
1     000084c0  _pidGRANDO_Iinv                  
1     00008500  _pidGRANDO_Vinv                  
1     00008580  _plotArray                       
1     00008000  _probes                          
1     000083c0  _pwmdac1                         
1     00008344  _sdata                           
1     000083ca  _sgen                            
1     00008456  _sine_mainsV                     
1     00008317  _sine_prev                       
1     00008540  _spll1                           
1     000083b4  _state                           
1     00008354  _temp_Scratch                    
1     000082d8  _vc                              
1     000085c3  _wordsLeftToGet                  
abs   ffffffff  binit                            
0     003f6000  cinit                            
0     003f7ff6  code_start                       
abs   ffffffff  etext                            
abs   ffffffff  pinit                            


GLOBAL SYMBOLS: SORTED BY Symbol Address 

page  address   name                             
----  -------   ----                             
0     00009000  _Inv_ISR                         
0     00009000  _RamfuncsRunStart                
0     000092ed  _DPL_ISR                         
0     000093bc  _InitFlash                       
0     000093d7  _DSP28x_usDelay                  
0     003ee000  _DLOG_BuffInit                   
0     003ee014  _SPLL_1ph_init                   
0     003ee0ce  _main                            
0     003ee5ef  _SPI_init                        
0     003ee616  _ConvertToUint32                 
0     003ee635  _ConvertToBytes32                
0     003ee642  _ConvertToBytes16                
0     003ee647  _ConvertToUint16                 
0     003ee64b  _ConvertToUint64                 
0     003ee6ab  _DoCrc32                         
0     003ee6f9  _EncodeAndTransmitData           
0     003ee718  _DecodePacket                    
0     003ee9db  _ServiceRoutine                  
0     003eea3a  _SendResetMessage                
0     003eea5e  _InitCore                        
0     003eeac8  _InverterCtor                    
0     003eead0  _Inverter_initial                
0     003eead9  _Inverter_default                
0     003eeb0a  _Inverter_PowerOn                
0     003eeb3b  _Inverter_OutOfParameters        
0     003eeb6c  _Inverter_WithinParameters       
0     003eeb9d  _Inverter_AlmostOutOfParameters  
0     003eebce  _Inverter_ShutDown               
0     003eebff  _InverterTransitionFunction      
0     003eed31  _loggdata                        
0     003eed9e  _Init                            
0     003eed9f  _ClearVariables                  
0     003eedad  _DecodeCommands                  
0     003eeed9  _Datalogger                      
0     003eef8e  _AddProbes                       
0     003eef93  _AddLoggerVariableBuffers        
0     003eef98  _MpptCtor                        
0     003eefa0  _Mppt_initial                    
0     003eefa9  _Mppt_Execute                    
0     003ef0b4  _Mppt_Blink                      
0     003ef0d6  _Mppt_StateMachine               
0     003ef188  _Mppt_Disable                    
0     003ef19e  _MpptTransitionFunction          
0     003ef1f1  _HBridgeCtor                     
0     003ef1f9  _HBridge_initial                 
0     003ef207  _HBridge_default                 
0     003ef22b  _HBridge_VDC                     
0     003ef246  _HBridge_Zero                    
0     003ef261  _HBridge_negVDC                  
0     003ef27d  _HBridgeTransitionFunction       
0     003ef3dc  _ADC_SOC_CNF                     
0     003ef5a0  _DeviceInit                      
0     003ef6c8  _WDogDisable                     
0     003ef6d0  _PLLset                          
0     003ef70a  _PieCntlInit                     
0     003ef729  _PieVectTableInit                
0     003ef74a  _MemCopy                         
0     003ef75f  _PanelCtor                       
0     003ef767  _Panel_initial                   
0     003ef770  _Panel_Dashboard                 
0     003ef869  _PanelTransitionFunction         
0     003ef88e  _ByteProtocol_Transmit           
0     003ef8f5  _ByteProtocol_Init               
0     003ef923  _ByteProtocol_DecodeByte         
0     003ef9b3  _PWM_1ch_UpDwnCntCompl_CNF       
0     003efaab  _SCIDataAvailable                
0     003efab3  _SCIReceiveByte                  
0     003efab7  _SCITransmitByte                 
0     003efac5  _InitSciaGpio                    
0     003efadb  _SetupSerialPort                 
0     003efafd  _InitCommros                     
0     003efb3c  FD$$MPY                          
0     003efbbf  FS$$MPY                          
0     003efc19  _DPL_Init                        
0     003efc6c  _DLOG_4CH_init                   
0     003efc77  _DLOG_4CH_update                 
0     003efcb7  _c_int00                         
0     003efcfb  _SGENHP_2_calc                   
0     003efd35  L$$DIV                           
0     003efd44  L$$MOD                           
0     003efd52  UL$$DIV                          
0     003efd59  UL$$MOD                          
0     003efd5f  I$$DIV                           
0     003efd70  I$$MOD                           
0     003efd81  FD$$TOL                          
0     003efda0  LL$$CMP                          
0     003efdb2  ULL$$CMP                         
0     003efdbe  FS$$TOFD                         
0     003efdda  I$$TOFS                          
0     003efdf4  __args_main                      
0     003efe0d  C$$EXIT                          
0     003efe0d  _abort                           
0     003efe0f  _exit                            
0     003efe26  LL$$AND                          
0     003efe2e  LL$$OR                           
0     003efe36  LL$$XOR                          
0     003efe3e  _memset                          
0     003efe4a  __register_unlock                
0     003efe4e  __register_lock                  
0     003efe52  __nop                            
0     003efe5b  _ISR_ILLEGAL                     
0     003f0000  _RamfuncsLoadStart               
0     003f03db  _RamfuncsLoadEnd                 
0     003f6000  ___cinit__                       
0     003f6000  cinit                            
0     003f6193  __IQ15div                        
0     003f61da  __IQ24div                        
0     003f6221  __IQ9div                         
0     003f6268  __IQ15isqrt                      
0     003f62ae  __IQ15sqrt                       
0     003f7ff6  code_start                       
0     003fe000  _IQsinTable                      
0     003fe100  _IQcosTable                      
0     003fe400  _IQsinTableEnd                   
0     003fe502  _IQcosTableEnd                   
0     003fe502  _IQdivRoundSatTable              
0     003fe510  _IQdivTable                      
0     003fe712  _IQdivTableEnd                   
0     003fe712  _IQisqrtRoundSatTable            
0     003fe712  _IQsqrtRoundSatTable             
0     003fe722  _IQisqrtTable                    
0     003fe722  _IQsqrtTable                     
0     003fe824  _IQatan2HalfPITable              
0     003fe824  _IQisqrtTableEnd                 
0     003fe824  _IQsqrtTableEnd                  
0     003fe862  _IQatan2Table                    
0     003fe9e8  _IQ30mpyRndSatTable              
0     003fe9e8  _IQatan2TableEnd                 
0     003fe9e8  _IQmpyRndSatTable                
0     003fe9f4  _IQ29mpyRndSatTable              
0     003fea00  _IQ28mpyRndSatTable              
0     003fea0c  _IQ27mpyRndSatTable              
0     003fea18  _IQ26mpyRndSatTable              
0     003fea24  _IQ25mpyRndSatTable              
0     003fea30  _IQ24mpyRndSatTable              
0     003fea3c  _IQ23mpyRndSatTable              
0     003fea48  _IQ22mpyRndSatTable              
0     003fea54  _IQ21mpyRndSatTable              
0     003fea60  _IQ20mpyRndSatTable              
0     003fea6c  _IQ19mpyRndSatTable              
0     003fea78  _IQ18mpyRndSatTable              
0     003fea84  _IQ17mpyRndSatTable              
0     003fea90  _IQ16mpyRndSatTable              
0     003fea9c  _IQ15mpyRndSatTable              
0     003feaa8  _IQ14mpyRndSatTable              
0     003feab4  _IQ13mpyRndSatTable              
0     003feac0  _IQ12mpyRndSatTable              
0     003feacc  _IQ11mpyRndSatTable              
0     003fead8  _IQ10mpyRndSatTable              
0     003feae4  _IQ9mpyRndSatTable               
0     003feaf0  _IQ8mpyRndSatTable               
0     003feafc  _IQ7mpyRndSatTable               
0     003feb08  _IQ6mpyRndSatTable               
0     003feb14  _IQ5mpyRndSatTable               
0     003feb20  _IQ4mpyRndSatTable               
0     003feb2c  _IQ3mpyRndSatTable               
0     003feb38  _IQ2mpyRndSatTable               
0     003feb44  _IQ1mpyRndSatTable               
0     003feb50  _IQmpyRndSatTableEnd             
1     00000050  __stack                          
1     000003d0  __STACK_END                      
1     00000880  _DevEmuRegs                      
1     00000985  _SysPwrCtrlRegs                  
1     00000a80  _FlashRegs                       
1     00000ae0  _CsmRegs                         
1     00000b00  _AdcResult                       
1     00000c00  _CpuTimer0Regs                   
1     00000c08  _CpuTimer1Regs                   
1     00000c10  _CpuTimer2Regs                   
1     00000ce0  _PieCtrlRegs                     
1     00000d00  _EmuKey                          
1     00000d00  _PieVectTable                    
1     00000d01  _EmuBMode                        
1     00000d02  _Flash_CallbackPtr               
1     00000d04  _Flash_CPUScaleFactor            
1     00001400  _Cla1Regs                        
1     00006000  _ECanaRegs                       
1     00006040  _ECanaLAMRegs                    
1     00006080  _ECanaMOTSRegs                   
1     000060c0  _ECanaMOTORegs                   
1     00006100  _ECanaMboxes                     
1     00006400  _Comp1Regs                       
1     00006420  _Comp2Regs                       
1     00006440  _Comp3Regs                       
1     00006800  _EPwm1Regs                       
1     00006840  _EPwm2Regs                       
1     00006880  _EPwm3Regs                       
1     000068c0  _EPwm4Regs                       
1     00006900  _EPwm5Regs                       
1     00006940  _EPwm6Regs                       
1     00006980  _EPwm7Regs                       
1     00006a00  _ECap1Regs                       
1     00006ac0  _HRCap1Regs                      
1     00006ae0  _HRCap2Regs                      
1     00006b00  _EQep1Regs                       
1     00006c00  _LinaRegs                        
1     00006f80  _GpioCtrlRegs                    
1     00006fc0  _GpioDataRegs                    
1     00006fe0  _GpioIntRegs                     
1     00007010  _SysCtrlRegs                     
1     00007040  _SpiaRegs                        
1     00007050  _SciaRegs                        
1     00007060  _NmiIntruptRegs                  
1     00007070  _XIntruptRegs                    
1     00007100  _AdcRegs                         
1     00007740  _SpibRegs                        
1     00007900  _I2caRegs                        
1     00008000  _probes                          
1     00008008  _loggerVars                      
1     00008040  _buffer                          
1     00008140  _commros                         
1     000082c9  _inC                             
1     000082cd  _M2                              
1     000082ce  _inD                             
1     000082cf  _M1                              
1     000082d0  _cin                             
1     000082d2  _cout                            
1     000082d4  _ALPHA                           
1     000082d6  _BETA                            
1     000082d8  _vc                              
1     000082da  _il                              
1     000082dc  _Vz0                             
1     000082de  ___TI_cleanup_ptr                
1     000082e0  ___TI_dtors_ptr                  
1     000082e2  __lock                           
1     000082e4  __unlock                         
1     00008300  _Run_MPPT                        
1     00008301  _MPPT_slew                       
1     00008302  _MPPT_ENABLE                     
1     00008303  _LedBlinkCnt                     
1     00008304  _TransmitData                    
1     00008305  _Gui_InvStart                    
1     00008306  _Gui_MPPTEnable                  
1     00008307  _DlogCh4                         
1     00008308  _PanelBoostConnect               
1     00008309  _UpdateCoef                      
1     0000830a  _DlogCh2                         
1     0000830b  _DlogCh3                         
1     0000830c  _DlogCh1                         
1     0000830d  _PwmDacCh2                       
1     0000830e  _PwmDacCh4                       
1     0000830f  _PVInverterState                 
1     00008310  _LedBlinkCnt2                    
1     00008311  _PwmDacCh1                       
1     00008312  _ResetPLL                        
1     00008313  _ClearInvTrip                    
1     00008314  _PwmDacCh3                       
1     00008315  _CloseVloopInv                   
1     00008316  _ZCDDetect                       
1     00008317  _sine_prev                       
1     00008318  _VloopTicker                     
1     0000831b  _i                               
1     0000831c  _K_Vboost                        
1     0000831d  _iK_Vboost                       
1     0000831e  _K_Vpv                           
1     0000831f  _K_Ipv                           
1     00008320  _CloseIloopInv                   
1     00008321  _Gui_InvStop                     
1     00008322  _iK_Ipv                          
1     00008324  _inv_meas_cur_diff_inst          
1     00008326  _inv_ref_cur_inst                
1     00008328  _inv_meas_vol_inst               
1     0000832a  _inv_ref_vol_inst                
1     0000832c  _inv_meas_hall_cur               
1     0000832e  _Dgain_V                         
1     00008330  _Dmax_V                          
1     00008332  _Pgain_V                         
1     00008334  _Igain_V                         
1     00008336  _Dgain_I                         
1     00008338  _Dmax_I                          
1     0000833a  _Pgain_I                         
1     0000833c  _Gui_PanelPower                  
1     0000833e  _Gui_Vboost                      
1     00008340  _Gui_MPPTTrackingEff             
1     00008342  _Gui_Vpv                         
1     00008344  _sdata                           
1     00008346  _Gui_PanelPower_Theoretical      
1     00008348  _hBridge                         
1     0000834a  _inverter                        
1     0000834c  _panel                           
1     0000834e  _HistPtr                         
1     00008350  _Gui_Ipv                         
1     00008352  _mppt                            
1     00008354  _temp_Scratch                    
1     00008356  _inv_Iset                        
1     00008358  _InvModIndex                     
1     0000835a  _Grid_Freq                       
1     0000835c  _inv_meas_cur_lleg1_inst         
1     0000835e  _Igain_I                         
1     00008360  _InvSine                         
1     00008362  _VavgReal                        
1     00008364  _VrmsReal                        
1     00008366  _ScaleFactor                     
1     00008368  _Vac_in                          
1     0000836a  _inv_meas_cur_lleg2_inst         
1     0000836c  _Temp2                           
1     0000836e  _Offset_Volt                     
1     00008372  _IboostswRead                    
1     00008374  _IpvRead_EMAVG                   
1     00008376  _VpvRef_MPPT                     
1     00008378  _IboostSwRef                     
1     0000837a  _Duty3A_fixed                    
1     0000837c  _Duty3A                          
1     0000837e  _VpvRef                          
1     00008380  _VboostRead                      
1     00008382  _IpvRead                         
1     00008384  _VpvRead_EMAVG                   
1     00008386  _VpvRead                         
1     00008388  _VTimer1                         
1     0000838c  _VTimer2                         
1     00008390  _VTimer0                         
1     00008394  _Hist_Vpv                        
1     0000839c  _Hist_Ipv                        
1     000083a4  _Comp                            
1     000083ac  _Hist_Vboost                     
1     000083b4  _state                           
1     000083c0  _pwmdac1                         
1     000083ca  _sgen                            
1     000083d8  _ACQPS                           
1     000083e8  _ePWM                            
1     00008400  _ChSel                           
1     00008410  _TrigSel                         
1     00008420  _mppt_pno1                       
1     00008440  _dlog                            
1     00008456  _sine_mainsV                     
1     00008480  _mppt_incc1                      
1     000084c0  _pidGRANDO_Iinv                  
1     00008500  _pidGRANDO_Vinv                  
1     00008540  _spll1                           
1     00008580  _plotArray                       
1     000085c0  _dataOut16                       
1     000085c1  _RcvTskPtrShdw                   
1     000085c2  _NumWords                        
1     000085c3  _wordsLeftToGet                  
1     000085c4  _MemGetPtr                       
1     000085c5  _delayer                         
1     000085c6  _MemSetPtr                       
1     000085c7  _MemGetAmount                    
1     000085c8  _TaskDoneFlag                    
1     000085c9  _RxWord                          
1     000085ca  _LowByteFlag                     
1     000085cb  _RxChar                          
1     000085cc  _SendTaskPtr                     
1     000085ce  _Temp                            
1     000085d0  _MemSetValue                     
1     000085d2  _MemGetAddress                   
1     000085d4  _memDataPtr16                    
1     000085d6  _dataOut32                       
1     000085d8  _RcvTaskPointer                  
1     000085da  _memDataPtr32                    
1     000085dc  _CmdPacket                       
1     00008600  _CmdDispatcher                   
1     00008990  _CNTL_2P2Z_Ref1                  
1     00008992  _CNTL_2P2Z_Fdbk1                 
1     00008994  _CNTL_2P2Z_Out1                  
1     00008996  _CNTL_2P2Z_Coef1                 
1     00008998  _CNTL_2P2Z_DBUFF1                
1     000089a2  _CNTL_2P2Z_Ref2                  
1     000089a4  _CNTL_2P2Z_Fdbk2                 
1     000089a6  _CNTL_2P2Z_Out2                  
1     000089a8  _CNTL_2P2Z_Coef2                 
1     000089aa  _CNTL_2P2Z_DBUFF2                
1     000089b4  _MATH_EMAVG_In1                  
1     000089b6  _MATH_EMAVG_Out1                 
1     000089b8  _MATH_EMAVG_Multiplier1          
1     000089ba  _MATH_EMAVG_In2                  
1     000089bc  _MATH_EMAVG_Out2                 
1     000089be  _MATH_EMAVG_Multiplier2          
1     000089c0  _CNTL_2P2Z_CoefStruct1           
1     000089ce  _CNTL_2P2Z_CoefStruct2           
1     000089dc  _ADCDRV_1ch_Rlt1                 
1     000089de  _ADCDRV_1ch_Rlt5                 
1     000089e0  _ADCDRV_1ch_Rlt6                 
1     000089e2  _ADCDRV_1ch_Rlt7                 
1     000089e4  _PWMDRV_1ch_UpDwnCntCompl_Duty3  
1     000089e6  _PWMDRV_1ch_UpDwnCntCompl_Period3
1     003d7e80  _PartIdRegs                      
1     003f4000  SINTAB_360                       
1     003f7ff8  _CsmPwl                          
abs   00000380  __STACK_SIZE                     
abs   ffffffff  .text                            
abs   ffffffff  ___binit__                       
abs   ffffffff  ___c_args__                      
abs   ffffffff  ___etext__                       
abs   ffffffff  ___pinit__                       
abs   ffffffff  ___text__                        
abs   ffffffff  binit                            
abs   ffffffff  etext                            
abs   ffffffff  pinit                            

[389 symbols]
