******************************************************************************
             TMS320C2000 Linker PC v6.4.2                      
******************************************************************************
>> Linked Fri May 22 17:51:23 2015

OUTPUT FILE NAME:   <SolarExplorer_PVInverter.out>
ENTRY POINT SYMBOL: "_c_int00"  address: 003efcec


MEMORY CONFIGURATION

         name            origin    length      used     unused   attr    fill
----------------------  --------  ---------  --------  --------  ----  --------
PAGE 0:
  RAML3                 00009000   00001000  00000113  00000eed  RWIX
  OTP                   003d7800   00000400  00000000  00000400  RWIX
  FLASHH                003e8000   00002000  00000000  00002000  RWIX
  FLASHG                003ea000   00002000  00000000  00002000  RWIX
  FLASHF                003ec000   00002000  00000000  00002000  RWIX
  FLASHE                003ee000   00002000  00001e95  0000016b  RWIX
  FLASHD                003f0000   00002000  00000113  00001eed  RWIX
  FLASHC                003f2000   00002000  00000000  00002000  RWIX
  FLASHA                003f6000   00001f80  00000233  00001d4d  RWIX
  CSM_RSVD              003f7f80   00000076  00000000  00000076  RWIX
  BEGIN                 003f7ff6   00000002  00000002  00000000  RWIX
  CSM_PWL               003f7ff8   00000008  00000000  00000008  RWIX
  IQTABLES              003fe000   00000b50  00000b50  00000000  RWIX
  IQTABLES2             003feb50   0000008c  00000000  0000008c  RWIX
  IQTABLES3             003febdc   000000aa  00000000  000000aa  RWIX
  BOOTROM               003ff27c   00000d44  00000000  00000d44  RWIX
  RESET                 003fffc0   00000002  00000000  00000002  RWIX
  VECTORS               003fffc2   0000003e  00000000  0000003e  RWIX

PAGE 1:
  BOOT_RSVD             00000000   00000050  00000000  00000050  RWIX
  RAMM0                 00000050   000003b0  00000380  00000030  RWIX
  RAMM1                 00000400   00000400  00000000  00000400  RWIX
  DEV_EMU               00000880   00000105  00000004  00000101  RWIX
  SYS_PWR_CTL           00000985   00000003  00000003  00000000  RWIX
  FLASH_REGS            00000a80   00000060  00000008  00000058  RWIX
  CSM                   00000ae0   00000010  00000010  00000000  RWIX
  ADC_RESULT            00000b00   00000020  00000020  00000000  RWIX
  CPU_TIMER0            00000c00   00000008  00000008  00000000  RWIX
  CPU_TIMER1            00000c08   00000008  00000008  00000000  RWIX
  CPU_TIMER2            00000c10   00000008  00000008  00000000  RWIX
  PIE_CTRL              00000ce0   00000020  0000001a  00000006  RWIX
  PIE_VECT              00000d00   00000100  00000100  00000000  RWIX
  CLA1                  00001400   00000080  00000040  00000040  RWIX
  CLA_CPU_MSGRAM        00001480   00000080  00000000  00000080  RWIX
  CPU_CLA_MSGRAM        00001500   00000080  00000000  00000080  RWIX
  ECANA                 00006000   00000040  00000034  0000000c  RWIX
  ECANA_LAM             00006040   00000040  00000040  00000000  RWIX
  ECANA_MOTS            00006080   00000040  00000040  00000000  RWIX
  ECANA_MOTO            000060c0   00000040  00000040  00000000  RWIX
  ECANA_MBOX            00006100   00000100  00000100  00000000  RWIX
  COMP1                 00006400   00000020  00000014  0000000c  RWIX
  COMP2                 00006420   00000020  00000014  0000000c  RWIX
  COMP3                 00006440   00000020  00000014  0000000c  RWIX
  EPWM1                 00006800   00000040  00000040  00000000  RWIX
  EPWM2                 00006840   00000040  00000040  00000000  RWIX
  EPWM3                 00006880   00000040  00000040  00000000  RWIX
  EPWM4                 000068c0   00000040  00000040  00000000  RWIX
  EPWM5                 00006900   00000040  00000040  00000000  RWIX
  EPWM6                 00006940   00000040  00000040  00000000  RWIX
  EPWM7                 00006980   00000040  00000040  00000000  RWIX
  ECAP1                 00006a00   00000020  00000020  00000000  RWIX
  HRCAP1                00006ac0   00000020  00000020  00000000  RWIX
  HRCAP2                00006ae0   00000020  00000020  00000000  RWIX
  EQEP1                 00006b00   00000040  00000040  00000000  RWIX
  LINA                  00006c00   00000080  0000004a  00000036  RWIX
  GPIOCTRL              00006f80   00000040  00000040  00000000  RWIX
  GPIODAT               00006fc0   00000020  00000020  00000000  RWIX
  GPIOINT               00006fe0   00000020  0000000c  00000014  RWIX
  SYSTEM                00007010   00000020  00000020  00000000  RWIX
  SPIA                  00007040   00000010  00000010  00000000  RWIX
  SCIA                  00007050   00000010  00000010  00000000  RWIX
  NMIINTRUPT            00007060   00000010  00000010  00000000  RWIX
  XINTRUPT              00007070   00000010  00000010  00000000  RWIX
  ADC                   00007100   00000080  00000050  00000030  RWIX
  SPIB                  00007740   00000010  00000010  00000000  RWIX
  I2CA                  00007900   00000040  00000022  0000001e  RWIX
  RAML0                 00008000   00000800  00000620  000001e0  RWIX
  dataRAM               00008800   00000400  000001ea  00000216  RWIX
  RAML2                 00008c00   00000400  00000000  00000400  RWIX
  PARTID                003d7e80   00000001  00000001  00000000  RWIX
  FLASHB                003f4000   00002000  00000101  00001eff  RWIX
  CSM_PWL               003f7ff8   00000008  00000008  00000000  RWIX


SECTION ALLOCATION MAP

 output                                  attributes/
section   page    origin      length       input sections
--------  ----  ----------  ----------   ----------------
.text      0    003ee000    00001e95     
                  003ee000    00000621     SolarExplorer-Main.obj (.text)
                  003ee621    000004b2     commros_28xx_c_regular.lib : commros.obj (.text)
                  003eead3    0000026f     mpptFSM.obj (.text)
                  003eed42    00000269     inverterFSM.obj (.text)
                  003eefab    00000267     commros_28xx_c_regular.lib : Datalogger.obj (.text)
                  003ef212    00000217     panelFSM.obj (.text)
                  003ef429    000001c4     ADC_SOC_Cnf.obj (.text)
                  003ef5ed    000001bf     SolarExplorer-DevInit_F2803x.obj (.text)
                  003ef7ac    00000125     commros_28xx_c_regular.lib : ByteProtocol.obj (.text)
                  003ef8d1    00000117     hBridgeFSM.obj (.text)
                  003ef9e8    000000d9     PWM_1ch_UpDwnCntCompl_Cnf.obj (.text)
                  003efac1    000000b0     Commros_user.obj (.text)
                  003efb71    00000083     rts2800_ml.lib : fd_mpy.obj (.text)
                  003efbf4    0000005a                    : fs_mpy.obj (.text)
                  003efc4e    00000053     SolarExplorer-DPL-ISR.obj (.text)
                  003efca1    0000004b     Util_DLOG4CHC.obj (.text)
                  003efcec    00000044     rts2800_ml.lib : boot.obj (.text)
                  003efd30    0000003a     C28x_SGEN_Lib_fixed.lib : sghp2c.obj (.text)
                  003efd6a    0000002a     rts2800_ml.lib : l_div.obj (.text)
                  003efd94    00000022                    : i_div.obj (.text)
                  003efdb6    0000001f                    : fd_tol.obj (.text)
                  003efdd5    0000001e                    : ll_cmp.obj (.text)
                  003efdf3    0000001c                    : fs_tofd.obj (.text)
                  003efe0f    0000001a                    : i_tofs.obj (.text)
                  003efe29    00000019                    : args_main.obj (.text)
                  003efe42    00000019                    : exit.obj (.text)
                  003efe5b    00000018                    : ll_aox.obj (.text)
                  003efe73    0000000c                    : memset.obj (.text)
                  003efe7f    00000009                    : _lock.obj (.text)
                  003efe88    00000008     DSP2803x_CodeStartBranch.obj (.text)
                  003efe90    00000005     SolarExplorer-DevInit_F2803x.obj (.text:retain)

ramfuncs   0    003f0000    00000113     RUN ADDR = 00009000
                  003f0000    000000cf     SolarExplorer-DPL-ISR.obj (ramfuncs)
                  003f00cf    00000025     SolarExplorer-Main.obj (ramfuncs:retain)
                  003f00f4    0000001b     SolarExplorer-DevInit_F2803x.obj (ramfuncs)
                  003f010f    00000004     DSP2803x_usDelay.obj (ramfuncs)

.cinit     0    003f6000    0000018f     
                  003f6000    00000179     SolarExplorer-Main.obj (.cinit)
                  003f6179    0000000a     rts2800_ml.lib : exit.obj (.cinit)
                  003f6183    00000005                    : _lock.obj (.cinit:__lock)
                  003f6188    00000005                    : _lock.obj (.cinit:__unlock)
                  003f618d    00000002     --HOLE-- [fill = 0]

IQmath     0    003f618f    0000008e     
                  003f618f    00000047     IQmath.lib : IQ24div.obj (IQmath)
                  003f61d6    00000047                : IQ9div.obj (IQmath)

.econst    0    003f621e    00000016     
                  003f621e    00000012     Commros_user.obj (.econst:.string)
                  003f6230    00000004     SolarExplorer-Main.obj (.econst)

codestart 
*          0    003f7ff6    00000002     
                  003f7ff6    00000002     DSP2803x_CodeStartBranch.obj (codestart)

IQmathTables 
*          0    003fe000    00000b50     NOLOAD SECTION
                  003fe000    00000b50     IQmath.lib : IQmathTables.obj (IQmathTables)

.stack     1    00000050    00000380     UNINITIALIZED
                  00000050    00000380     --HOLE--

DevEmuRegsFile 
*          1    00000880    00000004     UNINITIALIZED
                  00000880    00000004     DSP2803x_GlobalVariableDefs.obj (DevEmuRegsFile)

SysPwrCtrlRegsFile 
*          1    00000985    00000003     UNINITIALIZED
                  00000985    00000003     DSP2803x_GlobalVariableDefs.obj (SysPwrCtrlRegsFile)

FlashRegsFile 
*          1    00000a80    00000008     UNINITIALIZED
                  00000a80    00000008     DSP2803x_GlobalVariableDefs.obj (FlashRegsFile)

CsmRegsFile 
*          1    00000ae0    00000010     UNINITIALIZED
                  00000ae0    00000010     DSP2803x_GlobalVariableDefs.obj (CsmRegsFile)

AdcResultFile 
*          1    00000b00    00000020     UNINITIALIZED
                  00000b00    00000020     DSP2803x_GlobalVariableDefs.obj (AdcResultFile)

CpuTimer0RegsFile 
*          1    00000c00    00000008     UNINITIALIZED
                  00000c00    00000008     DSP2803x_GlobalVariableDefs.obj (CpuTimer0RegsFile)

CpuTimer1RegsFile 
*          1    00000c08    00000008     UNINITIALIZED
                  00000c08    00000008     DSP2803x_GlobalVariableDefs.obj (CpuTimer1RegsFile)

CpuTimer2RegsFile 
*          1    00000c10    00000008     UNINITIALIZED
                  00000c10    00000008     DSP2803x_GlobalVariableDefs.obj (CpuTimer2RegsFile)

PieCtrlRegsFile 
*          1    00000ce0    0000001a     UNINITIALIZED
                  00000ce0    0000001a     DSP2803x_GlobalVariableDefs.obj (PieCtrlRegsFile)

PieVectTableFile 
*          1    00000d00    00000100     UNINITIALIZED
                  00000d00    00000100     DSP2803x_GlobalVariableDefs.obj (PieVectTableFile)

EmuKeyVar 
*          1    00000d00    00000001     UNINITIALIZED
                  00000d00    00000001     DSP2803x_GlobalVariableDefs.obj (EmuKeyVar)

EmuBModeVar 
*          1    00000d01    00000001     UNINITIALIZED
                  00000d01    00000001     DSP2803x_GlobalVariableDefs.obj (EmuBModeVar)

FlashCallbackVar 
*          1    00000d02    00000002     UNINITIALIZED
                  00000d02    00000002     DSP2803x_GlobalVariableDefs.obj (FlashCallbackVar)

FlashScalingVar 
*          1    00000d04    00000002     UNINITIALIZED
                  00000d04    00000002     DSP2803x_GlobalVariableDefs.obj (FlashScalingVar)

Cla1RegsFile 
*          1    00001400    00000040     UNINITIALIZED
                  00001400    00000040     DSP2803x_GlobalVariableDefs.obj (Cla1RegsFile)

ECanaRegsFile 
*          1    00006000    00000034     UNINITIALIZED
                  00006000    00000034     DSP2803x_GlobalVariableDefs.obj (ECanaRegsFile)

ECanaLAMRegsFile 
*          1    00006040    00000040     UNINITIALIZED
                  00006040    00000040     DSP2803x_GlobalVariableDefs.obj (ECanaLAMRegsFile)

ECanaMOTSRegsFile 
*          1    00006080    00000040     UNINITIALIZED
                  00006080    00000040     DSP2803x_GlobalVariableDefs.obj (ECanaMOTSRegsFile)

ECanaMOTORegsFile 
*          1    000060c0    00000040     UNINITIALIZED
                  000060c0    00000040     DSP2803x_GlobalVariableDefs.obj (ECanaMOTORegsFile)

ECanaMboxesFile 
*          1    00006100    00000100     UNINITIALIZED
                  00006100    00000100     DSP2803x_GlobalVariableDefs.obj (ECanaMboxesFile)

Comp1RegsFile 
*          1    00006400    00000014     UNINITIALIZED
                  00006400    00000014     DSP2803x_GlobalVariableDefs.obj (Comp1RegsFile)

Comp2RegsFile 
*          1    00006420    00000014     UNINITIALIZED
                  00006420    00000014     DSP2803x_GlobalVariableDefs.obj (Comp2RegsFile)

Comp3RegsFile 
*          1    00006440    00000014     UNINITIALIZED
                  00006440    00000014     DSP2803x_GlobalVariableDefs.obj (Comp3RegsFile)

EPwm1RegsFile 
*          1    00006800    00000040     UNINITIALIZED
                  00006800    00000040     DSP2803x_GlobalVariableDefs.obj (EPwm1RegsFile)

EPwm2RegsFile 
*          1    00006840    00000040     UNINITIALIZED
                  00006840    00000040     DSP2803x_GlobalVariableDefs.obj (EPwm2RegsFile)

EPwm3RegsFile 
*          1    00006880    00000040     UNINITIALIZED
                  00006880    00000040     DSP2803x_GlobalVariableDefs.obj (EPwm3RegsFile)

EPwm4RegsFile 
*          1    000068c0    00000040     UNINITIALIZED
                  000068c0    00000040     DSP2803x_GlobalVariableDefs.obj (EPwm4RegsFile)

EPwm5RegsFile 
*          1    00006900    00000040     UNINITIALIZED
                  00006900    00000040     DSP2803x_GlobalVariableDefs.obj (EPwm5RegsFile)

EPwm6RegsFile 
*          1    00006940    00000040     UNINITIALIZED
                  00006940    00000040     DSP2803x_GlobalVariableDefs.obj (EPwm6RegsFile)

EPwm7RegsFile 
*          1    00006980    00000040     UNINITIALIZED
                  00006980    00000040     DSP2803x_GlobalVariableDefs.obj (EPwm7RegsFile)

ECap1RegsFile 
*          1    00006a00    00000020     UNINITIALIZED
                  00006a00    00000020     DSP2803x_GlobalVariableDefs.obj (ECap1RegsFile)

HRCap1RegsFile 
*          1    00006ac0    00000020     UNINITIALIZED
                  00006ac0    00000020     DSP2803x_GlobalVariableDefs.obj (HRCap1RegsFile)

HRCap2RegsFile 
*          1    00006ae0    00000020     UNINITIALIZED
                  00006ae0    00000020     DSP2803x_GlobalVariableDefs.obj (HRCap2RegsFile)

EQep1RegsFile 
*          1    00006b00    00000040     UNINITIALIZED
                  00006b00    00000040     DSP2803x_GlobalVariableDefs.obj (EQep1RegsFile)

LinaRegsFile 
*          1    00006c00    0000004a     UNINITIALIZED
                  00006c00    0000004a     DSP2803x_GlobalVariableDefs.obj (LinaRegsFile)

GpioCtrlRegsFile 
*          1    00006f80    00000040     UNINITIALIZED
                  00006f80    00000040     DSP2803x_GlobalVariableDefs.obj (GpioCtrlRegsFile)

GpioDataRegsFile 
*          1    00006fc0    00000020     UNINITIALIZED
                  00006fc0    00000020     DSP2803x_GlobalVariableDefs.obj (GpioDataRegsFile)

GpioIntRegsFile 
*          1    00006fe0    0000000c     UNINITIALIZED
                  00006fe0    0000000c     DSP2803x_GlobalVariableDefs.obj (GpioIntRegsFile)

SysCtrlRegsFile 
*          1    00007010    00000020     UNINITIALIZED
                  00007010    00000020     DSP2803x_GlobalVariableDefs.obj (SysCtrlRegsFile)

SpiaRegsFile 
*          1    00007040    00000010     UNINITIALIZED
                  00007040    00000010     DSP2803x_GlobalVariableDefs.obj (SpiaRegsFile)

SciaRegsFile 
*          1    00007050    00000010     UNINITIALIZED
                  00007050    00000010     DSP2803x_GlobalVariableDefs.obj (SciaRegsFile)

NmiIntruptRegsFile 
*          1    00007060    00000010     UNINITIALIZED
                  00007060    00000010     DSP2803x_GlobalVariableDefs.obj (NmiIntruptRegsFile)

XIntruptRegsFile 
*          1    00007070    00000010     UNINITIALIZED
                  00007070    00000010     DSP2803x_GlobalVariableDefs.obj (XIntruptRegsFile)

AdcRegsFile 
*          1    00007100    00000050     UNINITIALIZED
                  00007100    00000050     DSP2803x_GlobalVariableDefs.obj (AdcRegsFile)

SpibRegsFile 
*          1    00007740    00000010     UNINITIALIZED
                  00007740    00000010     DSP2803x_GlobalVariableDefs.obj (SpibRegsFile)

I2caRegsFile 
*          1    00007900    00000022     UNINITIALIZED
                  00007900    00000022     DSP2803x_GlobalVariableDefs.obj (I2caRegsFile)

.ebss      1    00008000    00000620     UNINITIALIZED
                  00008000    000002c8     Commros_user.obj (.ebss)
                  000082c8    00000004     rts2800_ml.lib : exit.obj (.ebss)
                  000082cc    00000002                    : _lock.obj (.ebss:__lock)
                  000082ce    00000002                    : _lock.obj (.ebss:__unlock)
                  000082d0    00000030     --HOLE--
                  00008300    000002c0     SolarExplorer-Main.obj (.ebss)
                  000085c0    00000060     SciCommsGui_32bit.obj (.ebss)

DLOG       1    00008800    00000190     UNINITIALIZED
                  00008800    00000190     Util_DLOG4CHC.obj (DLOG)

CNTL_2P2Z_Section 
*          1    00008990    00000024     UNINITIALIZED
                  00008990    00000024     SolarExplorer-DPL-ISR.obj (CNTL_2P2Z_Section)

ADCDRV_1ch_Section 
*          1    000089dc    00000008     UNINITIALIZED
                  000089dc    00000008     SolarExplorer-DPL-ISR.obj (ADCDRV_1ch_Section)

PartIdRegsFile 
*          1    003d7e80    00000001     UNINITIALIZED
                  003d7e80    00000001     DSP2803x_GlobalVariableDefs.obj (PartIdRegsFile)

CsmPwlFile 
*          1    003f7ff8    00000008     UNINITIALIZED
                  003f7ff8    00000008     DSP2803x_GlobalVariableDefs.obj (CsmPwlFile)

.pinit     0    003f6000    00000000     UNINITIALIZED

.reset     0    003fffc0    00000002     DSECT
                  003fffc0    00000002     rts2800_ml.lib : boot.obj (.reset)

vectors    0    003fffc2    00000000     DSECT

MATH_EMAVG_Section 
*          1    000089b4    0000000c     UNINITIALIZED
                  000089b4    0000000c     SolarExplorer-DPL-ISR.obj (MATH_EMAVG_Section)

CNTL_2P2Z_Coef 
*          1    000089c0    0000001c     UNINITIALIZED
                  000089c0    0000001c     SolarExplorer-Main.obj (CNTL_2P2Z_Coef)

PWMDRV_1ch_UpDwnCntCompl_Section 
*          1    000089e4    00000004     UNINITIALIZED
                  000089e4    00000004     SolarExplorer-DPL-ISR.obj (PWMDRV_1ch_UpDwnCntCompl_Section)

ZeroNet_Section 
*          1    000089e8    00000002     UNINITIALIZED
                  000089e8    00000002     SolarExplorer-DPL-ISR.obj (ZeroNet_Section)

SINTBL     1    003f4000    00000101     
                  003f4000    00000101     C28x_SGEN_Lib_fixed.lib : SINTB360.obj (SINTBL)


GLOBAL DATA SYMBOLS: SORTED BY DATA PAGE

address     data page           name
--------    ----------------    ----
00000050       1 (00000040)     __stack

00000880      22 (00000880)     _DevEmuRegs

00000985      26 (00000980)     _SysPwrCtrlRegs

00000a80      2a (00000a80)     _FlashRegs

00000ae0      2b (00000ac0)     _CsmRegs

00000b00      2c (00000b00)     _AdcResult

00000c00      30 (00000c00)     _CpuTimer0Regs
00000c08      30 (00000c00)     _CpuTimer1Regs
00000c10      30 (00000c00)     _CpuTimer2Regs

00000ce0      33 (00000cc0)     _PieCtrlRegs

00000d00      34 (00000d00)     _EmuKey
00000d00      34 (00000d00)     _PieVectTable
00000d01      34 (00000d00)     _EmuBMode
00000d02      34 (00000d00)     _Flash_CallbackPtr
00000d04      34 (00000d00)     _Flash_CPUScaleFactor

00001400      50 (00001400)     _Cla1Regs

00006000     180 (00006000)     _ECanaRegs

00006040     181 (00006040)     _ECanaLAMRegs

00006080     182 (00006080)     _ECanaMOTSRegs

000060c0     183 (000060c0)     _ECanaMOTORegs

00006100     184 (00006100)     _ECanaMboxes

00006400     190 (00006400)     _Comp1Regs
00006420     190 (00006400)     _Comp2Regs

00006440     191 (00006440)     _Comp3Regs

00006800     1a0 (00006800)     _EPwm1Regs

00006840     1a1 (00006840)     _EPwm2Regs

00006880     1a2 (00006880)     _EPwm3Regs

000068c0     1a3 (000068c0)     _EPwm4Regs

00006900     1a4 (00006900)     _EPwm5Regs

00006940     1a5 (00006940)     _EPwm6Regs

00006980     1a6 (00006980)     _EPwm7Regs

00006a00     1a8 (00006a00)     _ECap1Regs

00006ac0     1ab (00006ac0)     _HRCap1Regs
00006ae0     1ab (00006ac0)     _HRCap2Regs

00006b00     1ac (00006b00)     _EQep1Regs

00006c00     1b0 (00006c00)     _LinaRegs

00006f80     1be (00006f80)     _GpioCtrlRegs

00006fc0     1bf (00006fc0)     _GpioDataRegs
00006fe0     1bf (00006fc0)     _GpioIntRegs

00007010     1c0 (00007000)     _SysCtrlRegs

00007040     1c1 (00007040)     _SpiaRegs
00007050     1c1 (00007040)     _SciaRegs
00007060     1c1 (00007040)     _NmiIntruptRegs
00007070     1c1 (00007040)     _XIntruptRegs

00007100     1c4 (00007100)     _AdcRegs

00007740     1dd (00007740)     _SpibRegs

00007900     1e4 (00007900)     _I2caRegs

00008000     200 (00008000)     _probes
00008008     200 (00008000)     _loggerVars

00008040     201 (00008040)     _buffer

00008140     205 (00008140)     _commros

000082c8     20b (000082c0)     ___TI_cleanup_ptr
000082ca     20b (000082c0)     ___TI_dtors_ptr
000082cc     20b (000082c0)     __lock
000082ce     20b (000082c0)     __unlock

00008300     20c (00008300)     _PwmDacCh4
00008301     20c (00008300)     _PwmDacCh3
00008302     20c (00008300)     _PwmDacCh2
00008303     20c (00008300)     _DlogCh2
00008304     20c (00008300)     _DlogCh1
00008305     20c (00008300)     _Gui_LightCommand_Prev
00008306     20c (00008300)     _Gui_InvStop
00008307     20c (00008300)     _Gui_InvStart
00008308     20c (00008300)     _PwmDacCh1
00008309     20c (00008300)     _Gui_MPPTEnable
0000830a     20c (00008300)     _PVInverterState
0000830b     20c (00008300)     _LedBlinkCnt
0000830c     20c (00008300)     _CloseVloopInv
0000830d     20c (00008300)     _ResetPLL
0000830e     20c (00008300)     _CloseIloopInv
0000830f     20c (00008300)     _DlogCh4
00008310     20c (00008300)     _DlogCh3
00008311     20c (00008300)     _TransmitData
00008312     20c (00008300)     _LedBlinkCnt2
00008313     20c (00008300)     _timer1
00008314     20c (00008300)     _ClearInvTrip
00008315     20c (00008300)     _MPPT_slew
00008316     20c (00008300)     _sine_prev
00008317     20c (00008300)     _ZCDDetect
00008319     20c (00008300)     _UpdateCoef
0000831b     20c (00008300)     _PanelBoostConnect
0000831c     20c (00008300)     _iK_Vboost
0000831d     20c (00008300)     _iK_Ipv
0000831e     20c (00008300)     _K_Light
0000831f     20c (00008300)     _K_Ipv
00008320     20c (00008300)     _K_Vboost
00008321     20c (00008300)     _Run_MPPT
00008322     20c (00008300)     _VloopTicker
00008323     20c (00008300)     _MPPT_ENABLE
00008324     20c (00008300)     _i
00008325     20c (00008300)     _K_Vpv
00008326     20c (00008300)     _inv_meas_cur_lleg2_inst
00008328     20c (00008300)     _InvModIndex
0000832a     20c (00008300)     _inv_ref_cur_inst
0000832c     20c (00008300)     _Dmax_I
0000832e     20c (00008300)     _inv_ref_vol_inst
00008330     20c (00008300)     _inv_meas_cur_lleg1_inst
00008332     20c (00008300)     _inv_Iset
00008334     20c (00008300)     _inv_meas_vol_inst
00008336     20c (00008300)     _inv_meas_cur_diff_inst
00008338     20c (00008300)     _InvSine
0000833a     20c (00008300)     _Gui_LightRatio_Avg
0000833c     20c (00008300)     _Gui_LightCommand
0000833e     20c (00008300)     _Gui_LightRatio

00008340     20d (00008340)     _Gui_MPPTTrackingEff
00008342     20d (00008340)     _Gui_Light
00008344     20d (00008340)     _Gui_PanelPower_Theoretical
00008346     20d (00008340)     _mppt
00008348     20d (00008340)     _panel
0000834a     20d (00008340)     _hBridge
0000834c     20d (00008340)     _temp_Scratch
0000834e     20d (00008340)     _inverter
00008350     20d (00008340)     _HistPtr
00008352     20d (00008340)     _VavgReal
00008354     20d (00008340)     _Temp2
00008356     20d (00008340)     _VrmsReal
00008358     20d (00008340)     _Vac_in
0000835a     20d (00008340)     _Offset_Volt
0000835c     20d (00008340)     _Grid_Freq
0000835e     20d (00008340)     _Gui_Vboost
00008360     20d (00008340)     _Gui_PanelPower
00008362     20d (00008340)     _Gui_Ipv
00008364     20d (00008340)     _sdata
00008366     20d (00008340)     _Gui_Vpv
00008368     20d (00008340)     _ScaleFactor
0000836a     20d (00008340)     _Duty3A_fixed
0000836c     20d (00008340)     _Duty3A
0000836e     20d (00008340)     _VpvRef
00008370     20d (00008340)     _VboostRead
00008372     20d (00008340)     _IboostSwRef
00008374     20d (00008340)     _Dmax_V
00008376     20d (00008340)     _IpvRead_EMAVG
00008378     20d (00008340)     _IboostswRead
0000837a     20d (00008340)     _Pgain_V
0000837c     20d (00008340)     _VpvRef_MPPT
0000837e     20d (00008340)     _Dgain_V

00008380     20e (00008380)     _Igain_V
00008382     20e (00008380)     _VpvRead_EMAVG
00008384     20e (00008380)     _VpvRead
00008386     20e (00008380)     _IpvRead
00008388     20e (00008380)     _Igain_I
0000838a     20e (00008380)     _Dgain_I
0000838c     20e (00008380)     _Pgain_I
0000838e     20e (00008380)     _VTimer1
00008392     20e (00008380)     _VTimer0
00008396     20e (00008380)     _VTimer2
0000839a     20e (00008380)     _Hist_Vpv
000083a2     20e (00008380)     _Hist_Light
000083aa     20e (00008380)     _Hist_Vboost
000083b2     20e (00008380)     _Hist_Ipv

000083c0     20f (000083c0)     _Comp
000083c8     20f (000083c0)     _state
000083d0     20f (000083c0)     _pwmdac1
000083da     20f (000083c0)     _sgen
000083e8     20f (000083c0)     _ACQPS

00008400     210 (00008400)     _ePWM
00008410     210 (00008400)     _ChSel
00008420     210 (00008400)     _TrigSel

00008440     211 (00008440)     _dlog
00008456     211 (00008440)     _mppt_pno1

00008480     212 (00008480)     _sine_mainsV
0000849c     212 (00008480)     _mppt_incc1

000084c0     213 (000084c0)     _pidGRANDO_Iinv

00008500     214 (00008500)     _pidGRANDO_Vinv

00008540     215 (00008540)     _spll1

00008580     216 (00008580)     _plotArray

000085c0     217 (000085c0)     _dataOut16
000085c1     217 (000085c0)     _RcvTskPtrShdw
000085c2     217 (000085c0)     _NumWords
000085c3     217 (000085c0)     _wordsLeftToGet
000085c4     217 (000085c0)     _MemGetPtr
000085c5     217 (000085c0)     _delayer
000085c6     217 (000085c0)     _MemSetPtr
000085c7     217 (000085c0)     _MemGetAmount
000085c8     217 (000085c0)     _TaskDoneFlag
000085c9     217 (000085c0)     _RxWord
000085ca     217 (000085c0)     _LowByteFlag
000085cb     217 (000085c0)     _RxChar
000085cc     217 (000085c0)     _SendTaskPtr
000085ce     217 (000085c0)     _Temp
000085d0     217 (000085c0)     _MemSetValue
000085d2     217 (000085c0)     _MemGetAddress
000085d4     217 (000085c0)     _memDataPtr16
000085d6     217 (000085c0)     _dataOut32
000085d8     217 (000085c0)     _RcvTaskPointer
000085da     217 (000085c0)     _memDataPtr32
000085dc     217 (000085c0)     _CmdPacket

00008600     218 (00008600)     _CmdDispatcher

00008990     226 (00008980)     _CNTL_2P2Z_Ref1
00008992     226 (00008980)     _CNTL_2P2Z_Fdbk1
00008994     226 (00008980)     _CNTL_2P2Z_Out1
00008996     226 (00008980)     _CNTL_2P2Z_Coef1
00008998     226 (00008980)     _CNTL_2P2Z_DBUFF1
000089a2     226 (00008980)     _CNTL_2P2Z_Ref2
000089a4     226 (00008980)     _CNTL_2P2Z_Fdbk2
000089a6     226 (00008980)     _CNTL_2P2Z_Out2
000089a8     226 (00008980)     _CNTL_2P2Z_Coef2
000089aa     226 (00008980)     _CNTL_2P2Z_DBUFF2
000089b4     226 (00008980)     _MATH_EMAVG_In1
000089b6     226 (00008980)     _MATH_EMAVG_Out1
000089b8     226 (00008980)     _MATH_EMAVG_Multiplier1
000089ba     226 (00008980)     _MATH_EMAVG_In2
000089bc     226 (00008980)     _MATH_EMAVG_Out2
000089be     226 (00008980)     _MATH_EMAVG_Multiplier2

000089c0     227 (000089c0)     _CNTL_2P2Z_CoefStruct1
000089ce     227 (000089c0)     _CNTL_2P2Z_CoefStruct2
000089dc     227 (000089c0)     _ADCDRV_1ch_Rlt1
000089de     227 (000089c0)     _ADCDRV_1ch_Rlt5
000089e0     227 (000089c0)     _ADCDRV_1ch_Rlt6
000089e2     227 (000089c0)     _ADCDRV_1ch_Rlt7
000089e4     227 (000089c0)     _PWMDRV_1ch_UpDwnCntCompl_Duty3
000089e6     227 (000089c0)     _PWMDRV_1ch_UpDwnCntCompl_Period3

003d7e80    f5fa (003d7e80)     _PartIdRegs

003f4000    fd00 (003f4000)     SINTAB_360

003f618f    fd86 (003f6180)     __IQ24div

003f61d6    fd87 (003f61c0)     __IQ9div

003f7ff8    fdff (003f7fc0)     _CsmPwl

003fe000    ff80 (003fe000)     _IQsinTable

003fe100    ff84 (003fe100)     _IQcosTable

003fe400    ff90 (003fe400)     _IQsinTableEnd

003fe502    ff94 (003fe500)     _IQcosTableEnd
003fe502    ff94 (003fe500)     _IQdivRoundSatTable
003fe510    ff94 (003fe500)     _IQdivTable

003fe712    ff9c (003fe700)     _IQdivTableEnd
003fe712    ff9c (003fe700)     _IQisqrtRoundSatTable
003fe712    ff9c (003fe700)     _IQsqrtRoundSatTable
003fe722    ff9c (003fe700)     _IQisqrtTable
003fe722    ff9c (003fe700)     _IQsqrtTable

003fe824    ffa0 (003fe800)     _IQatan2HalfPITable
003fe824    ffa0 (003fe800)     _IQisqrtTableEnd
003fe824    ffa0 (003fe800)     _IQsqrtTableEnd

003fe862    ffa1 (003fe840)     _IQatan2Table

003fe9e8    ffa7 (003fe9c0)     _IQ30mpyRndSatTable
003fe9e8    ffa7 (003fe9c0)     _IQatan2TableEnd
003fe9e8    ffa7 (003fe9c0)     _IQmpyRndSatTable
003fe9f4    ffa7 (003fe9c0)     _IQ29mpyRndSatTable

003fea00    ffa8 (003fea00)     _IQ28mpyRndSatTable
003fea0c    ffa8 (003fea00)     _IQ27mpyRndSatTable
003fea18    ffa8 (003fea00)     _IQ26mpyRndSatTable
003fea24    ffa8 (003fea00)     _IQ25mpyRndSatTable
003fea30    ffa8 (003fea00)     _IQ24mpyRndSatTable
003fea3c    ffa8 (003fea00)     _IQ23mpyRndSatTable

003fea48    ffa9 (003fea40)     _IQ22mpyRndSatTable
003fea54    ffa9 (003fea40)     _IQ21mpyRndSatTable
003fea60    ffa9 (003fea40)     _IQ20mpyRndSatTable
003fea6c    ffa9 (003fea40)     _IQ19mpyRndSatTable
003fea78    ffa9 (003fea40)     _IQ18mpyRndSatTable

003fea84    ffaa (003fea80)     _IQ17mpyRndSatTable
003fea90    ffaa (003fea80)     _IQ16mpyRndSatTable
003fea9c    ffaa (003fea80)     _IQ15mpyRndSatTable
003feaa8    ffaa (003fea80)     _IQ14mpyRndSatTable
003feab4    ffaa (003fea80)     _IQ13mpyRndSatTable

003feac0    ffab (003feac0)     _IQ12mpyRndSatTable
003feacc    ffab (003feac0)     _IQ11mpyRndSatTable
003fead8    ffab (003feac0)     _IQ10mpyRndSatTable
003feae4    ffab (003feac0)     _IQ9mpyRndSatTable
003feaf0    ffab (003feac0)     _IQ8mpyRndSatTable
003feafc    ffab (003feac0)     _IQ7mpyRndSatTable

003feb08    ffac (003feb00)     _IQ6mpyRndSatTable
003feb14    ffac (003feb00)     _IQ5mpyRndSatTable
003feb20    ffac (003feb00)     _IQ4mpyRndSatTable
003feb2c    ffac (003feb00)     _IQ3mpyRndSatTable
003feb38    ffac (003feb00)     _IQ2mpyRndSatTable

003feb44    ffad (003feb40)     _IQ1mpyRndSatTable
003feb50    ffad (003feb40)     _IQmpyRndSatTableEnd


GLOBAL SYMBOLS: SORTED ALPHABETICALLY BY Name 

page  address   name                             
----  -------   ----                             
abs   ffffffff  .text                            
0     003efe42  C$$EXIT                          
0     003efb71  FD$$MPY                          
0     003efdb6  FD$$TOL                          
0     003efbf4  FS$$MPY                          
0     003efdf3  FS$$TOFD                         
0     003efd94  I$$DIV                           
0     003efda5  I$$MOD                           
0     003efe0f  I$$TOFS                          
0     003efd6a  L$$DIV                           
0     003efd79  L$$MOD                           
0     003efe5b  LL$$AND                          
0     003efdd5  LL$$CMP                          
0     003efe63  LL$$OR                           
0     003efe6b  LL$$XOR                          
1     003f4000  SINTAB_360                       
0     003efd87  UL$$DIV                          
0     003efd8e  UL$$MOD                          
0     003efde7  ULL$$CMP                         
1     000083e8  _ACQPS                           
1     000089dc  _ADCDRV_1ch_Rlt1                 
1     000089de  _ADCDRV_1ch_Rlt5                 
1     000089e0  _ADCDRV_1ch_Rlt6                 
1     000089e2  _ADCDRV_1ch_Rlt7                 
0     003ef429  _ADC_SOC_CNF                     
1     00007100  _AdcRegs                         
1     00000b00  _AdcResult                       
0     003ef20d  _AddLoggerVariableBuffers        
0     003ef208  _AddProbes                       
0     003ef841  _ByteProtocol_DecodeByte         
0     003ef813  _ByteProtocol_Init               
0     003ef7ac  _ByteProtocol_Transmit           
1     00008996  _CNTL_2P2Z_Coef1                 
1     000089a8  _CNTL_2P2Z_Coef2                 
1     000089c0  _CNTL_2P2Z_CoefStruct1           
1     000089ce  _CNTL_2P2Z_CoefStruct2           
1     00008998  _CNTL_2P2Z_DBUFF1                
1     000089aa  _CNTL_2P2Z_DBUFF2                
1     00008992  _CNTL_2P2Z_Fdbk1                 
1     000089a4  _CNTL_2P2Z_Fdbk2                 
1     00008994  _CNTL_2P2Z_Out1                  
1     000089a6  _CNTL_2P2Z_Out2                  
1     00008990  _CNTL_2P2Z_Ref1                  
1     000089a2  _CNTL_2P2Z_Ref2                  
1     00008410  _ChSel                           
1     00001400  _Cla1Regs                        
1     00008314  _ClearInvTrip                    
0     003ef019  _ClearVariables                  
1     0000830e  _CloseIloopInv                   
1     0000830c  _CloseVloopInv                   
1     00008600  _CmdDispatcher                   
1     000085dc  _CmdPacket                       
1     000083c0  _Comp                            
1     00006400  _Comp1Regs                       
1     00006420  _Comp2Regs                       
1     00006440  _Comp3Regs                       
0     003ee64d  _ConvertToBytes16                
0     003ee640  _ConvertToBytes32                
0     003ee652  _ConvertToUint16                 
0     003ee621  _ConvertToUint32                 
0     003ee656  _ConvertToUint64                 
1     00000c00  _CpuTimer0Regs                   
1     00000c08  _CpuTimer1Regs                   
1     00000c10  _CpuTimer2Regs                   
1     003f7ff8  _CsmPwl                          
1     00000ae0  _CsmRegs                         
0     003efca1  _DLOG_4CH_init                   
0     003efcac  _DLOG_4CH_update                 
0     003ee000  _DLOG_BuffInit                   
0     00009000  _DPL_ISR                         
0     003efc4e  _DPL_Init                        
0     0000910f  _DSP28x_usDelay                  
0     003ef153  _Datalogger                      
0     003ef027  _DecodeCommands                  
0     003ee723  _DecodePacket                    
1     00000880  _DevEmuRegs                      
0     003ef5ed  _DeviceInit                      
1     0000838a  _Dgain_I                         
1     0000837e  _Dgain_V                         
1     00008304  _DlogCh1                         
1     00008303  _DlogCh2                         
1     00008310  _DlogCh3                         
1     0000830f  _DlogCh4                         
1     0000832c  _Dmax_I                          
1     00008374  _Dmax_V                          
0     003ee6b6  _DoCrc32                         
1     0000836c  _Duty3A                          
1     0000836a  _Duty3A_fixed                    
1     00006040  _ECanaLAMRegs                    
1     000060c0  _ECanaMOTORegs                   
1     00006080  _ECanaMOTSRegs                   
1     00006100  _ECanaMboxes                     
1     00006000  _ECanaRegs                       
1     00006a00  _ECap1Regs                       
1     00006800  _EPwm1Regs                       
1     00006840  _EPwm2Regs                       
1     00006880  _EPwm3Regs                       
1     000068c0  _EPwm4Regs                       
1     00006900  _EPwm5Regs                       
1     00006940  _EPwm6Regs                       
1     00006980  _EPwm7Regs                       
1     00006b00  _EQep1Regs                       
1     00000d01  _EmuBMode                        
1     00000d00  _EmuKey                          
0     003ee704  _EncodeAndTransmitData           
1     00000a80  _FlashRegs                       
1     00000d04  _Flash_CPUScaleFactor            
1     00000d02  _Flash_CallbackPtr               
1     00006f80  _GpioCtrlRegs                    
1     00006fc0  _GpioDataRegs                    
1     00006fe0  _GpioIntRegs                     
1     0000835c  _Grid_Freq                       
1     00008307  _Gui_InvStart                    
1     00008306  _Gui_InvStop                     
1     00008362  _Gui_Ipv                         
1     00008342  _Gui_Light                       
1     0000833c  _Gui_LightCommand                
1     00008305  _Gui_LightCommand_Prev           
1     0000833e  _Gui_LightRatio                  
1     0000833a  _Gui_LightRatio_Avg              
1     00008309  _Gui_MPPTEnable                  
1     00008340  _Gui_MPPTTrackingEff             
1     00008360  _Gui_PanelPower                  
1     00008344  _Gui_PanelPower_Theoretical      
1     0000835e  _Gui_Vboost                      
1     00008366  _Gui_Vpv                         
0     003ef8d1  _HBridgeCtor                     
0     003ef958  _HBridgeTransitionFunction       
0     003ef906  _HBridge_VDC                     
0     003ef921  _HBridge_Zero                    
0     003ef8e2  _HBridge_default                 
0     003ef8d9  _HBridge_initial                 
0     003ef93c  _HBridge_negVDC                  
1     00006ac0  _HRCap1Regs                      
1     00006ae0  _HRCap2Regs                      
1     00008350  _HistPtr                         
1     000083b2  _Hist_Ipv                        
1     000083a2  _Hist_Light                      
1     000083aa  _Hist_Vboost                     
1     0000839a  _Hist_Vpv                        
1     00007900  _I2caRegs                        
0     003fead8  _IQ10mpyRndSatTable              
0     003feacc  _IQ11mpyRndSatTable              
0     003feac0  _IQ12mpyRndSatTable              
0     003feab4  _IQ13mpyRndSatTable              
0     003feaa8  _IQ14mpyRndSatTable              
0     003fea9c  _IQ15mpyRndSatTable              
0     003fea90  _IQ16mpyRndSatTable              
0     003fea84  _IQ17mpyRndSatTable              
0     003fea78  _IQ18mpyRndSatTable              
0     003fea6c  _IQ19mpyRndSatTable              
0     003feb44  _IQ1mpyRndSatTable               
0     003fea60  _IQ20mpyRndSatTable              
0     003fea54  _IQ21mpyRndSatTable              
0     003fea48  _IQ22mpyRndSatTable              
0     003fea3c  _IQ23mpyRndSatTable              
0     003fea30  _IQ24mpyRndSatTable              
0     003fea24  _IQ25mpyRndSatTable              
0     003fea18  _IQ26mpyRndSatTable              
0     003fea0c  _IQ27mpyRndSatTable              
0     003fea00  _IQ28mpyRndSatTable              
0     003fe9f4  _IQ29mpyRndSatTable              
0     003feb38  _IQ2mpyRndSatTable               
0     003fe9e8  _IQ30mpyRndSatTable              
0     003feb2c  _IQ3mpyRndSatTable               
0     003feb20  _IQ4mpyRndSatTable               
0     003feb14  _IQ5mpyRndSatTable               
0     003feb08  _IQ6mpyRndSatTable               
0     003feafc  _IQ7mpyRndSatTable               
0     003feaf0  _IQ8mpyRndSatTable               
0     003feae4  _IQ9mpyRndSatTable               
0     003fe824  _IQatan2HalfPITable              
0     003fe862  _IQatan2Table                    
0     003fe9e8  _IQatan2TableEnd                 
0     003fe100  _IQcosTable                      
0     003fe502  _IQcosTableEnd                   
0     003fe502  _IQdivRoundSatTable              
0     003fe510  _IQdivTable                      
0     003fe712  _IQdivTableEnd                   
0     003fe712  _IQisqrtRoundSatTable            
0     003fe722  _IQisqrtTable                    
0     003fe824  _IQisqrtTableEnd                 
0     003fe9e8  _IQmpyRndSatTable                
0     003feb50  _IQmpyRndSatTableEnd             
0     003fe000  _IQsinTable                      
0     003fe400  _IQsinTableEnd                   
0     003fe712  _IQsqrtRoundSatTable             
0     003fe722  _IQsqrtTable                     
0     003fe824  _IQsqrtTableEnd                  
0     003efe90  _ISR_ILLEGAL                     
1     00008372  _IboostSwRef                     
1     00008378  _IboostswRead                    
1     00008388  _Igain_I                         
1     00008380  _Igain_V                         
0     003ef018  _Init                            
0     003efb32  _InitCommros                     
0     003eea69  _InitCore                        
0     000090f4  _InitFlash                       
0     003efafa  _InitSciaGpio                    
1     00008328  _InvModIndex                     
1     00008338  _InvSine                         
0     000090cf  _Inv_ISR                         
0     003eed42  _InverterCtor                    
0     003eee79  _InverterTransitionFunction      
0     003eee17  _Inverter_AlmostOutOfParameters  
0     003eedb5  _Inverter_OutOfParameters        
0     003eed84  _Inverter_PowerOn                
0     003eee48  _Inverter_ShutDown               
0     003eede6  _Inverter_WithinParameters       
0     003eed53  _Inverter_default                
0     003eed4a  _Inverter_initial                
1     00008386  _IpvRead                         
1     00008376  _IpvRead_EMAVG                   
1     0000831f  _K_Ipv                           
1     0000831e  _K_Light                         
1     00008320  _K_Vboost                        
1     00008325  _K_Vpv                           
1     0000830b  _LedBlinkCnt                     
1     00008312  _LedBlinkCnt2                    
1     00006c00  _LinaRegs                        
1     000085ca  _LowByteFlag                     
1     000089b4  _MATH_EMAVG_In1                  
1     000089ba  _MATH_EMAVG_In2                  
1     000089b8  _MATH_EMAVG_Multiplier1          
1     000089be  _MATH_EMAVG_Multiplier2          
1     000089b6  _MATH_EMAVG_Out1                 
1     000089bc  _MATH_EMAVG_Out2                 
1     00008323  _MPPT_ENABLE                     
1     00008315  _MPPT_slew                       
0     003ef797  _MemCopy                         
1     000085d2  _MemGetAddress                   
1     000085c7  _MemGetAmount                    
1     000085c4  _MemGetPtr                       
1     000085c6  _MemSetPtr                       
1     000085d0  _MemSetValue                     
0     003eead3  _MpptCtor                        
0     003eecef  _MpptTransitionFunction          
0     003eebef  _Mppt_Blink                      
0     003eecd9  _Mppt_Disable                    
0     003eeae4  _Mppt_Execute                    
0     003eec11  _Mppt_StateMachine               
0     003eeadb  _Mppt_initial                    
1     00007060  _NmiIntruptRegs                  
1     000085c2  _NumWords                        
1     0000835a  _Offset_Volt                     
0     003ef71d  _PLLset                          
1     0000830a  _PVInverterState                 
1     000089e4  _PWMDRV_1ch_UpDwnCntCompl_Duty3  
1     000089e6  _PWMDRV_1ch_UpDwnCntCompl_Period3
0     003ef9e8  _PWM_1ch_UpDwnCntCompl_CNF       
1     0000831b  _PanelBoostConnect               
0     003ef212  _PanelCtor                       
0     003ef3d5  _PanelTransitionFunction         
0     003ef35b  _Panel_Connect                   
0     003ef223  _Panel_Dashboard                 
0     003ef37f  _Panel_Emulator                  
0     003ef21a  _Panel_initial                   
1     003d7e80  _PartIdRegs                      
1     0000838c  _Pgain_I                         
1     0000837a  _Pgain_V                         
0     003ef757  _PieCntlInit                     
1     00000ce0  _PieCtrlRegs                     
1     00000d00  _PieVectTable                    
0     003ef776  _PieVectTableInit                
1     00008308  _PwmDacCh1                       
1     00008302  _PwmDacCh2                       
1     00008301  _PwmDacCh3                       
1     00008300  _PwmDacCh4                       
0     003f0113  _RamfuncsLoadEnd                 
0     003f0000  _RamfuncsLoadStart               
0     00009000  _RamfuncsRunStart                
1     000085d8  _RcvTaskPointer                  
1     000085c1  _RcvTskPtrShdw                   
1     0000830d  _ResetPLL                        
1     00008321  _Run_MPPT                        
1     000085cb  _RxChar                          
1     000085c9  _RxWord                          
0     003efae0  _SCIDataAvailable                
0     003efae8  _SCIReceiveByte                  
0     003efaec  _SCITransmitByte                 
0     003efd30  _SGENHP_2_calc                   
0     003ee5fa  _SPI_init                        
0     003ee014  _SPLL_1ph_init                   
1     00008368  _ScaleFactor                     
1     00007050  _SciaRegs                        
0     003eea45  _SendResetMessage                
1     000085cc  _SendTaskPtr                     
0     003ee9e6  _ServiceRoutine                  
0     003efb10  _SetupSerialPort                 
1     00007040  _SpiaRegs                        
1     00007740  _SpibRegs                        
1     00007010  _SysCtrlRegs                     
1     00000985  _SysPwrCtrlRegs                  
1     000085c8  _TaskDoneFlag                    
1     000085ce  _Temp                            
1     00008354  _Temp2                           
1     00008311  _TransmitData                    
1     00008420  _TrigSel                         
1     00008319  _UpdateCoef                      
1     00008392  _VTimer0                         
1     0000838e  _VTimer1                         
1     00008396  _VTimer2                         
1     00008358  _Vac_in                          
1     00008352  _VavgReal                        
1     00008370  _VboostRead                      
1     00008322  _VloopTicker                     
1     00008384  _VpvRead                         
1     00008382  _VpvRead_EMAVG                   
1     0000836e  _VpvRef                          
1     0000837c  _VpvRef_MPPT                     
1     00008356  _VrmsReal                        
0     003ef715  _WDogDisable                     
1     00007070  _XIntruptRegs                    
1     00008317  _ZCDDetect                       
0     003f618f  __IQ24div                        
0     003f61d6  __IQ9div                         
1     000003d0  __STACK_END                      
abs   00000380  __STACK_SIZE                     
1     000082c8  ___TI_cleanup_ptr                
1     000082ca  ___TI_dtors_ptr                  
abs   ffffffff  ___binit__                       
abs   ffffffff  ___c_args__                      
0     003f6000  ___cinit__                       
abs   ffffffff  ___etext__                       
abs   ffffffff  ___pinit__                       
abs   ffffffff  ___text__                        
0     003efe29  __args_main                      
1     000082cc  __lock                           
0     003efe87  __nop                            
0     003efe83  __register_lock                  
0     003efe7f  __register_unlock                
1     00000050  __stack                          
1     000082ce  __unlock                         
0     003efe42  _abort                           
1     00008040  _buffer                          
0     003efcec  _c_int00                         
1     00008140  _commros                         
1     000085c0  _dataOut16                       
1     000085d6  _dataOut32                       
1     000085c5  _delayer                         
1     00008440  _dlog                            
1     00008400  _ePWM                            
0     003efe44  _exit                            
1     0000834a  _hBridge                         
1     00008324  _i                               
1     0000831d  _iK_Ipv                          
1     0000831c  _iK_Vboost                       
1     00008332  _inv_Iset                        
1     00008336  _inv_meas_cur_diff_inst          
1     00008330  _inv_meas_cur_lleg1_inst         
1     00008326  _inv_meas_cur_lleg2_inst         
1     00008334  _inv_meas_vol_inst               
1     0000832a  _inv_ref_cur_inst                
1     0000832e  _inv_ref_vol_inst                
1     0000834e  _inverter                        
0     003eefab  _loggdata                        
1     00008008  _loggerVars                      
0     003ee0ce  _main                            
1     000085d4  _memDataPtr16                    
1     000085da  _memDataPtr32                    
0     003efe73  _memset                          
1     00008346  _mppt                            
1     0000849c  _mppt_incc1                      
1     00008456  _mppt_pno1                       
1     00008348  _panel                           
1     000084c0  _pidGRANDO_Iinv                  
1     00008500  _pidGRANDO_Vinv                  
1     00008580  _plotArray                       
1     00008000  _probes                          
1     000083d0  _pwmdac1                         
1     00008364  _sdata                           
1     000083da  _sgen                            
1     00008480  _sine_mainsV                     
1     00008316  _sine_prev                       
1     00008540  _spll1                           
1     000083c8  _state                           
1     0000834c  _temp_Scratch                    
1     00008313  _timer1                          
1     000085c3  _wordsLeftToGet                  
abs   ffffffff  binit                            
0     003f6000  cinit                            
0     003f7ff6  code_start                       
abs   ffffffff  etext                            
abs   ffffffff  pinit                            


GLOBAL SYMBOLS: SORTED BY Symbol Address 

page  address   name                             
----  -------   ----                             
0     00009000  _DPL_ISR                         
0     00009000  _RamfuncsRunStart                
0     000090cf  _Inv_ISR                         
0     000090f4  _InitFlash                       
0     0000910f  _DSP28x_usDelay                  
0     003ee000  _DLOG_BuffInit                   
0     003ee014  _SPLL_1ph_init                   
0     003ee0ce  _main                            
0     003ee5fa  _SPI_init                        
0     003ee621  _ConvertToUint32                 
0     003ee640  _ConvertToBytes32                
0     003ee64d  _ConvertToBytes16                
0     003ee652  _ConvertToUint16                 
0     003ee656  _ConvertToUint64                 
0     003ee6b6  _DoCrc32                         
0     003ee704  _EncodeAndTransmitData           
0     003ee723  _DecodePacket                    
0     003ee9e6  _ServiceRoutine                  
0     003eea45  _SendResetMessage                
0     003eea69  _InitCore                        
0     003eead3  _MpptCtor                        
0     003eeadb  _Mppt_initial                    
0     003eeae4  _Mppt_Execute                    
0     003eebef  _Mppt_Blink                      
0     003eec11  _Mppt_StateMachine               
0     003eecd9  _Mppt_Disable                    
0     003eecef  _MpptTransitionFunction          
0     003eed42  _InverterCtor                    
0     003eed4a  _Inverter_initial                
0     003eed53  _Inverter_default                
0     003eed84  _Inverter_PowerOn                
0     003eedb5  _Inverter_OutOfParameters        
0     003eede6  _Inverter_WithinParameters       
0     003eee17  _Inverter_AlmostOutOfParameters  
0     003eee48  _Inverter_ShutDown               
0     003eee79  _InverterTransitionFunction      
0     003eefab  _loggdata                        
0     003ef018  _Init                            
0     003ef019  _ClearVariables                  
0     003ef027  _DecodeCommands                  
0     003ef153  _Datalogger                      
0     003ef208  _AddProbes                       
0     003ef20d  _AddLoggerVariableBuffers        
0     003ef212  _PanelCtor                       
0     003ef21a  _Panel_initial                   
0     003ef223  _Panel_Dashboard                 
0     003ef35b  _Panel_Connect                   
0     003ef37f  _Panel_Emulator                  
0     003ef3d5  _PanelTransitionFunction         
0     003ef429  _ADC_SOC_CNF                     
0     003ef5ed  _DeviceInit                      
0     003ef715  _WDogDisable                     
0     003ef71d  _PLLset                          
0     003ef757  _PieCntlInit                     
0     003ef776  _PieVectTableInit                
0     003ef797  _MemCopy                         
0     003ef7ac  _ByteProtocol_Transmit           
0     003ef813  _ByteProtocol_Init               
0     003ef841  _ByteProtocol_DecodeByte         
0     003ef8d1  _HBridgeCtor                     
0     003ef8d9  _HBridge_initial                 
0     003ef8e2  _HBridge_default                 
0     003ef906  _HBridge_VDC                     
0     003ef921  _HBridge_Zero                    
0     003ef93c  _HBridge_negVDC                  
0     003ef958  _HBridgeTransitionFunction       
0     003ef9e8  _PWM_1ch_UpDwnCntCompl_CNF       
0     003efae0  _SCIDataAvailable                
0     003efae8  _SCIReceiveByte                  
0     003efaec  _SCITransmitByte                 
0     003efafa  _InitSciaGpio                    
0     003efb10  _SetupSerialPort                 
0     003efb32  _InitCommros                     
0     003efb71  FD$$MPY                          
0     003efbf4  FS$$MPY                          
0     003efc4e  _DPL_Init                        
0     003efca1  _DLOG_4CH_init                   
0     003efcac  _DLOG_4CH_update                 
0     003efcec  _c_int00                         
0     003efd30  _SGENHP_2_calc                   
0     003efd6a  L$$DIV                           
0     003efd79  L$$MOD                           
0     003efd87  UL$$DIV                          
0     003efd8e  UL$$MOD                          
0     003efd94  I$$DIV                           
0     003efda5  I$$MOD                           
0     003efdb6  FD$$TOL                          
0     003efdd5  LL$$CMP                          
0     003efde7  ULL$$CMP                         
0     003efdf3  FS$$TOFD                         
0     003efe0f  I$$TOFS                          
0     003efe29  __args_main                      
0     003efe42  C$$EXIT                          
0     003efe42  _abort                           
0     003efe44  _exit                            
0     003efe5b  LL$$AND                          
0     003efe63  LL$$OR                           
0     003efe6b  LL$$XOR                          
0     003efe73  _memset                          
0     003efe7f  __register_unlock                
0     003efe83  __register_lock                  
0     003efe87  __nop                            
0     003efe90  _ISR_ILLEGAL                     
0     003f0000  _RamfuncsLoadStart               
0     003f0113  _RamfuncsLoadEnd                 
0     003f6000  ___cinit__                       
0     003f6000  cinit                            
0     003f618f  __IQ24div                        
0     003f61d6  __IQ9div                         
0     003f7ff6  code_start                       
0     003fe000  _IQsinTable                      
0     003fe100  _IQcosTable                      
0     003fe400  _IQsinTableEnd                   
0     003fe502  _IQcosTableEnd                   
0     003fe502  _IQdivRoundSatTable              
0     003fe510  _IQdivTable                      
0     003fe712  _IQdivTableEnd                   
0     003fe712  _IQisqrtRoundSatTable            
0     003fe712  _IQsqrtRoundSatTable             
0     003fe722  _IQisqrtTable                    
0     003fe722  _IQsqrtTable                     
0     003fe824  _IQatan2HalfPITable              
0     003fe824  _IQisqrtTableEnd                 
0     003fe824  _IQsqrtTableEnd                  
0     003fe862  _IQatan2Table                    
0     003fe9e8  _IQ30mpyRndSatTable              
0     003fe9e8  _IQatan2TableEnd                 
0     003fe9e8  _IQmpyRndSatTable                
0     003fe9f4  _IQ29mpyRndSatTable              
0     003fea00  _IQ28mpyRndSatTable              
0     003fea0c  _IQ27mpyRndSatTable              
0     003fea18  _IQ26mpyRndSatTable              
0     003fea24  _IQ25mpyRndSatTable              
0     003fea30  _IQ24mpyRndSatTable              
0     003fea3c  _IQ23mpyRndSatTable              
0     003fea48  _IQ22mpyRndSatTable              
0     003fea54  _IQ21mpyRndSatTable              
0     003fea60  _IQ20mpyRndSatTable              
0     003fea6c  _IQ19mpyRndSatTable              
0     003fea78  _IQ18mpyRndSatTable              
0     003fea84  _IQ17mpyRndSatTable              
0     003fea90  _IQ16mpyRndSatTable              
0     003fea9c  _IQ15mpyRndSatTable              
0     003feaa8  _IQ14mpyRndSatTable              
0     003feab4  _IQ13mpyRndSatTable              
0     003feac0  _IQ12mpyRndSatTable              
0     003feacc  _IQ11mpyRndSatTable              
0     003fead8  _IQ10mpyRndSatTable              
0     003feae4  _IQ9mpyRndSatTable               
0     003feaf0  _IQ8mpyRndSatTable               
0     003feafc  _IQ7mpyRndSatTable               
0     003feb08  _IQ6mpyRndSatTable               
0     003feb14  _IQ5mpyRndSatTable               
0     003feb20  _IQ4mpyRndSatTable               
0     003feb2c  _IQ3mpyRndSatTable               
0     003feb38  _IQ2mpyRndSatTable               
0     003feb44  _IQ1mpyRndSatTable               
0     003feb50  _IQmpyRndSatTableEnd             
1     00000050  __stack                          
1     000003d0  __STACK_END                      
1     00000880  _DevEmuRegs                      
1     00000985  _SysPwrCtrlRegs                  
1     00000a80  _FlashRegs                       
1     00000ae0  _CsmRegs                         
1     00000b00  _AdcResult                       
1     00000c00  _CpuTimer0Regs                   
1     00000c08  _CpuTimer1Regs                   
1     00000c10  _CpuTimer2Regs                   
1     00000ce0  _PieCtrlRegs                     
1     00000d00  _EmuKey                          
1     00000d00  _PieVectTable                    
1     00000d01  _EmuBMode                        
1     00000d02  _Flash_CallbackPtr               
1     00000d04  _Flash_CPUScaleFactor            
1     00001400  _Cla1Regs                        
1     00006000  _ECanaRegs                       
1     00006040  _ECanaLAMRegs                    
1     00006080  _ECanaMOTSRegs                   
1     000060c0  _ECanaMOTORegs                   
1     00006100  _ECanaMboxes                     
1     00006400  _Comp1Regs                       
1     00006420  _Comp2Regs                       
1     00006440  _Comp3Regs                       
1     00006800  _EPwm1Regs                       
1     00006840  _EPwm2Regs                       
1     00006880  _EPwm3Regs                       
1     000068c0  _EPwm4Regs                       
1     00006900  _EPwm5Regs                       
1     00006940  _EPwm6Regs                       
1     00006980  _EPwm7Regs                       
1     00006a00  _ECap1Regs                       
1     00006ac0  _HRCap1Regs                      
1     00006ae0  _HRCap2Regs                      
1     00006b00  _EQep1Regs                       
1     00006c00  _LinaRegs                        
1     00006f80  _GpioCtrlRegs                    
1     00006fc0  _GpioDataRegs                    
1     00006fe0  _GpioIntRegs                     
1     00007010  _SysCtrlRegs                     
1     00007040  _SpiaRegs                        
1     00007050  _SciaRegs                        
1     00007060  _NmiIntruptRegs                  
1     00007070  _XIntruptRegs                    
1     00007100  _AdcRegs                         
1     00007740  _SpibRegs                        
1     00007900  _I2caRegs                        
1     00008000  _probes                          
1     00008008  _loggerVars                      
1     00008040  _buffer                          
1     00008140  _commros                         
1     000082c8  ___TI_cleanup_ptr                
1     000082ca  ___TI_dtors_ptr                  
1     000082cc  __lock                           
1     000082ce  __unlock                         
1     00008300  _PwmDacCh4                       
1     00008301  _PwmDacCh3                       
1     00008302  _PwmDacCh2                       
1     00008303  _DlogCh2                         
1     00008304  _DlogCh1                         
1     00008305  _Gui_LightCommand_Prev           
1     00008306  _Gui_InvStop                     
1     00008307  _Gui_InvStart                    
1     00008308  _PwmDacCh1                       
1     00008309  _Gui_MPPTEnable                  
1     0000830a  _PVInverterState                 
1     0000830b  _LedBlinkCnt                     
1     0000830c  _CloseVloopInv                   
1     0000830d  _ResetPLL                        
1     0000830e  _CloseIloopInv                   
1     0000830f  _DlogCh4                         
1     00008310  _DlogCh3                         
1     00008311  _TransmitData                    
1     00008312  _LedBlinkCnt2                    
1     00008313  _timer1                          
1     00008314  _ClearInvTrip                    
1     00008315  _MPPT_slew                       
1     00008316  _sine_prev                       
1     00008317  _ZCDDetect                       
1     00008319  _UpdateCoef                      
1     0000831b  _PanelBoostConnect               
1     0000831c  _iK_Vboost                       
1     0000831d  _iK_Ipv                          
1     0000831e  _K_Light                         
1     0000831f  _K_Ipv                           
1     00008320  _K_Vboost                        
1     00008321  _Run_MPPT                        
1     00008322  _VloopTicker                     
1     00008323  _MPPT_ENABLE                     
1     00008324  _i                               
1     00008325  _K_Vpv                           
1     00008326  _inv_meas_cur_lleg2_inst         
1     00008328  _InvModIndex                     
1     0000832a  _inv_ref_cur_inst                
1     0000832c  _Dmax_I                          
1     0000832e  _inv_ref_vol_inst                
1     00008330  _inv_meas_cur_lleg1_inst         
1     00008332  _inv_Iset                        
1     00008334  _inv_meas_vol_inst               
1     00008336  _inv_meas_cur_diff_inst          
1     00008338  _InvSine                         
1     0000833a  _Gui_LightRatio_Avg              
1     0000833c  _Gui_LightCommand                
1     0000833e  _Gui_LightRatio                  
1     00008340  _Gui_MPPTTrackingEff             
1     00008342  _Gui_Light                       
1     00008344  _Gui_PanelPower_Theoretical      
1     00008346  _mppt                            
1     00008348  _panel                           
1     0000834a  _hBridge                         
1     0000834c  _temp_Scratch                    
1     0000834e  _inverter                        
1     00008350  _HistPtr                         
1     00008352  _VavgReal                        
1     00008354  _Temp2                           
1     00008356  _VrmsReal                        
1     00008358  _Vac_in                          
1     0000835a  _Offset_Volt                     
1     0000835c  _Grid_Freq                       
1     0000835e  _Gui_Vboost                      
1     00008360  _Gui_PanelPower                  
1     00008362  _Gui_Ipv                         
1     00008364  _sdata                           
1     00008366  _Gui_Vpv                         
1     00008368  _ScaleFactor                     
1     0000836a  _Duty3A_fixed                    
1     0000836c  _Duty3A                          
1     0000836e  _VpvRef                          
1     00008370  _VboostRead                      
1     00008372  _IboostSwRef                     
1     00008374  _Dmax_V                          
1     00008376  _IpvRead_EMAVG                   
1     00008378  _IboostswRead                    
1     0000837a  _Pgain_V                         
1     0000837c  _VpvRef_MPPT                     
1     0000837e  _Dgain_V                         
1     00008380  _Igain_V                         
1     00008382  _VpvRead_EMAVG                   
1     00008384  _VpvRead                         
1     00008386  _IpvRead                         
1     00008388  _Igain_I                         
1     0000838a  _Dgain_I                         
1     0000838c  _Pgain_I                         
1     0000838e  _VTimer1                         
1     00008392  _VTimer0                         
1     00008396  _VTimer2                         
1     0000839a  _Hist_Vpv                        
1     000083a2  _Hist_Light                      
1     000083aa  _Hist_Vboost                     
1     000083b2  _Hist_Ipv                        
1     000083c0  _Comp                            
1     000083c8  _state                           
1     000083d0  _pwmdac1                         
1     000083da  _sgen                            
1     000083e8  _ACQPS                           
1     00008400  _ePWM                            
1     00008410  _ChSel                           
1     00008420  _TrigSel                         
1     00008440  _dlog                            
1     00008456  _mppt_pno1                       
1     00008480  _sine_mainsV                     
1     0000849c  _mppt_incc1                      
1     000084c0  _pidGRANDO_Iinv                  
1     00008500  _pidGRANDO_Vinv                  
1     00008540  _spll1                           
1     00008580  _plotArray                       
1     000085c0  _dataOut16                       
1     000085c1  _RcvTskPtrShdw                   
1     000085c2  _NumWords                        
1     000085c3  _wordsLeftToGet                  
1     000085c4  _MemGetPtr                       
1     000085c5  _delayer                         
1     000085c6  _MemSetPtr                       
1     000085c7  _MemGetAmount                    
1     000085c8  _TaskDoneFlag                    
1     000085c9  _RxWord                          
1     000085ca  _LowByteFlag                     
1     000085cb  _RxChar                          
1     000085cc  _SendTaskPtr                     
1     000085ce  _Temp                            
1     000085d0  _MemSetValue                     
1     000085d2  _MemGetAddress                   
1     000085d4  _memDataPtr16                    
1     000085d6  _dataOut32                       
1     000085d8  _RcvTaskPointer                  
1     000085da  _memDataPtr32                    
1     000085dc  _CmdPacket                       
1     00008600  _CmdDispatcher                   
1     00008990  _CNTL_2P2Z_Ref1                  
1     00008992  _CNTL_2P2Z_Fdbk1                 
1     00008994  _CNTL_2P2Z_Out1                  
1     00008996  _CNTL_2P2Z_Coef1                 
1     00008998  _CNTL_2P2Z_DBUFF1                
1     000089a2  _CNTL_2P2Z_Ref2                  
1     000089a4  _CNTL_2P2Z_Fdbk2                 
1     000089a6  _CNTL_2P2Z_Out2                  
1     000089a8  _CNTL_2P2Z_Coef2                 
1     000089aa  _CNTL_2P2Z_DBUFF2                
1     000089b4  _MATH_EMAVG_In1                  
1     000089b6  _MATH_EMAVG_Out1                 
1     000089b8  _MATH_EMAVG_Multiplier1          
1     000089ba  _MATH_EMAVG_In2                  
1     000089bc  _MATH_EMAVG_Out2                 
1     000089be  _MATH_EMAVG_Multiplier2          
1     000089c0  _CNTL_2P2Z_CoefStruct1           
1     000089ce  _CNTL_2P2Z_CoefStruct2           
1     000089dc  _ADCDRV_1ch_Rlt1                 
1     000089de  _ADCDRV_1ch_Rlt5                 
1     000089e0  _ADCDRV_1ch_Rlt6                 
1     000089e2  _ADCDRV_1ch_Rlt7                 
1     000089e4  _PWMDRV_1ch_UpDwnCntCompl_Duty3  
1     000089e6  _PWMDRV_1ch_UpDwnCntCompl_Period3
1     003d7e80  _PartIdRegs                      
1     003f4000  SINTAB_360                       
1     003f7ff8  _CsmPwl                          
abs   00000380  __STACK_SIZE                     
abs   ffffffff  .text                            
abs   ffffffff  ___binit__                       
abs   ffffffff  ___c_args__                      
abs   ffffffff  ___etext__                       
abs   ffffffff  ___pinit__                       
abs   ffffffff  ___text__                        
abs   ffffffff  binit                            
abs   ffffffff  etext                            
abs   ffffffff  pinit                            

[384 symbols]
