******************************************************************************
             TMS320C2000 Linker PC v6.4.2                      
******************************************************************************
>> Linked Sun Mar 08 20:11:50 2015

OUTPUT FILE NAME:   <SolarExplorer_PVInverter.out>
ENTRY POINT SYMBOL: "_c_int00"  address: 003f3c25


MEMORY CONFIGURATION

         name            origin    length      used     unused   attr    fill
----------------------  --------  ---------  --------  --------  ----  --------
PAGE 0:
  RAML3                 00009000   00001000  00000350  00000cb0  RWIX
  OTP                   003d7800   00000400  00000000  00000400  RWIX
  FLASHH                003e8000   00002000  00000000  00002000  RWIX
  FLASHG                003ea000   00002000  00000000  00002000  RWIX
  FLASHF                003ec000   00002000  00000000  00002000  RWIX
  FLASHE                003ee000   00002000  00000000  00002000  RWIX
  FLASHD                003f0000   00002000  0000039b  00001c65  RWIX
  FLASHC                003f2000   00002000  00001fff  00000001  RWIX
  FLASHA                003f6000   00001f80  00001f7f  00000001  RWIX
  CSM_RSVD              003f7f80   00000076  00000000  00000076  RWIX
  BEGIN                 003f7ff6   00000002  00000002  00000000  RWIX
  CSM_PWL               003f7ff8   00000008  00000000  00000008  RWIX
  IQTABLES              003fe000   00000b50  00000b50  00000000  RWIX
  IQTABLES2             003feb50   0000008c  00000000  0000008c  RWIX
  IQTABLES3             003febdc   000000aa  00000000  000000aa  RWIX
  BOOTROM               003ff27c   00000d44  00000000  00000d44  RWIX
  RESET                 003fffc0   00000002  00000000  00000002  RWIX
  VECTORS               003fffc2   0000003e  00000000  0000003e  RWIX

PAGE 1:
  BOOT_RSVD             00000000   00000050  00000000  00000050  RWIX
  RAMM0                 00000050   000003b0  00000380  00000030  RWIX
  RAMM1                 00000400   00000400  00000400  00000000  RWIX
  DEV_EMU               00000880   00000105  00000004  00000101  RWIX
  SYS_PWR_CTL           00000985   00000003  00000003  00000000  RWIX
  FLASH_REGS            00000a80   00000060  00000008  00000058  RWIX
  CSM                   00000ae0   00000010  00000010  00000000  RWIX
  ADC_RESULT            00000b00   00000020  00000020  00000000  RWIX
  CPU_TIMER0            00000c00   00000008  00000008  00000000  RWIX
  CPU_TIMER1            00000c08   00000008  00000008  00000000  RWIX
  CPU_TIMER2            00000c10   00000008  00000008  00000000  RWIX
  PIE_CTRL              00000ce0   00000020  0000001a  00000006  RWIX
  PIE_VECT              00000d00   00000100  00000100  00000000  RWIX
  CLA1                  00001400   00000080  00000040  00000040  RWIX
  CLA_CPU_MSGRAM        00001480   00000080  00000000  00000080  RWIX
  CPU_CLA_MSGRAM        00001500   00000080  00000000  00000080  RWIX
  ECANA                 00006000   00000040  00000034  0000000c  RWIX
  ECANA_LAM             00006040   00000040  00000040  00000000  RWIX
  ECANA_MOTS            00006080   00000040  00000040  00000000  RWIX
  ECANA_MOTO            000060c0   00000040  00000040  00000000  RWIX
  ECANA_MBOX            00006100   00000100  00000100  00000000  RWIX
  COMP1                 00006400   00000020  00000014  0000000c  RWIX
  COMP2                 00006420   00000020  00000014  0000000c  RWIX
  COMP3                 00006440   00000020  00000014  0000000c  RWIX
  EPWM1                 00006800   00000040  00000040  00000000  RWIX
  EPWM2                 00006840   00000040  00000040  00000000  RWIX
  EPWM3                 00006880   00000040  00000040  00000000  RWIX
  EPWM4                 000068c0   00000040  00000040  00000000  RWIX
  EPWM5                 00006900   00000040  00000040  00000000  RWIX
  EPWM6                 00006940   00000040  00000040  00000000  RWIX
  EPWM7                 00006980   00000040  00000040  00000000  RWIX
  ECAP1                 00006a00   00000020  00000020  00000000  RWIX
  HRCAP1                00006ac0   00000020  00000020  00000000  RWIX
  HRCAP2                00006ae0   00000020  00000020  00000000  RWIX
  EQEP1                 00006b00   00000040  00000040  00000000  RWIX
  LINA                  00006c00   00000080  0000004a  00000036  RWIX
  GPIOCTRL              00006f80   00000040  00000040  00000000  RWIX
  GPIODAT               00006fc0   00000020  00000020  00000000  RWIX
  GPIOINT               00006fe0   00000020  0000000c  00000014  RWIX
  SYSTEM                00007010   00000020  00000020  00000000  RWIX
  SPIA                  00007040   00000010  00000010  00000000  RWIX
  SCIA                  00007050   00000010  00000010  00000000  RWIX
  NMIINTRUPT            00007060   00000010  00000010  00000000  RWIX
  XINTRUPT              00007070   00000010  00000010  00000000  RWIX
  ADC                   00007100   00000080  00000050  00000030  RWIX
  SPIB                  00007740   00000010  00000010  00000000  RWIX
  I2CA                  00007900   00000040  00000022  0000001e  RWIX
  RAML0                 00008000   00000800  00000788  00000078  RWIX
  dataRAM               00008800   00000400  0000030a  000000f6  RWIX
  RAML2                 00008c00   00000400  00000000  00000400  RWIX
  PARTID                003d7e80   00000001  00000001  00000000  RWIX
  FLASHB                003f4000   00002000  00000101  00001eff  RWIX
  CSM_PWL               003f7ff8   00000008  00000008  00000000  RWIX


SECTION ALLOCATION MAP

 output                                  attributes/
section   page    origin      length       input sections
--------  ----  ----------  ----------   ----------------
ramfuncs   0    003f0000    00000350     RUN ADDR = 00009000
                  003f0000    00000262     Inverter.obj (ramfuncs:retain)
                  003f0262    000000cf     SolarExplorer-DPL-ISR.obj (ramfuncs)
                  003f0331    0000001b     SolarExplorer-DevInit_F2803x.obj (ramfuncs)
                  003f034c    00000004     DSP2803x_usDelay.obj (ramfuncs)

.text.1    0    003f0350    0000004b     
                  003f0350    0000000c     rts2800_ml.lib : memset.obj (.text)
                  003f035c    0000000b                    : strchr.obj (.text)
                  003f0367    0000000a                    : strcmp.obj (.text)
                  003f0371    00000009                    : _lock.obj (.text)
                  003f037a    00000009                    : fd_neg.obj (.text)
                  003f0383    00000008     DSP2803x_CodeStartBranch.obj (.text)
                  003f038b    00000008     rts2800_ml.lib : strlen.obj (.text)
                  003f0393    00000005                    : strcpy.obj (.text)
                  003f0398    00000003                    : remove.obj (.text)

.text.2    0    003f2000    00001fff     
                  003f2000    0000034f     inverterFSM.obj (.text)
                  003f234f    00000217     panelFSM.obj (.text)
                  003f2566    0000020d     rts2800_ml.lib : lowlev.obj (.text)
                  003f2773    000001f7                    : trgdrv.obj (.text)
                  003f296a    000001dd                    : memory.obj (.text)
                  003f2b47    000001d3     mpptFSM.obj (.text)
                  003f2d1a    000001c4     ADC_SOC_Cnf.obj (.text)
                  003f2ede    000001bf     SolarExplorer-DevInit_F2803x.obj (.text)
                  003f309d    00000157     hBridgeFSM.obj (.text)
                  003f31f4    00000125     commros_28xx_c_regular.lib : ByteProtocol.obj (.text)
                  003f3319    00000107     rts2800_ml.lib : ll_div.obj (.text)
                  003f3420    00000102                    : fopen.obj (.text)
                  003f3522    000000d9     PWM_1ch_UpDwnCntCompl_Cnf.obj (.text)
                  003f35fb    000000b0     Commros_user.obj (.text)
                  003f36ab    000000a5     rts2800_ml.lib : fputs.obj (.text)
                  003f3750    0000009c                    : fd_add.obj (.text)
                  003f37ec    00000094                    : ankmsg.obj (.text)
                  003f3880    0000008b                    : fd_div.obj (.text)
                  003f390b    00000083                    : fd_mpy.obj (.text)
                  003f398e    0000007a                    : setvbuf.obj (.text)
                  003f3a08    0000006e                    : fflush.obj (.text)
                  003f3a76    00000067                    : _io_perm.obj (.text)
                  003f3add    0000005a                    : fs_mpy.obj (.text)
                  003f3b37    00000053     SolarExplorer-DPL-ISR.obj (.text)
                  003f3b8a    00000050     rts2800_ml.lib : fputc.obj (.text)
                  003f3bda    0000004b     Util_DLOG4CHC.obj (.text)
                  003f3c25    00000044     rts2800_ml.lib : boot.obj (.text)
                  003f3c69    00000041                    : ldexp.obj (.text)
                  003f3caa    0000003d                    : fseek.obj (.text)
                  003f3ce7    0000003a     C28x_SGEN_Lib_fixed.lib : sghp2c.obj (.text)
                  003f3d21    00000034     rts2800_ml.lib : printf.obj (.text)
                  003f3d55    00000031                    : atoi.obj (.text)
                  003f3d86    0000002e                    : ltoa.obj (.text)
                  003f3db4    0000002a                    : fd_cmp.obj (.text)
                  003f3dde    0000002a                    : l_div.obj (.text)
                  003f3e08    00000023                    : strncpy.obj (.text)
                  003f3e2b    00000022                    : i_div.obj (.text)
                  003f3e4d    00000021                    : fd_tofs.obj (.text)
                  003f3e6e    00000021                    : fd_toi.obj (.text)
                  003f3e8f    0000001f                    : fd_tol.obj (.text)
                  003f3eae    0000001e                    : ll_cmp.obj (.text)
                  003f3ecc    0000001d                    : i_tofd.obj (.text)
                  003f3ee9    0000001d                    : memcpy.obj (.text)
                  003f3f06    0000001c                    : fs_tofd.obj (.text)
                  003f3f22    0000001c                    : l_tofd.obj (.text)
                  003f3f3e    0000001a                    : i_tofs.obj (.text)
                  003f3f58    00000019                    : args_main.obj (.text)
                  003f3f71    00000019                    : exit.obj (.text)
                  003f3f8a    00000018                    : ll_aox.obj (.text)
                  003f3fa2    00000017                    : fs_cmp.obj (.text)
                  003f3fb9    00000014                    : frexp.obj (.text)
                  003f3fcd    00000011                    : memchr.obj (.text)
                  003f3fde    0000000e                    : fd_sub.obj (.text)
                  003f3fec    0000000e                    : memccpy.obj (.text)
                  003f3ffa    00000005     SolarExplorer-DevInit_F2803x.obj (.text:retain)

.econst    0    003f6000    000002e8     
                  003f6000    00000101     rts2800_ml.lib : ctype.obj (.econst:.string:__ctypes_)
                  003f6101    00000001     --HOLE-- [fill = 0]
                  003f6102    000000e8     inverterFSM.obj (.econst:.string)
                  003f61ea    00000083     hBridgeFSM.obj (.econst:.string)
                  003f626d    00000001     --HOLE-- [fill = 0]
                  003f626e    00000026     rts2800_ml.lib : _printfi.obj (.econst:.string)
                  003f6294    0000001c                    : _printfi.obj (.econst)
                  003f62b0    00000012     Commros_user.obj (.econst:.string)
                  003f62c2    00000010     Inverter.obj (.econst:_$P$T0$3)
                  003f62d2    0000000f     Inverter.obj (.econst:.string)
                  003f62e1    00000001     --HOLE-- [fill = 0]
                  003f62e2    00000004     Inverter.obj (.econst)
                  003f62e6    00000002     rts2800_ml.lib : fputs.obj (.econst:.string)

.cinit     0    003f62e8    000001f6     
                  003f62e8    00000179     Inverter.obj (.cinit)
                  003f6461    00000031     rts2800_ml.lib : lowlev.obj (.cinit)
                  003f6492    0000002a                    : defs.obj (.cinit)
                  003f64bc    0000000a                    : exit.obj (.cinit)
                  003f64c6    00000005                    : _lock.obj (.cinit:__lock)
                  003f64cb    00000005                    : _lock.obj (.cinit:__unlock)
                  003f64d0    00000004                    : errno.obj (.cinit)
                  003f64d4    00000004                    : fopen.obj (.cinit)
                  003f64d8    00000004                    : memory.obj (.cinit)
                  003f64dc    00000002     --HOLE-- [fill = 0]

IQmath     0    003f64de    0000015d     
                  003f64de    00000047     IQmath.lib : IQ15div.obj (IQmath)
                  003f6525    00000047                : IQ24div.obj (IQmath)
                  003f656c    00000047                : IQ9div.obj (IQmath)
                  003f65b3    00000046                : IQ15isqrt.obj (IQmath)
                  003f65f9    00000042                : IQ15sqrt.obj (IQmath)

.text.3    0    003f663b    00001944     
                  003f663b    00000b6e     rts2800_ml.lib : _printfi.obj (.text)
                  003f71a9    0000065d     Inverter.obj (.text)
                  003f7806    000004b2     commros_28xx_c_regular.lib : commros.obj (.text)
                  003f7cb8    00000267                                : Datalogger.obj (.text)
                  003f7f1f    0000005b     rts2800_ml.lib : fclose.obj (.text)
                  003f7f7a    00000005     SolarExplorer-Main.obj (.text)

codestart 
*          0    003f7ff6    00000002     
                  003f7ff6    00000002     DSP2803x_CodeStartBranch.obj (codestart)

IQmathTables 
*          0    003fe000    00000b50     NOLOAD SECTION
                  003fe000    00000b50     IQmath.lib : IQmathTables.obj (IQmathTables)

.stack     1    00000050    00000380     UNINITIALIZED
                  00000050    00000380     --HOLE--

.esysmem   1    00000400    00000400     UNINITIALIZED
                  00000400    00000001     rts2800_ml.lib : memory.obj (.esysmem)
                  00000401    000003ff     --HOLE--

DevEmuRegsFile 
*          1    00000880    00000004     UNINITIALIZED
                  00000880    00000004     DSP2803x_GlobalVariableDefs.obj (DevEmuRegsFile)

SysPwrCtrlRegsFile 
*          1    00000985    00000003     UNINITIALIZED
                  00000985    00000003     DSP2803x_GlobalVariableDefs.obj (SysPwrCtrlRegsFile)

FlashRegsFile 
*          1    00000a80    00000008     UNINITIALIZED
                  00000a80    00000008     DSP2803x_GlobalVariableDefs.obj (FlashRegsFile)

CsmRegsFile 
*          1    00000ae0    00000010     UNINITIALIZED
                  00000ae0    00000010     DSP2803x_GlobalVariableDefs.obj (CsmRegsFile)

AdcResultFile 
*          1    00000b00    00000020     UNINITIALIZED
                  00000b00    00000020     DSP2803x_GlobalVariableDefs.obj (AdcResultFile)

CpuTimer0RegsFile 
*          1    00000c00    00000008     UNINITIALIZED
                  00000c00    00000008     DSP2803x_GlobalVariableDefs.obj (CpuTimer0RegsFile)

CpuTimer1RegsFile 
*          1    00000c08    00000008     UNINITIALIZED
                  00000c08    00000008     DSP2803x_GlobalVariableDefs.obj (CpuTimer1RegsFile)

CpuTimer2RegsFile 
*          1    00000c10    00000008     UNINITIALIZED
                  00000c10    00000008     DSP2803x_GlobalVariableDefs.obj (CpuTimer2RegsFile)

PieCtrlRegsFile 
*          1    00000ce0    0000001a     UNINITIALIZED
                  00000ce0    0000001a     DSP2803x_GlobalVariableDefs.obj (PieCtrlRegsFile)

PieVectTableFile 
*          1    00000d00    00000100     UNINITIALIZED
                  00000d00    00000100     DSP2803x_GlobalVariableDefs.obj (PieVectTableFile)

EmuKeyVar 
*          1    00000d00    00000001     UNINITIALIZED
                  00000d00    00000001     DSP2803x_GlobalVariableDefs.obj (EmuKeyVar)

EmuBModeVar 
*          1    00000d01    00000001     UNINITIALIZED
                  00000d01    00000001     DSP2803x_GlobalVariableDefs.obj (EmuBModeVar)

FlashCallbackVar 
*          1    00000d02    00000002     UNINITIALIZED
                  00000d02    00000002     DSP2803x_GlobalVariableDefs.obj (FlashCallbackVar)

FlashScalingVar 
*          1    00000d04    00000002     UNINITIALIZED
                  00000d04    00000002     DSP2803x_GlobalVariableDefs.obj (FlashScalingVar)

Cla1RegsFile 
*          1    00001400    00000040     UNINITIALIZED
                  00001400    00000040     DSP2803x_GlobalVariableDefs.obj (Cla1RegsFile)

ECanaRegsFile 
*          1    00006000    00000034     UNINITIALIZED
                  00006000    00000034     DSP2803x_GlobalVariableDefs.obj (ECanaRegsFile)

ECanaLAMRegsFile 
*          1    00006040    00000040     UNINITIALIZED
                  00006040    00000040     DSP2803x_GlobalVariableDefs.obj (ECanaLAMRegsFile)

ECanaMOTSRegsFile 
*          1    00006080    00000040     UNINITIALIZED
                  00006080    00000040     DSP2803x_GlobalVariableDefs.obj (ECanaMOTSRegsFile)

ECanaMOTORegsFile 
*          1    000060c0    00000040     UNINITIALIZED
                  000060c0    00000040     DSP2803x_GlobalVariableDefs.obj (ECanaMOTORegsFile)

ECanaMboxesFile 
*          1    00006100    00000100     UNINITIALIZED
                  00006100    00000100     DSP2803x_GlobalVariableDefs.obj (ECanaMboxesFile)

Comp1RegsFile 
*          1    00006400    00000014     UNINITIALIZED
                  00006400    00000014     DSP2803x_GlobalVariableDefs.obj (Comp1RegsFile)

Comp2RegsFile 
*          1    00006420    00000014     UNINITIALIZED
                  00006420    00000014     DSP2803x_GlobalVariableDefs.obj (Comp2RegsFile)

Comp3RegsFile 
*          1    00006440    00000014     UNINITIALIZED
                  00006440    00000014     DSP2803x_GlobalVariableDefs.obj (Comp3RegsFile)

EPwm1RegsFile 
*          1    00006800    00000040     UNINITIALIZED
                  00006800    00000040     DSP2803x_GlobalVariableDefs.obj (EPwm1RegsFile)

EPwm2RegsFile 
*          1    00006840    00000040     UNINITIALIZED
                  00006840    00000040     DSP2803x_GlobalVariableDefs.obj (EPwm2RegsFile)

EPwm3RegsFile 
*          1    00006880    00000040     UNINITIALIZED
                  00006880    00000040     DSP2803x_GlobalVariableDefs.obj (EPwm3RegsFile)

EPwm4RegsFile 
*          1    000068c0    00000040     UNINITIALIZED
                  000068c0    00000040     DSP2803x_GlobalVariableDefs.obj (EPwm4RegsFile)

EPwm5RegsFile 
*          1    00006900    00000040     UNINITIALIZED
                  00006900    00000040     DSP2803x_GlobalVariableDefs.obj (EPwm5RegsFile)

EPwm6RegsFile 
*          1    00006940    00000040     UNINITIALIZED
                  00006940    00000040     DSP2803x_GlobalVariableDefs.obj (EPwm6RegsFile)

EPwm7RegsFile 
*          1    00006980    00000040     UNINITIALIZED
                  00006980    00000040     DSP2803x_GlobalVariableDefs.obj (EPwm7RegsFile)

ECap1RegsFile 
*          1    00006a00    00000020     UNINITIALIZED
                  00006a00    00000020     DSP2803x_GlobalVariableDefs.obj (ECap1RegsFile)

HRCap1RegsFile 
*          1    00006ac0    00000020     UNINITIALIZED
                  00006ac0    00000020     DSP2803x_GlobalVariableDefs.obj (HRCap1RegsFile)

HRCap2RegsFile 
*          1    00006ae0    00000020     UNINITIALIZED
                  00006ae0    00000020     DSP2803x_GlobalVariableDefs.obj (HRCap2RegsFile)

EQep1RegsFile 
*          1    00006b00    00000040     UNINITIALIZED
                  00006b00    00000040     DSP2803x_GlobalVariableDefs.obj (EQep1RegsFile)

LinaRegsFile 
*          1    00006c00    0000004a     UNINITIALIZED
                  00006c00    0000004a     DSP2803x_GlobalVariableDefs.obj (LinaRegsFile)

GpioCtrlRegsFile 
*          1    00006f80    00000040     UNINITIALIZED
                  00006f80    00000040     DSP2803x_GlobalVariableDefs.obj (GpioCtrlRegsFile)

GpioDataRegsFile 
*          1    00006fc0    00000020     UNINITIALIZED
                  00006fc0    00000020     DSP2803x_GlobalVariableDefs.obj (GpioDataRegsFile)

GpioIntRegsFile 
*          1    00006fe0    0000000c     UNINITIALIZED
                  00006fe0    0000000c     DSP2803x_GlobalVariableDefs.obj (GpioIntRegsFile)

SysCtrlRegsFile 
*          1    00007010    00000020     UNINITIALIZED
                  00007010    00000020     DSP2803x_GlobalVariableDefs.obj (SysCtrlRegsFile)

SpiaRegsFile 
*          1    00007040    00000010     UNINITIALIZED
                  00007040    00000010     DSP2803x_GlobalVariableDefs.obj (SpiaRegsFile)

SciaRegsFile 
*          1    00007050    00000010     UNINITIALIZED
                  00007050    00000010     DSP2803x_GlobalVariableDefs.obj (SciaRegsFile)

NmiIntruptRegsFile 
*          1    00007060    00000010     UNINITIALIZED
                  00007060    00000010     DSP2803x_GlobalVariableDefs.obj (NmiIntruptRegsFile)

XIntruptRegsFile 
*          1    00007070    00000010     UNINITIALIZED
                  00007070    00000010     DSP2803x_GlobalVariableDefs.obj (XIntruptRegsFile)

AdcRegsFile 
*          1    00007100    00000050     UNINITIALIZED
                  00007100    00000050     DSP2803x_GlobalVariableDefs.obj (AdcRegsFile)

SpibRegsFile 
*          1    00007740    00000010     UNINITIALIZED
                  00007740    00000010     DSP2803x_GlobalVariableDefs.obj (SpibRegsFile)

I2caRegsFile 
*          1    00007900    00000022     UNINITIALIZED
                  00007900    00000022     DSP2803x_GlobalVariableDefs.obj (I2caRegsFile)

.ebss      1    00008000    00000788     UNINITIALIZED
                  00008000    000002c8     Commros_user.obj (.ebss)
                  000082c8    00000008     rts2800_ml.lib : memory.obj (.ebss)
                  000082d0    00000008                    : trgdrv.obj (.ebss)
                  000082d8    00000004                    : exit.obj (.ebss)
                  000082dc    00000002                    : _lock.obj (.ebss:__lock)
                  000082de    00000002                    : _lock.obj (.ebss:__unlock)
                  000082e0    00000001                    : errno.obj (.ebss)
                  000082e1    00000001                    : fopen.obj (.ebss)
                  000082e2    0000001e     --HOLE--
                  00008300    00000274     Inverter.obj (.ebss)
                  00008574    0000000c     --HOLE--
                  00008580    00000160     rts2800_ml.lib : defs.obj (.ebss)
                  000086e0    00000020     --HOLE--
                  00008700    00000088                    : lowlev.obj (.ebss)

DLOG       1    00008800    00000190     UNINITIALIZED
                  00008800    00000190     Util_DLOG4CHC.obj (DLOG)

CNTL_2P2Z_Section 
*          1    00008990    00000024     UNINITIALIZED
                  00008990    00000024     SolarExplorer-DPL-ISR.obj (CNTL_2P2Z_Section)

CNTL_2P2Z_Coef 
*          1    000089c0    0000001c     UNINITIALIZED
                  000089c0    0000001c     Inverter.obj (CNTL_2P2Z_Coef)

ADCDRV_1ch_Section 
*          1    000089dc    00000008     UNINITIALIZED
                  000089dc    00000008     SolarExplorer-DPL-ISR.obj (ADCDRV_1ch_Section)

PartIdRegsFile 
*          1    003d7e80    00000001     UNINITIALIZED
                  003d7e80    00000001     DSP2803x_GlobalVariableDefs.obj (PartIdRegsFile)

CsmPwlFile 
*          1    003f7ff8    00000008     UNINITIALIZED
                  003f7ff8    00000008     DSP2803x_GlobalVariableDefs.obj (CsmPwlFile)

.pinit     0    003f6000    00000000     UNINITIALIZED

.reset     0    003fffc0    00000002     DSECT
                  003fffc0    00000002     rts2800_ml.lib : boot.obj (.reset)

vectors    0    003fffc2    00000000     DSECT

SINTBL     1    003f4000    00000101     
                  003f4000    00000101     C28x_SGEN_Lib_fixed.lib : SINTB360.obj (SINTBL)

MATH_EMAVG_Section 
*          1    000089b4    0000000c     UNINITIALIZED
                  000089b4    0000000c     SolarExplorer-DPL-ISR.obj (MATH_EMAVG_Section)

PWMDRV_1ch_UpDwnCntCompl_Section 
*          1    000089e4    00000004     UNINITIALIZED
                  000089e4    00000004     SolarExplorer-DPL-ISR.obj (PWMDRV_1ch_UpDwnCntCompl_Section)

ZeroNet_Section 
*          1    000089e8    00000002     UNINITIALIZED
                  000089e8    00000002     SolarExplorer-DPL-ISR.obj (ZeroNet_Section)

.cio       1    00008a00    00000120     UNINITIALIZED
                  00008a00    00000120     rts2800_ml.lib : ankmsg.obj (.cio)


GLOBAL DATA SYMBOLS: SORTED BY DATA PAGE

address     data page           name
--------    ----------------    ----
00000050       1 (00000040)     __stack

00000400      10 (00000400)     __sys_memory

00000880      22 (00000880)     _DevEmuRegs

00000985      26 (00000980)     _SysPwrCtrlRegs

00000a80      2a (00000a80)     _FlashRegs

00000ae0      2b (00000ac0)     _CsmRegs

00000b00      2c (00000b00)     _AdcResult

00000c00      30 (00000c00)     _CpuTimer0Regs
00000c08      30 (00000c00)     _CpuTimer1Regs
00000c10      30 (00000c00)     _CpuTimer2Regs

00000ce0      33 (00000cc0)     _PieCtrlRegs

00000d00      34 (00000d00)     _EmuKey
00000d00      34 (00000d00)     _PieVectTable
00000d01      34 (00000d00)     _EmuBMode
00000d02      34 (00000d00)     _Flash_CallbackPtr
00000d04      34 (00000d00)     _Flash_CPUScaleFactor

00001400      50 (00001400)     _Cla1Regs

00006000     180 (00006000)     _ECanaRegs

00006040     181 (00006040)     _ECanaLAMRegs

00006080     182 (00006080)     _ECanaMOTSRegs

000060c0     183 (000060c0)     _ECanaMOTORegs

00006100     184 (00006100)     _ECanaMboxes

00006400     190 (00006400)     _Comp1Regs
00006420     190 (00006400)     _Comp2Regs

00006440     191 (00006440)     _Comp3Regs

00006800     1a0 (00006800)     _EPwm1Regs

00006840     1a1 (00006840)     _EPwm2Regs

00006880     1a2 (00006880)     _EPwm3Regs

000068c0     1a3 (000068c0)     _EPwm4Regs

00006900     1a4 (00006900)     _EPwm5Regs

00006940     1a5 (00006940)     _EPwm6Regs

00006980     1a6 (00006980)     _EPwm7Regs

00006a00     1a8 (00006a00)     _ECap1Regs

00006ac0     1ab (00006ac0)     _HRCap1Regs
00006ae0     1ab (00006ac0)     _HRCap2Regs

00006b00     1ac (00006b00)     _EQep1Regs

00006c00     1b0 (00006c00)     _LinaRegs

00006f80     1be (00006f80)     _GpioCtrlRegs

00006fc0     1bf (00006fc0)     _GpioDataRegs
00006fe0     1bf (00006fc0)     _GpioIntRegs

00007010     1c0 (00007000)     _SysCtrlRegs

00007040     1c1 (00007040)     _SpiaRegs
00007050     1c1 (00007040)     _SciaRegs
00007060     1c1 (00007040)     _NmiIntruptRegs
00007070     1c1 (00007040)     _XIntruptRegs

00007100     1c4 (00007100)     _AdcRegs

00007740     1dd (00007740)     _SpibRegs

00007900     1e4 (00007900)     _I2caRegs

00008000     200 (00008000)     _probes
00008008     200 (00008000)     _loggerVars

00008040     201 (00008040)     _buffer

00008140     205 (00008140)     _commros

000082d8     20b (000082c0)     ___TI_cleanup_ptr
000082da     20b (000082c0)     ___TI_dtors_ptr
000082dc     20b (000082c0)     __lock
000082de     20b (000082c0)     __unlock
000082e0     20b (000082c0)     _errno

00008300     20c (00008300)     _ResetPLL
00008301     20c (00008300)     _ClearInvTrip
00008302     20c (00008300)     _LedBlinkCnt
00008303     20c (00008300)     _DlogCh4
00008304     20c (00008300)     _CloseIloopInv
00008305     20c (00008300)     _PVInverterState
00008306     20c (00008300)     _Gui_InvStop
00008307     20c (00008300)     _TransmitData
00008308     20c (00008300)     _Gui_MPPTEnable
00008309     20c (00008300)     _LedBlinkCnt2
0000830a     20c (00008300)     _CloseVloopInv
0000830b     20c (00008300)     _Gui_InvStart
0000830c     20c (00008300)     _MPPT_ENABLE
0000830d     20c (00008300)     _PwmDacCh1
0000830e     20c (00008300)     _MPPT_slew
0000830f     20c (00008300)     _PwmDacCh3
00008310     20c (00008300)     _PwmDacCh2
00008311     20c (00008300)     _Run_MPPT
00008312     20c (00008300)     _DlogCh2
00008313     20c (00008300)     _DlogCh1
00008314     20c (00008300)     _timer1
00008315     20c (00008300)     _PanelBoostConnect
00008316     20c (00008300)     _PwmDacCh4
00008317     20c (00008300)     _DlogCh3
00008318     20c (00008300)     _iK_Vboost
00008319     20c (00008300)     _K_Light
0000831a     20c (00008300)     _K_Ipv
0000831b     20c (00008300)     _iK_Ipv
0000831c     20c (00008300)     _ZCDDetect
0000831d     20c (00008300)     _sine_prev
0000831e     20c (00008300)     _VloopTicker
0000831f     20c (00008300)     _K_Vboost
00008320     20c (00008300)     _i
00008322     20c (00008300)     _Gui_LightCommand_Prev
00008324     20c (00008300)     _K_Vpv
00008325     20c (00008300)     _UpdateCoef
00008326     20c (00008300)     _inv_meas_vol_inst
00008328     20c (00008300)     _inv_ref_vol_inst
0000832a     20c (00008300)     _inv_meas_cur_lleg1_inst
0000832c     20c (00008300)     _inv_meas_cur_lleg2_inst
0000832e     20c (00008300)     _inv_ref_cur_inst
00008330     20c (00008300)     _inv_meas_cur_diff_inst
00008332     20c (00008300)     _Dmax_I
00008334     20c (00008300)     _mppt
00008336     20c (00008300)     _panel
00008338     20c (00008300)     _inverter
0000833a     20c (00008300)     _Pgain_I
0000833c     20c (00008300)     _Dgain_I
0000833e     20c (00008300)     _Igain_I

00008340     20d (00008340)     _Gui_Vboost
00008342     20d (00008340)     _Gui_PanelPower
00008344     20d (00008340)     _Gui_Ipv
00008346     20d (00008340)     _sdata
00008348     20d (00008340)     _Gui_Vpv
0000834a     20d (00008340)     _ScaleFactor
0000834c     20d (00008340)     _Gui_LightRatio_Avg
0000834e     20d (00008340)     _Gui_LightCommand
00008350     20d (00008340)     _Gui_LightRatio
00008352     20d (00008340)     _Gui_MPPTTrackingEff
00008354     20d (00008340)     _Gui_Light
00008356     20d (00008340)     _Gui_PanelPower_Theoretical
00008358     20d (00008340)     _InvSine
0000835a     20d (00008340)     _HistPtr
0000835c     20d (00008340)     _inv_Iset
0000835e     20d (00008340)     _temp_Scratch
00008360     20d (00008340)     _InvModIndex
00008362     20d (00008340)     _hBridge
00008364     20d (00008340)     _VavgReal
00008366     20d (00008340)     _Temp2
00008368     20d (00008340)     _VrmsReal
0000836a     20d (00008340)     _Vac_in
0000836c     20d (00008340)     _Offset_Volt
0000836e     20d (00008340)     _Grid_Freq
00008370     20d (00008340)     _Duty3A
00008374     20d (00008340)     _VpvRef_MPPT
00008376     20d (00008340)     _IboostSwRef
00008378     20d (00008340)     _IpvRead_EMAVG
0000837a     20d (00008340)     _Igain_V
0000837c     20d (00008340)     _Pgain_V
0000837e     20d (00008340)     _Dmax_V

00008380     20e (00008380)     _IboostswRead
00008382     20e (00008380)     _Dgain_V
00008384     20e (00008380)     _Duty3A_fixed
00008386     20e (00008380)     _VpvRef
00008388     20e (00008380)     _VboostRead
0000838a     20e (00008380)     _VpvRead_EMAVG
0000838c     20e (00008380)     _IpvRead
0000838e     20e (00008380)     _VpvRead
00008390     20e (00008380)     _VTimer1
00008394     20e (00008380)     _VTimer2
00008398     20e (00008380)     _VTimer0
0000839c     20e (00008380)     _Hist_Vboost
000083a4     20e (00008380)     _Hist_Vpv
000083ac     20e (00008380)     _Hist_Light
000083b4     20e (00008380)     _Hist_Ipv

000083c0     20f (000083c0)     _Comp
000083c8     20f (000083c0)     _pwmdac1
000083d2     20f (000083c0)     _sgen
000083e0     20f (000083c0)     _ePWM
000083f0     20f (000083c0)     _TrigSel

00008400     210 (00008400)     _ChSel
00008410     210 (00008400)     _ACQPS
00008420     210 (00008400)     _mppt_pno1

00008440     211 (00008440)     _dlog
00008456     211 (00008440)     _sine_mainsV

00008480     212 (00008480)     _mppt_incc1

000084c0     213 (000084c0)     _pidGRANDO_Iinv

00008500     214 (00008500)     _pidGRANDO_Vinv

00008540     215 (00008540)     _spll1

00008580     216 (00008580)     ___TI_ft_end

000085c0     217 (000085c0)     __ftable

00008640     219 (00008640)     ___TI_tmpnams

00008990     226 (00008980)     _CNTL_2P2Z_Ref1
00008992     226 (00008980)     _CNTL_2P2Z_Fdbk1
00008994     226 (00008980)     _CNTL_2P2Z_Out1
00008996     226 (00008980)     _CNTL_2P2Z_Coef1
00008998     226 (00008980)     _CNTL_2P2Z_DBUFF1
000089a2     226 (00008980)     _CNTL_2P2Z_Ref2
000089a4     226 (00008980)     _CNTL_2P2Z_Fdbk2
000089a6     226 (00008980)     _CNTL_2P2Z_Out2
000089a8     226 (00008980)     _CNTL_2P2Z_Coef2
000089aa     226 (00008980)     _CNTL_2P2Z_DBUFF2
000089b4     226 (00008980)     _MATH_EMAVG_In1
000089b6     226 (00008980)     _MATH_EMAVG_Out1
000089b8     226 (00008980)     _MATH_EMAVG_Multiplier1
000089ba     226 (00008980)     _MATH_EMAVG_In2
000089bc     226 (00008980)     _MATH_EMAVG_Out2
000089be     226 (00008980)     _MATH_EMAVG_Multiplier2

000089c0     227 (000089c0)     _CNTL_2P2Z_CoefStruct1
000089ce     227 (000089c0)     _CNTL_2P2Z_CoefStruct2
000089dc     227 (000089c0)     _ADCDRV_1ch_Rlt1
000089de     227 (000089c0)     _ADCDRV_1ch_Rlt5
000089e0     227 (000089c0)     _ADCDRV_1ch_Rlt6
000089e2     227 (000089c0)     _ADCDRV_1ch_Rlt7
000089e4     227 (000089c0)     _PWMDRV_1ch_UpDwnCntCompl_Duty3
000089e6     227 (000089c0)     _PWMDRV_1ch_UpDwnCntCompl_Period3

00008a00     228 (00008a00)     __CIOBUF_

003d7e80    f5fa (003d7e80)     _PartIdRegs

003f4000    fd00 (003f4000)     SINTAB_360

003f6000    fd80 (003f6000)     __ctypes_

003f64de    fd93 (003f64c0)     __IQ15div

003f6525    fd94 (003f6500)     __IQ24div

003f656c    fd95 (003f6540)     __IQ9div

003f65b3    fd96 (003f6580)     __IQ15isqrt

003f65f9    fd97 (003f65c0)     __IQ15sqrt

003f7ff8    fdff (003f7fc0)     _CsmPwl

003fe000    ff80 (003fe000)     _IQsinTable

003fe100    ff84 (003fe100)     _IQcosTable

003fe400    ff90 (003fe400)     _IQsinTableEnd

003fe502    ff94 (003fe500)     _IQcosTableEnd
003fe502    ff94 (003fe500)     _IQdivRoundSatTable
003fe510    ff94 (003fe500)     _IQdivTable

003fe712    ff9c (003fe700)     _IQdivTableEnd
003fe712    ff9c (003fe700)     _IQisqrtRoundSatTable
003fe712    ff9c (003fe700)     _IQsqrtRoundSatTable
003fe722    ff9c (003fe700)     _IQisqrtTable
003fe722    ff9c (003fe700)     _IQsqrtTable

003fe824    ffa0 (003fe800)     _IQatan2HalfPITable
003fe824    ffa0 (003fe800)     _IQisqrtTableEnd
003fe824    ffa0 (003fe800)     _IQsqrtTableEnd

003fe862    ffa1 (003fe840)     _IQatan2Table

003fe9e8    ffa7 (003fe9c0)     _IQ30mpyRndSatTable
003fe9e8    ffa7 (003fe9c0)     _IQatan2TableEnd
003fe9e8    ffa7 (003fe9c0)     _IQmpyRndSatTable
003fe9f4    ffa7 (003fe9c0)     _IQ29mpyRndSatTable

003fea00    ffa8 (003fea00)     _IQ28mpyRndSatTable
003fea0c    ffa8 (003fea00)     _IQ27mpyRndSatTable
003fea18    ffa8 (003fea00)     _IQ26mpyRndSatTable
003fea24    ffa8 (003fea00)     _IQ25mpyRndSatTable
003fea30    ffa8 (003fea00)     _IQ24mpyRndSatTable
003fea3c    ffa8 (003fea00)     _IQ23mpyRndSatTable

003fea48    ffa9 (003fea40)     _IQ22mpyRndSatTable
003fea54    ffa9 (003fea40)     _IQ21mpyRndSatTable
003fea60    ffa9 (003fea40)     _IQ20mpyRndSatTable
003fea6c    ffa9 (003fea40)     _IQ19mpyRndSatTable
003fea78    ffa9 (003fea40)     _IQ18mpyRndSatTable

003fea84    ffaa (003fea80)     _IQ17mpyRndSatTable
003fea90    ffaa (003fea80)     _IQ16mpyRndSatTable
003fea9c    ffaa (003fea80)     _IQ15mpyRndSatTable
003feaa8    ffaa (003fea80)     _IQ14mpyRndSatTable
003feab4    ffaa (003fea80)     _IQ13mpyRndSatTable

003feac0    ffab (003feac0)     _IQ12mpyRndSatTable
003feacc    ffab (003feac0)     _IQ11mpyRndSatTable
003fead8    ffab (003feac0)     _IQ10mpyRndSatTable
003feae4    ffab (003feac0)     _IQ9mpyRndSatTable
003feaf0    ffab (003feac0)     _IQ8mpyRndSatTable
003feafc    ffab (003feac0)     _IQ7mpyRndSatTable

003feb08    ffac (003feb00)     _IQ6mpyRndSatTable
003feb14    ffac (003feb00)     _IQ5mpyRndSatTable
003feb20    ffac (003feb00)     _IQ4mpyRndSatTable
003feb2c    ffac (003feb00)     _IQ3mpyRndSatTable
003feb38    ffac (003feb00)     _IQ2mpyRndSatTable

003feb44    ffad (003feb40)     _IQ1mpyRndSatTable
003feb50    ffad (003feb40)     _IQmpyRndSatTableEnd


GLOBAL SYMBOLS: SORTED ALPHABETICALLY BY Name 

page  address   name                             
----  -------   ----                             
abs   ffffffff  .text                            
0     003f3f71  C$$EXIT                          
0     003f383f  C$$IO$$                          
0     003f3750  FD$$ADD                          
0     003f3db4  FD$$CMP                          
0     003f3880  FD$$DIV                          
0     003f390b  FD$$MPY                          
0     003f037a  FD$$NEG                          
0     003f3fde  FD$$SUB                          
0     003f3e4d  FD$$TOFS                         
0     003f3e6e  FD$$TOI                          
0     003f3e8f  FD$$TOL                          
0     003f3fa2  FS$$CMP                          
0     003f3add  FS$$MPY                          
0     003f3f06  FS$$TOFD                         
0     003f3e2b  I$$DIV                           
0     003f3e3c  I$$MOD                           
0     003f3ecc  I$$TOFD                          
0     003f3f3e  I$$TOFS                          
0     003f3dde  L$$DIV                           
0     003f3ded  L$$MOD                           
0     003f3f22  L$$TOFD                          
0     003f3f8a  LL$$AND                          
0     003f3eae  LL$$CMP                          
0     003f3319  LL$$DIV                          
0     003f3355  LL$$MOD                          
0     003f3f92  LL$$OR                           
0     003f3f9a  LL$$XOR                          
1     003f4000  SINTAB_360                       
0     003f3dfb  UL$$DIV                          
0     003f3e02  UL$$MOD                          
0     003f3ec0  ULL$$CMP                         
0     003f338f  ULL$$DIV                         
0     003f33be  ULL$$MOD                         
1     00008410  _ACQPS                           
1     000089dc  _ADCDRV_1ch_Rlt1                 
1     000089de  _ADCDRV_1ch_Rlt5                 
1     000089e0  _ADCDRV_1ch_Rlt6                 
1     000089e2  _ADCDRV_1ch_Rlt7                 
0     003f77a7  _ADC_Init                        
0     003f2d1a  _ADC_SOC_CNF                     
1     00007100  _AdcRegs                         
1     00000b00  _AdcResult                       
0     003f7f1a  _AddLoggerVariableBuffers        
0     003f7f15  _AddProbes                       
0     003f3289  _ByteProtocol_DecodeByte         
0     003f325b  _ByteProtocol_Init               
0     003f31f4  _ByteProtocol_Transmit           
1     00008996  _CNTL_2P2Z_Coef1                 
1     000089a8  _CNTL_2P2Z_Coef2                 
1     000089c0  _CNTL_2P2Z_CoefStruct1           
1     000089ce  _CNTL_2P2Z_CoefStruct2           
1     00008998  _CNTL_2P2Z_DBUFF1                
1     000089aa  _CNTL_2P2Z_DBUFF2                
1     00008992  _CNTL_2P2Z_Fdbk1                 
1     000089a4  _CNTL_2P2Z_Fdbk2                 
1     00008994  _CNTL_2P2Z_Out1                  
1     000089a6  _CNTL_2P2Z_Out2                  
1     00008990  _CNTL_2P2Z_Ref1                  
1     000089a2  _CNTL_2P2Z_Ref2                  
1     00008400  _ChSel                           
1     00001400  _Cla1Regs                        
1     00008301  _ClearInvTrip                    
0     003f7d26  _ClearVariables                  
1     00008304  _CloseIloopInv                   
1     0000830a  _CloseVloopInv                   
1     000083c0  _Comp                            
1     00006400  _Comp1Regs                       
1     00006420  _Comp2Regs                       
1     00006440  _Comp3Regs                       
0     003f7832  _ConvertToBytes16                
0     003f7825  _ConvertToBytes32                
0     003f7837  _ConvertToUint16                 
0     003f7806  _ConvertToUint32                 
0     003f783b  _ConvertToUint64                 
1     00000c00  _CpuTimer0Regs                   
1     00000c08  _CpuTimer1Regs                   
1     00000c10  _CpuTimer2Regs                   
1     003f7ff8  _CsmPwl                          
1     00000ae0  _CsmRegs                         
0     003f3bda  _DLOG_4CH_init                   
0     003f3be5  _DLOG_4CH_update                 
0     003f71a9  _DLOG_BuffInit                   
0     00009262  _DPL_ISR                         
0     003f3b37  _DPL_Init                        
0     0000934c  _DSP28x_usDelay                  
0     003f7e60  _Datalogger                      
0     003f7d34  _DecodeCommands                  
0     003f7908  _DecodePacket                    
1     00000880  _DevEmuRegs                      
0     003f2ede  _DeviceInit                      
1     0000833c  _Dgain_I                         
1     00008382  _Dgain_V                         
1     00008313  _DlogCh1                         
1     00008312  _DlogCh2                         
1     00008317  _DlogCh3                         
1     00008303  _DlogCh4                         
1     00008332  _Dmax_I                          
1     0000837e  _Dmax_V                          
0     003f789b  _DoCrc32                         
1     00008370  _Duty3A                          
1     00008384  _Duty3A_fixed                    
1     00006040  _ECanaLAMRegs                    
1     000060c0  _ECanaMOTORegs                   
1     00006080  _ECanaMOTSRegs                   
1     00006100  _ECanaMboxes                     
1     00006000  _ECanaRegs                       
1     00006a00  _ECap1Regs                       
1     00006800  _EPwm1Regs                       
1     00006840  _EPwm2Regs                       
1     00006880  _EPwm3Regs                       
1     000068c0  _EPwm4Regs                       
1     00006900  _EPwm5Regs                       
1     00006940  _EPwm6Regs                       
1     00006980  _EPwm7Regs                       
1     00006b00  _EQep1Regs                       
1     00000d01  _EmuBMode                        
1     00000d00  _EmuKey                          
0     003f78e9  _EncodeAndTransmitData           
1     00000a80  _FlashRegs                       
1     00000d04  _Flash_CPUScaleFactor            
1     00000d02  _Flash_CallbackPtr               
1     00006f80  _GpioCtrlRegs                    
1     00006fc0  _GpioDataRegs                    
1     00006fe0  _GpioIntRegs                     
1     0000836e  _Grid_Freq                       
1     0000830b  _Gui_InvStart                    
1     00008306  _Gui_InvStop                     
1     00008344  _Gui_Ipv                         
1     00008354  _Gui_Light                       
1     0000834e  _Gui_LightCommand                
1     00008322  _Gui_LightCommand_Prev           
1     00008350  _Gui_LightRatio                  
1     0000834c  _Gui_LightRatio_Avg              
1     00008308  _Gui_MPPTEnable                  
1     00008352  _Gui_MPPTTrackingEff             
1     00008342  _Gui_PanelPower                  
1     00008356  _Gui_PanelPower_Theoretical      
1     00008340  _Gui_Vboost                      
1     00008348  _Gui_Vpv                         
0     003f309d  _HBridgeCtor                     
0     003f316a  _HBridgeTransitionFunction       
0     003f30eb  _HBridge_VDC                     
0     003f3115  _HBridge_Zero                    
0     003f30b3  _HBridge_default                 
0     003f30a5  _HBridge_initial                 
0     003f313f  _HBridge_negVDC                  
0     003f2941  _HOSTclock                       
0     003f2919  _HOSTclose                       
0     003f28f1  _HOSTgetenv                      
0     003f28ab  _HOSTlseek                       
0     003f2872  _HOSTopen                        
0     003f283a  _HOSTread                        
0     003f27fa  _HOSTrename                      
0     003f27d1  _HOSTtime                        
0     003f27ab  _HOSTunlink                      
0     003f2773  _HOSTwrite                       
1     00006ac0  _HRCap1Regs                      
1     00006ae0  _HRCap2Regs                      
1     0000835a  _HistPtr                         
1     000083b4  _Hist_Ipv                        
1     000083ac  _Hist_Light                      
1     0000839c  _Hist_Vboost                     
1     000083a4  _Hist_Vpv                        
1     00007900  _I2caRegs                        
0     003fead8  _IQ10mpyRndSatTable              
0     003feacc  _IQ11mpyRndSatTable              
0     003feac0  _IQ12mpyRndSatTable              
0     003feab4  _IQ13mpyRndSatTable              
0     003feaa8  _IQ14mpyRndSatTable              
0     003fea9c  _IQ15mpyRndSatTable              
0     003fea90  _IQ16mpyRndSatTable              
0     003fea84  _IQ17mpyRndSatTable              
0     003fea78  _IQ18mpyRndSatTable              
0     003fea6c  _IQ19mpyRndSatTable              
0     003feb44  _IQ1mpyRndSatTable               
0     003fea60  _IQ20mpyRndSatTable              
0     003fea54  _IQ21mpyRndSatTable              
0     003fea48  _IQ22mpyRndSatTable              
0     003fea3c  _IQ23mpyRndSatTable              
0     003fea30  _IQ24mpyRndSatTable              
0     003fea24  _IQ25mpyRndSatTable              
0     003fea18  _IQ26mpyRndSatTable              
0     003fea0c  _IQ27mpyRndSatTable              
0     003fea00  _IQ28mpyRndSatTable              
0     003fe9f4  _IQ29mpyRndSatTable              
0     003feb38  _IQ2mpyRndSatTable               
0     003fe9e8  _IQ30mpyRndSatTable              
0     003feb2c  _IQ3mpyRndSatTable               
0     003feb20  _IQ4mpyRndSatTable               
0     003feb14  _IQ5mpyRndSatTable               
0     003feb08  _IQ6mpyRndSatTable               
0     003feafc  _IQ7mpyRndSatTable               
0     003feaf0  _IQ8mpyRndSatTable               
0     003feae4  _IQ9mpyRndSatTable               
0     003fe824  _IQatan2HalfPITable              
0     003fe862  _IQatan2Table                    
0     003fe9e8  _IQatan2TableEnd                 
0     003fe100  _IQcosTable                      
0     003fe502  _IQcosTableEnd                   
0     003fe502  _IQdivRoundSatTable              
0     003fe510  _IQdivTable                      
0     003fe712  _IQdivTableEnd                   
0     003fe712  _IQisqrtRoundSatTable            
0     003fe722  _IQisqrtTable                    
0     003fe824  _IQisqrtTableEnd                 
0     003fe9e8  _IQmpyRndSatTable                
0     003feb50  _IQmpyRndSatTableEnd             
0     003fe000  _IQsinTable                      
0     003fe400  _IQsinTableEnd                   
0     003fe712  _IQsqrtRoundSatTable             
0     003fe722  _IQsqrtTable                     
0     003fe824  _IQsqrtTableEnd                  
0     003f3ffa  _ISR_ILLEGAL                     
0     003f76ed  _ISR_Init                        
1     00008376  _IboostSwRef                     
1     00008380  _IboostswRead                    
1     0000833e  _Igain_I                         
1     0000837a  _Igain_V                         
0     003f7d25  _Init                            
0     003f366c  _InitCommros                     
0     003f7c4e  _InitCore                        
0     00009331  _InitFlash                       
0     003f3634  _InitSciaGpio                    
1     00008360  _InvModIndex                     
1     00008358  _InvSine                         
0     00009000  _Inv_ISR                         
0     003f2000  _InverterCtor                    
0     003f21fc  _InverterTransitionFunction      
0     003f215a  _Inverter_AlmostOutOfParameters  
0     003f20b8  _Inverter_OutOfParameters        
0     003f2067  _Inverter_PowerOn                
0     003f21ab  _Inverter_ShutDown               
0     003f2109  _Inverter_WithinParameters       
0     003f2016  _Inverter_default                
0     003f2008  _Inverter_initial                
1     0000838c  _IpvRead                         
1     00008378  _IpvRead_EMAVG                   
1     0000831a  _K_Ipv                           
1     00008319  _K_Light                         
1     0000831f  _K_Vboost                        
1     00008324  _K_Vpv                           
1     00008302  _LedBlinkCnt                     
1     00008309  _LedBlinkCnt2                    
1     00006c00  _LinaRegs                        
1     000089b4  _MATH_EMAVG_In1                  
1     000089ba  _MATH_EMAVG_In2                  
1     000089b8  _MATH_EMAVG_Multiplier1          
1     000089be  _MATH_EMAVG_Multiplier2          
1     000089b6  _MATH_EMAVG_Out1                 
1     000089bc  _MATH_EMAVG_Out2                 
1     0000830c  _MPPT_ENABLE                     
1     0000830e  _MPPT_slew                       
0     003f3088  _MemCopy                         
0     003f2b47  _MpptCtor                        
0     003f2cc7  _MpptTransitionFunction          
0     003f2c63  _Mppt_Blink                      
0     003f2cb1  _Mppt_Disable                    
0     003f2b58  _Mppt_Execute                    
0     003f2c85  _Mppt_StateMachine               
0     003f2b4f  _Mppt_initial                    
1     00007060  _NmiIntruptRegs                  
1     0000836c  _Offset_Volt                     
0     003f300e  _PLLset                          
1     00008305  _PVInverterState                 
1     000089e4  _PWMDRV_1ch_UpDwnCntCompl_Duty3  
1     000089e6  _PWMDRV_1ch_UpDwnCntCompl_Period3
0     003f3522  _PWM_1ch_UpDwnCntCompl_CNF       
1     00008315  _PanelBoostConnect               
0     003f234f  _PanelCtor                       
0     003f2512  _PanelTransitionFunction         
0     003f2498  _Panel_Connect                   
0     003f2360  _Panel_Dashboard                 
0     003f24bc  _Panel_Emulator                  
0     003f2357  _Panel_initial                   
1     003d7e80  _PartIdRegs                      
1     0000833a  _Pgain_I                         
1     0000837c  _Pgain_V                         
0     003f3048  _PieCntlInit                     
1     00000ce0  _PieCtrlRegs                     
1     00000d00  _PieVectTable                    
0     003f3067  _PieVectTableInit                
1     0000830d  _PwmDacCh1                       
1     00008310  _PwmDacCh2                       
1     0000830f  _PwmDacCh3                       
1     00008316  _PwmDacCh4                       
0     003f0350  _RamfuncsLoadEnd                 
0     003f0000  _RamfuncsLoadStart               
0     00009000  _RamfuncsRunStart                
1     00008300  _ResetPLL                        
1     00008311  _Run_MPPT                        
0     003f361a  _SCIDataAvailable                
0     003f3622  _SCIReceiveByte                  
0     003f3626  _SCITransmitByte                 
0     003f3ce7  _SGENHP_2_calc                   
0     003f7780  _SPI_init                        
0     003f71bd  _SPLL_1ph_init                   
1     0000834a  _ScaleFactor                     
1     00007050  _SciaRegs                        
0     003f7c2a  _SendResetMessage                
0     003f7bcb  _ServiceRoutine                  
0     003f364a  _SetupSerialPort                 
1     00007040  _SpiaRegs                        
1     00007740  _SpibRegs                        
1     00007010  _SysCtrlRegs                     
1     00000985  _SysPwrCtrlRegs                  
1     00008366  _Temp2                           
1     00008307  _TransmitData                    
1     000083f0  _TrigSel                         
1     00008325  _UpdateCoef                      
1     00008398  _VTimer0                         
1     00008390  _VTimer1                         
1     00008394  _VTimer2                         
1     0000836a  _Vac_in                          
1     00008364  _VavgReal                        
1     00008388  _VboostRead                      
1     0000831e  _VloopTicker                     
1     0000838e  _VpvRead                         
1     0000838a  _VpvRead_EMAVG                   
1     00008386  _VpvRef                          
1     00008374  _VpvRef_MPPT                     
1     00008368  _VrmsReal                        
0     003f3006  _WDogDisable                     
1     00007070  _XIntruptRegs                    
1     0000831c  _ZCDDetect                       
1     00008a00  __CIOBUF_                        
0     003f64de  __IQ15div                        
0     003f65b3  __IQ15isqrt                      
0     003f65f9  __IQ15sqrt                       
0     003f6525  __IQ24div                        
0     003f656c  __IQ9div                         
1     000003d0  __STACK_END                      
abs   00000380  __STACK_SIZE                     
abs   00000400  __SYSMEM_SIZE                    
0     003f3499  ___TI_cleanup                    
1     000082d8  ___TI_cleanup_ptr                
0     003f7f1f  ___TI_closefile                  
0     003f3a08  ___TI_doflush                    
1     000082da  ___TI_dtors_ptr                  
1     00008580  ___TI_ft_end                     
0     003f70af  ___TI_printfi                    
0     003f3ab1  ___TI_rd_ok                      
0     003f3844  ___TI_readmsg                    
1     00008640  ___TI_tmpnams                    
0     003f37ec  ___TI_writemsg                   
0     003f3a76  ___TI_wrt_ok                     
abs   ffffffff  ___binit__                       
abs   ffffffff  ___c_args__                      
0     003f62e8  ___cinit__                       
abs   ffffffff  ___etext__                       
abs   ffffffff  ___pinit__                       
abs   ffffffff  ___text__                        
0     003f3f58  __args_main                      
0     003f6000  __ctypes_                        
1     000085c0  __ftable                         
1     000082dc  __lock                           
0     003f0379  __nop                            
0     003f0375  __register_lock                  
0     003f0371  __register_unlock                
1     00000050  __stack                          
1     00000400  __sys_memory                     
1     000082de  __unlock                         
0     003f3f71  _abort                           
0     003f2706  _add_device                      
0     003f3d55  _atoi                            
1     00008040  _buffer                          
0     003f3c25  _c_int00                         
0     003f2b30  _calloc                          
0     003f2b2e  _chkheap                         
0     003f26d1  _close                           
1     00008140  _commros                         
0     003f75ee  _controllerCoefficientInits      
0     003f76d4  _dataLoggingInits                
1     00008440  _dlog                            
1     000083e0  _ePWM                            
1     000082e0  _errno                           
0     003f3f73  _exit                            
0     003f7f61  _fclose                          
0     003f3a38  _fflush                          
0     003f3508  _fopen                           
0     003f3b8a  _fputc                           
0     003f36ab  _fputs                           
0     003f296a  _free                            
0     003f2b13  _free_memory                     
0     003f34b9  _freopen                         
0     003f3fb9  _frexp                           
0     003f3caa  _fseek                           
1     00008362  _hBridge                         
1     00008320  _i                               
1     0000831b  _iK_Ipv                          
1     00008318  _iK_Vboost                       
0     003f7277  _initializeInverter              
1     0000835c  _inv_Iset                        
1     00008330  _inv_meas_cur_diff_inst          
1     0000832a  _inv_meas_cur_lleg1_inst         
1     0000832c  _inv_meas_cur_lleg2_inst         
1     00008326  _inv_meas_vol_inst               
1     0000832e  _inv_ref_cur_inst                
1     00008328  _inv_ref_vol_inst                
1     00008338  _inverter                        
0     003f3c69  _ldexp                           
0     003f7cb8  _loggdata                        
1     00008008  _loggerVars                      
0     003f26b7  _lseek                           
0     003f3d86  _ltoa                            
0     003f7f7a  _main                            
0     003f29d5  _malloc                          
0     003f2af3  _max_free                        
0     003f3fec  _memccpy                         
0     003f3fcd  _memchr                          
0     003f3ee9  _memcpy                          
0     003f0350  _memset                          
0     003f29b2  _minit                           
1     00008334  _mppt                            
1     00008480  _mppt_incc1                      
1     00008420  _mppt_pno1                       
0     003f758e  _netConnections                  
0     003f767b  _netVariableInits                
0     003f2647  _open                            
1     00008336  _panel                           
1     000084c0  _pidGRANDO_Iinv                  
1     00008500  _pidGRANDO_Vinv                  
0     003f3d27  _printf                          
1     00008000  _probes                          
0     003f3b8a  _putc                            
0     003f3bd5  _putchar                         
0     003f373d  _puts                            
0     003f752c  _pwmPhaseConfig                  
1     000083c8  _pwmdac1                         
0     003f262d  _read                            
0     003f2a35  _realloc                         
0     003f0398  _remove                          
0     003f2613  _remove_device                   
0     003f25e8  _rename                          
0     003f74a8  _runInverter                     
1     00008346  _sdata                           
0     003f398e  _setvbuf                         
1     000083d2  _sgen                            
0     003f76b7  _sigGenInit                      
1     00008456  _sine_mainsV                     
1     0000831d  _sine_prev                       
1     00008540  _spll1                           
0     003f035c  _strchr                          
0     003f0367  _strcmp                          
0     003f0393  _strcpy                          
0     003f038b  _strlen                          
0     003f3e08  _strncpy                         
1     0000835e  _temp_Scratch                    
1     00008314  _timer1                          
0     003f25cf  _unlink                          
0     003f7549  _userInitialization              
0     003f2566  _write                           
abs   ffffffff  binit                            
0     003f62e8  cinit                            
0     003f7ff6  code_start                       
abs   ffffffff  etext                            
abs   ffffffff  pinit                            


GLOBAL SYMBOLS: SORTED BY Symbol Address 

page  address   name                             
----  -------   ----                             
0     00009000  _Inv_ISR                         
0     00009000  _RamfuncsRunStart                
0     00009262  _DPL_ISR                         
0     00009331  _InitFlash                       
0     0000934c  _DSP28x_usDelay                  
0     003f0000  _RamfuncsLoadStart               
0     003f0350  _RamfuncsLoadEnd                 
0     003f0350  _memset                          
0     003f035c  _strchr                          
0     003f0367  _strcmp                          
0     003f0371  __register_unlock                
0     003f0375  __register_lock                  
0     003f0379  __nop                            
0     003f037a  FD$$NEG                          
0     003f038b  _strlen                          
0     003f0393  _strcpy                          
0     003f0398  _remove                          
0     003f2000  _InverterCtor                    
0     003f2008  _Inverter_initial                
0     003f2016  _Inverter_default                
0     003f2067  _Inverter_PowerOn                
0     003f20b8  _Inverter_OutOfParameters        
0     003f2109  _Inverter_WithinParameters       
0     003f215a  _Inverter_AlmostOutOfParameters  
0     003f21ab  _Inverter_ShutDown               
0     003f21fc  _InverterTransitionFunction      
0     003f234f  _PanelCtor                       
0     003f2357  _Panel_initial                   
0     003f2360  _Panel_Dashboard                 
0     003f2498  _Panel_Connect                   
0     003f24bc  _Panel_Emulator                  
0     003f2512  _PanelTransitionFunction         
0     003f2566  _write                           
0     003f25cf  _unlink                          
0     003f25e8  _rename                          
0     003f2613  _remove_device                   
0     003f262d  _read                            
0     003f2647  _open                            
0     003f26b7  _lseek                           
0     003f26d1  _close                           
0     003f2706  _add_device                      
0     003f2773  _HOSTwrite                       
0     003f27ab  _HOSTunlink                      
0     003f27d1  _HOSTtime                        
0     003f27fa  _HOSTrename                      
0     003f283a  _HOSTread                        
0     003f2872  _HOSTopen                        
0     003f28ab  _HOSTlseek                       
0     003f28f1  _HOSTgetenv                      
0     003f2919  _HOSTclose                       
0     003f2941  _HOSTclock                       
0     003f296a  _free                            
0     003f29b2  _minit                           
0     003f29d5  _malloc                          
0     003f2a35  _realloc                         
0     003f2af3  _max_free                        
0     003f2b13  _free_memory                     
0     003f2b2e  _chkheap                         
0     003f2b30  _calloc                          
0     003f2b47  _MpptCtor                        
0     003f2b4f  _Mppt_initial                    
0     003f2b58  _Mppt_Execute                    
0     003f2c63  _Mppt_Blink                      
0     003f2c85  _Mppt_StateMachine               
0     003f2cb1  _Mppt_Disable                    
0     003f2cc7  _MpptTransitionFunction          
0     003f2d1a  _ADC_SOC_CNF                     
0     003f2ede  _DeviceInit                      
0     003f3006  _WDogDisable                     
0     003f300e  _PLLset                          
0     003f3048  _PieCntlInit                     
0     003f3067  _PieVectTableInit                
0     003f3088  _MemCopy                         
0     003f309d  _HBridgeCtor                     
0     003f30a5  _HBridge_initial                 
0     003f30b3  _HBridge_default                 
0     003f30eb  _HBridge_VDC                     
0     003f3115  _HBridge_Zero                    
0     003f313f  _HBridge_negVDC                  
0     003f316a  _HBridgeTransitionFunction       
0     003f31f4  _ByteProtocol_Transmit           
0     003f325b  _ByteProtocol_Init               
0     003f3289  _ByteProtocol_DecodeByte         
0     003f3319  LL$$DIV                          
0     003f3355  LL$$MOD                          
0     003f338f  ULL$$DIV                         
0     003f33be  ULL$$MOD                         
0     003f3499  ___TI_cleanup                    
0     003f34b9  _freopen                         
0     003f3508  _fopen                           
0     003f3522  _PWM_1ch_UpDwnCntCompl_CNF       
0     003f361a  _SCIDataAvailable                
0     003f3622  _SCIReceiveByte                  
0     003f3626  _SCITransmitByte                 
0     003f3634  _InitSciaGpio                    
0     003f364a  _SetupSerialPort                 
0     003f366c  _InitCommros                     
0     003f36ab  _fputs                           
0     003f373d  _puts                            
0     003f3750  FD$$ADD                          
0     003f37ec  ___TI_writemsg                   
0     003f383f  C$$IO$$                          
0     003f3844  ___TI_readmsg                    
0     003f3880  FD$$DIV                          
0     003f390b  FD$$MPY                          
0     003f398e  _setvbuf                         
0     003f3a08  ___TI_doflush                    
0     003f3a38  _fflush                          
0     003f3a76  ___TI_wrt_ok                     
0     003f3ab1  ___TI_rd_ok                      
0     003f3add  FS$$MPY                          
0     003f3b37  _DPL_Init                        
0     003f3b8a  _fputc                           
0     003f3b8a  _putc                            
0     003f3bd5  _putchar                         
0     003f3bda  _DLOG_4CH_init                   
0     003f3be5  _DLOG_4CH_update                 
0     003f3c25  _c_int00                         
0     003f3c69  _ldexp                           
0     003f3caa  _fseek                           
0     003f3ce7  _SGENHP_2_calc                   
0     003f3d27  _printf                          
0     003f3d55  _atoi                            
0     003f3d86  _ltoa                            
0     003f3db4  FD$$CMP                          
0     003f3dde  L$$DIV                           
0     003f3ded  L$$MOD                           
0     003f3dfb  UL$$DIV                          
0     003f3e02  UL$$MOD                          
0     003f3e08  _strncpy                         
0     003f3e2b  I$$DIV                           
0     003f3e3c  I$$MOD                           
0     003f3e4d  FD$$TOFS                         
0     003f3e6e  FD$$TOI                          
0     003f3e8f  FD$$TOL                          
0     003f3eae  LL$$CMP                          
0     003f3ec0  ULL$$CMP                         
0     003f3ecc  I$$TOFD                          
0     003f3ee9  _memcpy                          
0     003f3f06  FS$$TOFD                         
0     003f3f22  L$$TOFD                          
0     003f3f3e  I$$TOFS                          
0     003f3f58  __args_main                      
0     003f3f71  C$$EXIT                          
0     003f3f71  _abort                           
0     003f3f73  _exit                            
0     003f3f8a  LL$$AND                          
0     003f3f92  LL$$OR                           
0     003f3f9a  LL$$XOR                          
0     003f3fa2  FS$$CMP                          
0     003f3fb9  _frexp                           
0     003f3fcd  _memchr                          
0     003f3fde  FD$$SUB                          
0     003f3fec  _memccpy                         
0     003f3ffa  _ISR_ILLEGAL                     
0     003f6000  __ctypes_                        
0     003f62e8  ___cinit__                       
0     003f62e8  cinit                            
0     003f64de  __IQ15div                        
0     003f6525  __IQ24div                        
0     003f656c  __IQ9div                         
0     003f65b3  __IQ15isqrt                      
0     003f65f9  __IQ15sqrt                       
0     003f70af  ___TI_printfi                    
0     003f71a9  _DLOG_BuffInit                   
0     003f71bd  _SPLL_1ph_init                   
0     003f7277  _initializeInverter              
0     003f74a8  _runInverter                     
0     003f752c  _pwmPhaseConfig                  
0     003f7549  _userInitialization              
0     003f758e  _netConnections                  
0     003f75ee  _controllerCoefficientInits      
0     003f767b  _netVariableInits                
0     003f76b7  _sigGenInit                      
0     003f76d4  _dataLoggingInits                
0     003f76ed  _ISR_Init                        
0     003f7780  _SPI_init                        
0     003f77a7  _ADC_Init                        
0     003f7806  _ConvertToUint32                 
0     003f7825  _ConvertToBytes32                
0     003f7832  _ConvertToBytes16                
0     003f7837  _ConvertToUint16                 
0     003f783b  _ConvertToUint64                 
0     003f789b  _DoCrc32                         
0     003f78e9  _EncodeAndTransmitData           
0     003f7908  _DecodePacket                    
0     003f7bcb  _ServiceRoutine                  
0     003f7c2a  _SendResetMessage                
0     003f7c4e  _InitCore                        
0     003f7cb8  _loggdata                        
0     003f7d25  _Init                            
0     003f7d26  _ClearVariables                  
0     003f7d34  _DecodeCommands                  
0     003f7e60  _Datalogger                      
0     003f7f15  _AddProbes                       
0     003f7f1a  _AddLoggerVariableBuffers        
0     003f7f1f  ___TI_closefile                  
0     003f7f61  _fclose                          
0     003f7f7a  _main                            
0     003f7ff6  code_start                       
0     003fe000  _IQsinTable                      
0     003fe100  _IQcosTable                      
0     003fe400  _IQsinTableEnd                   
0     003fe502  _IQcosTableEnd                   
0     003fe502  _IQdivRoundSatTable              
0     003fe510  _IQdivTable                      
0     003fe712  _IQdivTableEnd                   
0     003fe712  _IQisqrtRoundSatTable            
0     003fe712  _IQsqrtRoundSatTable             
0     003fe722  _IQisqrtTable                    
0     003fe722  _IQsqrtTable                     
0     003fe824  _IQatan2HalfPITable              
0     003fe824  _IQisqrtTableEnd                 
0     003fe824  _IQsqrtTableEnd                  
0     003fe862  _IQatan2Table                    
0     003fe9e8  _IQ30mpyRndSatTable              
0     003fe9e8  _IQatan2TableEnd                 
0     003fe9e8  _IQmpyRndSatTable                
0     003fe9f4  _IQ29mpyRndSatTable              
0     003fea00  _IQ28mpyRndSatTable              
0     003fea0c  _IQ27mpyRndSatTable              
0     003fea18  _IQ26mpyRndSatTable              
0     003fea24  _IQ25mpyRndSatTable              
0     003fea30  _IQ24mpyRndSatTable              
0     003fea3c  _IQ23mpyRndSatTable              
0     003fea48  _IQ22mpyRndSatTable              
0     003fea54  _IQ21mpyRndSatTable              
0     003fea60  _IQ20mpyRndSatTable              
0     003fea6c  _IQ19mpyRndSatTable              
0     003fea78  _IQ18mpyRndSatTable              
0     003fea84  _IQ17mpyRndSatTable              
0     003fea90  _IQ16mpyRndSatTable              
0     003fea9c  _IQ15mpyRndSatTable              
0     003feaa8  _IQ14mpyRndSatTable              
0     003feab4  _IQ13mpyRndSatTable              
0     003feac0  _IQ12mpyRndSatTable              
0     003feacc  _IQ11mpyRndSatTable              
0     003fead8  _IQ10mpyRndSatTable              
0     003feae4  _IQ9mpyRndSatTable               
0     003feaf0  _IQ8mpyRndSatTable               
0     003feafc  _IQ7mpyRndSatTable               
0     003feb08  _IQ6mpyRndSatTable               
0     003feb14  _IQ5mpyRndSatTable               
0     003feb20  _IQ4mpyRndSatTable               
0     003feb2c  _IQ3mpyRndSatTable               
0     003feb38  _IQ2mpyRndSatTable               
0     003feb44  _IQ1mpyRndSatTable               
0     003feb50  _IQmpyRndSatTableEnd             
1     00000050  __stack                          
1     000003d0  __STACK_END                      
1     00000400  __sys_memory                     
1     00000880  _DevEmuRegs                      
1     00000985  _SysPwrCtrlRegs                  
1     00000a80  _FlashRegs                       
1     00000ae0  _CsmRegs                         
1     00000b00  _AdcResult                       
1     00000c00  _CpuTimer0Regs                   
1     00000c08  _CpuTimer1Regs                   
1     00000c10  _CpuTimer2Regs                   
1     00000ce0  _PieCtrlRegs                     
1     00000d00  _EmuKey                          
1     00000d00  _PieVectTable                    
1     00000d01  _EmuBMode                        
1     00000d02  _Flash_CallbackPtr               
1     00000d04  _Flash_CPUScaleFactor            
1     00001400  _Cla1Regs                        
1     00006000  _ECanaRegs                       
1     00006040  _ECanaLAMRegs                    
1     00006080  _ECanaMOTSRegs                   
1     000060c0  _ECanaMOTORegs                   
1     00006100  _ECanaMboxes                     
1     00006400  _Comp1Regs                       
1     00006420  _Comp2Regs                       
1     00006440  _Comp3Regs                       
1     00006800  _EPwm1Regs                       
1     00006840  _EPwm2Regs                       
1     00006880  _EPwm3Regs                       
1     000068c0  _EPwm4Regs                       
1     00006900  _EPwm5Regs                       
1     00006940  _EPwm6Regs                       
1     00006980  _EPwm7Regs                       
1     00006a00  _ECap1Regs                       
1     00006ac0  _HRCap1Regs                      
1     00006ae0  _HRCap2Regs                      
1     00006b00  _EQep1Regs                       
1     00006c00  _LinaRegs                        
1     00006f80  _GpioCtrlRegs                    
1     00006fc0  _GpioDataRegs                    
1     00006fe0  _GpioIntRegs                     
1     00007010  _SysCtrlRegs                     
1     00007040  _SpiaRegs                        
1     00007050  _SciaRegs                        
1     00007060  _NmiIntruptRegs                  
1     00007070  _XIntruptRegs                    
1     00007100  _AdcRegs                         
1     00007740  _SpibRegs                        
1     00007900  _I2caRegs                        
1     00008000  _probes                          
1     00008008  _loggerVars                      
1     00008040  _buffer                          
1     00008140  _commros                         
1     000082d8  ___TI_cleanup_ptr                
1     000082da  ___TI_dtors_ptr                  
1     000082dc  __lock                           
1     000082de  __unlock                         
1     000082e0  _errno                           
1     00008300  _ResetPLL                        
1     00008301  _ClearInvTrip                    
1     00008302  _LedBlinkCnt                     
1     00008303  _DlogCh4                         
1     00008304  _CloseIloopInv                   
1     00008305  _PVInverterState                 
1     00008306  _Gui_InvStop                     
1     00008307  _TransmitData                    
1     00008308  _Gui_MPPTEnable                  
1     00008309  _LedBlinkCnt2                    
1     0000830a  _CloseVloopInv                   
1     0000830b  _Gui_InvStart                    
1     0000830c  _MPPT_ENABLE                     
1     0000830d  _PwmDacCh1                       
1     0000830e  _MPPT_slew                       
1     0000830f  _PwmDacCh3                       
1     00008310  _PwmDacCh2                       
1     00008311  _Run_MPPT                        
1     00008312  _DlogCh2                         
1     00008313  _DlogCh1                         
1     00008314  _timer1                          
1     00008315  _PanelBoostConnect               
1     00008316  _PwmDacCh4                       
1     00008317  _DlogCh3                         
1     00008318  _iK_Vboost                       
1     00008319  _K_Light                         
1     0000831a  _K_Ipv                           
1     0000831b  _iK_Ipv                          
1     0000831c  _ZCDDetect                       
1     0000831d  _sine_prev                       
1     0000831e  _VloopTicker                     
1     0000831f  _K_Vboost                        
1     00008320  _i                               
1     00008322  _Gui_LightCommand_Prev           
1     00008324  _K_Vpv                           
1     00008325  _UpdateCoef                      
1     00008326  _inv_meas_vol_inst               
1     00008328  _inv_ref_vol_inst                
1     0000832a  _inv_meas_cur_lleg1_inst         
1     0000832c  _inv_meas_cur_lleg2_inst         
1     0000832e  _inv_ref_cur_inst                
1     00008330  _inv_meas_cur_diff_inst          
1     00008332  _Dmax_I                          
1     00008334  _mppt                            
1     00008336  _panel                           
1     00008338  _inverter                        
1     0000833a  _Pgain_I                         
1     0000833c  _Dgain_I                         
1     0000833e  _Igain_I                         
1     00008340  _Gui_Vboost                      
1     00008342  _Gui_PanelPower                  
1     00008344  _Gui_Ipv                         
1     00008346  _sdata                           
1     00008348  _Gui_Vpv                         
1     0000834a  _ScaleFactor                     
1     0000834c  _Gui_LightRatio_Avg              
1     0000834e  _Gui_LightCommand                
1     00008350  _Gui_LightRatio                  
1     00008352  _Gui_MPPTTrackingEff             
1     00008354  _Gui_Light                       
1     00008356  _Gui_PanelPower_Theoretical      
1     00008358  _InvSine                         
1     0000835a  _HistPtr                         
1     0000835c  _inv_Iset                        
1     0000835e  _temp_Scratch                    
1     00008360  _InvModIndex                     
1     00008362  _hBridge                         
1     00008364  _VavgReal                        
1     00008366  _Temp2                           
1     00008368  _VrmsReal                        
1     0000836a  _Vac_in                          
1     0000836c  _Offset_Volt                     
1     0000836e  _Grid_Freq                       
1     00008370  _Duty3A                          
1     00008374  _VpvRef_MPPT                     
1     00008376  _IboostSwRef                     
1     00008378  _IpvRead_EMAVG                   
1     0000837a  _Igain_V                         
1     0000837c  _Pgain_V                         
1     0000837e  _Dmax_V                          
1     00008380  _IboostswRead                    
1     00008382  _Dgain_V                         
1     00008384  _Duty3A_fixed                    
1     00008386  _VpvRef                          
1     00008388  _VboostRead                      
1     0000838a  _VpvRead_EMAVG                   
1     0000838c  _IpvRead                         
1     0000838e  _VpvRead                         
1     00008390  _VTimer1                         
1     00008394  _VTimer2                         
1     00008398  _VTimer0                         
1     0000839c  _Hist_Vboost                     
1     000083a4  _Hist_Vpv                        
1     000083ac  _Hist_Light                      
1     000083b4  _Hist_Ipv                        
1     000083c0  _Comp                            
1     000083c8  _pwmdac1                         
1     000083d2  _sgen                            
1     000083e0  _ePWM                            
1     000083f0  _TrigSel                         
1     00008400  _ChSel                           
1     00008410  _ACQPS                           
1     00008420  _mppt_pno1                       
1     00008440  _dlog                            
1     00008456  _sine_mainsV                     
1     00008480  _mppt_incc1                      
1     000084c0  _pidGRANDO_Iinv                  
1     00008500  _pidGRANDO_Vinv                  
1     00008540  _spll1                           
1     00008580  ___TI_ft_end                     
1     000085c0  __ftable                         
1     00008640  ___TI_tmpnams                    
1     00008990  _CNTL_2P2Z_Ref1                  
1     00008992  _CNTL_2P2Z_Fdbk1                 
1     00008994  _CNTL_2P2Z_Out1                  
1     00008996  _CNTL_2P2Z_Coef1                 
1     00008998  _CNTL_2P2Z_DBUFF1                
1     000089a2  _CNTL_2P2Z_Ref2                  
1     000089a4  _CNTL_2P2Z_Fdbk2                 
1     000089a6  _CNTL_2P2Z_Out2                  
1     000089a8  _CNTL_2P2Z_Coef2                 
1     000089aa  _CNTL_2P2Z_DBUFF2                
1     000089b4  _MATH_EMAVG_In1                  
1     000089b6  _MATH_EMAVG_Out1                 
1     000089b8  _MATH_EMAVG_Multiplier1          
1     000089ba  _MATH_EMAVG_In2                  
1     000089bc  _MATH_EMAVG_Out2                 
1     000089be  _MATH_EMAVG_Multiplier2          
1     000089c0  _CNTL_2P2Z_CoefStruct1           
1     000089ce  _CNTL_2P2Z_CoefStruct2           
1     000089dc  _ADCDRV_1ch_Rlt1                 
1     000089de  _ADCDRV_1ch_Rlt5                 
1     000089e0  _ADCDRV_1ch_Rlt6                 
1     000089e2  _ADCDRV_1ch_Rlt7                 
1     000089e4  _PWMDRV_1ch_UpDwnCntCompl_Duty3  
1     000089e6  _PWMDRV_1ch_UpDwnCntCompl_Period3
1     00008a00  __CIOBUF_                        
1     003d7e80  _PartIdRegs                      
1     003f4000  SINTAB_360                       
1     003f7ff8  _CsmPwl                          
abs   00000380  __STACK_SIZE                     
abs   00000400  __SYSMEM_SIZE                    
abs   ffffffff  .text                            
abs   ffffffff  ___binit__                       
abs   ffffffff  ___c_args__                      
abs   ffffffff  ___etext__                       
abs   ffffffff  ___pinit__                       
abs   ffffffff  ___text__                        
abs   ffffffff  binit                            
abs   ffffffff  etext                            
abs   ffffffff  pinit                            

[457 symbols]
