******************************************************************************
             TMS320C2000 Linker PC v6.2.7                      
******************************************************************************
>> Linked Fri Jan 23 19:53:00 2015

OUTPUT FILE NAME:   <SolarExplorer_PVInverter.out>
ENTRY POINT SYMBOL: "_c_int00"  address: 003f7757


MEMORY CONFIGURATION

         name            origin    length      used     unused   attr    fill
----------------------  --------  ---------  --------  --------  ----  --------
PAGE 0:
  RAML3                 00009000   00001000  000003cf  00000c31  RWIX
  OTP                   003d7800   00000400  00000000  00000400  RWIX
  FLASHH                003e8000   00002000  00000000  00002000  RWIX
  FLASHG                003ea000   00002000  00000000  00002000  RWIX
  FLASHF                003ec000   00002000  00000000  00002000  RWIX
  FLASHE                003ee000   00002000  00000000  00002000  RWIX
  FLASHD                003f0000   00002000  000003cf  00001c31  RWIX
  FLASHC                003f2000   00002000  00000000  00002000  RWIX
  FLASHA                003f6000   00001f80  00001baf  000003d1  RWIX
  CSM_RSVD              003f7f80   00000076  00000000  00000076  RWIX
  BEGIN                 003f7ff6   00000002  00000002  00000000  RWIX
  CSM_PWL               003f7ff8   00000008  00000000  00000008  RWIX
  IQTABLES              003fe000   00000b50  00000b50  00000000  RWIX
  IQTABLES2             003feb50   0000008c  00000000  0000008c  RWIX
  IQTABLES3             003febdc   000000aa  00000000  000000aa  RWIX
  BOOTROM               003ff27c   00000d44  00000000  00000d44  RWIX
  RESET                 003fffc0   00000002  00000000  00000002  RWIX
  VECTORS               003fffc2   0000003e  00000000  0000003e  RWIX

PAGE 1:
  BOOT_RSVD             00000000   00000050  00000000  00000050  RWIX
  RAMM0                 00000050   000003b0  00000380  00000030  RWIX
  RAMM1                 00000400   00000400  00000000  00000400  RWIX
  DEV_EMU               00000880   00000105  00000004  00000101  RWIX
  SYS_PWR_CTL           00000985   00000003  00000003  00000000  RWIX
  FLASH_REGS            00000a80   00000060  00000008  00000058  RWIX
  CSM                   00000ae0   00000010  00000010  00000000  RWIX
  ADC_RESULT            00000b00   00000020  00000020  00000000  RWIX
  CPU_TIMER0            00000c00   00000008  00000008  00000000  RWIX
  CPU_TIMER1            00000c08   00000008  00000008  00000000  RWIX
  CPU_TIMER2            00000c10   00000008  00000008  00000000  RWIX
  PIE_CTRL              00000ce0   00000020  0000001a  00000006  RWIX
  PIE_VECT              00000d00   00000100  00000100  00000000  RWIX
  CLA1                  00001400   00000080  00000040  00000040  RWIX
  CLA_CPU_MSGRAM        00001480   00000080  00000000  00000080  RWIX
  CPU_CLA_MSGRAM        00001500   00000080  00000000  00000080  RWIX
  ECANA                 00006000   00000040  00000034  0000000c  RWIX
  ECANA_LAM             00006040   00000040  00000040  00000000  RWIX
  ECANA_MOTS            00006080   00000040  00000040  00000000  RWIX
  ECANA_MOTO            000060c0   00000040  00000040  00000000  RWIX
  ECANA_MBOX            00006100   00000100  00000100  00000000  RWIX
  COMP1                 00006400   00000020  00000014  0000000c  RWIX
  COMP2                 00006420   00000020  00000014  0000000c  RWIX
  COMP3                 00006440   00000020  00000014  0000000c  RWIX
  EPWM1                 00006800   00000040  00000040  00000000  RWIX
  EPWM2                 00006840   00000040  00000040  00000000  RWIX
  EPWM3                 00006880   00000040  00000040  00000000  RWIX
  EPWM4                 000068c0   00000040  00000040  00000000  RWIX
  EPWM5                 00006900   00000040  00000040  00000000  RWIX
  EPWM6                 00006940   00000040  00000040  00000000  RWIX
  EPWM7                 00006980   00000040  00000040  00000000  RWIX
  ECAP1                 00006a00   00000020  00000020  00000000  RWIX
  HRCAP1                00006ac0   00000020  00000020  00000000  RWIX
  HRCAP2                00006ae0   00000020  00000020  00000000  RWIX
  EQEP1                 00006b00   00000040  00000040  00000000  RWIX
  LINA                  00006c00   00000080  0000004a  00000036  RWIX
  GPIOCTRL              00006f80   00000040  00000040  00000000  RWIX
  GPIODAT               00006fc0   00000020  00000020  00000000  RWIX
  GPIOINT               00006fe0   00000020  0000000c  00000014  RWIX
  SYSTEM                00007010   00000020  00000020  00000000  RWIX
  SPIA                  00007040   00000010  00000010  00000000  RWIX
  SCIA                  00007050   00000010  00000010  00000000  RWIX
  NMIINTRUPT            00007060   00000010  00000010  00000000  RWIX
  XINTRUPT              00007070   00000010  00000010  00000000  RWIX
  ADC                   00007100   00000080  00000050  00000030  RWIX
  SPIB                  00007740   00000010  00000010  00000000  RWIX
  I2CA                  00007900   00000040  00000022  0000001e  RWIX
  RAML0                 00008000   00000800  00000574  0000028c  RWIX
  dataRAM               00008800   00000400  000001ea  00000216  RWIX
  RAML2                 00008c00   00000400  00000000  00000400  RWIX
  PARTID                003d7e80   00000001  00000001  00000000  RWIX
  FLASHB                003f4000   00002000  00000101  00001eff  RWIX
  CSM_PWL               003f7ff8   00000008  00000008  00000000  RWIX


SECTION ALLOCATION MAP

 output                                  attributes/
section   page    origin      length       input sections
--------  ----  ----------  ----------   ----------------
.pinit     0    003f6000    00000000     UNINITIALIZED

ramfuncs   0    003f0000    000003cf     RUN ADDR = 00009000
                  003f0000    000002e1     SolarExplorer-Main.obj (ramfuncs:retain)
                  003f02e1    000000cf     SolarExplorer-DPL-ISR.obj (ramfuncs)
                  003f03b0    0000001b     SolarExplorer-DevInit_F2803x.obj (ramfuncs)
                  003f03cb    00000004     DSP2803x_usDelay.obj (ramfuncs)

.text      0    003f6000    000018b5     
                  003f6000    000008a2     SolarExplorer-Main.obj (.text)
                  003f68a2    000004b2     commros_28xx_c_regular.lib : commros.obj (.text)
                  003f6d54    00000267                                : Datalogger.obj (.text)
                  003f6fbb    000001bf     ADC_SOC_Cnf.obj (.text)
                  003f717a    000001bd     SolarExplorer-DevInit_F2803x.obj (.text)
                  003f7337    00000125     commros_28xx_c_regular.lib : ByteProtocol.obj (.text)
                  003f745c    000000d1     PWM_1ch_UpDwnCntCompl_Cnf.obj (.text)
                  003f752d    000000af     Commros_user.obj (.text)
                  003f75dc    00000083     rts2800_ml.lib : fd_mpy.obj (.text)
                  003f765f    0000005a                    : fs_mpy.obj (.text)
                  003f76b9    00000053     SolarExplorer-DPL-ISR.obj (.text)
                  003f770c    0000004b     Util_DLOG4CHC.obj (.text)
                  003f7757    00000044     rts2800_ml.lib : boot.obj (.text)
                  003f779b    0000003a     C28x_SGEN_Lib_fixed.lib : sghp2c.obj (.text)
                  003f77d5    0000001f     rts2800_ml.lib : fd_tol.obj (.text)
                  003f77f4    0000001e                    : ll_cmp.obj (.text)
                  003f7812    0000001c                    : fs_tofd.obj (.text)
                  003f782e    0000001a                    : i_tofs.obj (.text)
                  003f7848    00000019                    : args_main.obj (.text)
                  003f7861    00000019                    : exit.obj (.text)
                  003f787a    00000018                    : ll_aox.obj (.text)
                  003f7892    0000000d                    : memset.obj (.text)
                  003f789f    00000009                    : _lock.obj (.text)
                  003f78a8    00000008     DSP2803x_CodeStartBranch.obj (.text)
                  003f78b0    00000005     SolarExplorer-DevInit_F2803x.obj (.text:retain)

.cinit     0    003f78b5    00000187     
                  003f78b5    00000171     SolarExplorer-Main.obj (.cinit)
                  003f7a26    0000000a     rts2800_ml.lib : _lock.obj (.cinit)
                  003f7a30    0000000a                    : exit.obj (.cinit)
                  003f7a3a    00000002     --HOLE-- [fill = 0]

IQmath     0    003f7a3c    0000015d     
                  003f7a3c    00000047     IQmath.lib : IQ15div.obj (IQmath)
                  003f7a83    00000047                : IQ24div.obj (IQmath)
                  003f7aca    00000047                : IQ9div.obj (IQmath)
                  003f7b11    00000046                : IQ15isqrt.obj (IQmath)
                  003f7b57    00000042                : IQ15sqrt.obj (IQmath)

.econst    0    003f7b9a    00000016     
                  003f7b9a    00000012     Commros_user.obj (.econst:.string)
                  003f7bac    00000004     SolarExplorer-Main.obj (.econst)

codestart 
*          0    003f7ff6    00000002     
                  003f7ff6    00000002     DSP2803x_CodeStartBranch.obj (codestart)

IQmathTables 
*          0    003fe000    00000b50     NOLOAD SECTION
                  003fe000    00000b50     IQmath.lib : IQmathTables.obj (IQmathTables)

.reset     0    003fffc0    00000002     DSECT
                  003fffc0    00000002     rts2800_ml.lib : boot.obj (.reset)

vectors    0    003fffc2    00000000     DSECT

.stack     1    00000050    00000380     UNINITIALIZED
                  00000050    00000380     --HOLE--

DevEmuRegsFile 
*          1    00000880    00000004     UNINITIALIZED
                  00000880    00000004     DSP2803x_GlobalVariableDefs.obj (DevEmuRegsFile)

SysPwrCtrlRegsFile 
*          1    00000985    00000003     UNINITIALIZED
                  00000985    00000003     DSP2803x_GlobalVariableDefs.obj (SysPwrCtrlRegsFile)

FlashRegsFile 
*          1    00000a80    00000008     UNINITIALIZED
                  00000a80    00000008     DSP2803x_GlobalVariableDefs.obj (FlashRegsFile)

CsmRegsFile 
*          1    00000ae0    00000010     UNINITIALIZED
                  00000ae0    00000010     DSP2803x_GlobalVariableDefs.obj (CsmRegsFile)

AdcResultFile 
*          1    00000b00    00000020     UNINITIALIZED
                  00000b00    00000020     DSP2803x_GlobalVariableDefs.obj (AdcResultFile)

CpuTimer0RegsFile 
*          1    00000c00    00000008     UNINITIALIZED
                  00000c00    00000008     DSP2803x_GlobalVariableDefs.obj (CpuTimer0RegsFile)

CpuTimer1RegsFile 
*          1    00000c08    00000008     UNINITIALIZED
                  00000c08    00000008     DSP2803x_GlobalVariableDefs.obj (CpuTimer1RegsFile)

CpuTimer2RegsFile 
*          1    00000c10    00000008     UNINITIALIZED
                  00000c10    00000008     DSP2803x_GlobalVariableDefs.obj (CpuTimer2RegsFile)

PieCtrlRegsFile 
*          1    00000ce0    0000001a     UNINITIALIZED
                  00000ce0    0000001a     DSP2803x_GlobalVariableDefs.obj (PieCtrlRegsFile)

PieVectTableFile 
*          1    00000d00    00000100     UNINITIALIZED
                  00000d00    00000100     DSP2803x_GlobalVariableDefs.obj (PieVectTableFile)

EmuKeyVar 
*          1    00000d00    00000001     UNINITIALIZED
                  00000d00    00000001     DSP2803x_GlobalVariableDefs.obj (EmuKeyVar)

EmuBModeVar 
*          1    00000d01    00000001     UNINITIALIZED
                  00000d01    00000001     DSP2803x_GlobalVariableDefs.obj (EmuBModeVar)

FlashCallbackVar 
*          1    00000d02    00000002     UNINITIALIZED
                  00000d02    00000002     DSP2803x_GlobalVariableDefs.obj (FlashCallbackVar)

FlashScalingVar 
*          1    00000d04    00000002     UNINITIALIZED
                  00000d04    00000002     DSP2803x_GlobalVariableDefs.obj (FlashScalingVar)

Cla1RegsFile 
*          1    00001400    00000040     UNINITIALIZED
                  00001400    00000040     DSP2803x_GlobalVariableDefs.obj (Cla1RegsFile)

ECanaRegsFile 
*          1    00006000    00000034     UNINITIALIZED
                  00006000    00000034     DSP2803x_GlobalVariableDefs.obj (ECanaRegsFile)

ECanaLAMRegsFile 
*          1    00006040    00000040     UNINITIALIZED
                  00006040    00000040     DSP2803x_GlobalVariableDefs.obj (ECanaLAMRegsFile)

ECanaMOTSRegsFile 
*          1    00006080    00000040     UNINITIALIZED
                  00006080    00000040     DSP2803x_GlobalVariableDefs.obj (ECanaMOTSRegsFile)

ECanaMOTORegsFile 
*          1    000060c0    00000040     UNINITIALIZED
                  000060c0    00000040     DSP2803x_GlobalVariableDefs.obj (ECanaMOTORegsFile)

ECanaMboxesFile 
*          1    00006100    00000100     UNINITIALIZED
                  00006100    00000100     DSP2803x_GlobalVariableDefs.obj (ECanaMboxesFile)

Comp1RegsFile 
*          1    00006400    00000014     UNINITIALIZED
                  00006400    00000014     DSP2803x_GlobalVariableDefs.obj (Comp1RegsFile)

Comp2RegsFile 
*          1    00006420    00000014     UNINITIALIZED
                  00006420    00000014     DSP2803x_GlobalVariableDefs.obj (Comp2RegsFile)

Comp3RegsFile 
*          1    00006440    00000014     UNINITIALIZED
                  00006440    00000014     DSP2803x_GlobalVariableDefs.obj (Comp3RegsFile)

EPwm1RegsFile 
*          1    00006800    00000040     UNINITIALIZED
                  00006800    00000040     DSP2803x_GlobalVariableDefs.obj (EPwm1RegsFile)

EPwm2RegsFile 
*          1    00006840    00000040     UNINITIALIZED
                  00006840    00000040     DSP2803x_GlobalVariableDefs.obj (EPwm2RegsFile)

EPwm3RegsFile 
*          1    00006880    00000040     UNINITIALIZED
                  00006880    00000040     DSP2803x_GlobalVariableDefs.obj (EPwm3RegsFile)

EPwm4RegsFile 
*          1    000068c0    00000040     UNINITIALIZED
                  000068c0    00000040     DSP2803x_GlobalVariableDefs.obj (EPwm4RegsFile)

EPwm5RegsFile 
*          1    00006900    00000040     UNINITIALIZED
                  00006900    00000040     DSP2803x_GlobalVariableDefs.obj (EPwm5RegsFile)

EPwm6RegsFile 
*          1    00006940    00000040     UNINITIALIZED
                  00006940    00000040     DSP2803x_GlobalVariableDefs.obj (EPwm6RegsFile)

EPwm7RegsFile 
*          1    00006980    00000040     UNINITIALIZED
                  00006980    00000040     DSP2803x_GlobalVariableDefs.obj (EPwm7RegsFile)

ECap1RegsFile 
*          1    00006a00    00000020     UNINITIALIZED
                  00006a00    00000020     DSP2803x_GlobalVariableDefs.obj (ECap1RegsFile)

HRCap1RegsFile 
*          1    00006ac0    00000020     UNINITIALIZED
                  00006ac0    00000020     DSP2803x_GlobalVariableDefs.obj (HRCap1RegsFile)

HRCap2RegsFile 
*          1    00006ae0    00000020     UNINITIALIZED
                  00006ae0    00000020     DSP2803x_GlobalVariableDefs.obj (HRCap2RegsFile)

EQep1RegsFile 
*          1    00006b00    00000040     UNINITIALIZED
                  00006b00    00000040     DSP2803x_GlobalVariableDefs.obj (EQep1RegsFile)

LinaRegsFile 
*          1    00006c00    0000004a     UNINITIALIZED
                  00006c00    0000004a     DSP2803x_GlobalVariableDefs.obj (LinaRegsFile)

GpioCtrlRegsFile 
*          1    00006f80    00000040     UNINITIALIZED
                  00006f80    00000040     DSP2803x_GlobalVariableDefs.obj (GpioCtrlRegsFile)

GpioDataRegsFile 
*          1    00006fc0    00000020     UNINITIALIZED
                  00006fc0    00000020     DSP2803x_GlobalVariableDefs.obj (GpioDataRegsFile)

GpioIntRegsFile 
*          1    00006fe0    0000000c     UNINITIALIZED
                  00006fe0    0000000c     DSP2803x_GlobalVariableDefs.obj (GpioIntRegsFile)

SysCtrlRegsFile 
*          1    00007010    00000020     UNINITIALIZED
                  00007010    00000020     DSP2803x_GlobalVariableDefs.obj (SysCtrlRegsFile)

SpiaRegsFile 
*          1    00007040    00000010     UNINITIALIZED
                  00007040    00000010     DSP2803x_GlobalVariableDefs.obj (SpiaRegsFile)

SciaRegsFile 
*          1    00007050    00000010     UNINITIALIZED
                  00007050    00000010     DSP2803x_GlobalVariableDefs.obj (SciaRegsFile)

NmiIntruptRegsFile 
*          1    00007060    00000010     UNINITIALIZED
                  00007060    00000010     DSP2803x_GlobalVariableDefs.obj (NmiIntruptRegsFile)

XIntruptRegsFile 
*          1    00007070    00000010     UNINITIALIZED
                  00007070    00000010     DSP2803x_GlobalVariableDefs.obj (XIntruptRegsFile)

AdcRegsFile 
*          1    00007100    00000050     UNINITIALIZED
                  00007100    00000050     DSP2803x_GlobalVariableDefs.obj (AdcRegsFile)

SpibRegsFile 
*          1    00007740    00000010     UNINITIALIZED
                  00007740    00000010     DSP2803x_GlobalVariableDefs.obj (SpibRegsFile)

I2caRegsFile 
*          1    00007900    00000022     UNINITIALIZED
                  00007900    00000022     DSP2803x_GlobalVariableDefs.obj (I2caRegsFile)

.ebss      1    00008000    00000574     UNINITIALIZED
                  00008000    000002c8     Commros_user.obj (.ebss)
                  000082c8    00000004     rts2800_ml.lib : _lock.obj (.ebss)
                  000082cc    00000004                    : exit.obj (.ebss)
                  000082d0    00000030     --HOLE--
                  00008300    00000274     SolarExplorer-Main.obj (.ebss)

DLOG       1    00008800    00000190     UNINITIALIZED
                  00008800    00000190     Util_DLOG4CHC.obj (DLOG)

CNTL_2P2Z_Section 
*          1    00008990    00000024     UNINITIALIZED
                  00008990    00000024     SolarExplorer-DPL-ISR.obj (CNTL_2P2Z_Section)

MATH_EMAVG_Section 
*          1    000089b4    0000000c     UNINITIALIZED
                  000089b4    0000000c     SolarExplorer-DPL-ISR.obj (MATH_EMAVG_Section)

CNTL_2P2Z_Coef 
*          1    000089c0    0000001c     UNINITIALIZED
                  000089c0    0000001c     SolarExplorer-Main.obj (CNTL_2P2Z_Coef)

ADCDRV_1ch_Section 
*          1    000089dc    00000008     UNINITIALIZED
                  000089dc    00000008     SolarExplorer-DPL-ISR.obj (ADCDRV_1ch_Section)

PWMDRV_1ch_UpDwnCntCompl_Section 
*          1    000089e4    00000004     UNINITIALIZED
                  000089e4    00000004     SolarExplorer-DPL-ISR.obj (PWMDRV_1ch_UpDwnCntCompl_Section)

ZeroNet_Section 
*          1    000089e8    00000002     UNINITIALIZED
                  000089e8    00000002     SolarExplorer-DPL-ISR.obj (ZeroNet_Section)

PartIdRegsFile 
*          1    003d7e80    00000001     UNINITIALIZED
                  003d7e80    00000001     DSP2803x_GlobalVariableDefs.obj (PartIdRegsFile)

SINTBL     1    003f4000    00000101     
                  003f4000    00000101     C28x_SGEN_Lib_fixed.lib : SINTB360.obj (SINTBL)

CsmPwlFile 
*          1    003f7ff8    00000008     UNINITIALIZED
                  003f7ff8    00000008     DSP2803x_GlobalVariableDefs.obj (CsmPwlFile)


GLOBAL DATA SYMBOLS: SORTED BY DATA PAGE

address     data page           name
--------    ----------------    ----
00000050       1 (00000040)     __stack

00000880      22 (00000880)     _DevEmuRegs

00000985      26 (00000980)     _SysPwrCtrlRegs

00000a80      2a (00000a80)     _FlashRegs

00000ae0      2b (00000ac0)     _CsmRegs

00000b00      2c (00000b00)     _AdcResult

00000c00      30 (00000c00)     _CpuTimer0Regs
00000c08      30 (00000c00)     _CpuTimer1Regs
00000c10      30 (00000c00)     _CpuTimer2Regs

00000ce0      33 (00000cc0)     _PieCtrlRegs

00000d00      34 (00000d00)     _EmuKey
00000d00      34 (00000d00)     _PieVectTable
00000d01      34 (00000d00)     _EmuBMode
00000d02      34 (00000d00)     _Flash_CallbackPtr
00000d04      34 (00000d00)     _Flash_CPUScaleFactor

00001400      50 (00001400)     _Cla1Regs

00006000     180 (00006000)     _ECanaRegs

00006040     181 (00006040)     _ECanaLAMRegs

00006080     182 (00006080)     _ECanaMOTSRegs

000060c0     183 (000060c0)     _ECanaMOTORegs

00006100     184 (00006100)     _ECanaMboxes

00006400     190 (00006400)     _Comp1Regs
00006420     190 (00006400)     _Comp2Regs

00006440     191 (00006440)     _Comp3Regs

00006800     1a0 (00006800)     _EPwm1Regs

00006840     1a1 (00006840)     _EPwm2Regs

00006880     1a2 (00006880)     _EPwm3Regs

000068c0     1a3 (000068c0)     _EPwm4Regs

00006900     1a4 (00006900)     _EPwm5Regs

00006940     1a5 (00006940)     _EPwm6Regs

00006980     1a6 (00006980)     _EPwm7Regs

00006a00     1a8 (00006a00)     _ECap1Regs

00006ac0     1ab (00006ac0)     _HRCap1Regs
00006ae0     1ab (00006ac0)     _HRCap2Regs

00006b00     1ac (00006b00)     _EQep1Regs

00006c00     1b0 (00006c00)     _LinaRegs

00006f80     1be (00006f80)     _GpioCtrlRegs

00006fc0     1bf (00006fc0)     _GpioDataRegs
00006fe0     1bf (00006fc0)     _GpioIntRegs

00007010     1c0 (00007000)     _SysCtrlRegs

00007040     1c1 (00007040)     _SpiaRegs
00007050     1c1 (00007040)     _SciaRegs
00007060     1c1 (00007040)     _NmiIntruptRegs
00007070     1c1 (00007040)     _XIntruptRegs

00007100     1c4 (00007100)     _AdcRegs

00007740     1dd (00007740)     _SpibRegs

00007900     1e4 (00007900)     _I2caRegs

00008000     200 (00008000)     _probes
00008008     200 (00008000)     _loggerVars

00008040     201 (00008040)     _buffer

00008140     205 (00008140)     _commros

000082c8     20b (000082c0)     __unlock
000082ca     20b (000082c0)     __lock
000082cc     20b (000082c0)     ___TI_cleanup_ptr
000082ce     20b (000082c0)     ___TI_dtors_ptr

00008300     20c (00008300)     _LedBlinkCnt
00008301     20c (00008300)     _LedBlinkCnt2
00008302     20c (00008300)     _PVInverterState
00008303     20c (00008300)     _MPPT_ENABLE
00008304     20c (00008300)     _Run_MPPT
00008305     20c (00008300)     _PanelBoostConnect
00008306     20c (00008300)     _UpdateCoef
00008307     20c (00008300)     _MPPT_slew
00008308     20c (00008300)     _timer1
00008309     20c (00008300)     _TransmitData
0000830a     20c (00008300)     _PwmDacCh1
0000830b     20c (00008300)     _DlogCh3
0000830c     20c (00008300)     _DlogCh4
0000830d     20c (00008300)     _DlogCh2
0000830e     20c (00008300)     _ResetPLL
0000830f     20c (00008300)     _ClearInvTrip
00008310     20c (00008300)     _PwmDacCh3
00008311     20c (00008300)     _PwmDacCh2
00008312     20c (00008300)     _PwmDacCh4
00008313     20c (00008300)     _CloseIloopInv
00008314     20c (00008300)     _CloseVloopInv
00008315     20c (00008300)     _DlogCh1
00008316     20c (00008300)     _K_Light
00008317     20c (00008300)     _K_Vboost
00008318     20c (00008300)     _K_Vpv
00008319     20c (00008300)     _K_Ipv
0000831a     20c (00008300)     _Gui_LightCommand_Prev
0000831b     20c (00008300)     _ZCDDetect
0000831c     20c (00008300)     _sine_prev
0000831d     20c (00008300)     _VloopTicker
0000831e     20c (00008300)     _iK_Ipv
0000831f     20c (00008300)     _i
00008320     20c (00008300)     _Gui_InvStart
00008321     20c (00008300)     _Gui_MPPTEnable
00008322     20c (00008300)     _iK_Vboost
00008323     20c (00008300)     _Gui_InvStop
00008324     20c (00008300)     _Dgain_I
00008326     20c (00008300)     _Igain_I
00008328     20c (00008300)     _IboostSwRef
0000832a     20c (00008300)     _inv_meas_vol_inst
0000832c     20c (00008300)     _inv_ref_cur_inst
0000832e     20c (00008300)     _Dmax_I
00008330     20c (00008300)     _Dgain_V
00008332     20c (00008300)     _Dmax_V
00008334     20c (00008300)     _Pgain_V
00008336     20c (00008300)     _VpvRef_MPPT
00008338     20c (00008300)     _inv_ref_vol_inst
0000833a     20c (00008300)     _Igain_V
0000833c     20c (00008300)     _Pgain_I
0000833e     20c (00008300)     _Gui_PanelPower

00008340     20d (00008340)     _Gui_Vboost
00008342     20d (00008340)     _Gui_MPPTTrackingEff
00008344     20d (00008340)     _Gui_Vpv
00008346     20d (00008340)     _sdata
00008348     20d (00008340)     _Gui_PanelPower_Theoretical
0000834a     20d (00008340)     _Gui_LightCommand
0000834c     20d (00008340)     _Gui_LightRatio_Avg
0000834e     20d (00008340)     _temp_Scratch
00008350     20d (00008340)     _Gui_Light
00008352     20d (00008340)     _Gui_Ipv
00008354     20d (00008340)     _HistPtr
00008356     20d (00008340)     _Gui_LightRatio
00008358     20d (00008340)     _inv_Iset
0000835a     20d (00008340)     _InvModIndex
0000835c     20d (00008340)     _Grid_Freq
0000835e     20d (00008340)     _inv_meas_cur_lleg1_inst
00008360     20d (00008340)     _inv_meas_cur_diff_inst
00008362     20d (00008340)     _InvSine
00008364     20d (00008340)     _VavgReal
00008366     20d (00008340)     _VrmsReal
00008368     20d (00008340)     _ScaleFactor
0000836a     20d (00008340)     _Vac_in
0000836c     20d (00008340)     _inv_meas_cur_lleg2_inst
0000836e     20d (00008340)     _Temp2
00008370     20d (00008340)     _Offset_Volt
00008372     20d (00008340)     _C_Task_Ptr
00008374     20d (00008340)     _A_Task_Ptr
00008376     20d (00008340)     _Alpha_State_Ptr
00008378     20d (00008340)     _B_Task_Ptr
0000837a     20d (00008340)     _TmpD
0000837c     20d (00008340)     _VpvRead
0000837e     20d (00008340)     _VpvRef

00008380     20e (00008380)     _IpvRead
00008382     20e (00008380)     _Duty3A_fixed
00008384     20e (00008380)     _VboostRead
00008386     20e (00008380)     _Duty3A
00008388     20e (00008380)     _VpvRead_EMAVG
0000838a     20e (00008380)     _IboostswRead
0000838c     20e (00008380)     _IpvRead_EMAVG
0000838e     20e (00008380)     _VTimer2
00008392     20e (00008380)     _VTimer0
00008396     20e (00008380)     _VTimer1
0000839a     20e (00008380)     _Hist_Vpv
000083a2     20e (00008380)     _Comp
000083aa     20e (00008380)     _Hist_Light
000083b2     20e (00008380)     _Hist_Ipv

000083c0     20f (000083c0)     _Hist_Vboost
000083c8     20f (000083c0)     _pwmdac1
000083d2     20f (000083c0)     _sgen
000083e0     20f (000083c0)     _TrigSel
000083f0     20f (000083c0)     _ACQPS

00008400     210 (00008400)     _ePWM
00008410     210 (00008400)     _ChSel
00008420     210 (00008400)     _dlog

00008440     211 (00008440)     _mppt_pno1
00008456     211 (00008440)     _sine_mainsV

00008480     212 (00008480)     _mppt_incc1

000084c0     213 (000084c0)     _pidGRANDO_Vinv

00008500     214 (00008500)     _pidGRANDO_Iinv

00008540     215 (00008540)     _spll1

00008990     226 (00008980)     _CNTL_2P2Z_Ref1
00008992     226 (00008980)     _CNTL_2P2Z_Fdbk1
00008994     226 (00008980)     _CNTL_2P2Z_Out1
00008996     226 (00008980)     _CNTL_2P2Z_Coef1
00008998     226 (00008980)     _CNTL_2P2Z_DBUFF1
000089a2     226 (00008980)     _CNTL_2P2Z_Ref2
000089a4     226 (00008980)     _CNTL_2P2Z_Fdbk2
000089a6     226 (00008980)     _CNTL_2P2Z_Out2
000089a8     226 (00008980)     _CNTL_2P2Z_Coef2
000089aa     226 (00008980)     _CNTL_2P2Z_DBUFF2
000089b4     226 (00008980)     _MATH_EMAVG_In1
000089b6     226 (00008980)     _MATH_EMAVG_Out1
000089b8     226 (00008980)     _MATH_EMAVG_Multiplier1
000089ba     226 (00008980)     _MATH_EMAVG_In2
000089bc     226 (00008980)     _MATH_EMAVG_Out2
000089be     226 (00008980)     _MATH_EMAVG_Multiplier2

000089c0     227 (000089c0)     _CNTL_2P2Z_CoefStruct1
000089ce     227 (000089c0)     _CNTL_2P2Z_CoefStruct2
000089dc     227 (000089c0)     _ADCDRV_1ch_Rlt1
000089de     227 (000089c0)     _ADCDRV_1ch_Rlt5
000089e0     227 (000089c0)     _ADCDRV_1ch_Rlt6
000089e2     227 (000089c0)     _ADCDRV_1ch_Rlt7
000089e4     227 (000089c0)     _PWMDRV_1ch_UpDwnCntCompl_Duty3
000089e6     227 (000089c0)     _PWMDRV_1ch_UpDwnCntCompl_Period3

003d7e80    f5fa (003d7e80)     _PartIdRegs

003f4000    fd00 (003f4000)     SINTAB_360

003f7a3c    fde8 (003f7a00)     __IQ15div

003f7a83    fdea (003f7a80)     __IQ24div

003f7aca    fdeb (003f7ac0)     __IQ9div

003f7b11    fdec (003f7b00)     __IQ15isqrt

003f7b57    fded (003f7b40)     __IQ15sqrt

003f7ff8    fdff (003f7fc0)     _CsmPwl

003fe000    ff80 (003fe000)     _IQsinTable

003fe100    ff84 (003fe100)     _IQcosTable

003fe400    ff90 (003fe400)     _IQsinTableEnd

003fe502    ff94 (003fe500)     _IQcosTableEnd
003fe502    ff94 (003fe500)     _IQdivRoundSatTable
003fe510    ff94 (003fe500)     _IQdivTable

003fe712    ff9c (003fe700)     _IQdivTableEnd
003fe712    ff9c (003fe700)     _IQisqrtRoundSatTable
003fe712    ff9c (003fe700)     _IQsqrtRoundSatTable
003fe722    ff9c (003fe700)     _IQisqrtTable
003fe722    ff9c (003fe700)     _IQsqrtTable

003fe824    ffa0 (003fe800)     _IQatan2HalfPITable
003fe824    ffa0 (003fe800)     _IQisqrtTableEnd
003fe824    ffa0 (003fe800)     _IQsqrtTableEnd

003fe862    ffa1 (003fe840)     _IQatan2Table

003fe9e8    ffa7 (003fe9c0)     _IQ30mpyRndSatTable
003fe9e8    ffa7 (003fe9c0)     _IQatan2TableEnd
003fe9e8    ffa7 (003fe9c0)     _IQmpyRndSatTable
003fe9f4    ffa7 (003fe9c0)     _IQ29mpyRndSatTable

003fea00    ffa8 (003fea00)     _IQ28mpyRndSatTable
003fea0c    ffa8 (003fea00)     _IQ27mpyRndSatTable
003fea18    ffa8 (003fea00)     _IQ26mpyRndSatTable
003fea24    ffa8 (003fea00)     _IQ25mpyRndSatTable
003fea30    ffa8 (003fea00)     _IQ24mpyRndSatTable
003fea3c    ffa8 (003fea00)     _IQ23mpyRndSatTable

003fea48    ffa9 (003fea40)     _IQ22mpyRndSatTable
003fea54    ffa9 (003fea40)     _IQ21mpyRndSatTable
003fea60    ffa9 (003fea40)     _IQ20mpyRndSatTable
003fea6c    ffa9 (003fea40)     _IQ19mpyRndSatTable
003fea78    ffa9 (003fea40)     _IQ18mpyRndSatTable

003fea84    ffaa (003fea80)     _IQ17mpyRndSatTable
003fea90    ffaa (003fea80)     _IQ16mpyRndSatTable
003fea9c    ffaa (003fea80)     _IQ15mpyRndSatTable
003feaa8    ffaa (003fea80)     _IQ14mpyRndSatTable
003feab4    ffaa (003fea80)     _IQ13mpyRndSatTable

003feac0    ffab (003feac0)     _IQ12mpyRndSatTable
003feacc    ffab (003feac0)     _IQ11mpyRndSatTable
003fead8    ffab (003feac0)     _IQ10mpyRndSatTable
003feae4    ffab (003feac0)     _IQ9mpyRndSatTable
003feaf0    ffab (003feac0)     _IQ8mpyRndSatTable
003feafc    ffab (003feac0)     _IQ7mpyRndSatTable

003feb08    ffac (003feb00)     _IQ6mpyRndSatTable
003feb14    ffac (003feb00)     _IQ5mpyRndSatTable
003feb20    ffac (003feb00)     _IQ4mpyRndSatTable
003feb2c    ffac (003feb00)     _IQ3mpyRndSatTable
003feb38    ffac (003feb00)     _IQ2mpyRndSatTable

003feb44    ffad (003feb40)     _IQ1mpyRndSatTable
003feb50    ffad (003feb40)     _IQmpyRndSatTableEnd


GLOBAL SYMBOLS: SORTED ALPHABETICALLY BY Name 

address    name
--------   ----
003f6000   .text
003f7861   C$$EXIT
003f75dc   FD$$MPY
003f77d5   FD$$TOL
003f765f   FS$$MPY
003f7812   FS$$TOFD
003f782e   I$$TOFS
003f787a   LL$$AND
003f77f4   LL$$CMP
003f7882   LL$$OR
003f788a   LL$$XOR
003f4000   SINTAB_360
003f7806   ULL$$CMP
003f6527   _A0
003f6569   _A1
003f6667   _A2
003f667c   _A3
003f66b6   _A4
000083f0   _ACQPS
000089dc   _ADCDRV_1ch_Rlt1
000089de   _ADCDRV_1ch_Rlt5
000089e0   _ADCDRV_1ch_Rlt6
000089e2   _ADCDRV_1ch_Rlt7
003f6fbb   _ADC_SOC_CNF
00008374   _A_Task_Ptr
00007100   _AdcRegs
00000b00   _AdcResult
003f6fb6   _AddLoggerVariableBuffers
003f6fb1   _AddProbes
00008376   _Alpha_State_Ptr
003f653d   _B0
003f66bc   _B1
003f67a6   _B2
003f67ba   _B3
00008378   _B_Task_Ptr
003f73cc   _ByteProtocol_DecodeByte
003f739e   _ByteProtocol_Init
003f7337   _ByteProtocol_Transmit
003f6553   _C0
003f6846   _C1
003f684c   _C2
003f686f   _C3
003f6875   _C4
00008996   _CNTL_2P2Z_Coef1
000089a8   _CNTL_2P2Z_Coef2
000089c0   _CNTL_2P2Z_CoefStruct1
000089ce   _CNTL_2P2Z_CoefStruct2
00008998   _CNTL_2P2Z_DBUFF1
000089aa   _CNTL_2P2Z_DBUFF2
00008992   _CNTL_2P2Z_Fdbk1
000089a4   _CNTL_2P2Z_Fdbk2
00008994   _CNTL_2P2Z_Out1
000089a6   _CNTL_2P2Z_Out2
00008990   _CNTL_2P2Z_Ref1
000089a2   _CNTL_2P2Z_Ref2
00008372   _C_Task_Ptr
00008410   _ChSel
00001400   _Cla1Regs
0000830f   _ClearInvTrip
003f6dc2   _ClearVariables
00008313   _CloseIloopInv
00008314   _CloseVloopInv
000083a2   _Comp
00006400   _Comp1Regs
00006420   _Comp2Regs
00006440   _Comp3Regs
003f68ce   _ConvertToBytes16
003f68c1   _ConvertToBytes32
003f68d3   _ConvertToUint16
003f68a2   _ConvertToUint32
003f68d7   _ConvertToUint64
00000c00   _CpuTimer0Regs
00000c08   _CpuTimer1Regs
00000c10   _CpuTimer2Regs
003f7ff8   _CsmPwl
00000ae0   _CsmRegs
003f770c   _DLOG_4CH_init
003f7717   _DLOG_4CH_update
003f6000   _DLOG_BuffInit
000092e1   _DPL_ISR
003f76b9   _DPL_Init
000093cb   _DSP28x_usDelay
003f6efc   _Datalogger
003f6dd0   _DecodeCommands
003f69a4   _DecodePacket
00000880   _DevEmuRegs
003f717a   _DeviceInit
00008324   _Dgain_I
00008330   _Dgain_V
00008315   _DlogCh1
0000830d   _DlogCh2
0000830b   _DlogCh3
0000830c   _DlogCh4
0000832e   _Dmax_I
00008332   _Dmax_V
003f6937   _DoCrc32
00008386   _Duty3A
00008382   _Duty3A_fixed
00006040   _ECanaLAMRegs
000060c0   _ECanaMOTORegs
00006080   _ECanaMOTSRegs
00006100   _ECanaMboxes
00006000   _ECanaRegs
00006a00   _ECap1Regs
00006800   _EPwm1Regs
00006840   _EPwm2Regs
00006880   _EPwm3Regs
000068c0   _EPwm4Regs
00006900   _EPwm5Regs
00006940   _EPwm6Regs
00006980   _EPwm7Regs
00006b00   _EQep1Regs
00000d01   _EmuBMode
00000d00   _EmuKey
003f6985   _EncodeAndTransmitData
00000a80   _FlashRegs
00000d04   _Flash_CPUScaleFactor
00000d02   _Flash_CallbackPtr
00006f80   _GpioCtrlRegs
00006fc0   _GpioDataRegs
00006fe0   _GpioIntRegs
0000835c   _Grid_Freq
00008320   _Gui_InvStart
00008323   _Gui_InvStop
00008352   _Gui_Ipv
00008350   _Gui_Light
0000834a   _Gui_LightCommand
0000831a   _Gui_LightCommand_Prev
00008356   _Gui_LightRatio
0000834c   _Gui_LightRatio_Avg
00008321   _Gui_MPPTEnable
00008342   _Gui_MPPTTrackingEff
0000833e   _Gui_PanelPower
00008348   _Gui_PanelPower_Theoretical
00008340   _Gui_Vboost
00008344   _Gui_Vpv
00006ac0   _HRCap1Regs
00006ae0   _HRCap2Regs
00008354   _HistPtr
000083b2   _Hist_Ipv
000083aa   _Hist_Light
000083c0   _Hist_Vboost
0000839a   _Hist_Vpv
00007900   _I2caRegs
003fead8   _IQ10mpyRndSatTable
003feacc   _IQ11mpyRndSatTable
003feac0   _IQ12mpyRndSatTable
003feab4   _IQ13mpyRndSatTable
003feaa8   _IQ14mpyRndSatTable
003fea9c   _IQ15mpyRndSatTable
003fea90   _IQ16mpyRndSatTable
003fea84   _IQ17mpyRndSatTable
003fea78   _IQ18mpyRndSatTable
003fea6c   _IQ19mpyRndSatTable
003feb44   _IQ1mpyRndSatTable
003fea60   _IQ20mpyRndSatTable
003fea54   _IQ21mpyRndSatTable
003fea48   _IQ22mpyRndSatTable
003fea3c   _IQ23mpyRndSatTable
003fea30   _IQ24mpyRndSatTable
003fea24   _IQ25mpyRndSatTable
003fea18   _IQ26mpyRndSatTable
003fea0c   _IQ27mpyRndSatTable
003fea00   _IQ28mpyRndSatTable
003fe9f4   _IQ29mpyRndSatTable
003feb38   _IQ2mpyRndSatTable
003fe9e8   _IQ30mpyRndSatTable
003feb2c   _IQ3mpyRndSatTable
003feb20   _IQ4mpyRndSatTable
003feb14   _IQ5mpyRndSatTable
003feb08   _IQ6mpyRndSatTable
003feafc   _IQ7mpyRndSatTable
003feaf0   _IQ8mpyRndSatTable
003feae4   _IQ9mpyRndSatTable
003fe824   _IQatan2HalfPITable
003fe862   _IQatan2Table
003fe9e8   _IQatan2TableEnd
003fe100   _IQcosTable
003fe502   _IQcosTableEnd
003fe502   _IQdivRoundSatTable
003fe510   _IQdivTable
003fe712   _IQdivTableEnd
003fe712   _IQisqrtRoundSatTable
003fe722   _IQisqrtTable
003fe824   _IQisqrtTableEnd
003fe9e8   _IQmpyRndSatTable
003feb50   _IQmpyRndSatTableEnd
003fe000   _IQsinTable
003fe400   _IQsinTableEnd
003fe712   _IQsqrtRoundSatTable
003fe722   _IQsqrtTable
003fe824   _IQsqrtTableEnd
003f78b0   _ISR_ILLEGAL
00008328   _IboostSwRef
0000838a   _IboostswRead
00008326   _Igain_I
0000833a   _Igain_V
003f6dc1   _Init
003f759d   _InitCommros
003f6cea   _InitCore
000093b0   _InitFlash
003f7565   _InitSciaGpio
0000835a   _InvModIndex
00008362   _InvSine
00009000   _Inv_ISR
00008380   _IpvRead
0000838c   _IpvRead_EMAVG
00008319   _K_Ipv
00008316   _K_Light
00008317   _K_Vboost
00008318   _K_Vpv
00008300   _LedBlinkCnt
00008301   _LedBlinkCnt2
00006c00   _LinaRegs
000089b4   _MATH_EMAVG_In1
000089ba   _MATH_EMAVG_In2
000089b8   _MATH_EMAVG_Multiplier1
000089be   _MATH_EMAVG_Multiplier2
000089b6   _MATH_EMAVG_Out1
000089bc   _MATH_EMAVG_Out2
00008303   _MPPT_ENABLE
00008307   _MPPT_slew
003f7322   _MemCopy
00007060   _NmiIntruptRegs
00008370   _Offset_Volt
003f72aa   _PLLset
00008302   _PVInverterState
000089e4   _PWMDRV_1ch_UpDwnCntCompl_Duty3
000089e6   _PWMDRV_1ch_UpDwnCntCompl_Period3
003f745c   _PWM_1ch_UpDwnCntCompl_CNF
00008305   _PanelBoostConnect
003d7e80   _PartIdRegs
0000833c   _Pgain_I
00008334   _Pgain_V
003f72e4   _PieCntlInit
00000ce0   _PieCtrlRegs
00000d00   _PieVectTable
003f7303   _PieVectTableInit
0000830a   _PwmDacCh1
00008311   _PwmDacCh2
00008310   _PwmDacCh3
00008312   _PwmDacCh4
003f03cf   _RamfuncsLoadEnd
003f0000   _RamfuncsLoadStart
00009000   _RamfuncsRunStart
0000830e   _ResetPLL
00008304   _Run_MPPT
003f754c   _SCIDataAvailable
003f7554   _SCIReceiveByte
003f7558   _SCITransmitByte
003f779b   _SGENHP_2_calc
003f687b   _SPI_init
003f6012   _SPLL_1ph_init
00008368   _ScaleFactor
00007050   _SciaRegs
003f6cc6   _SendResetMessage
003f6c67   _ServiceRoutine
003f757b   _SetupSerialPort
00007040   _SpiaRegs
00007740   _SpibRegs
00007010   _SysCtrlRegs
00000985   _SysPwrCtrlRegs
0000836e   _Temp2
0000837a   _TmpD
00008309   _TransmitData
000083e0   _TrigSel
00008306   _UpdateCoef
00008392   _VTimer0
00008396   _VTimer1
0000838e   _VTimer2
0000836a   _Vac_in
00008364   _VavgReal
00008384   _VboostRead
0000831d   _VloopTicker
0000837c   _VpvRead
00008388   _VpvRead_EMAVG
0000837e   _VpvRef
00008336   _VpvRef_MPPT
00008366   _VrmsReal
003f72a2   _WDogDisable
00007070   _XIntruptRegs
0000831b   _ZCDDetect
003f7a3c   __IQ15div
003f7b11   __IQ15isqrt
003f7b57   __IQ15sqrt
003f7a83   __IQ24div
003f7aca   __IQ9div
000003d0   __STACK_END
00000380   __STACK_SIZE
00000001   __TI_args_main
000082cc   ___TI_cleanup_ptr
000082ce   ___TI_dtors_ptr
ffffffff   ___binit__
ffffffff   ___c_args__
003f78b5   ___cinit__
003f78b5   ___etext__
ffffffff   ___pinit__
003f6000   ___text__
003f7848   __args_main
000082ca   __lock
003f78a7   __nop
003f78a3   __register_lock
003f789f   __register_unlock
00000050   __stack
000082c8   __unlock
003f7861   _abort
00008040   _buffer
003f7757   _c_int00
00008140   _commros
00008420   _dlog
00008400   _ePWM
003f7863   _exit
0000831f   _i
0000831e   _iK_Ipv
00008322   _iK_Vboost
00008358   _inv_Iset
00008360   _inv_meas_cur_diff_inst
0000835e   _inv_meas_cur_lleg1_inst
0000836c   _inv_meas_cur_lleg2_inst
0000832a   _inv_meas_vol_inst
0000832c   _inv_ref_cur_inst
00008338   _inv_ref_vol_inst
003f6d54   _loggdata
00008008   _loggerVars
003f60ad   _main
003f7892   _memset
00008480   _mppt_incc1
00008440   _mppt_pno1
00008500   _pidGRANDO_Iinv
000084c0   _pidGRANDO_Vinv
00008000   _probes
000083c8   _pwmdac1
00008346   _sdata
000083d2   _sgen
00008456   _sine_mainsV
0000831c   _sine_prev
00008540   _spll1
0000834e   _temp_Scratch
00008308   _timer1
ffffffff   binit
003f78b5   cinit
003f7ff6   code_start
003f78b5   etext
ffffffff   pinit


GLOBAL SYMBOLS: SORTED BY Symbol Address 

address    name
--------   ----
00000001   __TI_args_main
00000050   __stack
00000380   __STACK_SIZE
000003d0   __STACK_END
00000880   _DevEmuRegs
00000985   _SysPwrCtrlRegs
00000a80   _FlashRegs
00000ae0   _CsmRegs
00000b00   _AdcResult
00000c00   _CpuTimer0Regs
00000c08   _CpuTimer1Regs
00000c10   _CpuTimer2Regs
00000ce0   _PieCtrlRegs
00000d00   _EmuKey
00000d00   _PieVectTable
00000d01   _EmuBMode
00000d02   _Flash_CallbackPtr
00000d04   _Flash_CPUScaleFactor
00001400   _Cla1Regs
00006000   _ECanaRegs
00006040   _ECanaLAMRegs
00006080   _ECanaMOTSRegs
000060c0   _ECanaMOTORegs
00006100   _ECanaMboxes
00006400   _Comp1Regs
00006420   _Comp2Regs
00006440   _Comp3Regs
00006800   _EPwm1Regs
00006840   _EPwm2Regs
00006880   _EPwm3Regs
000068c0   _EPwm4Regs
00006900   _EPwm5Regs
00006940   _EPwm6Regs
00006980   _EPwm7Regs
00006a00   _ECap1Regs
00006ac0   _HRCap1Regs
00006ae0   _HRCap2Regs
00006b00   _EQep1Regs
00006c00   _LinaRegs
00006f80   _GpioCtrlRegs
00006fc0   _GpioDataRegs
00006fe0   _GpioIntRegs
00007010   _SysCtrlRegs
00007040   _SpiaRegs
00007050   _SciaRegs
00007060   _NmiIntruptRegs
00007070   _XIntruptRegs
00007100   _AdcRegs
00007740   _SpibRegs
00007900   _I2caRegs
00008000   _probes
00008008   _loggerVars
00008040   _buffer
00008140   _commros
000082c8   __unlock
000082ca   __lock
000082cc   ___TI_cleanup_ptr
000082ce   ___TI_dtors_ptr
00008300   _LedBlinkCnt
00008301   _LedBlinkCnt2
00008302   _PVInverterState
00008303   _MPPT_ENABLE
00008304   _Run_MPPT
00008305   _PanelBoostConnect
00008306   _UpdateCoef
00008307   _MPPT_slew
00008308   _timer1
00008309   _TransmitData
0000830a   _PwmDacCh1
0000830b   _DlogCh3
0000830c   _DlogCh4
0000830d   _DlogCh2
0000830e   _ResetPLL
0000830f   _ClearInvTrip
00008310   _PwmDacCh3
00008311   _PwmDacCh2
00008312   _PwmDacCh4
00008313   _CloseIloopInv
00008314   _CloseVloopInv
00008315   _DlogCh1
00008316   _K_Light
00008317   _K_Vboost
00008318   _K_Vpv
00008319   _K_Ipv
0000831a   _Gui_LightCommand_Prev
0000831b   _ZCDDetect
0000831c   _sine_prev
0000831d   _VloopTicker
0000831e   _iK_Ipv
0000831f   _i
00008320   _Gui_InvStart
00008321   _Gui_MPPTEnable
00008322   _iK_Vboost
00008323   _Gui_InvStop
00008324   _Dgain_I
00008326   _Igain_I
00008328   _IboostSwRef
0000832a   _inv_meas_vol_inst
0000832c   _inv_ref_cur_inst
0000832e   _Dmax_I
00008330   _Dgain_V
00008332   _Dmax_V
00008334   _Pgain_V
00008336   _VpvRef_MPPT
00008338   _inv_ref_vol_inst
0000833a   _Igain_V
0000833c   _Pgain_I
0000833e   _Gui_PanelPower
00008340   _Gui_Vboost
00008342   _Gui_MPPTTrackingEff
00008344   _Gui_Vpv
00008346   _sdata
00008348   _Gui_PanelPower_Theoretical
0000834a   _Gui_LightCommand
0000834c   _Gui_LightRatio_Avg
0000834e   _temp_Scratch
00008350   _Gui_Light
00008352   _Gui_Ipv
00008354   _HistPtr
00008356   _Gui_LightRatio
00008358   _inv_Iset
0000835a   _InvModIndex
0000835c   _Grid_Freq
0000835e   _inv_meas_cur_lleg1_inst
00008360   _inv_meas_cur_diff_inst
00008362   _InvSine
00008364   _VavgReal
00008366   _VrmsReal
00008368   _ScaleFactor
0000836a   _Vac_in
0000836c   _inv_meas_cur_lleg2_inst
0000836e   _Temp2
00008370   _Offset_Volt
00008372   _C_Task_Ptr
00008374   _A_Task_Ptr
00008376   _Alpha_State_Ptr
00008378   _B_Task_Ptr
0000837a   _TmpD
0000837c   _VpvRead
0000837e   _VpvRef
00008380   _IpvRead
00008382   _Duty3A_fixed
00008384   _VboostRead
00008386   _Duty3A
00008388   _VpvRead_EMAVG
0000838a   _IboostswRead
0000838c   _IpvRead_EMAVG
0000838e   _VTimer2
00008392   _VTimer0
00008396   _VTimer1
0000839a   _Hist_Vpv
000083a2   _Comp
000083aa   _Hist_Light
000083b2   _Hist_Ipv
000083c0   _Hist_Vboost
000083c8   _pwmdac1
000083d2   _sgen
000083e0   _TrigSel
000083f0   _ACQPS
00008400   _ePWM
00008410   _ChSel
00008420   _dlog
00008440   _mppt_pno1
00008456   _sine_mainsV
00008480   _mppt_incc1
000084c0   _pidGRANDO_Vinv
00008500   _pidGRANDO_Iinv
00008540   _spll1
00008990   _CNTL_2P2Z_Ref1
00008992   _CNTL_2P2Z_Fdbk1
00008994   _CNTL_2P2Z_Out1
00008996   _CNTL_2P2Z_Coef1
00008998   _CNTL_2P2Z_DBUFF1
000089a2   _CNTL_2P2Z_Ref2
000089a4   _CNTL_2P2Z_Fdbk2
000089a6   _CNTL_2P2Z_Out2
000089a8   _CNTL_2P2Z_Coef2
000089aa   _CNTL_2P2Z_DBUFF2
000089b4   _MATH_EMAVG_In1
000089b6   _MATH_EMAVG_Out1
000089b8   _MATH_EMAVG_Multiplier1
000089ba   _MATH_EMAVG_In2
000089bc   _MATH_EMAVG_Out2
000089be   _MATH_EMAVG_Multiplier2
000089c0   _CNTL_2P2Z_CoefStruct1
000089ce   _CNTL_2P2Z_CoefStruct2
000089dc   _ADCDRV_1ch_Rlt1
000089de   _ADCDRV_1ch_Rlt5
000089e0   _ADCDRV_1ch_Rlt6
000089e2   _ADCDRV_1ch_Rlt7
000089e4   _PWMDRV_1ch_UpDwnCntCompl_Duty3
000089e6   _PWMDRV_1ch_UpDwnCntCompl_Period3
00009000   _Inv_ISR
00009000   _RamfuncsRunStart
000092e1   _DPL_ISR
000093b0   _InitFlash
000093cb   _DSP28x_usDelay
003d7e80   _PartIdRegs
003f0000   _RamfuncsLoadStart
003f03cf   _RamfuncsLoadEnd
003f4000   SINTAB_360
003f6000   .text
003f6000   _DLOG_BuffInit
003f6000   ___text__
003f6012   _SPLL_1ph_init
003f60ad   _main
003f6527   _A0
003f653d   _B0
003f6553   _C0
003f6569   _A1
003f6667   _A2
003f667c   _A3
003f66b6   _A4
003f66bc   _B1
003f67a6   _B2
003f67ba   _B3
003f6846   _C1
003f684c   _C2
003f686f   _C3
003f6875   _C4
003f687b   _SPI_init
003f68a2   _ConvertToUint32
003f68c1   _ConvertToBytes32
003f68ce   _ConvertToBytes16
003f68d3   _ConvertToUint16
003f68d7   _ConvertToUint64
003f6937   _DoCrc32
003f6985   _EncodeAndTransmitData
003f69a4   _DecodePacket
003f6c67   _ServiceRoutine
003f6cc6   _SendResetMessage
003f6cea   _InitCore
003f6d54   _loggdata
003f6dc1   _Init
003f6dc2   _ClearVariables
003f6dd0   _DecodeCommands
003f6efc   _Datalogger
003f6fb1   _AddProbes
003f6fb6   _AddLoggerVariableBuffers
003f6fbb   _ADC_SOC_CNF
003f717a   _DeviceInit
003f72a2   _WDogDisable
003f72aa   _PLLset
003f72e4   _PieCntlInit
003f7303   _PieVectTableInit
003f7322   _MemCopy
003f7337   _ByteProtocol_Transmit
003f739e   _ByteProtocol_Init
003f73cc   _ByteProtocol_DecodeByte
003f745c   _PWM_1ch_UpDwnCntCompl_CNF
003f754c   _SCIDataAvailable
003f7554   _SCIReceiveByte
003f7558   _SCITransmitByte
003f7565   _InitSciaGpio
003f757b   _SetupSerialPort
003f759d   _InitCommros
003f75dc   FD$$MPY
003f765f   FS$$MPY
003f76b9   _DPL_Init
003f770c   _DLOG_4CH_init
003f7717   _DLOG_4CH_update
003f7757   _c_int00
003f779b   _SGENHP_2_calc
003f77d5   FD$$TOL
003f77f4   LL$$CMP
003f7806   ULL$$CMP
003f7812   FS$$TOFD
003f782e   I$$TOFS
003f7848   __args_main
003f7861   C$$EXIT
003f7861   _abort
003f7863   _exit
003f787a   LL$$AND
003f7882   LL$$OR
003f788a   LL$$XOR
003f7892   _memset
003f789f   __register_unlock
003f78a3   __register_lock
003f78a7   __nop
003f78b0   _ISR_ILLEGAL
003f78b5   ___cinit__
003f78b5   ___etext__
003f78b5   cinit
003f78b5   etext
003f7a3c   __IQ15div
003f7a83   __IQ24div
003f7aca   __IQ9div
003f7b11   __IQ15isqrt
003f7b57   __IQ15sqrt
003f7ff6   code_start
003f7ff8   _CsmPwl
003fe000   _IQsinTable
003fe100   _IQcosTable
003fe400   _IQsinTableEnd
003fe502   _IQcosTableEnd
003fe502   _IQdivRoundSatTable
003fe510   _IQdivTable
003fe712   _IQdivTableEnd
003fe712   _IQisqrtRoundSatTable
003fe712   _IQsqrtRoundSatTable
003fe722   _IQisqrtTable
003fe722   _IQsqrtTable
003fe824   _IQatan2HalfPITable
003fe824   _IQisqrtTableEnd
003fe824   _IQsqrtTableEnd
003fe862   _IQatan2Table
003fe9e8   _IQ30mpyRndSatTable
003fe9e8   _IQatan2TableEnd
003fe9e8   _IQmpyRndSatTable
003fe9f4   _IQ29mpyRndSatTable
003fea00   _IQ28mpyRndSatTable
003fea0c   _IQ27mpyRndSatTable
003fea18   _IQ26mpyRndSatTable
003fea24   _IQ25mpyRndSatTable
003fea30   _IQ24mpyRndSatTable
003fea3c   _IQ23mpyRndSatTable
003fea48   _IQ22mpyRndSatTable
003fea54   _IQ21mpyRndSatTable
003fea60   _IQ20mpyRndSatTable
003fea6c   _IQ19mpyRndSatTable
003fea78   _IQ18mpyRndSatTable
003fea84   _IQ17mpyRndSatTable
003fea90   _IQ16mpyRndSatTable
003fea9c   _IQ15mpyRndSatTable
003feaa8   _IQ14mpyRndSatTable
003feab4   _IQ13mpyRndSatTable
003feac0   _IQ12mpyRndSatTable
003feacc   _IQ11mpyRndSatTable
003fead8   _IQ10mpyRndSatTable
003feae4   _IQ9mpyRndSatTable
003feaf0   _IQ8mpyRndSatTable
003feafc   _IQ7mpyRndSatTable
003feb08   _IQ6mpyRndSatTable
003feb14   _IQ5mpyRndSatTable
003feb20   _IQ4mpyRndSatTable
003feb2c   _IQ3mpyRndSatTable
003feb38   _IQ2mpyRndSatTable
003feb44   _IQ1mpyRndSatTable
003feb50   _IQmpyRndSatTableEnd
ffffffff   ___binit__
ffffffff   ___c_args__
ffffffff   ___pinit__
ffffffff   binit
ffffffff   pinit

[344 symbols]
