******************************************************************************
             TMS320C2000 Linker PC v6.2.7                      
******************************************************************************
>> Linked Tue Mar 03 17:16:23 2015

OUTPUT FILE NAME:   <SolarExplorer_PVInverter.out>
ENTRY POINT SYMBOL: "_c_int00"  address: 003f341c


MEMORY CONFIGURATION

         name            origin    length      used     unused   attr    fill
----------------------  --------  ---------  --------  --------  ----  --------
PAGE 0:
  RAML3                 00009000   00001000  000000ee  00000f12  RWIX
  OTP                   003d7800   00000400  00000000  00000400  RWIX
  FLASHH                003e8000   00002000  00000000  00002000  RWIX
  FLASHG                003ea000   00002000  00000000  00002000  RWIX
  FLASHF                003ec000   00002000  00000000  00002000  RWIX
  FLASHE                003ee000   00002000  00000000  00002000  RWIX
  FLASHD                003f0000   00002000  000000ee  00001f12  RWIX
  FLASHC                003f2000   00002000  00001776  0000088a  RWIX
  FLASHA                003f6000   00001f80  00001f80  00000000  RWIX
  CSM_RSVD              003f7f80   00000076  00000000  00000076  RWIX
  BEGIN                 003f7ff6   00000002  00000002  00000000  RWIX
  CSM_PWL               003f7ff8   00000008  00000000  00000008  RWIX
  IQTABLES              003fe000   00000b50  00000000  00000b50  RWIX
  IQTABLES2             003feb50   0000008c  00000000  0000008c  RWIX
  IQTABLES3             003febdc   000000aa  00000000  000000aa  RWIX
  BOOTROM               003ff27c   00000d44  00000000  00000d44  RWIX
  RESET                 003fffc0   00000002  00000000  00000002  RWIX
  VECTORS               003fffc2   0000003e  00000000  0000003e  RWIX

PAGE 1:
  BOOT_RSVD             00000000   00000050  00000000  00000050  RWIX
  RAMM0                 00000050   000003b0  00000380  00000030  RWIX
  RAMM1                 00000400   00000400  00000400  00000000  RWIX
  DEV_EMU               00000880   00000105  00000004  00000101  RWIX
  SYS_PWR_CTL           00000985   00000003  00000003  00000000  RWIX
  FLASH_REGS            00000a80   00000060  00000008  00000058  RWIX
  CSM                   00000ae0   00000010  00000010  00000000  RWIX
  ADC_RESULT            00000b00   00000020  00000020  00000000  RWIX
  CPU_TIMER0            00000c00   00000008  00000008  00000000  RWIX
  CPU_TIMER1            00000c08   00000008  00000008  00000000  RWIX
  CPU_TIMER2            00000c10   00000008  00000008  00000000  RWIX
  PIE_CTRL              00000ce0   00000020  0000001a  00000006  RWIX
  PIE_VECT              00000d00   00000100  00000100  00000000  RWIX
  CLA1                  00001400   00000080  00000040  00000040  RWIX
  CLA_CPU_MSGRAM        00001480   00000080  00000000  00000080  RWIX
  CPU_CLA_MSGRAM        00001500   00000080  00000000  00000080  RWIX
  ECANA                 00006000   00000040  00000034  0000000c  RWIX
  ECANA_LAM             00006040   00000040  00000040  00000000  RWIX
  ECANA_MOTS            00006080   00000040  00000040  00000000  RWIX
  ECANA_MOTO            000060c0   00000040  00000040  00000000  RWIX
  ECANA_MBOX            00006100   00000100  00000100  00000000  RWIX
  COMP1                 00006400   00000020  00000014  0000000c  RWIX
  COMP2                 00006420   00000020  00000014  0000000c  RWIX
  COMP3                 00006440   00000020  00000014  0000000c  RWIX
  EPWM1                 00006800   00000040  00000040  00000000  RWIX
  EPWM2                 00006840   00000040  00000040  00000000  RWIX
  EPWM3                 00006880   00000040  00000040  00000000  RWIX
  EPWM4                 000068c0   00000040  00000040  00000000  RWIX
  EPWM5                 00006900   00000040  00000040  00000000  RWIX
  EPWM6                 00006940   00000040  00000040  00000000  RWIX
  EPWM7                 00006980   00000040  00000040  00000000  RWIX
  ECAP1                 00006a00   00000020  00000020  00000000  RWIX
  HRCAP1                00006ac0   00000020  00000020  00000000  RWIX
  HRCAP2                00006ae0   00000020  00000020  00000000  RWIX
  EQEP1                 00006b00   00000040  00000040  00000000  RWIX
  LINA                  00006c00   00000080  0000004a  00000036  RWIX
  GPIOCTRL              00006f80   00000040  00000040  00000000  RWIX
  GPIODAT               00006fc0   00000020  00000020  00000000  RWIX
  GPIOINT               00006fe0   00000020  0000000c  00000014  RWIX
  SYSTEM                00007010   00000020  00000020  00000000  RWIX
  SPIA                  00007040   00000010  00000010  00000000  RWIX
  SCIA                  00007050   00000010  00000010  00000000  RWIX
  NMIINTRUPT            00007060   00000010  00000010  00000000  RWIX
  XINTRUPT              00007070   00000010  00000010  00000000  RWIX
  ADC                   00007100   00000080  00000050  00000030  RWIX
  SPIB                  00007740   00000010  00000010  00000000  RWIX
  I2CA                  00007900   00000040  00000022  0000001e  RWIX
  RAML0                 00008000   00000800  00000788  00000078  RWIX
  dataRAM               00008800   00000400  0000030a  000000f6  RWIX
  RAML2                 00008c00   00000400  00000000  00000400  RWIX
  PARTID                003d7e80   00000001  00000001  00000000  RWIX
  FLASHB                003f4000   00002000  00000101  00001eff  RWIX
  CSM_PWL               003f7ff8   00000008  00000008  00000000  RWIX


SECTION ALLOCATION MAP

 output                                  attributes/
section   page    origin      length       input sections
--------  ----  ----------  ----------   ----------------
.pinit     0    003f6000    00000000     UNINITIALIZED

ramfuncs   0    003f0000    000000ee     RUN ADDR = 00009000
                  003f0000    000000cf     SolarExplorer-DPL-ISR.obj (ramfuncs)
                  003f00cf    0000001b     SolarExplorer-DevInit_F2803x.obj (ramfuncs)
                  003f00ea    00000004     DSP2803x_usDelay.obj (ramfuncs)

.text.1    0    003f2000    00001776     
                  003f2000    00000201     rts2800_ml.lib : lowlev.obj (.text)
                  003f2201    000001f2                    : trgdrv.obj (.text)
                  003f23f3    000001d3                    : memory.obj (.text)
                  003f25c6    000001bf     ADC_SOC_Cnf.obj (.text)
                  003f2785    000001bd     SolarExplorer-DevInit_F2803x.obj (.text)
                  003f2942    0000016a     hBridgeFSM.obj (.text)
                  003f2aac    00000125     commros_28xx_c_regular.lib : ByteProtocol.obj (.text)
                  003f2bd1    000000ff     rts2800_ml.lib : fopen.obj (.text)
                  003f2cd0    000000d1     PWM_1ch_UpDwnCntCompl_Cnf.obj (.text)
                  003f2da1    000000af     Commros_user.obj (.text)
                  003f2e50    000000a8     rts2800_ml.lib : fputs.obj (.text)
                  003f2ef8    0000009c                    : fd_add.obj (.text)
                  003f2f94    0000008e                    : ankmsg.obj (.text)
                  003f3022    0000008b                    : fd_div.obj (.text)
                  003f30ad    00000083                    : fd_mpy.obj (.text)
                  003f3130    00000079                    : setvbuf.obj (.text)
                  003f31a9    0000006b                    : fflush.obj (.text)
                  003f3214    00000065                    : _io_perm.obj (.text)
                  003f3279    0000005b                    : fclose.obj (.text)
                  003f32d4    0000005a                    : fs_mpy.obj (.text)
                  003f332e    00000053     SolarExplorer-DPL-ISR.obj (.text)
                  003f3381    00000050     rts2800_ml.lib : fputc.obj (.text)
                  003f33d1    0000004b     Util_DLOG4CHC.obj (.text)
                  003f341c    00000044     rts2800_ml.lib : boot.obj (.text)
                  003f3460    0000003d                    : fseek.obj (.text)
                  003f349d    0000003a     C28x_SGEN_Lib_fixed.lib : sghp2c.obj (.text)
                  003f34d7    00000032     rts2800_ml.lib : printf.obj (.text)
                  003f3509    00000031                    : atoi.obj (.text)
                  003f353a    0000002c                    : ltoa.obj (.text)
                  003f3566    0000002a                    : fd_cmp.obj (.text)
                  003f3590    0000002a                    : l_div.obj (.text)
                  003f35ba    00000021                    : fd_toi.obj (.text)
                  003f35db    00000021                    : memcpy_ff.obj (.text)
                  003f35fc    0000001f                    : fd_tol.obj (.text)
                  003f361b    0000001e                    : ll_cmp.obj (.text)
                  003f3639    0000001e                    : strncpy.obj (.text)
                  003f3657    0000001c                    : fs_tofd.obj (.text)
                  003f3673    0000001c                    : l_tofd.obj (.text)
                  003f368f    0000001a                    : i_tofs.obj (.text)
                  003f36a9    00000019                    : args_main.obj (.text)
                  003f36c2    00000019                    : exit.obj (.text)
                  003f36db    00000018                    : ll_aox.obj (.text)
                  003f36f3    00000012                    : memchr.obj (.text)
                  003f3705    0000000e                    : fd_sub.obj (.text)
                  003f3713    0000000d                    : memccpy.obj (.text)
                  003f3720    0000000d                    : memset.obj (.text)
                  003f372d    0000000b                    : strchr.obj (.text)
                  003f3738    0000000a                    : strcmp.obj (.text)
                  003f3742    00000009                    : _lock.obj (.text)
                  003f374b    00000009                    : fd_neg.obj (.text)
                  003f3754    00000008     DSP2803x_CodeStartBranch.obj (.text)
                  003f375c    00000008     rts2800_ml.lib : strlen.obj (.text)
                  003f3764    00000005     Inv_ISR.obj (.text:retain)
                  003f3769    00000005     SolarExplorer-DevInit_F2803x.obj (.text:retain)
                  003f376e    00000005     rts2800_ml.lib : strcpy.obj (.text)
                  003f3773    00000003                    : remove.obj (.text)

.econst    0    003f6000    00000350     
                  003f6000    00000101     rts2800_ml.lib : ctype.obj (.econst:.string:__ctypes_)
                  003f6101    00000001     --HOLE-- [fill = 0]
                  003f6102    000000e8     inverterFSM.obj (.econst:.string)
                  003f61ea    0000008e     mpptFSM.obj (.econst:.string)
                  003f6278    00000083     hBridgeFSM.obj (.econst:.string)
                  003f62fb    00000001     --HOLE-- [fill = 0]
                  003f62fc    00000024     rts2800_ml.lib : _printfi.obj (.econst:.string)
                  003f6320    00000018                    : _printfi.obj (.econst)
                  003f6338    00000012     Commros_user.obj (.econst:.string)
                  003f634a    00000004     SolarExplorer-Main.obj (.econst)
                  003f634e    00000002     rts2800_ml.lib : fputs.obj (.econst:.string)

.cinit     0    003f6350    000001ea     
                  003f6350    00000171     SolarExplorer-Main.obj (.cinit)
                  003f64c1    00000031     rts2800_ml.lib : lowlev.obj (.cinit)
                  003f64f2    0000002a                    : defs.obj (.cinit)
                  003f651c    0000000a                    : _lock.obj (.cinit)
                  003f6526    0000000a                    : exit.obj (.cinit)
                  003f6530    00000004                    : fopen.obj (.cinit)
                  003f6534    00000004                    : memory.obj (.cinit)
                  003f6538    00000002     --HOLE-- [fill = 0]

.text.2    0    003f653a    00001a46     
                  003f653a    00000930     rts2800_ml.lib : _printfi.obj (.text)
                  003f6e6a    00000576     SolarExplorer-Main.obj (.text)
                  003f73e0    000004b2     commros_28xx_c_regular.lib : commros.obj (.text)
                  003f7892    0000036c     inverterFSM.obj (.text)
                  003f7bfe    00000267     commros_28xx_c_regular.lib : Datalogger.obj (.text)
                  003f7e65    00000107     rts2800_ml.lib : ll_div.obj (.text)
                  003f7f6c    00000014                    : ll_mpy.obj (.text)

codestart 
*          0    003f7ff6    00000002     
                  003f7ff6    00000002     DSP2803x_CodeStartBranch.obj (codestart)

.reset     0    003fffc0    00000002     DSECT
                  003fffc0    00000002     rts2800_ml.lib : boot.obj (.reset)

vectors    0    003fffc2    00000000     DSECT

.stack     1    00000050    00000380     UNINITIALIZED
                  00000050    00000380     --HOLE--

.sysmem    1    00000400    00000400     UNINITIALIZED
                  00000400    00000001     rts2800_ml.lib : memory.obj (.sysmem)
                  00000401    000003ff     --HOLE--

DevEmuRegsFile 
*          1    00000880    00000004     UNINITIALIZED
                  00000880    00000004     DSP2803x_GlobalVariableDefs.obj (DevEmuRegsFile)

SysPwrCtrlRegsFile 
*          1    00000985    00000003     UNINITIALIZED
                  00000985    00000003     DSP2803x_GlobalVariableDefs.obj (SysPwrCtrlRegsFile)

FlashRegsFile 
*          1    00000a80    00000008     UNINITIALIZED
                  00000a80    00000008     DSP2803x_GlobalVariableDefs.obj (FlashRegsFile)

CsmRegsFile 
*          1    00000ae0    00000010     UNINITIALIZED
                  00000ae0    00000010     DSP2803x_GlobalVariableDefs.obj (CsmRegsFile)

AdcResultFile 
*          1    00000b00    00000020     UNINITIALIZED
                  00000b00    00000020     DSP2803x_GlobalVariableDefs.obj (AdcResultFile)

CpuTimer0RegsFile 
*          1    00000c00    00000008     UNINITIALIZED
                  00000c00    00000008     DSP2803x_GlobalVariableDefs.obj (CpuTimer0RegsFile)

CpuTimer1RegsFile 
*          1    00000c08    00000008     UNINITIALIZED
                  00000c08    00000008     DSP2803x_GlobalVariableDefs.obj (CpuTimer1RegsFile)

CpuTimer2RegsFile 
*          1    00000c10    00000008     UNINITIALIZED
                  00000c10    00000008     DSP2803x_GlobalVariableDefs.obj (CpuTimer2RegsFile)

PieCtrlRegsFile 
*          1    00000ce0    0000001a     UNINITIALIZED
                  00000ce0    0000001a     DSP2803x_GlobalVariableDefs.obj (PieCtrlRegsFile)

PieVectTableFile 
*          1    00000d00    00000100     UNINITIALIZED
                  00000d00    00000100     DSP2803x_GlobalVariableDefs.obj (PieVectTableFile)

EmuKeyVar 
*          1    00000d00    00000001     UNINITIALIZED
                  00000d00    00000001     DSP2803x_GlobalVariableDefs.obj (EmuKeyVar)

EmuBModeVar 
*          1    00000d01    00000001     UNINITIALIZED
                  00000d01    00000001     DSP2803x_GlobalVariableDefs.obj (EmuBModeVar)

FlashCallbackVar 
*          1    00000d02    00000002     UNINITIALIZED
                  00000d02    00000002     DSP2803x_GlobalVariableDefs.obj (FlashCallbackVar)

FlashScalingVar 
*          1    00000d04    00000002     UNINITIALIZED
                  00000d04    00000002     DSP2803x_GlobalVariableDefs.obj (FlashScalingVar)

Cla1RegsFile 
*          1    00001400    00000040     UNINITIALIZED
                  00001400    00000040     DSP2803x_GlobalVariableDefs.obj (Cla1RegsFile)

ECanaRegsFile 
*          1    00006000    00000034     UNINITIALIZED
                  00006000    00000034     DSP2803x_GlobalVariableDefs.obj (ECanaRegsFile)

ECanaLAMRegsFile 
*          1    00006040    00000040     UNINITIALIZED
                  00006040    00000040     DSP2803x_GlobalVariableDefs.obj (ECanaLAMRegsFile)

ECanaMOTSRegsFile 
*          1    00006080    00000040     UNINITIALIZED
                  00006080    00000040     DSP2803x_GlobalVariableDefs.obj (ECanaMOTSRegsFile)

ECanaMOTORegsFile 
*          1    000060c0    00000040     UNINITIALIZED
                  000060c0    00000040     DSP2803x_GlobalVariableDefs.obj (ECanaMOTORegsFile)

ECanaMboxesFile 
*          1    00006100    00000100     UNINITIALIZED
                  00006100    00000100     DSP2803x_GlobalVariableDefs.obj (ECanaMboxesFile)

Comp1RegsFile 
*          1    00006400    00000014     UNINITIALIZED
                  00006400    00000014     DSP2803x_GlobalVariableDefs.obj (Comp1RegsFile)

Comp2RegsFile 
*          1    00006420    00000014     UNINITIALIZED
                  00006420    00000014     DSP2803x_GlobalVariableDefs.obj (Comp2RegsFile)

Comp3RegsFile 
*          1    00006440    00000014     UNINITIALIZED
                  00006440    00000014     DSP2803x_GlobalVariableDefs.obj (Comp3RegsFile)

EPwm1RegsFile 
*          1    00006800    00000040     UNINITIALIZED
                  00006800    00000040     DSP2803x_GlobalVariableDefs.obj (EPwm1RegsFile)

EPwm2RegsFile 
*          1    00006840    00000040     UNINITIALIZED
                  00006840    00000040     DSP2803x_GlobalVariableDefs.obj (EPwm2RegsFile)

EPwm3RegsFile 
*          1    00006880    00000040     UNINITIALIZED
                  00006880    00000040     DSP2803x_GlobalVariableDefs.obj (EPwm3RegsFile)

EPwm4RegsFile 
*          1    000068c0    00000040     UNINITIALIZED
                  000068c0    00000040     DSP2803x_GlobalVariableDefs.obj (EPwm4RegsFile)

EPwm5RegsFile 
*          1    00006900    00000040     UNINITIALIZED
                  00006900    00000040     DSP2803x_GlobalVariableDefs.obj (EPwm5RegsFile)

EPwm6RegsFile 
*          1    00006940    00000040     UNINITIALIZED
                  00006940    00000040     DSP2803x_GlobalVariableDefs.obj (EPwm6RegsFile)

EPwm7RegsFile 
*          1    00006980    00000040     UNINITIALIZED
                  00006980    00000040     DSP2803x_GlobalVariableDefs.obj (EPwm7RegsFile)

ECap1RegsFile 
*          1    00006a00    00000020     UNINITIALIZED
                  00006a00    00000020     DSP2803x_GlobalVariableDefs.obj (ECap1RegsFile)

HRCap1RegsFile 
*          1    00006ac0    00000020     UNINITIALIZED
                  00006ac0    00000020     DSP2803x_GlobalVariableDefs.obj (HRCap1RegsFile)

HRCap2RegsFile 
*          1    00006ae0    00000020     UNINITIALIZED
                  00006ae0    00000020     DSP2803x_GlobalVariableDefs.obj (HRCap2RegsFile)

EQep1RegsFile 
*          1    00006b00    00000040     UNINITIALIZED
                  00006b00    00000040     DSP2803x_GlobalVariableDefs.obj (EQep1RegsFile)

LinaRegsFile 
*          1    00006c00    0000004a     UNINITIALIZED
                  00006c00    0000004a     DSP2803x_GlobalVariableDefs.obj (LinaRegsFile)

GpioCtrlRegsFile 
*          1    00006f80    00000040     UNINITIALIZED
                  00006f80    00000040     DSP2803x_GlobalVariableDefs.obj (GpioCtrlRegsFile)

GpioDataRegsFile 
*          1    00006fc0    00000020     UNINITIALIZED
                  00006fc0    00000020     DSP2803x_GlobalVariableDefs.obj (GpioDataRegsFile)

GpioIntRegsFile 
*          1    00006fe0    0000000c     UNINITIALIZED
                  00006fe0    0000000c     DSP2803x_GlobalVariableDefs.obj (GpioIntRegsFile)

SysCtrlRegsFile 
*          1    00007010    00000020     UNINITIALIZED
                  00007010    00000020     DSP2803x_GlobalVariableDefs.obj (SysCtrlRegsFile)

SpiaRegsFile 
*          1    00007040    00000010     UNINITIALIZED
                  00007040    00000010     DSP2803x_GlobalVariableDefs.obj (SpiaRegsFile)

SciaRegsFile 
*          1    00007050    00000010     UNINITIALIZED
                  00007050    00000010     DSP2803x_GlobalVariableDefs.obj (SciaRegsFile)

NmiIntruptRegsFile 
*          1    00007060    00000010     UNINITIALIZED
                  00007060    00000010     DSP2803x_GlobalVariableDefs.obj (NmiIntruptRegsFile)

XIntruptRegsFile 
*          1    00007070    00000010     UNINITIALIZED
                  00007070    00000010     DSP2803x_GlobalVariableDefs.obj (XIntruptRegsFile)

AdcRegsFile 
*          1    00007100    00000050     UNINITIALIZED
                  00007100    00000050     DSP2803x_GlobalVariableDefs.obj (AdcRegsFile)

SpibRegsFile 
*          1    00007740    00000010     UNINITIALIZED
                  00007740    00000010     DSP2803x_GlobalVariableDefs.obj (SpibRegsFile)

I2caRegsFile 
*          1    00007900    00000022     UNINITIALIZED
                  00007900    00000022     DSP2803x_GlobalVariableDefs.obj (I2caRegsFile)

.ebss      1    00008000    00000788     UNINITIALIZED
                  00008000    000002c8     Commros_user.obj (.ebss)
                  000082c8    00000008     rts2800_ml.lib : memory.obj (.ebss)
                  000082d0    00000008                    : trgdrv.obj (.ebss)
                  000082d8    00000004                    : _lock.obj (.ebss)
                  000082dc    00000004                    : exit.obj (.ebss)
                  000082e0    00000001                    : fopen.obj (.ebss)
                  000082e1    0000001f     --HOLE--
                  00008300    00000274     SolarExplorer-Main.obj (.ebss)
                  00008574    0000000c     --HOLE--
                  00008580    00000160     rts2800_ml.lib : defs.obj (.ebss)
                  000086e0    00000020     --HOLE--
                  00008700    00000088                    : lowlev.obj (.ebss)

DLOG       1    00008800    00000190     UNINITIALIZED
                  00008800    00000190     Util_DLOG4CHC.obj (DLOG)

CNTL_2P2Z_Section 
*          1    00008990    00000024     UNINITIALIZED
                  00008990    00000024     SolarExplorer-DPL-ISR.obj (CNTL_2P2Z_Section)

MATH_EMAVG_Section 
*          1    000089b4    0000000c     UNINITIALIZED
                  000089b4    0000000c     SolarExplorer-DPL-ISR.obj (MATH_EMAVG_Section)

CNTL_2P2Z_Coef 
*          1    000089c0    0000001c     UNINITIALIZED
                  000089c0    0000001c     SolarExplorer-Main.obj (CNTL_2P2Z_Coef)

ADCDRV_1ch_Section 
*          1    000089dc    00000008     UNINITIALIZED
                  000089dc    00000008     SolarExplorer-DPL-ISR.obj (ADCDRV_1ch_Section)

PWMDRV_1ch_UpDwnCntCompl_Section 
*          1    000089e4    00000004     UNINITIALIZED
                  000089e4    00000004     SolarExplorer-DPL-ISR.obj (PWMDRV_1ch_UpDwnCntCompl_Section)

ZeroNet_Section 
*          1    000089e8    00000002     UNINITIALIZED
                  000089e8    00000002     SolarExplorer-DPL-ISR.obj (ZeroNet_Section)

.cio       1    00008a00    00000120     UNINITIALIZED
                  00008a00    00000120     rts2800_ml.lib : ankmsg.obj (.cio)

PartIdRegsFile 
*          1    003d7e80    00000001     UNINITIALIZED
                  003d7e80    00000001     DSP2803x_GlobalVariableDefs.obj (PartIdRegsFile)

SINTBL     1    003f4000    00000101     
                  003f4000    00000101     C28x_SGEN_Lib_fixed.lib : SINTB360.obj (SINTBL)

CsmPwlFile 
*          1    003f7ff8    00000008     UNINITIALIZED
                  003f7ff8    00000008     DSP2803x_GlobalVariableDefs.obj (CsmPwlFile)


GLOBAL DATA SYMBOLS: SORTED BY DATA PAGE

address     data page           name
--------    ----------------    ----
00000050       1 (00000040)     __stack

00000400      10 (00000400)     __sys_memory

00000880      22 (00000880)     _DevEmuRegs

00000985      26 (00000980)     _SysPwrCtrlRegs

00000a80      2a (00000a80)     _FlashRegs

00000ae0      2b (00000ac0)     _CsmRegs

00000b00      2c (00000b00)     _AdcResult

00000c00      30 (00000c00)     _CpuTimer0Regs
00000c08      30 (00000c00)     _CpuTimer1Regs
00000c10      30 (00000c00)     _CpuTimer2Regs

00000ce0      33 (00000cc0)     _PieCtrlRegs

00000d00      34 (00000d00)     _EmuKey
00000d00      34 (00000d00)     _PieVectTable
00000d01      34 (00000d00)     _EmuBMode
00000d02      34 (00000d00)     _Flash_CallbackPtr
00000d04      34 (00000d00)     _Flash_CPUScaleFactor

00001400      50 (00001400)     _Cla1Regs

00006000     180 (00006000)     _ECanaRegs

00006040     181 (00006040)     _ECanaLAMRegs

00006080     182 (00006080)     _ECanaMOTSRegs

000060c0     183 (000060c0)     _ECanaMOTORegs

00006100     184 (00006100)     _ECanaMboxes

00006400     190 (00006400)     _Comp1Regs
00006420     190 (00006400)     _Comp2Regs

00006440     191 (00006440)     _Comp3Regs

00006800     1a0 (00006800)     _EPwm1Regs

00006840     1a1 (00006840)     _EPwm2Regs

00006880     1a2 (00006880)     _EPwm3Regs

000068c0     1a3 (000068c0)     _EPwm4Regs

00006900     1a4 (00006900)     _EPwm5Regs

00006940     1a5 (00006940)     _EPwm6Regs

00006980     1a6 (00006980)     _EPwm7Regs

00006a00     1a8 (00006a00)     _ECap1Regs

00006ac0     1ab (00006ac0)     _HRCap1Regs
00006ae0     1ab (00006ac0)     _HRCap2Regs

00006b00     1ac (00006b00)     _EQep1Regs

00006c00     1b0 (00006c00)     _LinaRegs

00006f80     1be (00006f80)     _GpioCtrlRegs

00006fc0     1bf (00006fc0)     _GpioDataRegs
00006fe0     1bf (00006fc0)     _GpioIntRegs

00007010     1c0 (00007000)     _SysCtrlRegs

00007040     1c1 (00007040)     _SpiaRegs
00007050     1c1 (00007040)     _SciaRegs
00007060     1c1 (00007040)     _NmiIntruptRegs
00007070     1c1 (00007040)     _XIntruptRegs

00007100     1c4 (00007100)     _AdcRegs

00007740     1dd (00007740)     _SpibRegs

00007900     1e4 (00007900)     _I2caRegs

00008000     200 (00008000)     _probes
00008008     200 (00008000)     _loggerVars

00008040     201 (00008040)     _buffer

00008140     205 (00008140)     _commros

000082d8     20b (000082c0)     __unlock
000082da     20b (000082c0)     __lock
000082dc     20b (000082c0)     ___TI_cleanup_ptr
000082de     20b (000082c0)     ___TI_dtors_ptr

00008300     20c (00008300)     _PwmDacCh3
00008301     20c (00008300)     _PwmDacCh2
00008302     20c (00008300)     _PwmDacCh4
00008303     20c (00008300)     _timer1
00008304     20c (00008300)     _TransmitData
00008305     20c (00008300)     _MPPT_slew
00008306     20c (00008300)     _PanelBoostConnect
00008307     20c (00008300)     _Run_MPPT
00008308     20c (00008300)     _PwmDacCh1
00008309     20c (00008300)     _MPPT_ENABLE
0000830a     20c (00008300)     _DlogCh4
0000830b     20c (00008300)     _DlogCh3
0000830c     20c (00008300)     _ResetPLL
0000830d     20c (00008300)     _CloseIloopInv
0000830e     20c (00008300)     _ClearInvTrip
0000830f     20c (00008300)     _LedBlinkCnt
00008310     20c (00008300)     _LedBlinkCnt2
00008311     20c (00008300)     _PVInverterState
00008312     20c (00008300)     _DlogCh2
00008313     20c (00008300)     _DlogCh1
00008314     20c (00008300)     _iK_Vboost
00008315     20c (00008300)     _iK_Ipv
00008316     20c (00008300)     _K_Vboost
00008317     20c (00008300)     _K_Light
00008318     20c (00008300)     _K_Ipv
00008319     20c (00008300)     _sine_prev
0000831a     20c (00008300)     _VloopTicker
0000831b     20c (00008300)     _ZCDDetect
0000831c     20c (00008300)     _Gui_MPPTEnable
0000831d     20c (00008300)     _Gui_InvStart
0000831e     20c (00008300)     _UpdateCoef
0000831f     20c (00008300)     _CloseVloopInv
00008320     20c (00008300)     _K_Vpv
00008321     20c (00008300)     _i
00008322     20c (00008300)     _Gui_InvStop
00008323     20c (00008300)     _Gui_LightCommand_Prev
00008324     20c (00008300)     _inv_meas_cur_diff_inst
00008326     20c (00008300)     _Dmax_I
00008328     20c (00008300)     _inv_meas_cur_lleg2_inst
0000832a     20c (00008300)     _inv_meas_cur_lleg1_inst
0000832c     20c (00008300)     _Pgain_I
0000832e     20c (00008300)     _Igain_I
00008330     20c (00008300)     _inv_ref_vol_inst
00008332     20c (00008300)     _inv_ref_cur_inst
00008334     20c (00008300)     _inv_meas_vol_inst
00008336     20c (00008300)     _Dgain_I
00008338     20c (00008300)     _Gui_PanelPower_Theoretical
0000833a     20c (00008300)     _Gui_MPPTTrackingEff
0000833c     20c (00008300)     _Gui_PanelPower
0000833e     20c (00008300)     _Gui_Ipv

00008340     20d (00008340)     _Gui_Vboost
00008342     20d (00008340)     _Gui_Vpv
00008344     20d (00008340)     _HistPtr
00008346     20d (00008340)     _temp_Scratch
00008348     20d (00008340)     _Gui_LightCommand
0000834a     20d (00008340)     _Gui_LightRatio
0000834c     20d (00008340)     _Gui_LightRatio_Avg
0000834e     20d (00008340)     _Vac_in
00008350     20d (00008340)     _Offset_Volt
00008352     20d (00008340)     _Grid_Freq
00008354     20d (00008340)     _inv_Iset
00008356     20d (00008340)     _InvSine
00008358     20d (00008340)     _InvModIndex
0000835a     20d (00008340)     _sdata
0000835c     20d (00008340)     _Gui_Light
0000835e     20d (00008340)     _ScaleFactor
00008360     20d (00008340)     _VavgReal
00008362     20d (00008340)     _Temp2
00008364     20d (00008340)     _Duty3A
00008366     20d (00008340)     _TmpD
00008368     20d (00008340)     _Duty3A_fixed
0000836a     20d (00008340)     _IboostSwRef
0000836c     20d (00008340)     _VpvRef_MPPT
0000836e     20d (00008340)     _IpvRead_EMAVG
00008370     20d (00008340)     _IboostswRead
00008372     20d (00008340)     _VpvRead_EMAVG
00008374     20d (00008340)     _Dmax_V
00008376     20d (00008340)     _VrmsReal
00008378     20d (00008340)     _Igain_V
0000837a     20d (00008340)     _Dgain_V
0000837c     20d (00008340)     _Pgain_V
0000837e     20d (00008340)     _VpvRef

00008380     20e (00008380)     _VboostRead
00008382     20e (00008380)     _IpvRead
00008384     20e (00008380)     _VpvRead
00008386     20e (00008380)     _VTimer2
0000838a     20e (00008380)     _VTimer0
0000838e     20e (00008380)     _VTimer1
00008392     20e (00008380)     _Comp
0000839a     20e (00008380)     _Hist_Vboost
000083a2     20e (00008380)     _Hist_Light
000083aa     20e (00008380)     _Hist_Ipv
000083b2     20e (00008380)     _Hist_Vpv

000083c0     20f (000083c0)     _pwmdac1
000083ca     20f (000083c0)     _sgen
000083d8     20f (000083c0)     _ePWM
000083e8     20f (000083c0)     _TrigSel

00008400     210 (00008400)     _ACQPS
00008410     210 (00008400)     _ChSel
00008420     210 (00008400)     _dlog

00008440     211 (00008440)     _mppt_pno1
00008456     211 (00008440)     _sine_mainsV

00008480     212 (00008480)     _mppt_incc1

000084c0     213 (000084c0)     _pidGRANDO_Vinv

00008500     214 (00008500)     _pidGRANDO_Iinv

00008540     215 (00008540)     _spll1

00008580     216 (00008580)     ___TI_ft_end

000085c0     217 (000085c0)     __ftable

00008640     219 (00008640)     ___TI_tmpnams

00008990     226 (00008980)     _CNTL_2P2Z_Ref1
00008992     226 (00008980)     _CNTL_2P2Z_Fdbk1
00008994     226 (00008980)     _CNTL_2P2Z_Out1
00008996     226 (00008980)     _CNTL_2P2Z_Coef1
00008998     226 (00008980)     _CNTL_2P2Z_DBUFF1
000089a2     226 (00008980)     _CNTL_2P2Z_Ref2
000089a4     226 (00008980)     _CNTL_2P2Z_Fdbk2
000089a6     226 (00008980)     _CNTL_2P2Z_Out2
000089a8     226 (00008980)     _CNTL_2P2Z_Coef2
000089aa     226 (00008980)     _CNTL_2P2Z_DBUFF2
000089b4     226 (00008980)     _MATH_EMAVG_In1
000089b6     226 (00008980)     _MATH_EMAVG_Out1
000089b8     226 (00008980)     _MATH_EMAVG_Multiplier1
000089ba     226 (00008980)     _MATH_EMAVG_In2
000089bc     226 (00008980)     _MATH_EMAVG_Out2
000089be     226 (00008980)     _MATH_EMAVG_Multiplier2

000089c0     227 (000089c0)     _CNTL_2P2Z_CoefStruct2
000089ce     227 (000089c0)     _CNTL_2P2Z_CoefStruct1
000089dc     227 (000089c0)     _ADCDRV_1ch_Rlt1
000089de     227 (000089c0)     _ADCDRV_1ch_Rlt5
000089e0     227 (000089c0)     _ADCDRV_1ch_Rlt6
000089e2     227 (000089c0)     _ADCDRV_1ch_Rlt7
000089e4     227 (000089c0)     _PWMDRV_1ch_UpDwnCntCompl_Duty3
000089e6     227 (000089c0)     _PWMDRV_1ch_UpDwnCntCompl_Period3

00008a00     228 (00008a00)     __CIOBUF_

003d7e80    f5fa (003d7e80)     _PartIdRegs

003f4000    fd00 (003f4000)     SINTAB_360

003f6000    fd80 (003f6000)     __ctypes_

003f7ff8    fdff (003f7fc0)     _CsmPwl


GLOBAL SYMBOLS: SORTED ALPHABETICALLY BY Name 

address    name
--------   ----
ffffffff   .text
003f36c2   C$$EXIT
003f2fe4   C$$IO$$
003f2ef8   FD$$ADD
003f3566   FD$$CMP
003f3022   FD$$DIV
003f30ad   FD$$MPY
003f374b   FD$$NEG
003f3705   FD$$SUB
003f35ba   FD$$TOI
003f35fc   FD$$TOL
003f32d4   FS$$MPY
003f3657   FS$$TOFD
003f368f   I$$TOFS
003f3590   L$$DIV
003f359f   L$$MOD
003f3673   L$$TOFD
003f36db   LL$$AND
003f361b   LL$$CMP
003f7e65   LL$$DIV
003f7ea1   LL$$MOD
003f7f6c   LL$$MPY
003f36e3   LL$$OR
003f36eb   LL$$XOR
003f4000   SINTAB_360
003f35ad   UL$$DIV
003f35b4   UL$$MOD
003f362d   ULL$$CMP
003f7edb   ULL$$DIV
003f7f0a   ULL$$MOD
00008400   _ACQPS
000089dc   _ADCDRV_1ch_Rlt1
000089de   _ADCDRV_1ch_Rlt5
000089e0   _ADCDRV_1ch_Rlt6
000089e2   _ADCDRV_1ch_Rlt7
003f6f17   _ADC_Init
003f25c6   _ADC_SOC_CNF
00007100   _AdcRegs
00000b00   _AdcResult
003f7e60   _AddLoggerVariableBuffers
003f7e5b   _AddProbes
003f2b41   _ByteProtocol_DecodeByte
003f2b13   _ByteProtocol_Init
003f2aac   _ByteProtocol_Transmit
00008996   _CNTL_2P2Z_Coef1
000089a8   _CNTL_2P2Z_Coef2
000089ce   _CNTL_2P2Z_CoefStruct1
000089c0   _CNTL_2P2Z_CoefStruct2
00008998   _CNTL_2P2Z_DBUFF1
000089aa   _CNTL_2P2Z_DBUFF2
00008992   _CNTL_2P2Z_Fdbk1
000089a4   _CNTL_2P2Z_Fdbk2
00008994   _CNTL_2P2Z_Out1
000089a6   _CNTL_2P2Z_Out2
00008990   _CNTL_2P2Z_Ref1
000089a2   _CNTL_2P2Z_Ref2
00008410   _ChSel
00001400   _Cla1Regs
0000830e   _ClearInvTrip
003f7c6c   _ClearVariables
0000830d   _CloseIloopInv
0000831f   _CloseVloopInv
00008392   _Comp
00006400   _Comp1Regs
00006420   _Comp2Regs
00006440   _Comp3Regs
003f740c   _ConvertToBytes16
003f73ff   _ConvertToBytes32
003f7411   _ConvertToUint16
003f73e0   _ConvertToUint32
003f7415   _ConvertToUint64
00000c00   _CpuTimer0Regs
00000c08   _CpuTimer1Regs
00000c10   _CpuTimer2Regs
003f7ff8   _CsmPwl
00000ae0   _CsmRegs
003f33d1   _DLOG_4CH_init
003f33dc   _DLOG_4CH_update
003f6e6a   _DLOG_BuffInit
00009000   _DPL_ISR
003f332e   _DPL_Init
000090ea   _DSP28x_usDelay
003f7da6   _Datalogger
003f7c7a   _DecodeCommands
003f74e2   _DecodePacket
00000880   _DevEmuRegs
003f2785   _DeviceInit
00008336   _Dgain_I
0000837a   _Dgain_V
00008313   _DlogCh1
00008312   _DlogCh2
0000830b   _DlogCh3
0000830a   _DlogCh4
00008326   _Dmax_I
00008374   _Dmax_V
003f7475   _DoCrc32
00008364   _Duty3A
00008368   _Duty3A_fixed
00006040   _ECanaLAMRegs
000060c0   _ECanaMOTORegs
00006080   _ECanaMOTSRegs
00006100   _ECanaMboxes
00006000   _ECanaRegs
00006a00   _ECap1Regs
00006800   _EPwm1Regs
00006840   _EPwm2Regs
00006880   _EPwm3Regs
000068c0   _EPwm4Regs
00006900   _EPwm5Regs
00006940   _EPwm6Regs
00006980   _EPwm7Regs
00006b00   _EQep1Regs
00000d01   _EmuBMode
00000d00   _EmuKey
003f74c3   _EncodeAndTransmitData
00000a80   _FlashRegs
00000d04   _Flash_CPUScaleFactor
00000d02   _Flash_CallbackPtr
00006f80   _GpioCtrlRegs
00006fc0   _GpioDataRegs
00006fe0   _GpioIntRegs
00008352   _Grid_Freq
0000831d   _Gui_InvStart
00008322   _Gui_InvStop
0000833e   _Gui_Ipv
0000835c   _Gui_Light
00008348   _Gui_LightCommand
00008323   _Gui_LightCommand_Prev
0000834a   _Gui_LightRatio
0000834c   _Gui_LightRatio_Avg
0000831c   _Gui_MPPTEnable
0000833a   _Gui_MPPTTrackingEff
0000833c   _Gui_PanelPower
00008338   _Gui_PanelPower_Theoretical
00008340   _Gui_Vboost
00008342   _Gui_Vpv
003f23c9   _HOSTclock
003f23a2   _HOSTclose
003f2378   _HOSTgetenv
003f2331   _HOSTlseek
003f22fa   _HOSTopen
003f22c4   _HOSTread
003f2286   _HOSTrename
003f225c   _HOSTtime
003f2237   _HOSTunlink
003f2201   _HOSTwrite
00006ac0   _HRCap1Regs
00006ae0   _HRCap2Regs
00008344   _HistPtr
000083aa   _Hist_Ipv
000083a2   _Hist_Light
0000839a   _Hist_Vboost
000083b2   _Hist_Vpv
00007900   _I2caRegs
003f3769   _ISR_ILLEGAL
003f7326   _ISR_Init
0000836a   _IboostSwRef
00008370   _IboostswRead
0000832e   _Igain_I
00008378   _Igain_V
003f7c6b   _Init
003f2e11   _InitCommros
003f7828   _InitCore
000090cf   _InitFlash
003f2dd9   _InitSciaGpio
00008358   _InvModIndex
00008356   _InvSine
003f3764   _Inv_ISR
003f7892   _InverterCtor
003f7a88   _InverterTransitionFunction
003f79e8   _Inverter_AlmostOutOfParameters
003f7948   _Inverter_OutOfParameters
003f78f8   _Inverter_PowerOn
003f7a38   _Inverter_ShutDown
003f7998   _Inverter_WithinParameters
003f78a8   _Inverter_default
003f789a   _Inverter_initial
00008382   _IpvRead
0000836e   _IpvRead_EMAVG
00008318   _K_Ipv
00008317   _K_Light
00008316   _K_Vboost
00008320   _K_Vpv
0000830f   _LedBlinkCnt
00008310   _LedBlinkCnt2
00006c00   _LinaRegs
000089b4   _MATH_EMAVG_In1
000089ba   _MATH_EMAVG_In2
000089b8   _MATH_EMAVG_Multiplier1
000089be   _MATH_EMAVG_Multiplier2
000089b6   _MATH_EMAVG_Out1
000089bc   _MATH_EMAVG_Out2
00008309   _MPPT_ENABLE
00008305   _MPPT_slew
003f292d   _MemCopy
00007060   _NmiIntruptRegs
00008350   _Offset_Volt
003f28b5   _PLLset
00008311   _PVInverterState
000089e4   _PWMDRV_1ch_UpDwnCntCompl_Duty3
000089e6   _PWMDRV_1ch_UpDwnCntCompl_Period3
003f2cd0   _PWM_1ch_UpDwnCntCompl_CNF
00008306   _PanelBoostConnect
003d7e80   _PartIdRegs
0000832c   _Pgain_I
0000837c   _Pgain_V
003f28ef   _PieCntlInit
00000ce0   _PieCtrlRegs
00000d00   _PieVectTable
003f290e   _PieVectTableInit
00008308   _PwmDacCh1
00008301   _PwmDacCh2
00008300   _PwmDacCh3
00008302   _PwmDacCh4
003f00ee   _RamfuncsLoadEnd
003f0000   _RamfuncsLoadStart
00009000   _RamfuncsRunStart
0000830c   _ResetPLL
00008307   _Run_MPPT
003f2dc0   _SCIDataAvailable
003f2dc8   _SCIReceiveByte
003f2dcc   _SCITransmitByte
003f349d   _SGENHP_2_calc
003f73b9   _SPI_init
003f6e7c   _SPLL_1ph_init
0000835e   _ScaleFactor
00007050   _SciaRegs
003f7804   _SendResetMessage
003f77a5   _ServiceRoutine
003f2def   _SetupSerialPort
00007040   _SpiaRegs
00007740   _SpibRegs
00007010   _SysCtrlRegs
00000985   _SysPwrCtrlRegs
00008362   _Temp2
00008366   _TmpD
00008304   _TransmitData
000083e8   _TrigSel
0000831e   _UpdateCoef
0000838a   _VTimer0
0000838e   _VTimer1
00008386   _VTimer2
0000834e   _Vac_in
00008360   _VavgReal
00008380   _VboostRead
0000831a   _VloopTicker
00008384   _VpvRead
00008372   _VpvRead_EMAVG
0000837e   _VpvRef
0000836c   _VpvRef_MPPT
00008376   _VrmsReal
003f28ad   _WDogDisable
00007070   _XIntruptRegs
0000831b   _ZCDDetect
00008a00   __CIOBUF_
000003d0   __STACK_END
00000380   __STACK_SIZE
00000400   __SYSMEM_SIZE
00000001   __TI_args_main
003f2c49   ___TI_cleanup
000082dc   ___TI_cleanup_ptr
003f3279   ___TI_closefile
003f31a9   ___TI_doflush
000082de   ___TI_dtors_ptr
00008580   ___TI_ft_end
003f6d78   ___TI_printfi
003f324e   ___TI_rd_ok
003f2fe8   ___TI_readmsg
00008640   ___TI_tmpnams
003f2f94   ___TI_writemsg
003f3214   ___TI_wrt_ok
ffffffff   ___binit__
ffffffff   ___c_args__
003f6350   ___cinit__
ffffffff   ___etext__
003f35db   ___memcpy_ff
ffffffff   ___pinit__
ffffffff   ___text__
003f36a9   __args_main
003f6000   __ctypes_
000085c0   __ftable
000082da   __lock
003f374a   __nop
003f3746   __register_lock
003f3742   __register_unlock
00000050   __stack
00000400   __sys_memory
000082d8   __unlock
003f36c2   _abort
003f2195   _add_device
003f3509   _atoi
00008040   _buffer
003f341c   _c_int00
003f25ae   _calloc
003f25ac   _chkheap
003f2163   _close
00008140   _commros
003f722f   _controllerCoefficientInits
003f730d   _dataLoggingInits
00008420   _dlog
000083d8   _ePWM
003f36c4   _exit
003f32bb   _fclose
003f31d8   _fflush
003f2cb6   _fopen
003f3381   _fputc
003f2e50   _fputs
003f23f3   _free
003f2590   _free_memory
003f2c66   _freopen
003f3460   _fseek
003f2942   _hBridgeCtor
003f2a0f   _hBridgeTransitionFunction
003f2990   _hBridge_VDC
003f29ba   _hBridge_Zero
003f2958   _hBridge_default
003f294a   _hBridge_initial
003f29e4   _hBridge_negVDC
00008321   _i
00008315   _iK_Ipv
00008314   _iK_Vboost
00008354   _inv_Iset
00008324   _inv_meas_cur_diff_inst
0000832a   _inv_meas_cur_lleg1_inst
00008328   _inv_meas_cur_lleg2_inst
00008334   _inv_meas_vol_inst
00008332   _inv_ref_cur_inst
00008330   _inv_ref_vol_inst
003f7bfe   _loggdata
00008008   _loggerVars
003f214b   _lseek
003f353a   _ltoa
003f6f66   _main
003f245c   _malloc
003f2570   _max_free
003f3713   _memccpy
003f36f3   _memchr
003f3720   _memset
003f2438   _minit
00008480   _mppt_incc1
00008440   _mppt_pno1
003f71cf   _netConnections
003f72b8   _netVariableInits
003f20d9   _open
00008500   _pidGRANDO_Iinv
000084c0   _pidGRANDO_Vinv
003f34dd   _printf
00008000   _probes
003f3381   _putc
003f33cc   _putchar
003f2ee6   _puts
003f716b   _pwmPhaseConfig
000083c0   _pwmdac1
003f20c1   _read
003f24bc   _realloc
003f3773   _remove
003f20a7   _remove_device
003f207e   _rename
0000835a   _sdata
003f3130   _setvbuf
000083ca   _sgen
003f72f0   _sigGenInit
00008456   _sine_mainsV
00008319   _sine_prev
00008540   _spll1
003f372d   _strchr
003f3738   _strcmp
003f376e   _strcpy
003f375c   _strlen
003f3639   _strncpy
00008346   _temp_Scratch
00008303   _timer1
003f2066   _unlink
003f7188   _userInitialization
003f2000   _write
ffffffff   binit
003f6350   cinit
003f7ff6   code_start
ffffffff   etext
ffffffff   pinit


GLOBAL SYMBOLS: SORTED BY Symbol Address 

address    name
--------   ----
00000001   __TI_args_main
00000050   __stack
00000380   __STACK_SIZE
000003d0   __STACK_END
00000400   __SYSMEM_SIZE
00000400   __sys_memory
00000880   _DevEmuRegs
00000985   _SysPwrCtrlRegs
00000a80   _FlashRegs
00000ae0   _CsmRegs
00000b00   _AdcResult
00000c00   _CpuTimer0Regs
00000c08   _CpuTimer1Regs
00000c10   _CpuTimer2Regs
00000ce0   _PieCtrlRegs
00000d00   _EmuKey
00000d00   _PieVectTable
00000d01   _EmuBMode
00000d02   _Flash_CallbackPtr
00000d04   _Flash_CPUScaleFactor
00001400   _Cla1Regs
00006000   _ECanaRegs
00006040   _ECanaLAMRegs
00006080   _ECanaMOTSRegs
000060c0   _ECanaMOTORegs
00006100   _ECanaMboxes
00006400   _Comp1Regs
00006420   _Comp2Regs
00006440   _Comp3Regs
00006800   _EPwm1Regs
00006840   _EPwm2Regs
00006880   _EPwm3Regs
000068c0   _EPwm4Regs
00006900   _EPwm5Regs
00006940   _EPwm6Regs
00006980   _EPwm7Regs
00006a00   _ECap1Regs
00006ac0   _HRCap1Regs
00006ae0   _HRCap2Regs
00006b00   _EQep1Regs
00006c00   _LinaRegs
00006f80   _GpioCtrlRegs
00006fc0   _GpioDataRegs
00006fe0   _GpioIntRegs
00007010   _SysCtrlRegs
00007040   _SpiaRegs
00007050   _SciaRegs
00007060   _NmiIntruptRegs
00007070   _XIntruptRegs
00007100   _AdcRegs
00007740   _SpibRegs
00007900   _I2caRegs
00008000   _probes
00008008   _loggerVars
00008040   _buffer
00008140   _commros
000082d8   __unlock
000082da   __lock
000082dc   ___TI_cleanup_ptr
000082de   ___TI_dtors_ptr
00008300   _PwmDacCh3
00008301   _PwmDacCh2
00008302   _PwmDacCh4
00008303   _timer1
00008304   _TransmitData
00008305   _MPPT_slew
00008306   _PanelBoostConnect
00008307   _Run_MPPT
00008308   _PwmDacCh1
00008309   _MPPT_ENABLE
0000830a   _DlogCh4
0000830b   _DlogCh3
0000830c   _ResetPLL
0000830d   _CloseIloopInv
0000830e   _ClearInvTrip
0000830f   _LedBlinkCnt
00008310   _LedBlinkCnt2
00008311   _PVInverterState
00008312   _DlogCh2
00008313   _DlogCh1
00008314   _iK_Vboost
00008315   _iK_Ipv
00008316   _K_Vboost
00008317   _K_Light
00008318   _K_Ipv
00008319   _sine_prev
0000831a   _VloopTicker
0000831b   _ZCDDetect
0000831c   _Gui_MPPTEnable
0000831d   _Gui_InvStart
0000831e   _UpdateCoef
0000831f   _CloseVloopInv
00008320   _K_Vpv
00008321   _i
00008322   _Gui_InvStop
00008323   _Gui_LightCommand_Prev
00008324   _inv_meas_cur_diff_inst
00008326   _Dmax_I
00008328   _inv_meas_cur_lleg2_inst
0000832a   _inv_meas_cur_lleg1_inst
0000832c   _Pgain_I
0000832e   _Igain_I
00008330   _inv_ref_vol_inst
00008332   _inv_ref_cur_inst
00008334   _inv_meas_vol_inst
00008336   _Dgain_I
00008338   _Gui_PanelPower_Theoretical
0000833a   _Gui_MPPTTrackingEff
0000833c   _Gui_PanelPower
0000833e   _Gui_Ipv
00008340   _Gui_Vboost
00008342   _Gui_Vpv
00008344   _HistPtr
00008346   _temp_Scratch
00008348   _Gui_LightCommand
0000834a   _Gui_LightRatio
0000834c   _Gui_LightRatio_Avg
0000834e   _Vac_in
00008350   _Offset_Volt
00008352   _Grid_Freq
00008354   _inv_Iset
00008356   _InvSine
00008358   _InvModIndex
0000835a   _sdata
0000835c   _Gui_Light
0000835e   _ScaleFactor
00008360   _VavgReal
00008362   _Temp2
00008364   _Duty3A
00008366   _TmpD
00008368   _Duty3A_fixed
0000836a   _IboostSwRef
0000836c   _VpvRef_MPPT
0000836e   _IpvRead_EMAVG
00008370   _IboostswRead
00008372   _VpvRead_EMAVG
00008374   _Dmax_V
00008376   _VrmsReal
00008378   _Igain_V
0000837a   _Dgain_V
0000837c   _Pgain_V
0000837e   _VpvRef
00008380   _VboostRead
00008382   _IpvRead
00008384   _VpvRead
00008386   _VTimer2
0000838a   _VTimer0
0000838e   _VTimer1
00008392   _Comp
0000839a   _Hist_Vboost
000083a2   _Hist_Light
000083aa   _Hist_Ipv
000083b2   _Hist_Vpv
000083c0   _pwmdac1
000083ca   _sgen
000083d8   _ePWM
000083e8   _TrigSel
00008400   _ACQPS
00008410   _ChSel
00008420   _dlog
00008440   _mppt_pno1
00008456   _sine_mainsV
00008480   _mppt_incc1
000084c0   _pidGRANDO_Vinv
00008500   _pidGRANDO_Iinv
00008540   _spll1
00008580   ___TI_ft_end
000085c0   __ftable
00008640   ___TI_tmpnams
00008990   _CNTL_2P2Z_Ref1
00008992   _CNTL_2P2Z_Fdbk1
00008994   _CNTL_2P2Z_Out1
00008996   _CNTL_2P2Z_Coef1
00008998   _CNTL_2P2Z_DBUFF1
000089a2   _CNTL_2P2Z_Ref2
000089a4   _CNTL_2P2Z_Fdbk2
000089a6   _CNTL_2P2Z_Out2
000089a8   _CNTL_2P2Z_Coef2
000089aa   _CNTL_2P2Z_DBUFF2
000089b4   _MATH_EMAVG_In1
000089b6   _MATH_EMAVG_Out1
000089b8   _MATH_EMAVG_Multiplier1
000089ba   _MATH_EMAVG_In2
000089bc   _MATH_EMAVG_Out2
000089be   _MATH_EMAVG_Multiplier2
000089c0   _CNTL_2P2Z_CoefStruct2
000089ce   _CNTL_2P2Z_CoefStruct1
000089dc   _ADCDRV_1ch_Rlt1
000089de   _ADCDRV_1ch_Rlt5
000089e0   _ADCDRV_1ch_Rlt6
000089e2   _ADCDRV_1ch_Rlt7
000089e4   _PWMDRV_1ch_UpDwnCntCompl_Duty3
000089e6   _PWMDRV_1ch_UpDwnCntCompl_Period3
00008a00   __CIOBUF_
00009000   _DPL_ISR
00009000   _RamfuncsRunStart
000090cf   _InitFlash
000090ea   _DSP28x_usDelay
003d7e80   _PartIdRegs
003f0000   _RamfuncsLoadStart
003f00ee   _RamfuncsLoadEnd
003f2000   _write
003f2066   _unlink
003f207e   _rename
003f20a7   _remove_device
003f20c1   _read
003f20d9   _open
003f214b   _lseek
003f2163   _close
003f2195   _add_device
003f2201   _HOSTwrite
003f2237   _HOSTunlink
003f225c   _HOSTtime
003f2286   _HOSTrename
003f22c4   _HOSTread
003f22fa   _HOSTopen
003f2331   _HOSTlseek
003f2378   _HOSTgetenv
003f23a2   _HOSTclose
003f23c9   _HOSTclock
003f23f3   _free
003f2438   _minit
003f245c   _malloc
003f24bc   _realloc
003f2570   _max_free
003f2590   _free_memory
003f25ac   _chkheap
003f25ae   _calloc
003f25c6   _ADC_SOC_CNF
003f2785   _DeviceInit
003f28ad   _WDogDisable
003f28b5   _PLLset
003f28ef   _PieCntlInit
003f290e   _PieVectTableInit
003f292d   _MemCopy
003f2942   _hBridgeCtor
003f294a   _hBridge_initial
003f2958   _hBridge_default
003f2990   _hBridge_VDC
003f29ba   _hBridge_Zero
003f29e4   _hBridge_negVDC
003f2a0f   _hBridgeTransitionFunction
003f2aac   _ByteProtocol_Transmit
003f2b13   _ByteProtocol_Init
003f2b41   _ByteProtocol_DecodeByte
003f2c49   ___TI_cleanup
003f2c66   _freopen
003f2cb6   _fopen
003f2cd0   _PWM_1ch_UpDwnCntCompl_CNF
003f2dc0   _SCIDataAvailable
003f2dc8   _SCIReceiveByte
003f2dcc   _SCITransmitByte
003f2dd9   _InitSciaGpio
003f2def   _SetupSerialPort
003f2e11   _InitCommros
003f2e50   _fputs
003f2ee6   _puts
003f2ef8   FD$$ADD
003f2f94   ___TI_writemsg
003f2fe4   C$$IO$$
003f2fe8   ___TI_readmsg
003f3022   FD$$DIV
003f30ad   FD$$MPY
003f3130   _setvbuf
003f31a9   ___TI_doflush
003f31d8   _fflush
003f3214   ___TI_wrt_ok
003f324e   ___TI_rd_ok
003f3279   ___TI_closefile
003f32bb   _fclose
003f32d4   FS$$MPY
003f332e   _DPL_Init
003f3381   _fputc
003f3381   _putc
003f33cc   _putchar
003f33d1   _DLOG_4CH_init
003f33dc   _DLOG_4CH_update
003f341c   _c_int00
003f3460   _fseek
003f349d   _SGENHP_2_calc
003f34dd   _printf
003f3509   _atoi
003f353a   _ltoa
003f3566   FD$$CMP
003f3590   L$$DIV
003f359f   L$$MOD
003f35ad   UL$$DIV
003f35b4   UL$$MOD
003f35ba   FD$$TOI
003f35db   ___memcpy_ff
003f35fc   FD$$TOL
003f361b   LL$$CMP
003f362d   ULL$$CMP
003f3639   _strncpy
003f3657   FS$$TOFD
003f3673   L$$TOFD
003f368f   I$$TOFS
003f36a9   __args_main
003f36c2   C$$EXIT
003f36c2   _abort
003f36c4   _exit
003f36db   LL$$AND
003f36e3   LL$$OR
003f36eb   LL$$XOR
003f36f3   _memchr
003f3705   FD$$SUB
003f3713   _memccpy
003f3720   _memset
003f372d   _strchr
003f3738   _strcmp
003f3742   __register_unlock
003f3746   __register_lock
003f374a   __nop
003f374b   FD$$NEG
003f375c   _strlen
003f3764   _Inv_ISR
003f3769   _ISR_ILLEGAL
003f376e   _strcpy
003f3773   _remove
003f4000   SINTAB_360
003f6000   __ctypes_
003f6350   ___cinit__
003f6350   cinit
003f6d78   ___TI_printfi
003f6e6a   _DLOG_BuffInit
003f6e7c   _SPLL_1ph_init
003f6f17   _ADC_Init
003f6f66   _main
003f716b   _pwmPhaseConfig
003f7188   _userInitialization
003f71cf   _netConnections
003f722f   _controllerCoefficientInits
003f72b8   _netVariableInits
003f72f0   _sigGenInit
003f730d   _dataLoggingInits
003f7326   _ISR_Init
003f73b9   _SPI_init
003f73e0   _ConvertToUint32
003f73ff   _ConvertToBytes32
003f740c   _ConvertToBytes16
003f7411   _ConvertToUint16
003f7415   _ConvertToUint64
003f7475   _DoCrc32
003f74c3   _EncodeAndTransmitData
003f74e2   _DecodePacket
003f77a5   _ServiceRoutine
003f7804   _SendResetMessage
003f7828   _InitCore
003f7892   _InverterCtor
003f789a   _Inverter_initial
003f78a8   _Inverter_default
003f78f8   _Inverter_PowerOn
003f7948   _Inverter_OutOfParameters
003f7998   _Inverter_WithinParameters
003f79e8   _Inverter_AlmostOutOfParameters
003f7a38   _Inverter_ShutDown
003f7a88   _InverterTransitionFunction
003f7bfe   _loggdata
003f7c6b   _Init
003f7c6c   _ClearVariables
003f7c7a   _DecodeCommands
003f7da6   _Datalogger
003f7e5b   _AddProbes
003f7e60   _AddLoggerVariableBuffers
003f7e65   LL$$DIV
003f7ea1   LL$$MOD
003f7edb   ULL$$DIV
003f7f0a   ULL$$MOD
003f7f6c   LL$$MPY
003f7ff6   code_start
003f7ff8   _CsmPwl
ffffffff   .text
ffffffff   ___binit__
ffffffff   ___c_args__
ffffffff   ___etext__
ffffffff   ___pinit__
ffffffff   ___text__
ffffffff   binit
ffffffff   etext
ffffffff   pinit

[380 symbols]
