<?xml version="1.0"?>
<link_info>
   <banner>TMS320C2000 Linker PC v6.4.2</banner>
   <copyright>Copyright (c) 1996-2015 Texas Instruments Incorporated</copyright>
   <link_time>0x54f9a1ac</link_time>
   <link_errors>0x0</link_errors>
   <output_file>SolarExplorer_PVInverter.out</output_file>
   <entry_point>
      <name>_c_int00</name>
      <address>0x3f3b3b</address>
   </entry_point>
   <input_file_list>
      <input_file id="fl-2">
         <path>.\</path>
         <kind>object</kind>
         <file>ADC_Configs.obj</file>
         <name>ADC_Configs.obj</name>
      </input_file>
      <input_file id="fl-3">
         <path>.\</path>
         <kind>object</kind>
         <file>ADC_SOC_Cnf.obj</file>
         <name>ADC_SOC_Cnf.obj</name>
      </input_file>
      <input_file id="fl-4">
         <path>.\</path>
         <kind>object</kind>
         <file>DSP2803x_CodeStartBranch.obj</file>
         <name>DSP2803x_CodeStartBranch.obj</name>
      </input_file>
      <input_file id="fl-5">
         <path>.\</path>
         <kind>object</kind>
         <file>DSP2803x_GlobalVariableDefs.obj</file>
         <name>DSP2803x_GlobalVariableDefs.obj</name>
      </input_file>
      <input_file id="fl-6">
         <path>.\</path>
         <kind>object</kind>
         <file>DSP2803x_usDelay.obj</file>
         <name>DSP2803x_usDelay.obj</name>
      </input_file>
      <input_file id="fl-7">
         <path>.\</path>
         <kind>object</kind>
         <file>Inv_ISR.obj</file>
         <name>Inv_ISR.obj</name>
      </input_file>
      <input_file id="fl-8">
         <path>.\</path>
         <kind>object</kind>
         <file>Inverter.obj</file>
         <name>Inverter.obj</name>
      </input_file>
      <input_file id="fl-9">
         <path>.\</path>
         <kind>object</kind>
         <file>PWM_1ch_UpDwnCntCompl_Cnf.obj</file>
         <name>PWM_1ch_UpDwnCntCompl_Cnf.obj</name>
      </input_file>
      <input_file id="fl-a">
         <path>.\</path>
         <kind>object</kind>
         <file>SolarExplorer-DPL-ISR.obj</file>
         <name>SolarExplorer-DPL-ISR.obj</name>
      </input_file>
      <input_file id="fl-b">
         <path>.\</path>
         <kind>object</kind>
         <file>SolarExplorer-DevInit_F2803x.obj</file>
         <name>SolarExplorer-DevInit_F2803x.obj</name>
      </input_file>
      <input_file id="fl-c">
         <path>.\</path>
         <kind>object</kind>
         <file>SolarExplorer-Main.obj</file>
         <name>SolarExplorer-Main.obj</name>
      </input_file>
      <input_file id="fl-d">
         <path>.\</path>
         <kind>object</kind>
         <file>Util_DLOG4CHC.obj</file>
         <name>Util_DLOG4CHC.obj</name>
      </input_file>
      <input_file id="fl-e">
         <path>.\src commros\</path>
         <kind>object</kind>
         <file>Commros_user.obj</file>
         <name>Commros_user.obj</name>
      </input_file>
      <input_file id="fl-f">
         <path>.\fsmFramework\</path>
         <kind>object</kind>
         <file>hBridgeFSM.obj</file>
         <name>hBridgeFSM.obj</name>
      </input_file>
      <input_file id="fl-10">
         <path>.\fsmFramework\</path>
         <kind>object</kind>
         <file>inverterFSM.obj</file>
         <name>inverterFSM.obj</name>
      </input_file>
      <input_file id="fl-11">
         <path>.\fsmFramework\</path>
         <kind>object</kind>
         <file>mpptFSM.obj</file>
         <name>mpptFSM.obj</name>
      </input_file>
      <input_file id="fl-12">
         <path>.\fsmFramework\</path>
         <kind>object</kind>
         <file>panelFSM.obj</file>
         <name>panelFSM.obj</name>
      </input_file>
      <input_file id="fl-1b">
         <path>C:\ti\controlSUITE\libs\dsp\SGEN\v101\lib\</path>
         <kind>archive</kind>
         <file>C28x_SGEN_Lib_fixed.lib</file>
         <name>sghp2c.obj</name>
      </input_file>
      <input_file id="fl-1c">
         <path>C:\ti\controlSUITE\libs\dsp\SGEN\v101\lib\</path>
         <kind>archive</kind>
         <file>C28x_SGEN_Lib_fixed.lib</file>
         <name>SINTB360.obj</name>
      </input_file>
      <input_file id="fl-1d">
         <path>C:\ti\controlSUITE\libs\math\IQmath\v160\lib\</path>
         <kind>archive</kind>
         <file>IQmath.lib</file>
         <name>IQ24div.obj</name>
      </input_file>
      <input_file id="fl-1e">
         <path>C:\ti\controlSUITE\libs\math\IQmath\v160\lib\</path>
         <kind>archive</kind>
         <file>IQmath.lib</file>
         <name>IQ9div.obj</name>
      </input_file>
      <input_file id="fl-1f">
         <path>C:\ti\controlSUITE\libs\math\IQmath\v160\lib\</path>
         <kind>archive</kind>
         <file>IQmath.lib</file>
         <name>IQmathTables.obj</name>
      </input_file>
      <input_file id="fl-20">
         <path>..\</path>
         <kind>archive</kind>
         <file>commros_28xx_c_regular.lib</file>
         <name>commros.obj</name>
      </input_file>
      <input_file id="fl-21">
         <path>..\</path>
         <kind>archive</kind>
         <file>commros_28xx_c_regular.lib</file>
         <name>ByteProtocol.obj</name>
      </input_file>
      <input_file id="fl-22">
         <path>..\</path>
         <kind>archive</kind>
         <file>commros_28xx_c_regular.lib</file>
         <name>Datalogger.obj</name>
      </input_file>
      <input_file id="fl-28">
         <path>C:\ti\ccsv6\tools\compiler\ti-cgt-c2000_6.4.2\lib\</path>
         <kind>archive</kind>
         <file>rts2800_ml.lib</file>
         <name>boot.obj</name>
      </input_file>
      <input_file id="fl-29">
         <path>C:\ti\ccsv6\tools\compiler\ti-cgt-c2000_6.4.2\lib\</path>
         <kind>archive</kind>
         <file>rts2800_ml.lib</file>
         <name>exit.obj</name>
      </input_file>
      <input_file id="fl-2a">
         <path>C:\ti\ccsv6\tools\compiler\ti-cgt-c2000_6.4.2\lib\</path>
         <kind>archive</kind>
         <file>rts2800_ml.lib</file>
         <name>fd_mpy.obj</name>
      </input_file>
      <input_file id="fl-2b">
         <path>C:\ti\ccsv6\tools\compiler\ti-cgt-c2000_6.4.2\lib\</path>
         <kind>archive</kind>
         <file>rts2800_ml.lib</file>
         <name>fd_tol.obj</name>
      </input_file>
      <input_file id="fl-2c">
         <path>C:\ti\ccsv6\tools\compiler\ti-cgt-c2000_6.4.2\lib\</path>
         <kind>archive</kind>
         <file>rts2800_ml.lib</file>
         <name>fs_mpy.obj</name>
      </input_file>
      <input_file id="fl-2d">
         <path>C:\ti\ccsv6\tools\compiler\ti-cgt-c2000_6.4.2\lib\</path>
         <kind>archive</kind>
         <file>rts2800_ml.lib</file>
         <name>fs_tofd.obj</name>
      </input_file>
      <input_file id="fl-2e">
         <path>C:\ti\ccsv6\tools\compiler\ti-cgt-c2000_6.4.2\lib\</path>
         <kind>archive</kind>
         <file>rts2800_ml.lib</file>
         <name>i_tofs.obj</name>
      </input_file>
      <input_file id="fl-2f">
         <path>C:\ti\ccsv6\tools\compiler\ti-cgt-c2000_6.4.2\lib\</path>
         <kind>archive</kind>
         <file>rts2800_ml.lib</file>
         <name>ll_aox.obj</name>
      </input_file>
      <input_file id="fl-30">
         <path>C:\ti\ccsv6\tools\compiler\ti-cgt-c2000_6.4.2\lib\</path>
         <kind>archive</kind>
         <file>rts2800_ml.lib</file>
         <name>ll_cmp.obj</name>
      </input_file>
      <input_file id="fl-31">
         <path>C:\ti\ccsv6\tools\compiler\ti-cgt-c2000_6.4.2\lib\</path>
         <kind>archive</kind>
         <file>rts2800_ml.lib</file>
         <name>_lock.obj</name>
      </input_file>
      <input_file id="fl-32">
         <path>C:\ti\ccsv6\tools\compiler\ti-cgt-c2000_6.4.2\lib\</path>
         <kind>archive</kind>
         <file>rts2800_ml.lib</file>
         <name>memset.obj</name>
      </input_file>
      <input_file id="fl-33">
         <path>C:\ti\ccsv6\tools\compiler\ti-cgt-c2000_6.4.2\lib\</path>
         <kind>archive</kind>
         <file>rts2800_ml.lib</file>
         <name>printf.obj</name>
      </input_file>
      <input_file id="fl-34">
         <path>C:\ti\ccsv6\tools\compiler\ti-cgt-c2000_6.4.2\lib\</path>
         <kind>archive</kind>
         <file>rts2800_ml.lib</file>
         <name>args_main.obj</name>
      </input_file>
      <input_file id="fl-35">
         <path>C:\ti\ccsv6\tools\compiler\ti-cgt-c2000_6.4.2\lib\</path>
         <kind>archive</kind>
         <file>rts2800_ml.lib</file>
         <name>defs.obj</name>
      </input_file>
      <input_file id="fl-36">
         <path>C:\ti\ccsv6\tools\compiler\ti-cgt-c2000_6.4.2\lib\</path>
         <kind>archive</kind>
         <file>rts2800_ml.lib</file>
         <name>fputc.obj</name>
      </input_file>
      <input_file id="fl-37">
         <path>C:\ti\ccsv6\tools\compiler\ti-cgt-c2000_6.4.2\lib\</path>
         <kind>archive</kind>
         <file>rts2800_ml.lib</file>
         <name>fputs.obj</name>
      </input_file>
      <input_file id="fl-38">
         <path>C:\ti\ccsv6\tools\compiler\ti-cgt-c2000_6.4.2\lib\</path>
         <kind>archive</kind>
         <file>rts2800_ml.lib</file>
         <name>_io_perm.obj</name>
      </input_file>
      <input_file id="fl-39">
         <path>C:\ti\ccsv6\tools\compiler\ti-cgt-c2000_6.4.2\lib\</path>
         <kind>archive</kind>
         <file>rts2800_ml.lib</file>
         <name>lowlev.obj</name>
      </input_file>
      <input_file id="fl-3a">
         <path>C:\ti\ccsv6\tools\compiler\ti-cgt-c2000_6.4.2\lib\</path>
         <kind>archive</kind>
         <file>rts2800_ml.lib</file>
         <name>memchr.obj</name>
      </input_file>
      <input_file id="fl-3b">
         <path>C:\ti\ccsv6\tools\compiler\ti-cgt-c2000_6.4.2\lib\</path>
         <kind>archive</kind>
         <file>rts2800_ml.lib</file>
         <name>memcpy.obj</name>
      </input_file>
      <input_file id="fl-3c">
         <path>C:\ti\ccsv6\tools\compiler\ti-cgt-c2000_6.4.2\lib\</path>
         <kind>archive</kind>
         <file>rts2800_ml.lib</file>
         <name>_printfi.obj</name>
      </input_file>
      <input_file id="fl-3d">
         <path>C:\ti\ccsv6\tools\compiler\ti-cgt-c2000_6.4.2\lib\</path>
         <kind>archive</kind>
         <file>rts2800_ml.lib</file>
         <name>setvbuf.obj</name>
      </input_file>
      <input_file id="fl-3e">
         <path>C:\ti\ccsv6\tools\compiler\ti-cgt-c2000_6.4.2\lib\</path>
         <kind>archive</kind>
         <file>rts2800_ml.lib</file>
         <name>strchr.obj</name>
      </input_file>
      <input_file id="fl-3f">
         <path>C:\ti\ccsv6\tools\compiler\ti-cgt-c2000_6.4.2\lib\</path>
         <kind>archive</kind>
         <file>rts2800_ml.lib</file>
         <name>strcmp.obj</name>
      </input_file>
      <input_file id="fl-40">
         <path>C:\ti\ccsv6\tools\compiler\ti-cgt-c2000_6.4.2\lib\</path>
         <kind>archive</kind>
         <file>rts2800_ml.lib</file>
         <name>strcpy.obj</name>
      </input_file>
      <input_file id="fl-41">
         <path>C:\ti\ccsv6\tools\compiler\ti-cgt-c2000_6.4.2\lib\</path>
         <kind>archive</kind>
         <file>rts2800_ml.lib</file>
         <name>strlen.obj</name>
      </input_file>
      <input_file id="fl-42">
         <path>C:\ti\ccsv6\tools\compiler\ti-cgt-c2000_6.4.2\lib\</path>
         <kind>archive</kind>
         <file>rts2800_ml.lib</file>
         <name>strncpy.obj</name>
      </input_file>
      <input_file id="fl-43">
         <path>C:\ti\ccsv6\tools\compiler\ti-cgt-c2000_6.4.2\lib\</path>
         <kind>archive</kind>
         <file>rts2800_ml.lib</file>
         <name>trgdrv.obj</name>
      </input_file>
      <input_file id="fl-44">
         <path>C:\ti\ccsv6\tools\compiler\ti-cgt-c2000_6.4.2\lib\</path>
         <kind>archive</kind>
         <file>rts2800_ml.lib</file>
         <name>ankmsg.obj</name>
      </input_file>
      <input_file id="fl-45">
         <path>C:\ti\ccsv6\tools\compiler\ti-cgt-c2000_6.4.2\lib\</path>
         <kind>archive</kind>
         <file>rts2800_ml.lib</file>
         <name>atoi.obj</name>
      </input_file>
      <input_file id="fl-46">
         <path>C:\ti\ccsv6\tools\compiler\ti-cgt-c2000_6.4.2\lib\</path>
         <kind>archive</kind>
         <file>rts2800_ml.lib</file>
         <name>ctype.obj</name>
      </input_file>
      <input_file id="fl-47">
         <path>C:\ti\ccsv6\tools\compiler\ti-cgt-c2000_6.4.2\lib\</path>
         <kind>archive</kind>
         <file>rts2800_ml.lib</file>
         <name>fd_cmp.obj</name>
      </input_file>
      <input_file id="fl-48">
         <path>C:\ti\ccsv6\tools\compiler\ti-cgt-c2000_6.4.2\lib\</path>
         <kind>archive</kind>
         <file>rts2800_ml.lib</file>
         <name>fd_div.obj</name>
      </input_file>
      <input_file id="fl-49">
         <path>C:\ti\ccsv6\tools\compiler\ti-cgt-c2000_6.4.2\lib\</path>
         <kind>archive</kind>
         <file>rts2800_ml.lib</file>
         <name>fd_neg.obj</name>
      </input_file>
      <input_file id="fl-4a">
         <path>C:\ti\ccsv6\tools\compiler\ti-cgt-c2000_6.4.2\lib\</path>
         <kind>archive</kind>
         <file>rts2800_ml.lib</file>
         <name>fd_sub.obj</name>
      </input_file>
      <input_file id="fl-4b">
         <path>C:\ti\ccsv6\tools\compiler\ti-cgt-c2000_6.4.2\lib\</path>
         <kind>archive</kind>
         <file>rts2800_ml.lib</file>
         <name>fd_tofs.obj</name>
      </input_file>
      <input_file id="fl-4c">
         <path>C:\ti\ccsv6\tools\compiler\ti-cgt-c2000_6.4.2\lib\</path>
         <kind>archive</kind>
         <file>rts2800_ml.lib</file>
         <name>fd_toi.obj</name>
      </input_file>
      <input_file id="fl-4d">
         <path>C:\ti\ccsv6\tools\compiler\ti-cgt-c2000_6.4.2\lib\</path>
         <kind>archive</kind>
         <file>rts2800_ml.lib</file>
         <name>fflush.obj</name>
      </input_file>
      <input_file id="fl-4e">
         <path>C:\ti\ccsv6\tools\compiler\ti-cgt-c2000_6.4.2\lib\</path>
         <kind>archive</kind>
         <file>rts2800_ml.lib</file>
         <name>fopen.obj</name>
      </input_file>
      <input_file id="fl-4f">
         <path>C:\ti\ccsv6\tools\compiler\ti-cgt-c2000_6.4.2\lib\</path>
         <kind>archive</kind>
         <file>rts2800_ml.lib</file>
         <name>frexp.obj</name>
      </input_file>
      <input_file id="fl-50">
         <path>C:\ti\ccsv6\tools\compiler\ti-cgt-c2000_6.4.2\lib\</path>
         <kind>archive</kind>
         <file>rts2800_ml.lib</file>
         <name>fseek.obj</name>
      </input_file>
      <input_file id="fl-51">
         <path>C:\ti\ccsv6\tools\compiler\ti-cgt-c2000_6.4.2\lib\</path>
         <kind>archive</kind>
         <file>rts2800_ml.lib</file>
         <name>i_tofd.obj</name>
      </input_file>
      <input_file id="fl-52">
         <path>C:\ti\ccsv6\tools\compiler\ti-cgt-c2000_6.4.2\lib\</path>
         <kind>archive</kind>
         <file>rts2800_ml.lib</file>
         <name>ldexp.obj</name>
      </input_file>
      <input_file id="fl-53">
         <path>C:\ti\ccsv6\tools\compiler\ti-cgt-c2000_6.4.2\lib\</path>
         <kind>archive</kind>
         <file>rts2800_ml.lib</file>
         <name>ll_div.obj</name>
      </input_file>
      <input_file id="fl-54">
         <path>C:\ti\ccsv6\tools\compiler\ti-cgt-c2000_6.4.2\lib\</path>
         <kind>archive</kind>
         <file>rts2800_ml.lib</file>
         <name>ltoa.obj</name>
      </input_file>
      <input_file id="fl-55">
         <path>C:\ti\ccsv6\tools\compiler\ti-cgt-c2000_6.4.2\lib\</path>
         <kind>archive</kind>
         <file>rts2800_ml.lib</file>
         <name>l_tofd.obj</name>
      </input_file>
      <input_file id="fl-56">
         <path>C:\ti\ccsv6\tools\compiler\ti-cgt-c2000_6.4.2\lib\</path>
         <kind>archive</kind>
         <file>rts2800_ml.lib</file>
         <name>memccpy.obj</name>
      </input_file>
      <input_file id="fl-57">
         <path>C:\ti\ccsv6\tools\compiler\ti-cgt-c2000_6.4.2\lib\</path>
         <kind>archive</kind>
         <file>rts2800_ml.lib</file>
         <name>memory.obj</name>
      </input_file>
      <input_file id="fl-58">
         <path>C:\ti\ccsv6\tools\compiler\ti-cgt-c2000_6.4.2\lib\</path>
         <kind>archive</kind>
         <file>rts2800_ml.lib</file>
         <name>errno.obj</name>
      </input_file>
      <input_file id="fl-59">
         <path>C:\ti\ccsv6\tools\compiler\ti-cgt-c2000_6.4.2\lib\</path>
         <kind>archive</kind>
         <file>rts2800_ml.lib</file>
         <name>fclose.obj</name>
      </input_file>
      <input_file id="fl-5a">
         <path>C:\ti\ccsv6\tools\compiler\ti-cgt-c2000_6.4.2\lib\</path>
         <kind>archive</kind>
         <file>rts2800_ml.lib</file>
         <name>fd_add.obj</name>
      </input_file>
      <input_file id="fl-5b">
         <path>C:\ti\ccsv6\tools\compiler\ti-cgt-c2000_6.4.2\lib\</path>
         <kind>archive</kind>
         <file>rts2800_ml.lib</file>
         <name>fs_cmp.obj</name>
      </input_file>
      <input_file id="fl-5c">
         <path>C:\ti\ccsv6\tools\compiler\ti-cgt-c2000_6.4.2\lib\</path>
         <kind>archive</kind>
         <file>rts2800_ml.lib</file>
         <name>l_div.obj</name>
      </input_file>
      <input_file id="fl-5d">
         <path>C:\ti\ccsv6\tools\compiler\ti-cgt-c2000_6.4.2\lib\</path>
         <kind>archive</kind>
         <file>rts2800_ml.lib</file>
         <name>remove.obj</name>
      </input_file>
   </input_file_list>
   <object_component_list>
      <object_component id="oc-b0">
         <name>PieVectTableFile</name>
         <uninitialized>true</uninitialized>
         <run_address>0xd00</run_address>
         <size>0x100</size>
         <input_file_ref idref="fl-5"/>
      </object_component>
      <object_component id="oc-83">
         <name>EmuKeyVar</name>
         <uninitialized>true</uninitialized>
         <run_address>0xd00</run_address>
         <size>0x1</size>
         <input_file_ref idref="fl-5"/>
      </object_component>
      <object_component id="oc-82">
         <name>EmuBModeVar</name>
         <uninitialized>true</uninitialized>
         <run_address>0xd01</run_address>
         <size>0x1</size>
         <input_file_ref idref="fl-5"/>
      </object_component>
      <object_component id="oc-85">
         <name>FlashCallbackVar</name>
         <uninitialized>true</uninitialized>
         <run_address>0xd02</run_address>
         <size>0x2</size>
         <input_file_ref idref="fl-5"/>
      </object_component>
      <object_component id="oc-86">
         <name>FlashScalingVar</name>
         <uninitialized>true</uninitialized>
         <run_address>0xd04</run_address>
         <size>0x2</size>
         <input_file_ref idref="fl-5"/>
      </object_component>
      <object_component id="oc-88">
         <name>DevEmuRegsFile</name>
         <uninitialized>true</uninitialized>
         <run_address>0x880</run_address>
         <size>0x4</size>
         <input_file_ref idref="fl-5"/>
      </object_component>
      <object_component id="oc-87">
         <name>SysPwrCtrlRegsFile</name>
         <uninitialized>true</uninitialized>
         <run_address>0x985</run_address>
         <size>0x3</size>
         <input_file_ref idref="fl-5"/>
      </object_component>
      <object_component id="oc-89">
         <name>FlashRegsFile</name>
         <uninitialized>true</uninitialized>
         <run_address>0xa80</run_address>
         <size>0x8</size>
         <input_file_ref idref="fl-5"/>
      </object_component>
      <object_component id="oc-94">
         <name>CsmRegsFile</name>
         <uninitialized>true</uninitialized>
         <run_address>0xae0</run_address>
         <size>0x10</size>
         <input_file_ref idref="fl-5"/>
      </object_component>
      <object_component id="oc-9e">
         <name>AdcResultFile</name>
         <uninitialized>true</uninitialized>
         <run_address>0xb00</run_address>
         <size>0x20</size>
         <input_file_ref idref="fl-5"/>
      </object_component>
      <object_component id="oc-8c">
         <name>CpuTimer0RegsFile</name>
         <uninitialized>true</uninitialized>
         <run_address>0xc00</run_address>
         <size>0x8</size>
         <input_file_ref idref="fl-5"/>
      </object_component>
      <object_component id="oc-8b">
         <name>CpuTimer1RegsFile</name>
         <uninitialized>true</uninitialized>
         <run_address>0xc08</run_address>
         <size>0x8</size>
         <input_file_ref idref="fl-5"/>
      </object_component>
      <object_component id="oc-8d">
         <name>CpuTimer2RegsFile</name>
         <uninitialized>true</uninitialized>
         <run_address>0xc10</run_address>
         <size>0x8</size>
         <input_file_ref idref="fl-5"/>
      </object_component>
      <object_component id="oc-98">
         <name>PieCtrlRegsFile</name>
         <uninitialized>true</uninitialized>
         <run_address>0xce0</run_address>
         <size>0x1a</size>
         <input_file_ref idref="fl-5"/>
      </object_component>
      <object_component id="oc-a2">
         <name>Cla1RegsFile</name>
         <uninitialized>true</uninitialized>
         <run_address>0x1400</run_address>
         <size>0x40</size>
         <input_file_ref idref="fl-5"/>
      </object_component>
      <object_component id="oc-a0">
         <name>ECanaRegsFile</name>
         <uninitialized>true</uninitialized>
         <run_address>0x6000</run_address>
         <size>0x34</size>
         <input_file_ref idref="fl-5"/>
      </object_component>
      <object_component id="oc-a5">
         <name>ECanaLAMRegsFile</name>
         <uninitialized>true</uninitialized>
         <run_address>0x6040</run_address>
         <size>0x40</size>
         <input_file_ref idref="fl-5"/>
      </object_component>
      <object_component id="oc-b1">
         <name>ECanaMboxesFile</name>
         <uninitialized>true</uninitialized>
         <run_address>0x6100</run_address>
         <size>0x100</size>
         <input_file_ref idref="fl-5"/>
      </object_component>
      <object_component id="oc-a4">
         <name>ECanaMOTSRegsFile</name>
         <uninitialized>true</uninitialized>
         <run_address>0x6080</run_address>
         <size>0x40</size>
         <input_file_ref idref="fl-5"/>
      </object_component>
      <object_component id="oc-ad">
         <name>ECanaMOTORegsFile</name>
         <uninitialized>true</uninitialized>
         <run_address>0x60c0</run_address>
         <size>0x40</size>
         <input_file_ref idref="fl-5"/>
      </object_component>
      <object_component id="oc-9d">
         <name>ECap1RegsFile</name>
         <uninitialized>true</uninitialized>
         <run_address>0x6a00</run_address>
         <size>0x20</size>
         <input_file_ref idref="fl-5"/>
      </object_component>
      <object_component id="oc-9c">
         <name>HRCap1RegsFile</name>
         <uninitialized>true</uninitialized>
         <run_address>0x6ac0</run_address>
         <size>0x20</size>
         <input_file_ref idref="fl-5"/>
      </object_component>
      <object_component id="oc-9b">
         <name>HRCap2RegsFile</name>
         <uninitialized>true</uninitialized>
         <run_address>0x6ae0</run_address>
         <size>0x20</size>
         <input_file_ref idref="fl-5"/>
      </object_component>
      <object_component id="oc-aa">
         <name>EQep1RegsFile</name>
         <uninitialized>true</uninitialized>
         <run_address>0x6b00</run_address>
         <size>0x40</size>
         <input_file_ref idref="fl-5"/>
      </object_component>
      <object_component id="oc-ae">
         <name>LinaRegsFile</name>
         <uninitialized>true</uninitialized>
         <run_address>0x6c00</run_address>
         <size>0x4a</size>
         <input_file_ref idref="fl-5"/>
      </object_component>
      <object_component id="oc-a9">
         <name>GpioCtrlRegsFile</name>
         <uninitialized>true</uninitialized>
         <run_address>0x6f80</run_address>
         <size>0x40</size>
         <input_file_ref idref="fl-5"/>
      </object_component>
      <object_component id="oc-9a">
         <name>GpioDataRegsFile</name>
         <uninitialized>true</uninitialized>
         <run_address>0x6fc0</run_address>
         <size>0x20</size>
         <input_file_ref idref="fl-5"/>
      </object_component>
      <object_component id="oc-8e">
         <name>GpioIntRegsFile</name>
         <uninitialized>true</uninitialized>
         <run_address>0x6fe0</run_address>
         <size>0xc</size>
         <input_file_ref idref="fl-5"/>
      </object_component>
      <object_component id="oc-99">
         <name>SysCtrlRegsFile</name>
         <uninitialized>true</uninitialized>
         <run_address>0x7010</run_address>
         <size>0x20</size>
         <input_file_ref idref="fl-5"/>
      </object_component>
      <object_component id="oc-8f">
         <name>SpiaRegsFile</name>
         <uninitialized>true</uninitialized>
         <run_address>0x7040</run_address>
         <size>0x10</size>
         <input_file_ref idref="fl-5"/>
      </object_component>
      <object_component id="oc-90">
         <name>SpibRegsFile</name>
         <uninitialized>true</uninitialized>
         <run_address>0x7740</run_address>
         <size>0x10</size>
         <input_file_ref idref="fl-5"/>
      </object_component>
      <object_component id="oc-92">
         <name>SciaRegsFile</name>
         <uninitialized>true</uninitialized>
         <run_address>0x7050</run_address>
         <size>0x10</size>
         <input_file_ref idref="fl-5"/>
      </object_component>
      <object_component id="oc-91">
         <name>NmiIntruptRegsFile</name>
         <uninitialized>true</uninitialized>
         <run_address>0x7060</run_address>
         <size>0x10</size>
         <input_file_ref idref="fl-5"/>
      </object_component>
      <object_component id="oc-93">
         <name>XIntruptRegsFile</name>
         <uninitialized>true</uninitialized>
         <run_address>0x7070</run_address>
         <size>0x10</size>
         <input_file_ref idref="fl-5"/>
      </object_component>
      <object_component id="oc-af">
         <name>AdcRegsFile</name>
         <uninitialized>true</uninitialized>
         <run_address>0x7100</run_address>
         <size>0x50</size>
         <input_file_ref idref="fl-5"/>
      </object_component>
      <object_component id="oc-9f">
         <name>I2caRegsFile</name>
         <uninitialized>true</uninitialized>
         <run_address>0x7900</run_address>
         <size>0x22</size>
         <input_file_ref idref="fl-5"/>
      </object_component>
      <object_component id="oc-95">
         <name>Comp1RegsFile</name>
         <uninitialized>true</uninitialized>
         <run_address>0x6400</run_address>
         <size>0x14</size>
         <input_file_ref idref="fl-5"/>
      </object_component>
      <object_component id="oc-96">
         <name>Comp2RegsFile</name>
         <uninitialized>true</uninitialized>
         <run_address>0x6420</run_address>
         <size>0x14</size>
         <input_file_ref idref="fl-5"/>
      </object_component>
      <object_component id="oc-97">
         <name>Comp3RegsFile</name>
         <uninitialized>true</uninitialized>
         <run_address>0x6440</run_address>
         <size>0x14</size>
         <input_file_ref idref="fl-5"/>
      </object_component>
      <object_component id="oc-a1">
         <name>EPwm1RegsFile</name>
         <uninitialized>true</uninitialized>
         <run_address>0x6800</run_address>
         <size>0x40</size>
         <input_file_ref idref="fl-5"/>
      </object_component>
      <object_component id="oc-a3">
         <name>EPwm2RegsFile</name>
         <uninitialized>true</uninitialized>
         <run_address>0x6840</run_address>
         <size>0x40</size>
         <input_file_ref idref="fl-5"/>
      </object_component>
      <object_component id="oc-a6">
         <name>EPwm3RegsFile</name>
         <uninitialized>true</uninitialized>
         <run_address>0x6880</run_address>
         <size>0x40</size>
         <input_file_ref idref="fl-5"/>
      </object_component>
      <object_component id="oc-ab">
         <name>EPwm4RegsFile</name>
         <uninitialized>true</uninitialized>
         <run_address>0x68c0</run_address>
         <size>0x40</size>
         <input_file_ref idref="fl-5"/>
      </object_component>
      <object_component id="oc-ac">
         <name>EPwm5RegsFile</name>
         <uninitialized>true</uninitialized>
         <run_address>0x6900</run_address>
         <size>0x40</size>
         <input_file_ref idref="fl-5"/>
      </object_component>
      <object_component id="oc-a8">
         <name>EPwm6RegsFile</name>
         <uninitialized>true</uninitialized>
         <run_address>0x6940</run_address>
         <size>0x40</size>
         <input_file_ref idref="fl-5"/>
      </object_component>
      <object_component id="oc-a7">
         <name>EPwm7RegsFile</name>
         <uninitialized>true</uninitialized>
         <run_address>0x6980</run_address>
         <size>0x40</size>
         <input_file_ref idref="fl-5"/>
      </object_component>
      <object_component id="oc-8a">
         <name>CsmPwlFile</name>
         <uninitialized>true</uninitialized>
         <run_address>0x3f7ff8</run_address>
         <size>0x8</size>
         <input_file_ref idref="fl-5"/>
      </object_component>
      <object_component id="oc-84">
         <name>PartIdRegsFile</name>
         <uninitialized>true</uninitialized>
         <run_address>0x3d7e80</run_address>
         <size>0x1</size>
         <input_file_ref idref="fl-5"/>
      </object_component>
      <object_component id="oc-bf">
         <name>.cinit</name>
         <load_address>0x3f639a</load_address>
         <run_address>0x3f639a</run_address>
         <size>0x171</size>
         <input_file_ref idref="fl-8"/>
      </object_component>
      <object_component id="oc-178">
         <name>.cinit</name>
         <load_address>0x3f650b</load_address>
         <run_address>0x3f650b</run_address>
         <size>0x31</size>
         <input_file_ref idref="fl-39"/>
      </object_component>
      <object_component id="oc-164">
         <name>.cinit</name>
         <load_address>0x3f653c</load_address>
         <run_address>0x3f653c</run_address>
         <size>0x2a</size>
         <input_file_ref idref="fl-35"/>
      </object_component>
      <object_component id="oc-126">
         <name>.cinit</name>
         <load_address>0x3f6566</load_address>
         <run_address>0x3f6566</run_address>
         <size>0xa</size>
         <input_file_ref idref="fl-29"/>
      </object_component>
      <object_component id="oc-23d">
         <name>.cinit:__lock</name>
         <load_address>0x3f6570</load_address>
         <run_address>0x3f6570</run_address>
         <size>0x5</size>
         <input_file_ref idref="fl-31"/>
      </object_component>
      <object_component id="oc-240">
         <name>.cinit:__unlock</name>
         <load_address>0x3f6575</load_address>
         <run_address>0x3f6575</run_address>
         <size>0x5</size>
         <input_file_ref idref="fl-31"/>
      </object_component>
      <object_component id="oc-21b">
         <name>.cinit</name>
         <load_address>0x3f657a</load_address>
         <run_address>0x3f657a</run_address>
         <size>0x4</size>
         <input_file_ref idref="fl-58"/>
      </object_component>
      <object_component id="oc-1e4">
         <name>.cinit</name>
         <load_address>0x3f657e</load_address>
         <run_address>0x3f657e</run_address>
         <size>0x4</size>
         <input_file_ref idref="fl-4e"/>
      </object_component>
      <object_component id="oc-213">
         <name>.cinit</name>
         <load_address>0x3f6582</load_address>
         <run_address>0x3f6582</run_address>
         <size>0x4</size>
         <input_file_ref idref="fl-57"/>
      </object_component>
      <object_component id="oc-110">
         <name>.text</name>
         <load_address>0x3f2000</load_address>
         <run_address>0x3f2000</run_address>
         <size>0x4b2</size>
         <input_file_ref idref="fl-20"/>
      </object_component>
      <object_component id="oc-11a">
         <name>.text</name>
         <load_address>0x3f24b2</load_address>
         <run_address>0x3f24b2</run_address>
         <size>0x267</size>
         <input_file_ref idref="fl-22"/>
      </object_component>
      <object_component id="oc-253">
         <name>.text</name>
         <load_address>0x3f2719</load_address>
         <run_address>0x3f2719</run_address>
         <size>0x20d</size>
         <input_file_ref idref="fl-39"/>
      </object_component>
      <object_component id="oc-23a">
         <name>.text</name>
         <load_address>0x3f2926</load_address>
         <run_address>0x3f2926</run_address>
         <size>0x1f7</size>
         <input_file_ref idref="fl-43"/>
      </object_component>
      <object_component id="oc-261">
         <name>.text</name>
         <load_address>0x3f2b1d</load_address>
         <run_address>0x3f2b1d</run_address>
         <size>0x1dd</size>
         <input_file_ref idref="fl-57"/>
      </object_component>
      <object_component id="oc-24c">
         <name>.text</name>
         <load_address>0x3f2cfa</load_address>
         <run_address>0x3f2cfa</run_address>
         <size>0x1c4</size>
         <input_file_ref idref="fl-3"/>
      </object_component>
      <object_component id="oc-247">
         <name>.text</name>
         <load_address>0x3f2ebe</load_address>
         <run_address>0x3f2ebe</run_address>
         <size>0x1bf</size>
         <input_file_ref idref="fl-b"/>
      </object_component>
      <object_component id="oc-246">
         <name>.text</name>
         <load_address>0x3f307d</load_address>
         <run_address>0x3f307d</run_address>
         <size>0x157</size>
         <input_file_ref idref="fl-f"/>
      </object_component>
      <object_component id="oc-1fe">
         <name>.text</name>
         <load_address>0x3f31d4</load_address>
         <run_address>0x3f31d4</run_address>
         <size>0x107</size>
         <input_file_ref idref="fl-53"/>
      </object_component>
      <object_component id="oc-262">
         <name>.text</name>
         <load_address>0x3f32db</load_address>
         <run_address>0x3f32db</run_address>
         <size>0x102</size>
         <input_file_ref idref="fl-4e"/>
      </object_component>
      <object_component id="oc-249">
         <name>.text</name>
         <load_address>0x3f33dd</load_address>
         <run_address>0x3f33dd</run_address>
         <size>0xd9</size>
         <input_file_ref idref="fl-9"/>
      </object_component>
      <object_component id="oc-24a">
         <name>.text</name>
         <load_address>0x3f34b6</load_address>
         <run_address>0x3f34b6</run_address>
         <size>0xb0</size>
         <input_file_ref idref="fl-e"/>
      </object_component>
      <object_component id="oc-24f">
         <name>.text</name>
         <load_address>0x3f3566</load_address>
         <run_address>0x3f3566</run_address>
         <size>0xa5</size>
         <input_file_ref idref="fl-37"/>
      </object_component>
      <object_component id="oc-223">
         <name>.text</name>
         <load_address>0x3f360b</load_address>
         <run_address>0x3f360b</run_address>
         <size>0x9c</size>
         <input_file_ref idref="fl-5a"/>
      </object_component>
      <object_component id="oc-23e">
         <name>.text</name>
         <load_address>0x3f36a7</load_address>
         <run_address>0x3f36a7</run_address>
         <size>0x94</size>
         <input_file_ref idref="fl-44"/>
      </object_component>
      <object_component id="oc-1c5">
         <name>.text</name>
         <load_address>0x3f373b</load_address>
         <run_address>0x3f373b</run_address>
         <size>0x8b</size>
         <input_file_ref idref="fl-48"/>
      </object_component>
      <object_component id="oc-12c">
         <name>.text</name>
         <load_address>0x3f37c6</load_address>
         <run_address>0x3f37c6</run_address>
         <size>0x83</size>
         <input_file_ref idref="fl-2a"/>
      </object_component>
      <object_component id="oc-25d">
         <name>.text</name>
         <load_address>0x3f3849</load_address>
         <run_address>0x3f3849</run_address>
         <size>0x7a</size>
         <input_file_ref idref="fl-3d"/>
      </object_component>
      <object_component id="oc-252">
         <name>.text</name>
         <load_address>0x3f38c3</load_address>
         <run_address>0x3f38c3</run_address>
         <size>0x6e</size>
         <input_file_ref idref="fl-4d"/>
      </object_component>
      <object_component id="oc-251">
         <name>.text</name>
         <load_address>0x3f3931</load_address>
         <run_address>0x3f3931</run_address>
         <size>0x67</size>
         <input_file_ref idref="fl-38"/>
      </object_component>
      <object_component id="oc-263">
         <name>.text</name>
         <load_address>0x3f3998</load_address>
         <run_address>0x3f3998</run_address>
         <size>0x5b</size>
         <input_file_ref idref="fl-59"/>
      </object_component>
      <object_component id="oc-136">
         <name>.text</name>
         <load_address>0x3f39f3</load_address>
         <run_address>0x3f39f3</run_address>
         <size>0x5a</size>
         <input_file_ref idref="fl-2c"/>
      </object_component>
      <object_component id="oc-cd">
         <name>.text</name>
         <load_address>0x3f3a4d</load_address>
         <run_address>0x3f3a4d</run_address>
         <size>0x53</size>
         <input_file_ref idref="fl-a"/>
      </object_component>
      <object_component id="oc-24e">
         <name>.text</name>
         <load_address>0x3f3aa0</load_address>
         <run_address>0x3f3aa0</run_address>
         <size>0x50</size>
         <input_file_ref idref="fl-36"/>
      </object_component>
      <object_component id="oc-e3">
         <name>.text</name>
         <load_address>0x3f3af0</load_address>
         <run_address>0x3f3af0</run_address>
         <size>0x4b</size>
         <input_file_ref idref="fl-d"/>
      </object_component>
      <object_component id="oc-73">
         <name>.text</name>
         <load_address>0x3f3b3b</load_address>
         <run_address>0x3f3b3b</run_address>
         <size>0x44</size>
         <input_file_ref idref="fl-28"/>
      </object_component>
      <object_component id="oc-25a">
         <name>.text</name>
         <load_address>0x3f3b7f</load_address>
         <run_address>0x3f3b7f</run_address>
         <size>0x41</size>
         <input_file_ref idref="fl-52"/>
      </object_component>
      <object_component id="oc-25c">
         <name>.text</name>
         <load_address>0x3f3bc0</load_address>
         <run_address>0x3f3bc0</run_address>
         <size>0x3d</size>
         <input_file_ref idref="fl-50"/>
      </object_component>
      <object_component id="oc-108">
         <name>.text</name>
         <load_address>0x3f3bfd</load_address>
         <run_address>0x3f3bfd</run_address>
         <size>0x3a</size>
         <input_file_ref idref="fl-1b"/>
      </object_component>
      <object_component id="oc-24d">
         <name>.text</name>
         <load_address>0x3f3c37</load_address>
         <run_address>0x3f3c37</run_address>
         <size>0x34</size>
         <input_file_ref idref="fl-33"/>
      </object_component>
      <object_component id="oc-256">
         <name>.text</name>
         <load_address>0x3f3c6b</load_address>
         <run_address>0x3f3c6b</run_address>
         <size>0x31</size>
         <input_file_ref idref="fl-45"/>
      </object_component>
      <object_component id="oc-257">
         <name>.text</name>
         <load_address>0x3f3c9c</load_address>
         <run_address>0x3f3c9c</run_address>
         <size>0x2e</size>
         <input_file_ref idref="fl-54"/>
      </object_component>
      <object_component id="oc-1c0">
         <name>.text</name>
         <load_address>0x3f3cca</load_address>
         <run_address>0x3f3cca</run_address>
         <size>0x2a</size>
         <input_file_ref idref="fl-47"/>
      </object_component>
      <object_component id="oc-22d">
         <name>.text</name>
         <load_address>0x3f3cf4</load_address>
         <run_address>0x3f3cf4</run_address>
         <size>0x2a</size>
         <input_file_ref idref="fl-5c"/>
      </object_component>
      <object_component id="oc-25f">
         <name>.text</name>
         <load_address>0x3f3d1e</load_address>
         <run_address>0x3f3d1e</run_address>
         <size>0x23</size>
         <input_file_ref idref="fl-42"/>
      </object_component>
      <object_component id="oc-1d4">
         <name>.text</name>
         <load_address>0x3f3d41</load_address>
         <run_address>0x3f3d41</run_address>
         <size>0x21</size>
         <input_file_ref idref="fl-4b"/>
      </object_component>
      <object_component id="oc-1d9">
         <name>.text</name>
         <load_address>0x3f3d62</load_address>
         <run_address>0x3f3d62</run_address>
         <size>0x21</size>
         <input_file_ref idref="fl-4c"/>
      </object_component>
      <object_component id="oc-131">
         <name>.text</name>
         <load_address>0x3f3d83</load_address>
         <run_address>0x3f3d83</run_address>
         <size>0x1f</size>
         <input_file_ref idref="fl-2b"/>
      </object_component>
      <object_component id="oc-14a">
         <name>.text</name>
         <load_address>0x3f3da2</load_address>
         <run_address>0x3f3da2</run_address>
         <size>0x1e</size>
         <input_file_ref idref="fl-30"/>
      </object_component>
      <object_component id="oc-1f4">
         <name>.text</name>
         <load_address>0x3f3dc0</load_address>
         <run_address>0x3f3dc0</run_address>
         <size>0x1d</size>
         <input_file_ref idref="fl-51"/>
      </object_component>
      <object_component id="oc-255">
         <name>.text</name>
         <load_address>0x3f3ddd</load_address>
         <run_address>0x3f3ddd</run_address>
         <size>0x1d</size>
         <input_file_ref idref="fl-3b"/>
      </object_component>
      <object_component id="oc-13b">
         <name>.text</name>
         <load_address>0x3f3dfa</load_address>
         <run_address>0x3f3dfa</run_address>
         <size>0x1c</size>
         <input_file_ref idref="fl-2d"/>
      </object_component>
      <object_component id="oc-208">
         <name>.text</name>
         <load_address>0x3f3e16</load_address>
         <run_address>0x3f3e16</run_address>
         <size>0x1c</size>
         <input_file_ref idref="fl-55"/>
      </object_component>
      <object_component id="oc-140">
         <name>.text</name>
         <load_address>0x3f3e32</load_address>
         <run_address>0x3f3e32</run_address>
         <size>0x1a</size>
         <input_file_ref idref="fl-2e"/>
      </object_component>
      <object_component id="oc-237">
         <name>.text</name>
         <load_address>0x3f3e4c</load_address>
         <run_address>0x3f3e4c</run_address>
         <size>0x19</size>
         <input_file_ref idref="fl-34"/>
      </object_component>
      <object_component id="oc-238">
         <name>.text</name>
         <load_address>0x3f3e65</load_address>
         <run_address>0x3f3e65</run_address>
         <size>0x19</size>
         <input_file_ref idref="fl-29"/>
      </object_component>
      <object_component id="oc-145">
         <name>.text</name>
         <load_address>0x3f3e7e</load_address>
         <run_address>0x3f3e7e</run_address>
         <size>0x18</size>
         <input_file_ref idref="fl-2f"/>
      </object_component>
      <object_component id="oc-228">
         <name>.text</name>
         <load_address>0x3f3e96</load_address>
         <run_address>0x3f3e96</run_address>
         <size>0x17</size>
         <input_file_ref idref="fl-5b"/>
      </object_component>
      <object_component id="oc-259">
         <name>.text</name>
         <load_address>0x3f3ead</load_address>
         <run_address>0x3f3ead</run_address>
         <size>0x14</size>
         <input_file_ref idref="fl-4f"/>
      </object_component>
      <object_component id="oc-1cf">
         <name>.text</name>
         <load_address>0x3f3ec1</load_address>
         <run_address>0x3f3ec1</run_address>
         <size>0xe</size>
         <input_file_ref idref="fl-4a"/>
      </object_component>
      <object_component id="oc-25b">
         <name>.text</name>
         <load_address>0x3f3ecf</load_address>
         <run_address>0x3f3ecf</run_address>
         <size>0xe</size>
         <input_file_ref idref="fl-56"/>
      </object_component>
      <object_component id="oc-239">
         <name>.text</name>
         <load_address>0x3f3edd</load_address>
         <run_address>0x3f3edd</run_address>
         <size>0xc</size>
         <input_file_ref idref="fl-32"/>
      </object_component>
      <object_component id="oc-258">
         <name>.text</name>
         <load_address>0x3f3ee9</load_address>
         <run_address>0x3f3ee9</run_address>
         <size>0xb</size>
         <input_file_ref idref="fl-3e"/>
      </object_component>
      <object_component id="oc-25e">
         <name>.text</name>
         <load_address>0x3f3ef4</load_address>
         <run_address>0x3f3ef4</run_address>
         <size>0xa</size>
         <input_file_ref idref="fl-3f"/>
      </object_component>
      <object_component id="oc-244">
         <name>.text</name>
         <load_address>0x3f3efe</load_address>
         <run_address>0x3f3efe</run_address>
         <size>0x9</size>
         <input_file_ref idref="fl-31"/>
      </object_component>
      <object_component id="oc-1ca">
         <name>.text</name>
         <load_address>0x3f3f07</load_address>
         <run_address>0x3f3f07</run_address>
         <size>0x9</size>
         <input_file_ref idref="fl-49"/>
      </object_component>
      <object_component id="oc-7b">
         <name>.text</name>
         <load_address>0x3f3f10</load_address>
         <run_address>0x3f3f10</run_address>
         <size>0x8</size>
         <input_file_ref idref="fl-4"/>
      </object_component>
      <object_component id="oc-241">
         <name>.text</name>
         <load_address>0x3f3f18</load_address>
         <run_address>0x3f3f18</run_address>
         <size>0x8</size>
         <input_file_ref idref="fl-41"/>
      </object_component>
      <object_component id="oc-b9">
         <name>.text:retain</name>
         <load_address>0x3f3f20</load_address>
         <run_address>0x3f3f20</run_address>
         <size>0x5</size>
         <input_file_ref idref="fl-7"/>
      </object_component>
      <object_component id="oc-d9">
         <name>.text:retain</name>
         <load_address>0x3f3f25</load_address>
         <run_address>0x3f3f25</run_address>
         <size>0x5</size>
         <input_file_ref idref="fl-b"/>
      </object_component>
      <object_component id="oc-242">
         <name>.text</name>
         <load_address>0x3f3f2a</load_address>
         <run_address>0x3f3f2a</run_address>
         <size>0x5</size>
         <input_file_ref idref="fl-40"/>
      </object_component>
      <object_component id="oc-23b">
         <name>.text</name>
         <load_address>0x3f3f2f</load_address>
         <run_address>0x3f3f2f</run_address>
         <size>0x3</size>
         <input_file_ref idref="fl-c"/>
      </object_component>
      <object_component id="oc-264">
         <name>.text</name>
         <load_address>0x3f3f32</load_address>
         <run_address>0x3f3f32</run_address>
         <size>0x3</size>
         <input_file_ref idref="fl-5d"/>
      </object_component>
      <object_component id="oc-250">
         <name>.text</name>
         <load_address>0x3f6616</load_address>
         <run_address>0x3f6616</run_address>
         <size>0xb6e</size>
         <input_file_ref idref="fl-3c"/>
      </object_component>
      <object_component id="oc-243">
         <name>.text</name>
         <load_address>0x3f7184</load_address>
         <run_address>0x3f7184</run_address>
         <size>0x976</size>
         <input_file_ref idref="fl-8"/>
      </object_component>
      <object_component id="oc-245">
         <name>.text</name>
         <load_address>0x3f7afa</load_address>
         <run_address>0x3f7afa</run_address>
         <size>0x34f</size>
         <input_file_ref idref="fl-10"/>
      </object_component>
      <object_component id="oc-115">
         <name>.text</name>
         <load_address>0x3f7e49</load_address>
         <run_address>0x3f7e49</run_address>
         <size>0x125</size>
         <input_file_ref idref="fl-21"/>
      </object_component>
      <object_component id="oc-254">
         <name>.text</name>
         <load_address>0x3f7f6e</load_address>
         <run_address>0x3f7f6e</run_address>
         <size>0x11</size>
         <input_file_ref idref="fl-3a"/>
      </object_component>
      <object_component id="oc-7c">
         <name>codestart</name>
         <load_address>0x3f7ff6</load_address>
         <run_address>0x3f7ff6</run_address>
         <size>0x2</size>
         <input_file_ref idref="fl-4"/>
      </object_component>
      <object_component id="oc-d3">
         <name>ramfuncs</name>
         <load_address>0x3f0000</load_address>
         <run_address>0x9000</run_address>
         <size>0xcf</size>
         <input_file_ref idref="fl-a"/>
      </object_component>
      <object_component id="oc-248">
         <name>ramfuncs</name>
         <load_address>0x3f00cf</load_address>
         <run_address>0x90cf</run_address>
         <size>0x1b</size>
         <input_file_ref idref="fl-b"/>
      </object_component>
      <object_component id="oc-b3">
         <name>ramfuncs</name>
         <load_address>0x3f00ea</load_address>
         <run_address>0x90ea</run_address>
         <size>0x4</size>
         <input_file_ref idref="fl-6"/>
      </object_component>
      <object_component id="oc-11f">
         <name>.stack</name>
         <uninitialized>true</uninitialized>
         <run_address>0x50</run_address>
         <size>0x0</size>
         <input_file_ref idref="fl-28"/>
      </object_component>
      <object_component id="oc-2e0">
         <name>.stack</name>
         <uninitialized>true</uninitialized>
         <run_address>0x50</run_address>
         <size>0x0</size>
      </object_component>
      <object_component id="oc-c0">
         <name>.ebss</name>
         <uninitialized>true</uninitialized>
         <run_address>0x8300</run_address>
         <size>0x274</size>
         <input_file_ref idref="fl-8"/>
      </object_component>
      <object_component id="oc-ea">
         <name>.ebss</name>
         <uninitialized>true</uninitialized>
         <run_address>0x8000</run_address>
         <size>0x2c8</size>
         <input_file_ref idref="fl-e"/>
      </object_component>
      <object_component id="oc-127">
         <name>.ebss</name>
         <uninitialized>true</uninitialized>
         <run_address>0x82d8</run_address>
         <size>0x4</size>
         <input_file_ref idref="fl-29"/>
      </object_component>
      <object_component id="oc-23f">
         <name>.ebss:__unlock</name>
         <uninitialized>true</uninitialized>
         <run_address>0x82de</run_address>
         <size>0x2</size>
         <input_file_ref idref="fl-31"/>
      </object_component>
      <object_component id="oc-23c">
         <name>.ebss:__lock</name>
         <uninitialized>true</uninitialized>
         <run_address>0x82dc</run_address>
         <size>0x2</size>
         <input_file_ref idref="fl-31"/>
      </object_component>
      <object_component id="oc-165">
         <name>.ebss</name>
         <uninitialized>true</uninitialized>
         <run_address>0x8580</run_address>
         <size>0x160</size>
         <input_file_ref idref="fl-35"/>
      </object_component>
      <object_component id="oc-179">
         <name>.ebss</name>
         <uninitialized>true</uninitialized>
         <run_address>0x8700</run_address>
         <size>0x88</size>
         <input_file_ref idref="fl-39"/>
      </object_component>
      <object_component id="oc-1ae">
         <name>.ebss</name>
         <uninitialized>true</uninitialized>
         <run_address>0x82d0</run_address>
         <size>0x8</size>
         <input_file_ref idref="fl-43"/>
      </object_component>
      <object_component id="oc-1e5">
         <name>.ebss</name>
         <uninitialized>true</uninitialized>
         <run_address>0x82e1</run_address>
         <size>0x1</size>
         <input_file_ref idref="fl-4e"/>
      </object_component>
      <object_component id="oc-215">
         <name>.ebss</name>
         <uninitialized>true</uninitialized>
         <run_address>0x82c8</run_address>
         <size>0x8</size>
         <input_file_ref idref="fl-57"/>
      </object_component>
      <object_component id="oc-21c">
         <name>.ebss</name>
         <uninitialized>true</uninitialized>
         <run_address>0x82e0</run_address>
         <size>0x1</size>
         <input_file_ref idref="fl-58"/>
      </object_component>
      <object_component id="oc-214">
         <name>.esysmem</name>
         <uninitialized>true</uninitialized>
         <run_address>0x400</run_address>
         <size>0x1</size>
         <input_file_ref idref="fl-57"/>
      </object_component>
      <object_component id="oc-2e1">
         <name>.esysmem</name>
         <uninitialized>true</uninitialized>
         <run_address>0x400</run_address>
         <size>0x0</size>
      </object_component>
      <object_component id="oc-260">
         <name>.econst:.string:__ctypes_</name>
         <load_address>0x3f6000</load_address>
         <run_address>0x3f6000</run_address>
         <size>0x101</size>
         <input_file_ref idref="fl-46"/>
      </object_component>
      <object_component id="oc-f7">
         <name>.econst:.string</name>
         <load_address>0x3f6102</load_address>
         <run_address>0x3f6102</run_address>
         <size>0xe8</size>
         <input_file_ref idref="fl-10"/>
      </object_component>
      <object_component id="oc-f1">
         <name>.econst:.string</name>
         <load_address>0x3f61ea</load_address>
         <run_address>0x3f61ea</run_address>
         <size>0x83</size>
         <input_file_ref idref="fl-f"/>
      </object_component>
      <object_component id="oc-103">
         <name>.econst:.string</name>
         <load_address>0x3f626e</load_address>
         <run_address>0x3f626e</run_address>
         <size>0x49</size>
         <input_file_ref idref="fl-12"/>
      </object_component>
      <object_component id="oc-fd">
         <name>.econst:.string</name>
         <load_address>0x3f62b8</load_address>
         <run_address>0x3f62b8</run_address>
         <size>0x46</size>
         <input_file_ref idref="fl-11"/>
      </object_component>
      <object_component id="oc-c3">
         <name>.econst:.string</name>
         <load_address>0x3f62fe</load_address>
         <run_address>0x3f62fe</run_address>
         <size>0x32</size>
         <input_file_ref idref="fl-8"/>
      </object_component>
      <object_component id="oc-18a">
         <name>.econst:.string</name>
         <load_address>0x3f6330</load_address>
         <run_address>0x3f6330</run_address>
         <size>0x26</size>
         <input_file_ref idref="fl-3c"/>
      </object_component>
      <object_component id="oc-189">
         <name>.econst</name>
         <load_address>0x3f6356</load_address>
         <run_address>0x3f6356</run_address>
         <size>0x1c</size>
         <input_file_ref idref="fl-3c"/>
      </object_component>
      <object_component id="oc-eb">
         <name>.econst:.string</name>
         <load_address>0x3f6372</load_address>
         <run_address>0x3f6372</run_address>
         <size>0x12</size>
         <input_file_ref idref="fl-e"/>
      </object_component>
      <object_component id="oc-24b">
         <name>.econst:_$P$T0$1</name>
         <load_address>0x3f6384</load_address>
         <run_address>0x3f6384</run_address>
         <size>0x10</size>
         <input_file_ref idref="fl-8"/>
      </object_component>
      <object_component id="oc-c2">
         <name>.econst</name>
         <load_address>0x3f6394</load_address>
         <run_address>0x3f6394</run_address>
         <size>0x4</size>
         <input_file_ref idref="fl-8"/>
      </object_component>
      <object_component id="oc-16d">
         <name>.econst:.string</name>
         <load_address>0x3f6398</load_address>
         <run_address>0x3f6398</run_address>
         <size>0x2</size>
         <input_file_ref idref="fl-37"/>
      </object_component>
      <object_component id="oc-10d">
         <name>IQmath</name>
         <load_address>0x3f6588</load_address>
         <run_address>0x3f6588</run_address>
         <size>0x47</size>
         <input_file_ref idref="fl-1d"/>
      </object_component>
      <object_component id="oc-10e">
         <name>IQmath</name>
         <load_address>0x3f65cf</load_address>
         <run_address>0x3f65cf</run_address>
         <size>0x47</size>
         <input_file_ref idref="fl-1e"/>
      </object_component>
      <object_component id="oc-10f">
         <name>IQmathTables</name>
         <load_address>0x3fe000</load_address>
         <run_address>0x3fe000</run_address>
         <size>0xb50</size>
         <input_file_ref idref="fl-1f"/>
      </object_component>
      <object_component id="oc-120">
         <name>.reset</name>
         <load_address>0x3fffc0</load_address>
         <run_address>0x3fffc0</run_address>
         <size>0x2</size>
         <input_file_ref idref="fl-28"/>
      </object_component>
      <object_component id="oc-e4">
         <name>DLOG</name>
         <uninitialized>true</uninitialized>
         <run_address>0x8800</run_address>
         <size>0x190</size>
         <input_file_ref idref="fl-d"/>
      </object_component>
      <object_component id="oc-10c">
         <name>SINTBL</name>
         <load_address>0x3f4000</load_address>
         <run_address>0x3f4000</run_address>
         <size>0x101</size>
         <input_file_ref idref="fl-1c"/>
      </object_component>
      <object_component id="oc-d0">
         <name>ADCDRV_1ch_Section</name>
         <uninitialized>true</uninitialized>
         <run_address>0x89dc</run_address>
         <size>0x8</size>
         <input_file_ref idref="fl-a"/>
      </object_component>
      <object_component id="oc-d1">
         <name>CNTL_2P2Z_Section</name>
         <uninitialized>true</uninitialized>
         <run_address>0x8990</run_address>
         <size>0x24</size>
         <input_file_ref idref="fl-a"/>
      </object_component>
      <object_component id="oc-c1">
         <name>CNTL_2P2Z_Coef</name>
         <uninitialized>true</uninitialized>
         <run_address>0x89c0</run_address>
         <size>0x1c</size>
         <input_file_ref idref="fl-8"/>
      </object_component>
      <object_component id="oc-d2">
         <name>MATH_EMAVG_Section</name>
         <uninitialized>true</uninitialized>
         <run_address>0x89b4</run_address>
         <size>0xc</size>
         <input_file_ref idref="fl-a"/>
      </object_component>
      <object_component id="oc-cf">
         <name>PWMDRV_1ch_UpDwnCntCompl_Section</name>
         <uninitialized>true</uninitialized>
         <run_address>0x89e4</run_address>
         <size>0x4</size>
         <input_file_ref idref="fl-a"/>
      </object_component>
      <object_component id="oc-ce">
         <name>ZeroNet_Section</name>
         <uninitialized>true</uninitialized>
         <run_address>0x89e8</run_address>
         <size>0x2</size>
         <input_file_ref idref="fl-a"/>
      </object_component>
      <object_component id="oc-74">
         <name>.debug_info</name>
         <load_address>0x0</load_address>
         <run_address>0x0</run_address>
         <size>0x175</size>
         <input_file_ref idref="fl-2"/>
      </object_component>
      <object_component id="oc-76">
         <name>.debug_info</name>
         <load_address>0x175</load_address>
         <run_address>0x175</run_address>
         <size>0x1dfb</size>
         <input_file_ref idref="fl-3"/>
      </object_component>
      <object_component id="oc-7d">
         <name>.debug_info</name>
         <load_address>0x1f70</load_address>
         <run_address>0x1f70</run_address>
         <size>0x1e9</size>
         <input_file_ref idref="fl-4"/>
      </object_component>
      <object_component id="oc-81">
         <name>.debug_info</name>
         <load_address>0x2159</load_address>
         <run_address>0x2159</run_address>
         <size>0x14010</size>
         <input_file_ref idref="fl-5"/>
      </object_component>
      <object_component id="oc-b4">
         <name>.debug_info</name>
         <load_address>0x16169</load_address>
         <run_address>0x16169</run_address>
         <size>0x16e</size>
         <input_file_ref idref="fl-6"/>
      </object_component>
      <object_component id="oc-b8">
         <name>.debug_info</name>
         <load_address>0x162d7</load_address>
         <run_address>0x162d7</run_address>
         <size>0x2e0</size>
         <input_file_ref idref="fl-7"/>
      </object_component>
      <object_component id="oc-be">
         <name>.debug_info</name>
         <load_address>0x165b7</load_address>
         <run_address>0x165b7</run_address>
         <size>0xc69c</size>
         <input_file_ref idref="fl-8"/>
      </object_component>
      <object_component id="oc-c8">
         <name>.debug_info</name>
         <load_address>0x22c53</load_address>
         <run_address>0x22c53</run_address>
         <size>0x2445</size>
         <input_file_ref idref="fl-9"/>
      </object_component>
      <object_component id="oc-d4">
         <name>.debug_info</name>
         <load_address>0x25098</load_address>
         <run_address>0x25098</run_address>
         <size>0x126</size>
         <input_file_ref idref="fl-a"/>
      </object_component>
      <object_component id="oc-d8">
         <name>.debug_info</name>
         <load_address>0x251be</load_address>
         <run_address>0x251be</run_address>
         <size>0x4689</size>
         <input_file_ref idref="fl-b"/>
      </object_component>
      <object_component id="oc-de">
         <name>.debug_info</name>
         <load_address>0x29847</load_address>
         <run_address>0x29847</run_address>
         <size>0x323</size>
         <input_file_ref idref="fl-c"/>
      </object_component>
      <object_component id="oc-e5">
         <name>.debug_info</name>
         <load_address>0x29b6a</load_address>
         <run_address>0x29b6a</run_address>
         <size>0x161</size>
         <input_file_ref idref="fl-d"/>
      </object_component>
      <object_component id="oc-e9">
         <name>.debug_info</name>
         <load_address>0x29ccb</load_address>
         <run_address>0x29ccb</run_address>
         <size>0x319d</size>
         <input_file_ref idref="fl-e"/>
      </object_component>
      <object_component id="oc-f0">
         <name>.debug_info</name>
         <load_address>0x2ce68</load_address>
         <run_address>0x2ce68</run_address>
         <size>0x9fb</size>
         <input_file_ref idref="fl-f"/>
      </object_component>
      <object_component id="oc-f6">
         <name>.debug_info</name>
         <load_address>0x2d863</load_address>
         <run_address>0x2d863</run_address>
         <size>0xd73</size>
         <input_file_ref idref="fl-10"/>
      </object_component>
      <object_component id="oc-fc">
         <name>.debug_info</name>
         <load_address>0x2e5d6</load_address>
         <run_address>0x2e5d6</run_address>
         <size>0x4b5</size>
         <input_file_ref idref="fl-11"/>
      </object_component>
      <object_component id="oc-102">
         <name>.debug_info</name>
         <load_address>0x2ea8b</load_address>
         <run_address>0x2ea8b</run_address>
         <size>0x4ca</size>
         <input_file_ref idref="fl-12"/>
      </object_component>
      <object_component id="oc-109">
         <name>.debug_info</name>
         <load_address>0x2ef55</load_address>
         <run_address>0x2ef55</run_address>
         <size>0x105</size>
         <input_file_ref idref="fl-1b"/>
      </object_component>
      <object_component id="oc-111">
         <name>.debug_info</name>
         <load_address>0x2f05a</load_address>
         <run_address>0x2f05a</run_address>
         <size>0x23b8</size>
         <input_file_ref idref="fl-20"/>
      </object_component>
      <object_component id="oc-116">
         <name>.debug_info</name>
         <load_address>0x31412</load_address>
         <run_address>0x31412</run_address>
         <size>0x965</size>
         <input_file_ref idref="fl-21"/>
      </object_component>
      <object_component id="oc-11b">
         <name>.debug_info</name>
         <load_address>0x31d77</load_address>
         <run_address>0x31d77</run_address>
         <size>0x1425</size>
         <input_file_ref idref="fl-22"/>
      </object_component>
      <object_component id="oc-121">
         <name>.debug_info</name>
         <load_address>0x3319c</load_address>
         <run_address>0x3319c</run_address>
         <size>0x112</size>
         <input_file_ref idref="fl-28"/>
      </object_component>
      <object_component id="oc-125">
         <name>.debug_info</name>
         <load_address>0x332ae</load_address>
         <run_address>0x332ae</run_address>
         <size>0x407</size>
         <input_file_ref idref="fl-29"/>
      </object_component>
      <object_component id="oc-12d">
         <name>.debug_info</name>
         <load_address>0x336b5</load_address>
         <run_address>0x336b5</run_address>
         <size>0xf4</size>
         <input_file_ref idref="fl-2a"/>
      </object_component>
      <object_component id="oc-132">
         <name>.debug_info</name>
         <load_address>0x337a9</load_address>
         <run_address>0x337a9</run_address>
         <size>0xf4</size>
         <input_file_ref idref="fl-2b"/>
      </object_component>
      <object_component id="oc-137">
         <name>.debug_info</name>
         <load_address>0x3389d</load_address>
         <run_address>0x3389d</run_address>
         <size>0xf4</size>
         <input_file_ref idref="fl-2c"/>
      </object_component>
      <object_component id="oc-13c">
         <name>.debug_info</name>
         <load_address>0x33991</load_address>
         <run_address>0x33991</run_address>
         <size>0xf7</size>
         <input_file_ref idref="fl-2d"/>
      </object_component>
      <object_component id="oc-141">
         <name>.debug_info</name>
         <load_address>0x33a88</load_address>
         <run_address>0x33a88</run_address>
         <size>0xfa</size>
         <input_file_ref idref="fl-2e"/>
      </object_component>
      <object_component id="oc-146">
         <name>.debug_info</name>
         <load_address>0x33b82</load_address>
         <run_address>0x33b82</run_address>
         <size>0x15a</size>
         <input_file_ref idref="fl-2f"/>
      </object_component>
      <object_component id="oc-14b">
         <name>.debug_info</name>
         <load_address>0x33cdc</load_address>
         <run_address>0x33cdc</run_address>
         <size>0x130</size>
         <input_file_ref idref="fl-30"/>
      </object_component>
      <object_component id="oc-14f">
         <name>.debug_info</name>
         <load_address>0x33e0c</load_address>
         <run_address>0x33e0c</run_address>
         <size>0x431</size>
         <input_file_ref idref="fl-31"/>
      </object_component>
      <object_component id="oc-154">
         <name>.debug_info</name>
         <load_address>0x3423d</load_address>
         <run_address>0x3423d</run_address>
         <size>0x425</size>
         <input_file_ref idref="fl-32"/>
      </object_component>
      <object_component id="oc-159">
         <name>.debug_info</name>
         <load_address>0x34662</load_address>
         <run_address>0x34662</run_address>
         <size>0x685</size>
         <input_file_ref idref="fl-33"/>
      </object_component>
      <object_component id="oc-15e">
         <name>.debug_info</name>
         <load_address>0x34ce7</load_address>
         <run_address>0x34ce7</run_address>
         <size>0x3fe</size>
         <input_file_ref idref="fl-34"/>
      </object_component>
      <object_component id="oc-163">
         <name>.debug_info</name>
         <load_address>0x350e5</load_address>
         <run_address>0x350e5</run_address>
         <size>0x2b1</size>
         <input_file_ref idref="fl-35"/>
      </object_component>
      <object_component id="oc-167">
         <name>.debug_info</name>
         <load_address>0x35396</load_address>
         <run_address>0x35396</run_address>
         <size>0x5ab</size>
         <input_file_ref idref="fl-36"/>
      </object_component>
      <object_component id="oc-16c">
         <name>.debug_info</name>
         <load_address>0x35941</load_address>
         <run_address>0x35941</run_address>
         <size>0x7a6</size>
         <input_file_ref idref="fl-37"/>
      </object_component>
      <object_component id="oc-172">
         <name>.debug_info</name>
         <load_address>0x360e7</load_address>
         <run_address>0x360e7</run_address>
         <size>0x509</size>
         <input_file_ref idref="fl-38"/>
      </object_component>
      <object_component id="oc-177">
         <name>.debug_info</name>
         <load_address>0x365f0</load_address>
         <run_address>0x365f0</run_address>
         <size>0x12fa</size>
         <input_file_ref idref="fl-39"/>
      </object_component>
      <object_component id="oc-17e">
         <name>.debug_info</name>
         <load_address>0x378ea</load_address>
         <run_address>0x378ea</run_address>
         <size>0x427</size>
         <input_file_ref idref="fl-3a"/>
      </object_component>
      <object_component id="oc-183">
         <name>.debug_info</name>
         <load_address>0x37d11</load_address>
         <run_address>0x37d11</run_address>
         <size>0x3bb</size>
         <input_file_ref idref="fl-3b"/>
      </object_component>
      <object_component id="oc-188">
         <name>.debug_info</name>
         <load_address>0x380cc</load_address>
         <run_address>0x380cc</run_address>
         <size>0x25b0</size>
         <input_file_ref idref="fl-3c"/>
      </object_component>
      <object_component id="oc-18f">
         <name>.debug_info</name>
         <load_address>0x3a67c</load_address>
         <run_address>0x3a67c</run_address>
         <size>0x54d</size>
         <input_file_ref idref="fl-3d"/>
      </object_component>
      <object_component id="oc-194">
         <name>.debug_info</name>
         <load_address>0x3abc9</load_address>
         <run_address>0x3abc9</run_address>
         <size>0x414</size>
         <input_file_ref idref="fl-3e"/>
      </object_component>
      <object_component id="oc-199">
         <name>.debug_info</name>
         <load_address>0x3afdd</load_address>
         <run_address>0x3afdd</run_address>
         <size>0x404</size>
         <input_file_ref idref="fl-3f"/>
      </object_component>
      <object_component id="oc-19e">
         <name>.debug_info</name>
         <load_address>0x3b3e1</load_address>
         <run_address>0x3b3e1</run_address>
         <size>0x408</size>
         <input_file_ref idref="fl-40"/>
      </object_component>
      <object_component id="oc-1a3">
         <name>.debug_info</name>
         <load_address>0x3b7e9</load_address>
         <run_address>0x3b7e9</run_address>
         <size>0x3ed</size>
         <input_file_ref idref="fl-41"/>
      </object_component>
      <object_component id="oc-1a8">
         <name>.debug_info</name>
         <load_address>0x3bbd6</load_address>
         <run_address>0x3bbd6</run_address>
         <size>0x430</size>
         <input_file_ref idref="fl-42"/>
      </object_component>
      <object_component id="oc-1ad">
         <name>.debug_info</name>
         <load_address>0x3c006</load_address>
         <run_address>0x3c006</run_address>
         <size>0xe0f</size>
         <input_file_ref idref="fl-43"/>
      </object_component>
      <object_component id="oc-1b3">
         <name>.debug_info</name>
         <load_address>0x3ce15</load_address>
         <run_address>0x3ce15</run_address>
         <size>0x4ea</size>
         <input_file_ref idref="fl-44"/>
      </object_component>
      <object_component id="oc-1b9">
         <name>.debug_info</name>
         <load_address>0x3d2ff</load_address>
         <run_address>0x3d2ff</run_address>
         <size>0x384</size>
         <input_file_ref idref="fl-45"/>
      </object_component>
      <object_component id="oc-1be">
         <name>.debug_info</name>
         <load_address>0x3d683</load_address>
         <run_address>0x3d683</run_address>
         <size>0x1be</size>
         <input_file_ref idref="fl-46"/>
      </object_component>
      <object_component id="oc-1c1">
         <name>.debug_info</name>
         <load_address>0x3d841</load_address>
         <run_address>0x3d841</run_address>
         <size>0x100</size>
         <input_file_ref idref="fl-47"/>
      </object_component>
      <object_component id="oc-1c6">
         <name>.debug_info</name>
         <load_address>0x3d941</load_address>
         <run_address>0x3d941</run_address>
         <size>0xf4</size>
         <input_file_ref idref="fl-48"/>
      </object_component>
      <object_component id="oc-1cb">
         <name>.debug_info</name>
         <load_address>0x3da35</load_address>
         <run_address>0x3da35</run_address>
         <size>0xf4</size>
         <input_file_ref idref="fl-49"/>
      </object_component>
      <object_component id="oc-1d0">
         <name>.debug_info</name>
         <load_address>0x3db29</load_address>
         <run_address>0x3db29</run_address>
         <size>0x102</size>
         <input_file_ref idref="fl-4a"/>
      </object_component>
      <object_component id="oc-1d5">
         <name>.debug_info</name>
         <load_address>0x3dc2b</load_address>
         <run_address>0x3dc2b</run_address>
         <size>0xf7</size>
         <input_file_ref idref="fl-4b"/>
      </object_component>
      <object_component id="oc-1da">
         <name>.debug_info</name>
         <load_address>0x3dd22</load_address>
         <run_address>0x3dd22</run_address>
         <size>0xf4</size>
         <input_file_ref idref="fl-4c"/>
      </object_component>
      <object_component id="oc-1de">
         <name>.debug_info</name>
         <load_address>0x3de16</load_address>
         <run_address>0x3de16</run_address>
         <size>0x580</size>
         <input_file_ref idref="fl-4d"/>
      </object_component>
      <object_component id="oc-1e3">
         <name>.debug_info</name>
         <load_address>0x3e396</load_address>
         <run_address>0x3e396</run_address>
         <size>0x8a5</size>
         <input_file_ref idref="fl-4e"/>
      </object_component>
      <object_component id="oc-1ea">
         <name>.debug_info</name>
         <load_address>0x3ec3b</load_address>
         <run_address>0x3ec3b</run_address>
         <size>0x34c</size>
         <input_file_ref idref="fl-4f"/>
      </object_component>
      <object_component id="oc-1ef">
         <name>.debug_info</name>
         <load_address>0x3ef87</load_address>
         <run_address>0x3ef87</run_address>
         <size>0x4f3</size>
         <input_file_ref idref="fl-50"/>
      </object_component>
      <object_component id="oc-1f5">
         <name>.debug_info</name>
         <load_address>0x3f47a</load_address>
         <run_address>0x3f47a</run_address>
         <size>0xf4</size>
         <input_file_ref idref="fl-51"/>
      </object_component>
      <object_component id="oc-1f9">
         <name>.debug_info</name>
         <load_address>0x3f56e</load_address>
         <run_address>0x3f56e</run_address>
         <size>0x378</size>
         <input_file_ref idref="fl-52"/>
      </object_component>
      <object_component id="oc-1ff">
         <name>.debug_info</name>
         <load_address>0x3f8e6</load_address>
         <run_address>0x3f8e6</run_address>
         <size>0x205</size>
         <input_file_ref idref="fl-53"/>
      </object_component>
      <object_component id="oc-203">
         <name>.debug_info</name>
         <load_address>0x3faeb</load_address>
         <run_address>0x3faeb</run_address>
         <size>0x431</size>
         <input_file_ref idref="fl-54"/>
      </object_component>
      <object_component id="oc-209">
         <name>.debug_info</name>
         <load_address>0x3ff1c</load_address>
         <run_address>0x3ff1c</run_address>
         <size>0xf4</size>
         <input_file_ref idref="fl-55"/>
      </object_component>
      <object_component id="oc-20d">
         <name>.debug_info</name>
         <load_address>0x40010</load_address>
         <run_address>0x40010</run_address>
         <size>0x39d</size>
         <input_file_ref idref="fl-56"/>
      </object_component>
      <object_component id="oc-212">
         <name>.debug_info</name>
         <load_address>0x403ad</load_address>
         <run_address>0x403ad</run_address>
         <size>0xa4f</size>
         <input_file_ref idref="fl-57"/>
      </object_component>
      <object_component id="oc-21a">
         <name>.debug_info</name>
         <load_address>0x40dfc</load_address>
         <run_address>0x40dfc</run_address>
         <size>0x19d</size>
         <input_file_ref idref="fl-58"/>
      </object_component>
      <object_component id="oc-21e">
         <name>.debug_info</name>
         <load_address>0x40f99</load_address>
         <run_address>0x40f99</run_address>
         <size>0x61c</size>
         <input_file_ref idref="fl-59"/>
[...]
         <name>_SendResetMessage</name>
         <value>0x3f2424</value>
         <object_component_ref idref="oc-110"/>
      </symbol>
      <symbol id="sm-708">
         <name>_ConvertToUint64</name>
         <value>0x3f2035</value>
         <object_component_ref idref="oc-110"/>
      </symbol>
      <symbol id="sm-709">
         <name>_ConvertToUint32</name>
         <value>0x3f2000</value>
         <object_component_ref idref="oc-110"/>
      </symbol>
      <symbol id="sm-70a">
         <name>_DecodePacket</name>
         <value>0x3f2102</value>
         <object_component_ref idref="oc-110"/>
      </symbol>
      <symbol id="sm-736">
         <name>_ByteProtocol_Transmit</name>
         <value>0x3f7e49</value>
         <object_component_ref idref="oc-115"/>
      </symbol>
      <symbol id="sm-737">
         <name>_ByteProtocol_DecodeByte</name>
         <value>0x3f7ede</value>
         <object_component_ref idref="oc-115"/>
      </symbol>
      <symbol id="sm-738">
         <name>_ByteProtocol_Init</name>
         <value>0x3f7eb0</value>
         <object_component_ref idref="oc-115"/>
      </symbol>
      <symbol id="sm-794">
         <name>_AddLoggerVariableBuffers</name>
         <value>0x3f2714</value>
         <object_component_ref idref="oc-11a"/>
      </symbol>
      <symbol id="sm-795">
         <name>_ClearVariables</name>
         <value>0x3f2520</value>
         <object_component_ref idref="oc-11a"/>
      </symbol>
      <symbol id="sm-796">
         <name>_Datalogger</name>
         <value>0x3f265a</value>
         <object_component_ref idref="oc-11a"/>
      </symbol>
      <symbol id="sm-797">
         <name>_Init</name>
         <value>0x3f251f</value>
         <object_component_ref idref="oc-11a"/>
      </symbol>
      <symbol id="sm-798">
         <name>_loggdata</name>
         <value>0x3f24b2</value>
         <object_component_ref idref="oc-11a"/>
      </symbol>
      <symbol id="sm-799">
         <name>_DecodeCommands</name>
         <value>0x3f252e</value>
         <object_component_ref idref="oc-11a"/>
      </symbol>
      <symbol id="sm-79a">
         <name>_AddProbes</name>
         <value>0x3f270f</value>
         <object_component_ref idref="oc-11a"/>
      </symbol>
      <symbol id="sm-7b3">
         <name>_c_int00</name>
         <value>0x3f3b3b</value>
         <object_component_ref idref="oc-73"/>
      </symbol>
      <symbol id="sm-7b4">
         <name>__stack</name>
         <value>0x50</value>
         <object_component_ref idref="oc-11f"/>
      </symbol>
      <symbol id="sm-7c8">
         <name>C$$EXIT</name>
         <value>0x3f3e65</value>
         <object_component_ref idref="oc-238"/>
      </symbol>
      <symbol id="sm-7c9">
         <name>_exit</name>
         <value>0x3f3e67</value>
         <object_component_ref idref="oc-238"/>
      </symbol>
      <symbol id="sm-7ca">
         <name>___TI_cleanup_ptr</name>
         <value>0x82d8</value>
         <object_component_ref idref="oc-127"/>
      </symbol>
      <symbol id="sm-7cb">
         <name>_abort</name>
         <value>0x3f3e65</value>
         <object_component_ref idref="oc-238"/>
      </symbol>
      <symbol id="sm-7cc">
         <name>___TI_dtors_ptr</name>
         <value>0x82da</value>
         <object_component_ref idref="oc-127"/>
      </symbol>
      <symbol id="sm-7de">
         <name>FD$$MPY</name>
         <value>0x3f37c6</value>
         <object_component_ref idref="oc-12c"/>
      </symbol>
      <symbol id="sm-7ed">
         <name>FD$$TOL</name>
         <value>0x3f3d83</value>
         <object_component_ref idref="oc-131"/>
      </symbol>
      <symbol id="sm-7fe">
         <name>FS$$MPY</name>
         <value>0x3f39f3</value>
         <object_component_ref idref="oc-136"/>
      </symbol>
      <symbol id="sm-80e">
         <name>FS$$TOFD</name>
         <value>0x3f3dfa</value>
         <object_component_ref idref="oc-13b"/>
      </symbol>
      <symbol id="sm-81d">
         <name>I$$TOFS</name>
         <value>0x3f3e32</value>
         <object_component_ref idref="oc-140"/>
      </symbol>
      <symbol id="sm-829">
         <name>LL$$AND</name>
         <value>0x3f3e7e</value>
         <object_component_ref idref="oc-145"/>
      </symbol>
      <symbol id="sm-82a">
         <name>LL$$OR</name>
         <value>0x3f3e86</value>
         <object_component_ref idref="oc-145"/>
      </symbol>
      <symbol id="sm-82b">
         <name>LL$$XOR</name>
         <value>0x3f3e8e</value>
         <object_component_ref idref="oc-145"/>
      </symbol>
      <symbol id="sm-839">
         <name>ULL$$CMP</name>
         <value>0x3f3db4</value>
         <object_component_ref idref="oc-14a"/>
      </symbol>
      <symbol id="sm-83a">
         <name>LL$$CMP</name>
         <value>0x3f3da2</value>
         <object_component_ref idref="oc-14a"/>
      </symbol>
      <symbol id="sm-84f">
         <name>__unlock</name>
         <value>0x82de</value>
         <object_component_ref idref="oc-23f"/>
      </symbol>
      <symbol id="sm-850">
         <name>__lock</name>
         <value>0x82dc</value>
         <object_component_ref idref="oc-23c"/>
      </symbol>
      <symbol id="sm-851">
         <name>__register_lock</name>
         <value>0x3f3f02</value>
         <object_component_ref idref="oc-244"/>
      </symbol>
      <symbol id="sm-852">
         <name>__nop</name>
         <value>0x3f3f06</value>
         <object_component_ref idref="oc-244"/>
      </symbol>
      <symbol id="sm-853">
         <name>__register_unlock</name>
         <value>0x3f3efe</value>
         <object_component_ref idref="oc-244"/>
      </symbol>
      <symbol id="sm-862">
         <name>_memset</name>
         <value>0x3f3edd</value>
         <object_component_ref idref="oc-239"/>
      </symbol>
      <symbol id="sm-873">
         <name>_printf</name>
         <value>0x3f3c3d</value>
         <object_component_ref idref="oc-24d"/>
      </symbol>
      <symbol id="sm-883">
         <name>__args_main</name>
         <value>0x3f3e4c</value>
         <object_component_ref idref="oc-237"/>
      </symbol>
      <symbol id="sm-88f">
         <name>___TI_ft_end</name>
         <value>0x8580</value>
         <object_component_ref idref="oc-165"/>
      </symbol>
      <symbol id="sm-890">
         <name>___TI_tmpnams</name>
         <value>0x8640</value>
         <object_component_ref idref="oc-165"/>
      </symbol>
      <symbol id="sm-891">
         <name>__ftable</name>
         <value>0x85c0</value>
         <object_component_ref idref="oc-165"/>
      </symbol>
      <symbol id="sm-8a4">
         <name>_putchar</name>
         <value>0x3f3aeb</value>
         <object_component_ref idref="oc-24e"/>
      </symbol>
      <symbol id="sm-8a5">
         <name>_putc</name>
         <value>0x3f3aa0</value>
         <object_component_ref idref="oc-24e"/>
      </symbol>
      <symbol id="sm-8a6">
         <name>_fputc</name>
         <value>0x3f3aa0</value>
         <object_component_ref idref="oc-24e"/>
      </symbol>
      <symbol id="sm-8c3">
         <name>_puts</name>
         <value>0x3f35f8</value>
         <object_component_ref idref="oc-24f"/>
      </symbol>
      <symbol id="sm-8c4">
         <name>_fputs</name>
         <value>0x3f3566</value>
         <object_component_ref idref="oc-24f"/>
      </symbol>
      <symbol id="sm-8dc">
         <name>___TI_rd_ok</name>
         <value>0x3f396c</value>
         <object_component_ref idref="oc-251"/>
      </symbol>
      <symbol id="sm-8dd">
         <name>___TI_wrt_ok</name>
         <value>0x3f3931</value>
         <object_component_ref idref="oc-251"/>
      </symbol>
      <symbol id="sm-918">
         <name>_add_device</name>
         <value>0x3f28b9</value>
         <object_component_ref idref="oc-253"/>
      </symbol>
      <symbol id="sm-919">
         <name>_rename</name>
         <value>0x3f279b</value>
         <object_component_ref idref="oc-253"/>
      </symbol>
      <symbol id="sm-91a">
         <name>_read</name>
         <value>0x3f27e0</value>
         <object_component_ref idref="oc-253"/>
      </symbol>
      <symbol id="sm-91b">
         <name>_unlink</name>
         <value>0x3f2782</value>
         <object_component_ref idref="oc-253"/>
      </symbol>
      <symbol id="sm-91c">
         <name>_remove_device</name>
         <value>0x3f27c6</value>
         <object_component_ref idref="oc-253"/>
      </symbol>
      <symbol id="sm-91d">
         <name>_open</name>
         <value>0x3f27fa</value>
         <object_component_ref idref="oc-253"/>
      </symbol>
      <symbol id="sm-91e">
         <name>_lseek</name>
         <value>0x3f286a</value>
         <object_component_ref idref="oc-253"/>
      </symbol>
      <symbol id="sm-91f">
         <name>_close</name>
         <value>0x3f2884</value>
         <object_component_ref idref="oc-253"/>
      </symbol>
      <symbol id="sm-920">
         <name>_write</name>
         <value>0x3f2719</value>
         <object_component_ref idref="oc-253"/>
      </symbol>
      <symbol id="sm-930">
         <name>_memchr</name>
         <value>0x3f7f6e</value>
         <object_component_ref idref="oc-254"/>
      </symbol>
      <symbol id="sm-942">
         <name>_memcpy</name>
         <value>0x3f3ddd</value>
         <object_component_ref idref="oc-255"/>
      </symbol>
      <symbol id="sm-a71">
         <name>___TI_printfi</name>
         <value>0x3f708a</value>
         <object_component_ref idref="oc-250"/>
      </symbol>
      <symbol id="sm-a89">
         <name>_setvbuf</name>
         <value>0x3f3849</value>
         <object_component_ref idref="oc-25d"/>
      </symbol>
      <symbol id="sm-a99">
         <name>_strchr</name>
         <value>0x3f3ee9</value>
         <object_component_ref idref="oc-258"/>
      </symbol>
      <symbol id="sm-aa8">
         <name>_strcmp</name>
         <value>0x3f3ef4</value>
         <object_component_ref idref="oc-25e"/>
      </symbol>
      <symbol id="sm-ab6">
         <name>_strcpy</name>
         <value>0x3f3f2a</value>
         <object_component_ref idref="oc-242"/>
      </symbol>
      <symbol id="sm-ac4">
         <name>_strlen</name>
         <value>0x3f3f18</value>
         <object_component_ref idref="oc-241"/>
      </symbol>
      <symbol id="sm-ad5">
         <name>_strncpy</name>
         <value>0x3f3d1e</value>
         <object_component_ref idref="oc-25f"/>
      </symbol>
      <symbol id="sm-ae9">
         <name>_HOSTopen</name>
         <value>0x3f2a25</value>
         <object_component_ref idref="oc-23a"/>
      </symbol>
      <symbol id="sm-aea">
         <name>_HOSTread</name>
         <value>0x3f29ed</value>
         <object_component_ref idref="oc-23a"/>
      </symbol>
      <symbol id="sm-aeb">
         <name>_HOSTgetenv</name>
         <value>0x3f2aa4</value>
         <object_component_ref idref="oc-23a"/>
      </symbol>
      <symbol id="sm-aec">
         <name>_HOSTtime</name>
         <value>0x3f2984</value>
         <object_component_ref idref="oc-23a"/>
      </symbol>
      <symbol id="sm-aed">
         <name>_HOSTrename</name>
         <value>0x3f29ad</value>
         <object_component_ref idref="oc-23a"/>
      </symbol>
      <symbol id="sm-aee">
         <name>_HOSTclock</name>
         <value>0x3f2af4</value>
         <object_component_ref idref="oc-23a"/>
      </symbol>
      <symbol id="sm-aef">
         <name>_HOSTwrite</name>
         <value>0x3f2926</value>
         <object_component_ref idref="oc-23a"/>
      </symbol>
      <symbol id="sm-af0">
         <name>_HOSTlseek</name>
         <value>0x3f2a5e</value>
         <object_component_ref idref="oc-23a"/>
      </symbol>
      <symbol id="sm-af1">
         <name>_HOSTunlink</name>
         <value>0x3f295e</value>
         <object_component_ref idref="oc-23a"/>
      </symbol>
      <symbol id="sm-af2">
         <name>_HOSTclose</name>
         <value>0x3f2acc</value>
         <object_component_ref idref="oc-23a"/>
      </symbol>
      <symbol id="sm-b0b">
         <name>___TI_readmsg</name>
         <value>0x3f36ff</value>
         <object_component_ref idref="oc-23e"/>
      </symbol>
      <symbol id="sm-b0c">
         <name>C$$IO$$</name>
         <value>0x3f36fa</value>
         <object_component_ref idref="oc-23e"/>
      </symbol>
      <symbol id="sm-b0d">
         <name>__CIOBUF_</name>
         <value>0x8a00</value>
         <object_component_ref idref="oc-1b4"/>
      </symbol>
      <symbol id="sm-b0e">
         <name>___TI_writemsg</name>
         <value>0x3f36a7</value>
         <object_component_ref idref="oc-23e"/>
      </symbol>
      <symbol id="sm-b23">
         <name>_atoi</name>
         <value>0x3f3c6b</value>
         <object_component_ref idref="oc-256"/>
      </symbol>
      <symbol id="sm-b2c">
         <name>__ctypes_</name>
         <value>0x3f6000</value>
         <object_component_ref idref="oc-260"/>
      </symbol>
      <symbol id="sm-b3c">
         <name>FD$$CMP</name>
         <value>0x3f3cca</value>
         <object_component_ref idref="oc-1c0"/>
      </symbol>
      <symbol id="sm-b53">
         <name>FD$$DIV</name>
         <value>0x3f373b</value>
         <object_component_ref idref="oc-1c5"/>
      </symbol>
      <symbol id="sm-b60">
         <name>FD$$NEG</name>
         <value>0x3f3f07</value>
         <object_component_ref idref="oc-1ca"/>
      </symbol>
      <symbol id="sm-b6c">
         <name>FD$$SUB</name>
         <value>0x3f3ec1</value>
         <object_component_ref idref="oc-1cf"/>
      </symbol>
      <symbol id="sm-b7c">
         <name>FD$$TOFS</name>
         <value>0x3f3d41</value>
         <object_component_ref idref="oc-1d4"/>
      </symbol>
      <symbol id="sm-b8b">
         <name>FD$$TOI</name>
         <value>0x3f3d62</value>
         <object_component_ref idref="oc-1d9"/>
      </symbol>
      <symbol id="sm-ba1">
         <name>___TI_doflush</name>
         <value>0x3f38c3</value>
         <object_component_ref idref="oc-252"/>
      </symbol>
      <symbol id="sm-ba2">
         <name>_fflush</name>
         <value>0x3f38f3</value>
         <object_component_ref idref="oc-252"/>
      </symbol>
      <symbol id="sm-bd8">
         <name>_fopen</name>
         <value>0x3f33c3</value>
         <object_component_ref idref="oc-262"/>
      </symbol>
      <symbol id="sm-bd9">
         <name>___TI_cleanup</name>
         <value>0x3f3354</value>
         <object_component_ref idref="oc-262"/>
      </symbol>
      <symbol id="sm-bda">
         <name>_freopen</name>
         <value>0x3f3374</value>
         <object_component_ref idref="oc-262"/>
      </symbol>
      <symbol id="sm-bea">
         <name>_frexp</name>
         <value>0x3f3ead</value>
         <object_component_ref idref="oc-259"/>
      </symbol>
      <symbol id="sm-bfb">
         <name>_fseek</name>
         <value>0x3f3bc0</value>
         <object_component_ref idref="oc-25c"/>
      </symbol>
      <symbol id="sm-c0b">
         <name>I$$TOFD</name>
         <value>0x3f3dc0</value>
         <object_component_ref idref="oc-1f4"/>
      </symbol>
      <symbol id="sm-c1e">
         <name>_ldexp</name>
         <value>0x3f3b7f</value>
         <object_component_ref idref="oc-25a"/>
      </symbol>
      <symbol id="sm-c4a">
         <name>ULL$$MOD</name>
         <value>0x3f3279</value>
         <object_component_ref idref="oc-1fe"/>
      </symbol>
      <symbol id="sm-c4b">
         <name>ULL$$DIV</name>
         <value>0x3f324a</value>
         <object_component_ref idref="oc-1fe"/>
      </symbol>
      <symbol id="sm-c4c">
         <name>LL$$MOD</name>
         <value>0x3f3210</value>
         <object_component_ref idref="oc-1fe"/>
      </symbol>
      <symbol id="sm-c4d">
         <name>LL$$DIV</name>
         <value>0x3f31d4</value>
         <object_component_ref idref="oc-1fe"/>
      </symbol>
      <symbol id="sm-c5c">
         <name>_ltoa</name>
         <value>0x3f3c9c</value>
         <object_component_ref idref="oc-257"/>
      </symbol>
      <symbol id="sm-c6c">
         <name>L$$TOFD</name>
         <value>0x3f3e16</value>
         <object_component_ref idref="oc-208"/>
      </symbol>
      <symbol id="sm-c7c">
         <name>_memccpy</name>
         <value>0x3f3ecf</value>
         <object_component_ref idref="oc-25b"/>
      </symbol>
      <symbol id="sm-cc7">
         <name>__sys_memory</name>
         <value>0x400</value>
         <object_component_ref idref="oc-214"/>
      </symbol>
      <symbol id="sm-cc8">
         <name>_chkheap</name>
         <value>0x3f2ce1</value>
         <object_component_ref idref="oc-261"/>
      </symbol>
      <symbol id="sm-cc9">
         <name>_realloc</name>
         <value>0x3f2be8</value>
         <object_component_ref idref="oc-261"/>
      </symbol>
      <symbol id="sm-cca">
         <name>_free_memory</name>
         <value>0x3f2cc6</value>
         <object_component_ref idref="oc-261"/>
      </symbol>
      <symbol id="sm-ccb">
         <name>_max_free</name>
         <value>0x3f2ca6</value>
         <object_component_ref idref="oc-261"/>
      </symbol>
      <symbol id="sm-ccc">
         <name>_free</name>
         <value>0x3f2b1d</value>
         <object_component_ref idref="oc-261"/>
      </symbol>
      <symbol id="sm-ccd">
         <name>_calloc</name>
         <value>0x3f2ce3</value>
         <object_component_ref idref="oc-261"/>
      </symbol>
      <symbol id="sm-cce">
         <name>_malloc</name>
         <value>0x3f2b88</value>
         <object_component_ref idref="oc-261"/>
      </symbol>
      <symbol id="sm-ccf">
         <name>_minit</name>
         <value>0x3f2b65</value>
         <object_component_ref idref="oc-261"/>
      </symbol>
      <symbol id="sm-cda">
         <name>_errno</name>
         <value>0x82e0</value>
         <object_component_ref idref="oc-21c"/>
      </symbol>
      <symbol id="sm-cec">
         <name>___TI_closefile</name>
         <value>0x3f3998</value>
         <object_component_ref idref="oc-263"/>
      </symbol>
      <symbol id="sm-ced">
         <name>_fclose</name>
         <value>0x3f39da</value>
         <object_component_ref idref="oc-263"/>
      </symbol>
      <symbol id="sm-d08">
         <name>FD$$ADD</name>
         <value>0x3f360b</value>
         <object_component_ref idref="oc-223"/>
      </symbol>
      <symbol id="sm-d1a">
         <name>FS$$CMP</name>
         <value>0x3f3e96</value>
         <object_component_ref idref="oc-228"/>
      </symbol>
      <symbol id="sm-d26">
         <name>UL$$MOD</name>
         <value>0x3f3d18</value>
         <object_component_ref idref="oc-22d"/>
      </symbol>
      <symbol id="sm-d27">
         <name>L$$MOD</name>
         <value>0x3f3d03</value>
         <object_component_ref idref="oc-22d"/>
      </symbol>
      <symbol id="sm-d28">
         <name>L$$DIV</name>
         <value>0x3f3cf4</value>
         <object_component_ref idref="oc-22d"/>
      </symbol>
      <symbol id="sm-d29">
         <name>UL$$DIV</name>
         <value>0x3f3d11</value>
         <object_component_ref idref="oc-22d"/>
      </symbol>
      <symbol id="sm-d36">
         <name>_remove</name>
         <value>0x3f3f32</value>
         <object_component_ref idref="oc-264"/>
      </symbol>
   </symbol_table>
   <title>Link successful</title>
</link_info>
