<?xml version="1.0"?>
<link_info>
   <banner>TMS320C2000 Linker PC v6.4.2</banner>
   <copyright>Copyright (c) 1996-2015 Texas Instruments Incorporated</copyright>
   <link_time>0x5514f8d3</link_time>
   <link_errors>0x0</link_errors>
   <output_file>SolarExplorer_PVInverter.out</output_file>
   <entry_point>
      <name>_c_int00</name>
      <address>0x3efceb</address>
   </entry_point>
   <input_file_list>
      <input_file id="fl-2">
         <path>.\</path>
         <kind>object</kind>
         <file>ADC_SOC_Cnf.obj</file>
         <name>ADC_SOC_Cnf.obj</name>
      </input_file>
      <input_file id="fl-3">
         <path>.\</path>
         <kind>object</kind>
         <file>DSP2803x_CodeStartBranch.obj</file>
         <name>DSP2803x_CodeStartBranch.obj</name>
      </input_file>
      <input_file id="fl-4">
         <path>.\</path>
         <kind>object</kind>
         <file>DSP2803x_GlobalVariableDefs.obj</file>
         <name>DSP2803x_GlobalVariableDefs.obj</name>
      </input_file>
      <input_file id="fl-5">
         <path>.\</path>
         <kind>object</kind>
         <file>DSP2803x_usDelay.obj</file>
         <name>DSP2803x_usDelay.obj</name>
      </input_file>
      <input_file id="fl-6">
         <path>.\</path>
         <kind>object</kind>
         <file>InverterISR.obj</file>
         <name>InverterISR.obj</name>
      </input_file>
      <input_file id="fl-7">
         <path>.\</path>
         <kind>object</kind>
         <file>PWM_1ch_UpDwnCntCompl_Cnf.obj</file>
         <name>PWM_1ch_UpDwnCntCompl_Cnf.obj</name>
      </input_file>
      <input_file id="fl-8">
         <path>.\</path>
         <kind>object</kind>
         <file>SolarExplorer-DPL-ISR.obj</file>
         <name>SolarExplorer-DPL-ISR.obj</name>
      </input_file>
      <input_file id="fl-9">
         <path>.\</path>
         <kind>object</kind>
         <file>SolarExplorer-DevInit_F2803x.obj</file>
         <name>SolarExplorer-DevInit_F2803x.obj</name>
      </input_file>
      <input_file id="fl-a">
         <path>.\</path>
         <kind>object</kind>
         <file>SolarExplorer-Main.obj</file>
         <name>SolarExplorer-Main.obj</name>
      </input_file>
      <input_file id="fl-b">
         <path>.\</path>
         <kind>object</kind>
         <file>Util_DLOG4CHC.obj</file>
         <name>Util_DLOG4CHC.obj</name>
      </input_file>
      <input_file id="fl-c">
         <path>.\</path>
         <kind>object</kind>
         <file>inverterVariables.obj</file>
         <name>inverterVariables.obj</name>
      </input_file>
      <input_file id="fl-d">
         <path>.\src commros\</path>
         <kind>object</kind>
         <file>Commros_user.obj</file>
         <name>Commros_user.obj</name>
      </input_file>
      <input_file id="fl-e">
         <path>.\fsmFramework\</path>
         <kind>object</kind>
         <file>hBridgeFSM.obj</file>
         <name>hBridgeFSM.obj</name>
      </input_file>
      <input_file id="fl-f">
         <path>.\fsmFramework\</path>
         <kind>object</kind>
         <file>inverterFSM.obj</file>
         <name>inverterFSM.obj</name>
      </input_file>
      <input_file id="fl-10">
         <path>.\fsmFramework\</path>
         <kind>object</kind>
         <file>mpptFSM.obj</file>
         <name>mpptFSM.obj</name>
      </input_file>
      <input_file id="fl-11">
         <path>.\fsmFramework\</path>
         <kind>object</kind>
         <file>panelFSM.obj</file>
         <name>panelFSM.obj</name>
      </input_file>
      <input_file id="fl-1a">
         <path>C:\ti\controlSUITE\libs\dsp\SGEN\v101\lib\</path>
         <kind>archive</kind>
         <file>C28x_SGEN_Lib_fixed.lib</file>
         <name>sghp2c.obj</name>
      </input_file>
      <input_file id="fl-1b">
         <path>C:\ti\controlSUITE\libs\dsp\SGEN\v101\lib\</path>
         <kind>archive</kind>
         <file>C28x_SGEN_Lib_fixed.lib</file>
         <name>SINTB360.obj</name>
      </input_file>
      <input_file id="fl-1c">
         <path>C:\ti\controlSUITE\libs\math\IQmath\v160\lib\</path>
         <kind>archive</kind>
         <file>IQmath.lib</file>
         <name>IQ24div.obj</name>
      </input_file>
      <input_file id="fl-1d">
         <path>C:\ti\controlSUITE\libs\math\IQmath\v160\lib\</path>
         <kind>archive</kind>
         <file>IQmath.lib</file>
         <name>IQ9div.obj</name>
      </input_file>
      <input_file id="fl-1e">
         <path>C:\ti\controlSUITE\libs\math\IQmath\v160\lib\</path>
         <kind>archive</kind>
         <file>IQmath.lib</file>
         <name>IQmathTables.obj</name>
      </input_file>
      <input_file id="fl-1f">
         <path>..\</path>
         <kind>archive</kind>
         <file>commros_28xx_c_regular.lib</file>
         <name>commros.obj</name>
      </input_file>
      <input_file id="fl-20">
         <path>..\</path>
         <kind>archive</kind>
         <file>commros_28xx_c_regular.lib</file>
         <name>ByteProtocol.obj</name>
      </input_file>
      <input_file id="fl-21">
         <path>..\</path>
         <kind>archive</kind>
         <file>commros_28xx_c_regular.lib</file>
         <name>Datalogger.obj</name>
      </input_file>
      <input_file id="fl-27">
         <path>C:\ti\ccsv6\tools\compiler\ti-cgt-c2000_6.4.2\lib\</path>
         <kind>archive</kind>
         <file>rts2800_ml.lib</file>
         <name>boot.obj</name>
      </input_file>
      <input_file id="fl-28">
         <path>C:\ti\ccsv6\tools\compiler\ti-cgt-c2000_6.4.2\lib\</path>
         <kind>archive</kind>
         <file>rts2800_ml.lib</file>
         <name>exit.obj</name>
      </input_file>
      <input_file id="fl-29">
         <path>C:\ti\ccsv6\tools\compiler\ti-cgt-c2000_6.4.2\lib\</path>
         <kind>archive</kind>
         <file>rts2800_ml.lib</file>
         <name>fd_mpy.obj</name>
      </input_file>
      <input_file id="fl-2a">
         <path>C:\ti\ccsv6\tools\compiler\ti-cgt-c2000_6.4.2\lib\</path>
         <kind>archive</kind>
         <file>rts2800_ml.lib</file>
         <name>fd_tol.obj</name>
      </input_file>
      <input_file id="fl-2b">
         <path>C:\ti\ccsv6\tools\compiler\ti-cgt-c2000_6.4.2\lib\</path>
         <kind>archive</kind>
         <file>rts2800_ml.lib</file>
         <name>fs_mpy.obj</name>
      </input_file>
      <input_file id="fl-2c">
         <path>C:\ti\ccsv6\tools\compiler\ti-cgt-c2000_6.4.2\lib\</path>
         <kind>archive</kind>
         <file>rts2800_ml.lib</file>
         <name>fs_tofd.obj</name>
      </input_file>
      <input_file id="fl-2d">
         <path>C:\ti\ccsv6\tools\compiler\ti-cgt-c2000_6.4.2\lib\</path>
         <kind>archive</kind>
         <file>rts2800_ml.lib</file>
         <name>i_div.obj</name>
      </input_file>
      <input_file id="fl-2e">
         <path>C:\ti\ccsv6\tools\compiler\ti-cgt-c2000_6.4.2\lib\</path>
         <kind>archive</kind>
         <file>rts2800_ml.lib</file>
         <name>i_tofs.obj</name>
      </input_file>
      <input_file id="fl-2f">
         <path>C:\ti\ccsv6\tools\compiler\ti-cgt-c2000_6.4.2\lib\</path>
         <kind>archive</kind>
         <file>rts2800_ml.lib</file>
         <name>ll_aox.obj</name>
      </input_file>
      <input_file id="fl-30">
         <path>C:\ti\ccsv6\tools\compiler\ti-cgt-c2000_6.4.2\lib\</path>
         <kind>archive</kind>
         <file>rts2800_ml.lib</file>
         <name>ll_cmp.obj</name>
      </input_file>
      <input_file id="fl-31">
         <path>C:\ti\ccsv6\tools\compiler\ti-cgt-c2000_6.4.2\lib\</path>
         <kind>archive</kind>
         <file>rts2800_ml.lib</file>
         <name>_lock.obj</name>
      </input_file>
      <input_file id="fl-32">
         <path>C:\ti\ccsv6\tools\compiler\ti-cgt-c2000_6.4.2\lib\</path>
         <kind>archive</kind>
         <file>rts2800_ml.lib</file>
         <name>memset.obj</name>
      </input_file>
      <input_file id="fl-33">
         <path>C:\ti\ccsv6\tools\compiler\ti-cgt-c2000_6.4.2\lib\</path>
         <kind>archive</kind>
         <file>rts2800_ml.lib</file>
         <name>args_main.obj</name>
      </input_file>
   </input_file_list>
   <object_component_list>
      <object_component id="oc-af">
         <name>PieVectTableFile</name>
         <uninitialized>true</uninitialized>
         <run_address>0xd00</run_address>
         <size>0x100</size>
         <input_file_ref idref="fl-4"/>
      </object_component>
      <object_component id="oc-82">
         <name>EmuKeyVar</name>
         <uninitialized>true</uninitialized>
         <run_address>0xd00</run_address>
         <size>0x1</size>
         <input_file_ref idref="fl-4"/>
      </object_component>
      <object_component id="oc-81">
         <name>EmuBModeVar</name>
         <uninitialized>true</uninitialized>
         <run_address>0xd01</run_address>
         <size>0x1</size>
         <input_file_ref idref="fl-4"/>
      </object_component>
      <object_component id="oc-84">
         <name>FlashCallbackVar</name>
         <uninitialized>true</uninitialized>
         <run_address>0xd02</run_address>
         <size>0x2</size>
         <input_file_ref idref="fl-4"/>
      </object_component>
      <object_component id="oc-85">
         <name>FlashScalingVar</name>
         <uninitialized>true</uninitialized>
         <run_address>0xd04</run_address>
         <size>0x2</size>
         <input_file_ref idref="fl-4"/>
      </object_component>
      <object_component id="oc-87">
         <name>DevEmuRegsFile</name>
         <uninitialized>true</uninitialized>
         <run_address>0x880</run_address>
         <size>0x4</size>
         <input_file_ref idref="fl-4"/>
      </object_component>
      <object_component id="oc-86">
         <name>SysPwrCtrlRegsFile</name>
         <uninitialized>true</uninitialized>
         <run_address>0x985</run_address>
         <size>0x3</size>
         <input_file_ref idref="fl-4"/>
      </object_component>
      <object_component id="oc-88">
         <name>FlashRegsFile</name>
         <uninitialized>true</uninitialized>
         <run_address>0xa80</run_address>
         <size>0x8</size>
         <input_file_ref idref="fl-4"/>
      </object_component>
      <object_component id="oc-93">
         <name>CsmRegsFile</name>
         <uninitialized>true</uninitialized>
         <run_address>0xae0</run_address>
         <size>0x10</size>
         <input_file_ref idref="fl-4"/>
      </object_component>
      <object_component id="oc-9d">
         <name>AdcResultFile</name>
         <uninitialized>true</uninitialized>
         <run_address>0xb00</run_address>
         <size>0x20</size>
         <input_file_ref idref="fl-4"/>
      </object_component>
      <object_component id="oc-8b">
         <name>CpuTimer0RegsFile</name>
         <uninitialized>true</uninitialized>
         <run_address>0xc00</run_address>
         <size>0x8</size>
         <input_file_ref idref="fl-4"/>
      </object_component>
      <object_component id="oc-8a">
         <name>CpuTimer1RegsFile</name>
         <uninitialized>true</uninitialized>
         <run_address>0xc08</run_address>
         <size>0x8</size>
         <input_file_ref idref="fl-4"/>
      </object_component>
      <object_component id="oc-8c">
         <name>CpuTimer2RegsFile</name>
         <uninitialized>true</uninitialized>
         <run_address>0xc10</run_address>
         <size>0x8</size>
         <input_file_ref idref="fl-4"/>
      </object_component>
      <object_component id="oc-97">
         <name>PieCtrlRegsFile</name>
         <uninitialized>true</uninitialized>
         <run_address>0xce0</run_address>
         <size>0x1a</size>
         <input_file_ref idref="fl-4"/>
      </object_component>
      <object_component id="oc-a1">
         <name>Cla1RegsFile</name>
         <uninitialized>true</uninitialized>
         <run_address>0x1400</run_address>
         <size>0x40</size>
         <input_file_ref idref="fl-4"/>
      </object_component>
      <object_component id="oc-9f">
         <name>ECanaRegsFile</name>
         <uninitialized>true</uninitialized>
         <run_address>0x6000</run_address>
         <size>0x34</size>
         <input_file_ref idref="fl-4"/>
      </object_component>
      <object_component id="oc-a4">
         <name>ECanaLAMRegsFile</name>
         <uninitialized>true</uninitialized>
         <run_address>0x6040</run_address>
         <size>0x40</size>
         <input_file_ref idref="fl-4"/>
      </object_component>
      <object_component id="oc-b0">
         <name>ECanaMboxesFile</name>
         <uninitialized>true</uninitialized>
         <run_address>0x6100</run_address>
         <size>0x100</size>
         <input_file_ref idref="fl-4"/>
      </object_component>
      <object_component id="oc-a3">
         <name>ECanaMOTSRegsFile</name>
         <uninitialized>true</uninitialized>
         <run_address>0x6080</run_address>
         <size>0x40</size>
         <input_file_ref idref="fl-4"/>
      </object_component>
      <object_component id="oc-ac">
         <name>ECanaMOTORegsFile</name>
         <uninitialized>true</uninitialized>
         <run_address>0x60c0</run_address>
         <size>0x40</size>
         <input_file_ref idref="fl-4"/>
      </object_component>
      <object_component id="oc-9c">
         <name>ECap1RegsFile</name>
         <uninitialized>true</uninitialized>
         <run_address>0x6a00</run_address>
         <size>0x20</size>
         <input_file_ref idref="fl-4"/>
      </object_component>
      <object_component id="oc-9b">
         <name>HRCap1RegsFile</name>
         <uninitialized>true</uninitialized>
         <run_address>0x6ac0</run_address>
         <size>0x20</size>
         <input_file_ref idref="fl-4"/>
      </object_component>
      <object_component id="oc-9a">
         <name>HRCap2RegsFile</name>
         <uninitialized>true</uninitialized>
         <run_address>0x6ae0</run_address>
         <size>0x20</size>
         <input_file_ref idref="fl-4"/>
      </object_component>
      <object_component id="oc-a9">
         <name>EQep1RegsFile</name>
         <uninitialized>true</uninitialized>
         <run_address>0x6b00</run_address>
         <size>0x40</size>
         <input_file_ref idref="fl-4"/>
      </object_component>
      <object_component id="oc-ad">
         <name>LinaRegsFile</name>
         <uninitialized>true</uninitialized>
         <run_address>0x6c00</run_address>
         <size>0x4a</size>
         <input_file_ref idref="fl-4"/>
      </object_component>
      <object_component id="oc-a8">
         <name>GpioCtrlRegsFile</name>
         <uninitialized>true</uninitialized>
         <run_address>0x6f80</run_address>
         <size>0x40</size>
         <input_file_ref idref="fl-4"/>
      </object_component>
      <object_component id="oc-99">
         <name>GpioDataRegsFile</name>
         <uninitialized>true</uninitialized>
         <run_address>0x6fc0</run_address>
         <size>0x20</size>
         <input_file_ref idref="fl-4"/>
      </object_component>
      <object_component id="oc-8d">
         <name>GpioIntRegsFile</name>
         <uninitialized>true</uninitialized>
         <run_address>0x6fe0</run_address>
         <size>0xc</size>
         <input_file_ref idref="fl-4"/>
      </object_component>
      <object_component id="oc-98">
         <name>SysCtrlRegsFile</name>
         <uninitialized>true</uninitialized>
         <run_address>0x7010</run_address>
         <size>0x20</size>
         <input_file_ref idref="fl-4"/>
      </object_component>
      <object_component id="oc-8e">
         <name>SpiaRegsFile</name>
         <uninitialized>true</uninitialized>
         <run_address>0x7040</run_address>
         <size>0x10</size>
         <input_file_ref idref="fl-4"/>
      </object_component>
      <object_component id="oc-8f">
         <name>SpibRegsFile</name>
         <uninitialized>true</uninitialized>
         <run_address>0x7740</run_address>
         <size>0x10</size>
         <input_file_ref idref="fl-4"/>
      </object_component>
      <object_component id="oc-91">
         <name>SciaRegsFile</name>
         <uninitialized>true</uninitialized>
         <run_address>0x7050</run_address>
         <size>0x10</size>
         <input_file_ref idref="fl-4"/>
      </object_component>
      <object_component id="oc-90">
         <name>NmiIntruptRegsFile</name>
         <uninitialized>true</uninitialized>
         <run_address>0x7060</run_address>
         <size>0x10</size>
         <input_file_ref idref="fl-4"/>
      </object_component>
      <object_component id="oc-92">
         <name>XIntruptRegsFile</name>
         <uninitialized>true</uninitialized>
         <run_address>0x7070</run_address>
         <size>0x10</size>
         <input_file_ref idref="fl-4"/>
      </object_component>
      <object_component id="oc-ae">
         <name>AdcRegsFile</name>
         <uninitialized>true</uninitialized>
         <run_address>0x7100</run_address>
         <size>0x50</size>
         <input_file_ref idref="fl-4"/>
      </object_component>
      <object_component id="oc-9e">
         <name>I2caRegsFile</name>
         <uninitialized>true</uninitialized>
         <run_address>0x7900</run_address>
         <size>0x22</size>
         <input_file_ref idref="fl-4"/>
      </object_component>
      <object_component id="oc-94">
         <name>Comp1RegsFile</name>
         <uninitialized>true</uninitialized>
         <run_address>0x6400</run_address>
         <size>0x14</size>
         <input_file_ref idref="fl-4"/>
      </object_component>
      <object_component id="oc-95">
         <name>Comp2RegsFile</name>
         <uninitialized>true</uninitialized>
         <run_address>0x6420</run_address>
         <size>0x14</size>
         <input_file_ref idref="fl-4"/>
      </object_component>
      <object_component id="oc-96">
         <name>Comp3RegsFile</name>
         <uninitialized>true</uninitialized>
         <run_address>0x6440</run_address>
         <size>0x14</size>
         <input_file_ref idref="fl-4"/>
      </object_component>
      <object_component id="oc-a0">
         <name>EPwm1RegsFile</name>
         <uninitialized>true</uninitialized>
         <run_address>0x6800</run_address>
         <size>0x40</size>
         <input_file_ref idref="fl-4"/>
      </object_component>
      <object_component id="oc-a2">
         <name>EPwm2RegsFile</name>
         <uninitialized>true</uninitialized>
         <run_address>0x6840</run_address>
         <size>0x40</size>
         <input_file_ref idref="fl-4"/>
      </object_component>
      <object_component id="oc-a5">
         <name>EPwm3RegsFile</name>
         <uninitialized>true</uninitialized>
         <run_address>0x6880</run_address>
         <size>0x40</size>
         <input_file_ref idref="fl-4"/>
      </object_component>
      <object_component id="oc-aa">
         <name>EPwm4RegsFile</name>
         <uninitialized>true</uninitialized>
         <run_address>0x68c0</run_address>
         <size>0x40</size>
         <input_file_ref idref="fl-4"/>
      </object_component>
      <object_component id="oc-ab">
         <name>EPwm5RegsFile</name>
         <uninitialized>true</uninitialized>
         <run_address>0x6900</run_address>
         <size>0x40</size>
         <input_file_ref idref="fl-4"/>
      </object_component>
      <object_component id="oc-a7">
         <name>EPwm6RegsFile</name>
         <uninitialized>true</uninitialized>
         <run_address>0x6940</run_address>
         <size>0x40</size>
         <input_file_ref idref="fl-4"/>
      </object_component>
      <object_component id="oc-a6">
         <name>EPwm7RegsFile</name>
         <uninitialized>true</uninitialized>
         <run_address>0x6980</run_address>
         <size>0x40</size>
         <input_file_ref idref="fl-4"/>
      </object_component>
      <object_component id="oc-89">
         <name>CsmPwlFile</name>
         <uninitialized>true</uninitialized>
         <run_address>0x3f7ff8</run_address>
         <size>0x8</size>
         <input_file_ref idref="fl-4"/>
      </object_component>
      <object_component id="oc-83">
         <name>PartIdRegsFile</name>
         <uninitialized>true</uninitialized>
         <run_address>0x3d7e80</run_address>
         <size>0x1</size>
         <input_file_ref idref="fl-4"/>
      </object_component>
      <object_component id="oc-d0">
         <name>.cinit</name>
         <load_address>0x3f6000</load_address>
         <run_address>0x3f6000</run_address>
         <size>0x17d</size>
         <input_file_ref idref="fl-a"/>
      </object_component>
      <object_component id="oc-11d">
         <name>.cinit</name>
         <load_address>0x3f617d</load_address>
         <run_address>0x3f617d</run_address>
         <size>0xa</size>
         <input_file_ref idref="fl-28"/>
      </object_component>
      <object_component id="oc-15f">
         <name>.cinit:__lock</name>
         <load_address>0x3f6187</load_address>
         <run_address>0x3f6187</run_address>
         <size>0x5</size>
         <input_file_ref idref="fl-31"/>
      </object_component>
      <object_component id="oc-16a">
         <name>.cinit:__unlock</name>
         <load_address>0x3f618c</load_address>
         <run_address>0x3f618c</run_address>
         <size>0x5</size>
         <input_file_ref idref="fl-31"/>
      </object_component>
      <object_component id="oc-15d">
         <name>.text</name>
         <load_address>0x3ee000</load_address>
         <run_address>0x3ee000</run_address>
         <size>0x627</size>
         <input_file_ref idref="fl-a"/>
      </object_component>
      <object_component id="oc-107">
         <name>.text</name>
         <load_address>0x3ee627</load_address>
         <run_address>0x3ee627</run_address>
         <size>0x4b2</size>
         <input_file_ref idref="fl-1f"/>
      </object_component>
      <object_component id="oc-162">
         <name>.text</name>
         <load_address>0x3eead9</load_address>
         <run_address>0x3eead9</run_address>
         <size>0x26e</size>
         <input_file_ref idref="fl-10"/>
      </object_component>
      <object_component id="oc-160">
         <name>.text</name>
         <load_address>0x3eed47</load_address>
         <run_address>0x3eed47</run_address>
         <size>0x269</size>
         <input_file_ref idref="fl-f"/>
      </object_component>
      <object_component id="oc-111">
         <name>.text</name>
         <load_address>0x3eefb0</load_address>
         <run_address>0x3eefb0</run_address>
         <size>0x267</size>
         <input_file_ref idref="fl-21"/>
      </object_component>
      <object_component id="oc-163">
         <name>.text</name>
         <load_address>0x3ef217</load_address>
         <run_address>0x3ef217</run_address>
         <size>0x217</size>
         <input_file_ref idref="fl-11"/>
      </object_component>
      <object_component id="oc-167">
         <name>.text</name>
         <load_address>0x3ef42e</load_address>
         <run_address>0x3ef42e</run_address>
         <size>0x1c4</size>
         <input_file_ref idref="fl-2"/>
      </object_component>
      <object_component id="oc-164">
         <name>.text</name>
         <load_address>0x3ef5f2</load_address>
         <run_address>0x3ef5f2</run_address>
         <size>0x1bf</size>
         <input_file_ref idref="fl-9"/>
      </object_component>
      <object_component id="oc-10c">
         <name>.text</name>
         <load_address>0x3ef7b1</load_address>
         <run_address>0x3ef7b1</run_address>
         <size>0x125</size>
         <input_file_ref idref="fl-20"/>
      </object_component>
      <object_component id="oc-161">
         <name>.text</name>
         <load_address>0x3ef8d6</load_address>
         <run_address>0x3ef8d6</run_address>
         <size>0x111</size>
         <input_file_ref idref="fl-e"/>
      </object_component>
      <object_component id="oc-166">
         <name>.text</name>
         <load_address>0x3ef9e7</load_address>
         <run_address>0x3ef9e7</run_address>
         <size>0xd9</size>
         <input_file_ref idref="fl-7"/>
      </object_component>
      <object_component id="oc-168">
         <name>.text</name>
         <load_address>0x3efac0</load_address>
         <run_address>0x3efac0</run_address>
         <size>0xb0</size>
         <input_file_ref idref="fl-d"/>
      </object_component>
      <object_component id="oc-123">
         <name>.text</name>
         <load_address>0x3efb70</load_address>
         <run_address>0x3efb70</run_address>
         <size>0x83</size>
         <input_file_ref idref="fl-29"/>
      </object_component>
      <object_component id="oc-12d">
         <name>.text</name>
         <load_address>0x3efbf3</load_address>
         <run_address>0x3efbf3</run_address>
         <size>0x5a</size>
         <input_file_ref idref="fl-2b"/>
      </object_component>
      <object_component id="oc-be">
         <name>.text</name>
         <load_address>0x3efc4d</load_address>
         <run_address>0x3efc4d</run_address>
         <size>0x53</size>
         <input_file_ref idref="fl-8"/>
      </object_component>
      <object_component id="oc-d9">
         <name>.text</name>
         <load_address>0x3efca0</load_address>
         <run_address>0x3efca0</run_address>
         <size>0x4b</size>
         <input_file_ref idref="fl-b"/>
      </object_component>
      <object_component id="oc-74">
         <name>.text</name>
         <load_address>0x3efceb</load_address>
         <run_address>0x3efceb</run_address>
         <size>0x44</size>
         <input_file_ref idref="fl-27"/>
      </object_component>
      <object_component id="oc-ff">
         <name>.text</name>
         <load_address>0x3efd2f</load_address>
         <run_address>0x3efd2f</run_address>
         <size>0x3a</size>
         <input_file_ref idref="fl-1a"/>
      </object_component>
      <object_component id="oc-137">
         <name>.text</name>
         <load_address>0x3efd69</load_address>
         <run_address>0x3efd69</run_address>
         <size>0x22</size>
         <input_file_ref idref="fl-2d"/>
      </object_component>
      <object_component id="oc-128">
         <name>.text</name>
         <load_address>0x3efd8b</load_address>
         <run_address>0x3efd8b</run_address>
         <size>0x1f</size>
         <input_file_ref idref="fl-2a"/>
      </object_component>
      <object_component id="oc-146">
         <name>.text</name>
         <load_address>0x3efdaa</load_address>
         <run_address>0x3efdaa</run_address>
         <size>0x1e</size>
         <input_file_ref idref="fl-30"/>
      </object_component>
      <object_component id="oc-132">
         <name>.text</name>
         <load_address>0x3efdc8</load_address>
         <run_address>0x3efdc8</run_address>
         <size>0x1c</size>
         <input_file_ref idref="fl-2c"/>
      </object_component>
      <object_component id="oc-13c">
         <name>.text</name>
         <load_address>0x3efde4</load_address>
         <run_address>0x3efde4</run_address>
         <size>0x1a</size>
         <input_file_ref idref="fl-2e"/>
      </object_component>
      <object_component id="oc-15a">
         <name>.text</name>
         <load_address>0x3efdfe</load_address>
         <run_address>0x3efdfe</run_address>
         <size>0x19</size>
         <input_file_ref idref="fl-33"/>
      </object_component>
      <object_component id="oc-15b">
         <name>.text</name>
         <load_address>0x3efe17</load_address>
         <run_address>0x3efe17</run_address>
         <size>0x19</size>
         <input_file_ref idref="fl-28"/>
      </object_component>
      <object_component id="oc-141">
         <name>.text</name>
         <load_address>0x3efe30</load_address>
         <run_address>0x3efe30</run_address>
         <size>0x18</size>
         <input_file_ref idref="fl-2f"/>
      </object_component>
      <object_component id="oc-15c">
         <name>.text</name>
         <load_address>0x3efe48</load_address>
         <run_address>0x3efe48</run_address>
         <size>0xc</size>
         <input_file_ref idref="fl-32"/>
      </object_component>
      <object_component id="oc-169">
         <name>.text</name>
         <load_address>0x3efe54</load_address>
         <run_address>0x3efe54</run_address>
         <size>0x9</size>
         <input_file_ref idref="fl-31"/>
      </object_component>
      <object_component id="oc-7a">
         <name>.text</name>
         <load_address>0x3efe5d</load_address>
         <run_address>0x3efe5d</run_address>
         <size>0x8</size>
         <input_file_ref idref="fl-3"/>
      </object_component>
      <object_component id="oc-ca">
         <name>.text:retain</name>
         <load_address>0x3efe65</load_address>
         <run_address>0x3efe65</run_address>
         <size>0x5</size>
         <input_file_ref idref="fl-9"/>
      </object_component>
      <object_component id="oc-7b">
         <name>codestart</name>
         <load_address>0x3f7ff6</load_address>
         <run_address>0x3f7ff6</run_address>
         <size>0x2</size>
         <input_file_ref idref="fl-3"/>
      </object_component>
      <object_component id="oc-c4">
         <name>ramfuncs</name>
         <load_address>0x3f0000</load_address>
         <run_address>0x9000</run_address>
         <size>0xcf</size>
         <input_file_ref idref="fl-8"/>
      </object_component>
      <object_component id="oc-165">
         <name>ramfuncs</name>
         <load_address>0x3f00cf</load_address>
         <run_address>0x90cf</run_address>
         <size>0x1b</size>
         <input_file_ref idref="fl-9"/>
      </object_component>
      <object_component id="oc-d3">
         <name>ramfuncs:retain</name>
         <load_address>0x3f00ea</load_address>
         <run_address>0x90ea</run_address>
         <size>0x5</size>
         <input_file_ref idref="fl-a"/>
      </object_component>
      <object_component id="oc-b2">
         <name>ramfuncs</name>
         <load_address>0x3f00ef</load_address>
         <run_address>0x90ef</run_address>
         <size>0x4</size>
         <input_file_ref idref="fl-5"/>
      </object_component>
      <object_component id="oc-116">
         <name>.stack</name>
         <uninitialized>true</uninitialized>
         <run_address>0x50</run_address>
         <size>0x0</size>
         <input_file_ref idref="fl-27"/>
      </object_component>
      <object_component id="oc-1e6">
         <name>.stack</name>
         <uninitialized>true</uninitialized>
         <run_address>0x50</run_address>
         <size>0x0</size>
      </object_component>
      <object_component id="oc-d1">
         <name>.ebss</name>
         <uninitialized>true</uninitialized>
         <run_address>0x8300</run_address>
         <size>0x2c0</size>
         <input_file_ref idref="fl-a"/>
      </object_component>
      <object_component id="oc-e5">
         <name>.ebss</name>
         <uninitialized>true</uninitialized>
         <run_address>0x8000</run_address>
         <size>0x2c8</size>
         <input_file_ref idref="fl-d"/>
      </object_component>
      <object_component id="oc-11e">
         <name>.ebss</name>
         <uninitialized>true</uninitialized>
         <run_address>0x82c8</run_address>
         <size>0x4</size>
         <input_file_ref idref="fl-28"/>
      </object_component>
      <object_component id="oc-16b">
         <name>.ebss:__unlock</name>
         <uninitialized>true</uninitialized>
         <run_address>0x82ce</run_address>
         <size>0x2</size>
         <input_file_ref idref="fl-31"/>
      </object_component>
      <object_component id="oc-15e">
         <name>.ebss:__lock</name>
         <uninitialized>true</uninitialized>
         <run_address>0x82cc</run_address>
         <size>0x2</size>
         <input_file_ref idref="fl-31"/>
      </object_component>
      <object_component id="oc-e6">
         <name>.econst:.string</name>
         <load_address>0x3f6222</load_address>
         <run_address>0x3f6222</run_address>
         <size>0x12</size>
         <input_file_ref idref="fl-d"/>
      </object_component>
      <object_component id="oc-d4">
         <name>.econst</name>
         <load_address>0x3f6234</load_address>
         <run_address>0x3f6234</run_address>
         <size>0x4</size>
         <input_file_ref idref="fl-a"/>
      </object_component>
      <object_component id="oc-104">
         <name>IQmath</name>
         <load_address>0x3f6193</load_address>
         <run_address>0x3f6193</run_address>
         <size>0x47</size>
         <input_file_ref idref="fl-1c"/>
      </object_component>
      <object_component id="oc-105">
         <name>IQmath</name>
         <load_address>0x3f61da</load_address>
         <run_address>0x3f61da</run_address>
         <size>0x47</size>
         <input_file_ref idref="fl-1d"/>
      </object_component>
      <object_component id="oc-106">
         <name>IQmathTables</name>
         <load_address>0x3fe000</load_address>
         <run_address>0x3fe000</run_address>
         <size>0xb50</size>
         <input_file_ref idref="fl-1e"/>
      </object_component>
      <object_component id="oc-117">
         <name>.reset</name>
         <load_address>0x3fffc0</load_address>
         <run_address>0x3fffc0</run_address>
         <size>0x2</size>
         <input_file_ref idref="fl-27"/>
      </object_component>
      <object_component id="oc-da">
         <name>DLOG</name>
         <uninitialized>true</uninitialized>
         <run_address>0x8800</run_address>
         <size>0x190</size>
         <input_file_ref idref="fl-b"/>
      </object_component>
      <object_component id="oc-103">
         <name>SINTBL</name>
         <load_address>0x3f4000</load_address>
         <run_address>0x3f4000</run_address>
         <size>0x101</size>
         <input_file_ref idref="fl-1b"/>
      </object_component>
      <object_component id="oc-c1">
         <name>ADCDRV_1ch_Section</name>
         <uninitialized>true</uninitialized>
         <run_address>0x89dc</run_address>
         <size>0x8</size>
         <input_file_ref idref="fl-8"/>
      </object_component>
      <object_component id="oc-c2">
         <name>CNTL_2P2Z_Section</name>
         <uninitialized>true</uninitialized>
         <run_address>0x8990</run_address>
         <size>0x24</size>
         <input_file_ref idref="fl-8"/>
      </object_component>
      <object_component id="oc-d2">
         <name>CNTL_2P2Z_Coef</name>
         <uninitialized>true</uninitialized>
         <run_address>0x89c0</run_address>
         <size>0x1c</size>
         <input_file_ref idref="fl-a"/>
      </object_component>
      <object_component id="oc-c3">
         <name>MATH_EMAVG_Section</name>
         <uninitialized>true</uninitialized>
         <run_address>0x89b4</run_address>
         <size>0xc</size>
         <input_file_ref idref="fl-8"/>
      </object_component>
      <object_component id="oc-c0">
         <name>PWMDRV_1ch_UpDwnCntCompl_Section</name>
         <uninitialized>true</uninitialized>
         <run_address>0x89e4</run_address>
         <size>0x4</size>
         <input_file_ref idref="fl-8"/>
      </object_component>
      <object_component id="oc-bf">
         <name>ZeroNet_Section</name>
         <uninitialized>true</uninitialized>
         <run_address>0x89e8</run_address>
         <size>0x2</size>
         <input_file_ref idref="fl-8"/>
      </object_component>
      <object_component id="oc-75">
         <name>.debug_info</name>
         <load_address>0x0</load_address>
         <run_address>0x0</run_address>
         <size>0x1dfb</size>
         <input_file_ref idref="fl-2"/>
      </object_component>
      <object_component id="oc-7c">
         <name>.debug_info</name>
         <load_address>0x1dfb</load_address>
         <run_address>0x1dfb</run_address>
         <size>0x1e9</size>
         <input_file_ref idref="fl-3"/>
      </object_component>
      <object_component id="oc-80">
         <name>.debug_info</name>
         <load_address>0x1fe4</load_address>
         <run_address>0x1fe4</run_address>
         <size>0x14010</size>
         <input_file_ref idref="fl-4"/>
      </object_component>
      <object_component id="oc-b3">
         <name>.debug_info</name>
         <load_address>0x15ff4</load_address>
         <run_address>0x15ff4</run_address>
         <size>0x16e</size>
         <input_file_ref idref="fl-5"/>
      </object_component>
      <object_component id="oc-b7">
         <name>.debug_info</name>
         <load_address>0x16162</load_address>
         <run_address>0x16162</run_address>
         <size>0x175</size>
         <input_file_ref idref="fl-6"/>
      </object_component>
      <object_component id="oc-b9">
         <name>.debug_info</name>
         <load_address>0x162d7</load_address>
         <run_address>0x162d7</run_address>
         <size>0x2445</size>
         <input_file_ref idref="fl-7"/>
      </object_component>
      <object_component id="oc-c5">
         <name>.debug_info</name>
         <load_address>0x1871c</load_address>
         <run_address>0x1871c</run_address>
         <size>0x126</size>
         <input_file_ref idref="fl-8"/>
      </object_component>
      <object_component id="oc-c9">
         <name>.debug_info</name>
         <load_address>0x18842</load_address>
         <run_address>0x18842</run_address>
         <size>0x4689</size>
         <input_file_ref idref="fl-9"/>
      </object_component>
      <object_component id="oc-cf">
         <name>.debug_info</name>
         <load_address>0x1cecb</load_address>
         <run_address>0x1cecb</run_address>
         <size>0xbc37</size>
         <input_file_ref idref="fl-a"/>
      </object_component>
      <object_component id="oc-db">
         <name>.debug_info</name>
         <load_address>0x28b02</load_address>
         <run_address>0x28b02</run_address>
         <size>0x161</size>
         <input_file_ref idref="fl-b"/>
      </object_component>
      <object_component id="oc-df">
         <name>.debug_info</name>
         <load_address>0x28c63</load_address>
         <run_address>0x28c63</run_address>
         <size>0x30f</size>
         <input_file_ref idref="fl-c"/>
      </object_component>
      <object_component id="oc-e4">
         <name>.debug_info</name>
         <load_address>0x28f72</load_address>
         <run_address>0x28f72</run_address>
         <size>0x319d</size>
         <input_file_ref idref="fl-d"/>
      </object_component>
      <object_component id="oc-eb">
         <name>.debug_info</name>
         <load_address>0x2c10f</load_address>
         <run_address>0x2c10f</run_address>
         <size>0x906</size>
         <input_file_ref idref="fl-e"/>
      </object_component>
      <object_component id="oc-f0">
         <name>.debug_info</name>
         <load_address>0x2ca15</load_address>
         <run_address>0x2ca15</run_address>
         <size>0xae7</size>
         <input_file_ref idref="fl-f"/>
      </object_component>
      <object_component id="oc-f5">
         <name>.debug_info</name>
         <load_address>0x2d4fc</load_address>
         <run_address>0x2d4fc</run_address>
         <size>0x3a7a</size>
         <input_file_ref idref="fl-10"/>
      </object_component>
      <object_component id="oc-fa">
         <name>.debug_info</name>
         <load_address>0x30f76</load_address>
         <run_address>0x30f76</run_address>
         <size>0x1f96</size>
         <input_file_ref idref="fl-11"/>
      </object_component>
      <object_component id="oc-100">
         <name>.debug_info</name>
         <load_address>0x32f0c</load_address>
         <run_address>0x32f0c</run_address>
         <size>0x105</size>
         <input_file_ref idref="fl-1a"/>
      </object_component>
      <object_component id="oc-108">
         <name>.debug_info</name>
         <load_address>0x33011</load_address>
         <run_address>0x33011</run_address>
         <size>0x23b8</size>
         <input_file_ref idref="fl-1f"/>
      </object_component>
      <object_component id="oc-10d">
         <name>.debug_info</name>
         <load_address>0x353c9</load_address>
         <run_address>0x353c9</run_address>
         <size>0x965</size>
         <input_file_ref idref="fl-20"/>
      </object_component>
      <object_component id="oc-112">
         <name>.debug_info</name>
         <load_address>0x35d2e</load_address>
         <run_address>0x35d2e</run_address>
         <size>0x1425</size>
         <input_file_ref idref="fl-21"/>
      </object_component>
      <object_component id="oc-118">
         <name>.debug_info</name>
         <load_address>0x37153</load_address>
         <run_address>0x37153</run_address>
         <size>0x112</size>
         <input_file_ref idref="fl-27"/>
      </object_component>
      <object_component id="oc-11c">
         <name>.debug_info</name>
         <load_address>0x37265</load_address>
         <run_address>0x37265</run_address>
         <size>0x407</size>
         <input_file_ref idref="fl-28"/>
      </object_component>
      <object_component id="oc-124">
         <name>.debug_info</name>
         <load_address>0x3766c</load_address>
         <run_address>0x3766c</run_address>
         <size>0xf4</size>
         <input_file_ref idref="fl-29"/>
      </object_component>
      <object_component id="oc-129">
         <name>.debug_info</name>
         <load_address>0x37760</load_address>
         <run_address>0x37760</run_address>
         <size>0xf4</size>
         <input_file_ref idref="fl-2a"/>
      </object_component>
      <object_component id="oc-12e">
         <name>.debug_info</name>
         <load_address>0x37854</load_address>
         <run_address>0x37854</run_address>
         <size>0xf4</size>
         <input_file_ref idref="fl-2b"/>
      </object_component>
      <object_component id="oc-133">
         <name>.debug_info</name>
         <load_address>0x37948</load_address>
         <run_address>0x37948</run_address>
         <size>0xf7</size>
         <input_file_ref idref="fl-2c"/>
      </object_component>
      <object_component id="oc-138">
         <name>.debug_info</name>
         <load_address>0x37a3f</load_address>
         <run_address>0x37a3f</run_address>
         <size>0x123</size>
         <input_file_ref idref="fl-2d"/>
      </object_component>
      <object_component id="oc-13d">
         <name>.debug_info</name>
         <load_address>0x37b62</load_address>
         <run_address>0x37b62</run_address>
         <size>0xfa</size>
         <input_file_ref idref="fl-2e"/>
      </object_component>
      <object_component id="oc-142">
         <name>.debug_info</name>
         <load_address>0x37c5c</load_address>
         <run_address>0x37c5c</run_address>
         <size>0x15a</size>
         <input_file_ref idref="fl-2f"/>
      </object_component>
      <object_component id="oc-147">
         <name>.debug_info</name>
         <load_address>0x37db6</load_address>
         <run_address>0x37db6</run_address>
         <size>0x130</size>
         <input_file_ref idref="fl-30"/>
      </object_component>
      <object_component id="oc-14b">
         <name>.debug_info</name>
         <load_address>0x37ee6</load_address>
         <run_address>0x37ee6</run_address>
         <size>0x431</size>
         <input_file_ref idref="fl-31"/>
      </object_component>
      <object_component id="oc-150">
         <name>.debug_info</name>
         <load_address>0x38317</load_address>
         <run_address>0x38317</run_address>
         <size>0x425</size>
         <input_file_ref idref="fl-32"/>
      </object_component>
      <object_component id="oc-155">
         <name>.debug_info</name>
         <load_address>0x3873c</load_address>
         <run_address>0x3873c</run_address>
         <size>0x3fe</size>
         <input_file_ref idref="fl-33"/>
      </object_component>
      <object_component id="oc-1e8">
         <name>.debug_info</name>
         <load_address>0x38b3a</load_address>
         <run_address>0x38b3a</run_address>
         <size>0xa1</size>
      </object_component>
      <object_component id="oc-76">
         <name>.debug_frame</name>
         <load_address>0x0</load_address>
         <run_address>0x0</run_address>
         <size>0x7f</size>
         <input_file_ref idref="fl-2"/>
      </object_component>
      <object_component id="oc-ba">
         <name>.debug_frame</name>
         <load_address>0x7f</load_address>
         <run_address>0x7f</run_address>
         <size>0x7e</size>
         <input_file_ref idref="fl-7"/>
      </object_component>
      <object_component id="oc-cb">
         <name>.debug_frame</name>
         <load_address>0xfd</load_address>
         <run_address>0xfd</run_address>
         <size>0x11e</size>
         <input_file_ref idref="fl-9"/>
      </object_component>
      <object_component id="oc-d5">
         <name>.debug_frame</name>
         <load_address>0x21b</load_address>
         <run_address>0x21b</run_address>
         <size>0xdd</size>
         <input_file_ref idref="fl-a"/>
      </object_component>
      <object_component id="oc-e0">
         <name>.debug_frame</name>
         <load_address>0x2f8</load_address>
         <run_address>0x2f8</run_address>
         <size>0x62</size>
         <input_file_ref idref="fl-c"/>
      </object_component>
      <object_component id="oc-e7">
         <name>.debug_frame</name>
         <load_address>0x35a</load_address>
         <run_address>0x35a</run_address>
         <size>0x128</size>
         <input_file_ref idref="fl-d"/>
      </object_component>
      <object_component id="oc-ec">
         <name>.debug_frame</name>
         <load_address>0x482</load_address>
         <run_address>0x482</run_address>
         <size>0x120</size>
         <input_file_ref idref="fl-e"/>
      </object_component>
      <object_component id="oc-f1">
         <name>.debug_frame</name>
         <load_address>0x5a2</load_address>
         <run_address>0x5a2</run_address>
         <size>0x157</size>
         <input_file_ref idref="fl-f"/>
      </object_component>
      <object_component id="oc-f6">
         <name>.debug_frame</name>
         <load_address>0x6f9</load_address>
         <run_address>0x6f9</run_address>
         <size>0x123</size>
         <input_file_ref idref="fl-10"/>
      </object_component>
      <object_component id="oc-fb">
         <name>.debug_frame</name>
         <load_address>0x81c</load_address>
         <run_address>0x81c</run_address>
         <size>0x108</size>
         <input_file_ref idref="fl-11"/>
      </object_component>
      <object_component id="oc-109">
         <name>.debug_frame</name>
         <load_address>0x924</load_address>
         <run_address>0x924</run_address>
         <size>0x21b</size>
         <input_file_ref idref="fl-1f"/>
      </object_component>
      <object_component id="oc-10e">
         <name>.debug_frame</name>
         <load_address>0xb3f</load_address>
         <run_address>0xb3f</run_address>
         <size>0x119</size>
         <input_file_ref idref="fl-20"/>
      </object_component>
      <object_component id="oc-113">
         <name>.debug_frame</name>
         <load_address>0xc58</load_address>
         <run_address>0xc58</run_address>
         <size>0x19d</size>
         <input_file_ref idref="fl-21"/>
      </object_component>
      <object_component id="oc-11f">
         <name>.debug_frame</name>
         <load_address>0xdf5</load_address>
         <run_address>0xdf5</run_address>
         <size>0x95</size>
         <input_file_ref idref="fl-28"/>
      </object_component>
      <object_component id="oc-14c">
         <name>.debug_frame</name>
         <load_address>0xe8a</load_address>
         <run_address>0xe8a</run_address>
         <size>0xa1</size>
         <input_file_ref idref="fl-31"/>
      </object_component>
      <object_component id="oc-151">
         <name>.debug_frame</name>
         <load_address>0xf2b</load_address>
         <run_address>0xf2b</run_address>
         <size>0x77</size>
         <input_file_ref idref="fl-32"/>
      </object_component>
      <object_component id="oc-156">
         <name>.debug_frame</name>
         <load_address>0xfa2</load_address>
         <run_address>0xfa2</run_address>
         <size>0x77</size>
         <input_file_ref idref="fl-33"/>
      </object_component>
      <object_component id="oc-77">
         <name>.debug_line</name>
         <load_address>0x0</load_address>
         <run_address>0x0</run_address>
         <size>0xea</size>
         <input_file_ref idref="fl-2"/>
      </object_component>
      <object_component id="oc-7d">
         <name>.debug_line</name>
         <load_address>0xea</load_address>
         <run_address>0xea</run_address>
         <size>0xa3</size>
         <input_file_ref idref="fl-3"/>
      </object_component>
      <object_component id="oc-b4">
         <name>.debug_line</name>
         <load_address>0x18d</load_address>
         <run_address>0x18d</run_address>
         <size>0x8a</size>
         <input_file_ref idref="fl-5"/>
      </object_component>
      <object_component id="oc-bb">
         <name>.debug_line</name>
         <load_address>0x217</load_address>
         <run_address>0x217</run_address>
         <size>0xb5</size>
         <input_file_ref idref="fl-7"/>
      </object_component>
      <object_component id="oc-c6">
         <name>.debug_line</name>
         <load_address>0x2cc</load_address>
         <run_address>0x2cc</run_address>
         <size>0x125</size>
         <input_file_ref idref="fl-8"/>
      </object_component>
      <object_component id="oc-cc">
         <name>.debug_line</name>
         <load_address>0x3f1</load_address>
         <run_address>0x3f1</run_address>
         <size>0x1e1</size>
         <input_file_ref idref="fl-9"/>
      </object_component>
      <object_component id="oc-d6">
         <name>.debug_line</name>
         <load_address>0x5d2</load_address>
         <run_address>0x5d2</run_address>
         <size>0x2fa</size>
         <input_file_ref idref="fl-a"/>
      </object_component>
      <object_component id="oc-dc">
         <name>.debug_line</name>
         <load_address>0x8cc</load_address>
         <run_address>0x8cc</run_address>
         <size>0xb6</size>
         <input_file_ref idref="fl-b"/>
      </object_component>
      <object_component id="oc-e1">
         <name>.debug_line</name>
         <load_address>0x982</load_address>
         <run_address>0x982</run_address>
         <size>0x37</size>
         <input_file_ref idref="fl-c"/>
      </object_component>
      <object_component id="oc-e8">
         <name>.debug_line</name>
         <load_address>0x9b9</load_address>
         <run_address>0x9b9</run_address>
         <size>0x165</size>
         <input_file_ref idref="fl-d"/>
      </object_component>
      <object_component id="oc-ed">
         <name>.debug_line</name>
         <load_address>0xb1e</load_address>
         <run_address>0xb1e</run_address>
         <size>0x1ae</size>
         <input_file_ref idref="fl-e"/>
      </object_component>
      <object_component id="oc-f2">
         <name>.debug_line</name>
         <load_address>0xccc</load_address>
         <run_address>0xccc</run_address>
         <size>0x2cb</size>
         <input_file_ref idref="fl-f"/>
      </object_component>
      <object_component id="oc-f7">
         <name>.debug_line</name>
         <load_address>0xf97</load_address>
         <run_address>0xf97</run_address>
         <size>0x21c</size>
         <input_file_ref idref="fl-10"/>
      </object_component>
      <object_component id="oc-fc">
         <name>.debug_line</name>
         <load_address>0x11b3</load_address>
         <run_address>0x11b3</run_address>
         <size>0x1c2</size>
         <input_file_ref idref="fl-11"/>
      </object_component>
      <object_component id="oc-101">
         <name>.debug_line</name>
         <load_address>0x1375</load_address>
         <run_address>0x1375</run_address>
         <size>0x6b</size>
         <input_file_ref idref="fl-1a"/>
      </object_component>
      <object_component id="oc-10a">
         <name>.debug_line</name>
         <load_address>0x13e0</load_address>
         <run_address>0x13e0</run_address>
         <size>0x695</size>
         <input_file_ref idref="fl-1f"/>
      </object_component>
      <object_component id="oc-10f">
         <name>.debug_line</name>
         <load_address>0x1a75</load_address>
         <run_address>0x1a75</run_address>
         <size>0x1a9</size>
         <input_file_ref idref="fl-20"/>
      </object_component>
      <object_component id="oc-114">
         <name>.debug_line</name>
         <load_address>0x1c1e</load_address>
         <run_address>0x1c1e</run_address>
         <size>0x313</size>
         <input_file_ref idref="fl-21"/>
      </object_component>
      <object_component id="oc-119">
         <name>.debug_line</name>
         <load_address>0x1f31</load_address>
         <run_address>0x1f31</run_address>
         <size>0x73</size>
         <input_file_ref idref="fl-27"/>
      </object_component>
      <object_component id="oc-120">
         <name>.debug_line</name>
         <load_address>0x1fa4</load_address>
         <run_address>0x1fa4</run_address>
         <size>0x5d</size>
         <input_file_ref idref="fl-28"/>
      </object_component>
      <object_component id="oc-125">
         <name>.debug_line</name>
         <load_address>0x2001</load_address>
         <run_address>0x2001</run_address>
         <size>0xa2</size>
         <input_file_ref idref="fl-29"/>
      </object_component>
      <object_component id="oc-12a">
         <name>.debug_line</name>
         <load_address>0x20a3</load_address>
         <run_address>0x20a3</run_address>
         <size>0x58</size>
         <input_file_ref idref="fl-2a"/>
      </object_component>
      <object_component id="oc-12f">
         <name>.debug_line</name>
         <load_address>0x20fb</load_address>
         <run_address>0x20fb</run_address>
         <size>0x8d</size>
         <input_file_ref idref="fl-2b"/>
      </object_component>
      <object_component id="oc-134">
         <name>.debug_line</name>
         <load_address>0x2188</load_address>
         <run_address>0x2188</run_address>
         <size>0x56</size>
         <input_file_ref idref="fl-2c"/>
      </object_component>
      <object_component id="oc-139">
         <name>.debug_line</name>
         <load_address>0x21de</load_address>
         <run_address>0x21de</run_address>
         <size>0x69</size>
         <input_file_ref idref="fl-2d"/>
      </object_component>
      <object_component id="oc-13e">
         <name>.debug_line</name>
         <load_address>0x2247</load_address>
         <run_address>0x2247</run_address>
         <size>0x52</size>
         <input_file_ref idref="fl-2e"/>
      </object_component>
      <object_component id="oc-143">
         <name>.debug_line</name>
         <load_address>0x2299</load_address>
         <run_address>0x2299</run_address>
         <size>0x6c</size>
         <input_file_ref idref="fl-2f"/>
      </object_component>
      <object_component id="oc-148">
         <name>.debug_line</name>
         <load_address>0x2305</load_address>
         <run_address>0x2305</run_address>
         <size>0x63</size>
         <input_file_ref idref="fl-30"/>
      </object_component>
      <object_component id="oc-14d">
         <name>.debug_line</name>
         <load_address>0x2368</load_address>
         <run_address>0x2368</run_address>
         <size>0x5e</size>
         <input_file_ref idref="fl-31"/>
      </object_component>
      <object_component id="oc-152">
         <name>.debug_line</name>
         <load_address>0x23c6</load_address>
         <run_address>0x23c6</run_address>
         <size>0x90</size>
         <input_file_ref idref="fl-32"/>
      </object_component>
      <object_component id="oc-157">
         <name>.debug_line</name>
         <load_address>0x2456</load_address>
         <run_address>0x2456</run_address>
         <size>0x59</size>
         <input_file_ref idref="fl-33"/>
      </object_component>
      <object_component id="oc-78">
         <name>.debug_abbrev</name>
         <load_address>0x0</load_address>
         <run_address>0x0</run_address>
         <size>0x126</size>
         <input_file_ref idref="fl-2"/>
      </object_component>
      <object_component id="oc-7e">
         <name>.debug_abbrev</name>
         <load_address>0x126</load_address>
         <run_address>0x126</run_address>
         <size>0x20</size>
         <input_file_ref idref="fl-3"/>
      </object_component>
      <object_component id="oc-b1">
         <name>.debug_abbrev</name>
         <load_address>0x146</load_address>
         <run_address>0x146</run_address>
         <size>0xb7</size>
         <input_file_ref idref="fl-4"/>
      </object_component>
      <object_component id="oc-b5">
         <name>.debug_abbrev</name>
         <load_address>0x1fd</load_address>
         <run_address>0x1fd</run_address>
         <size>0x2e</size>
         <input_file_ref idref="fl-5"/>
      </object_component>
      <object_component id="oc-b8">
         <name>.debug_abbrev</name>
         <load_address>0x22b</load_address>
         <run_address>0x22b</run_address>
         <size>0x21</size>
         <input_file_ref idref="fl-6"/>
      </object_component>
      <object_component id="oc-bc">
         <name>.debug_abbrev</name>
         <load_address>0x24c</load_address>
         <run_address>0x24c</run_address>
         <size>0x111</size>
         <input_file_ref idref="fl-7"/>
      </object_component>
      <object_component id="oc-c7">
         <name>.debug_abbrev</name>
         <load_address>0x35d</load_address>
         <run_address>0x35d</run_address>
         <size>0x3d</size>
         <input_file_ref idref="fl-8"/>
      </object_component>
      <object_component id="oc-cd">
         <name>.debug_abbrev</name>
         <load_address>0x39a</load_address>
         <run_address>0x39a</run_address>
         <size>0x17f</size>
         <input_file_ref idref="fl-9"/>
      </object_component>
      <object_component id="oc-d7">
         <name>.debug_abbrev</name>
         <load_address>0x519</load_address>
         <run_address>0x519</run_address>
         <size>0x214</size>
         <input_file_ref idref="fl-a"/>
      </object_component>
      <object_component id="oc-dd">
         <name>.debug_abbrev</name>
         <load_address>0x72d</load_address>
         <run_address>0x72d</run_address>
         <size>0x2e</size>
         <input_file_ref idref="fl-b"/>
      </object_component>
      <object_component id="oc-e2">
         <name>.debug_abbrev</name>
         <load_address>0x75b</load_address>
         <run_address>0x75b</run_address>
         <size>0xac</size>
         <input_file_ref idref="fl-c"/>
      </object_component>
      <object_component id="oc-e9">
         <name>.debug_abbrev</name>
         <load_address>0x807</load_address>
         <run_address>0x807</run_address>
         <size>0x1ce</size>
         <input_file_ref idref="fl-d"/>
      </object_component>
      <object_component id="oc-ee">
         <name>.debug_abbrev</name>
         <load_address>0x9d5</load_address>
         <run_address>0x9d5</run_address>
         <size>0xf7</size>
         <input_file_ref idref="fl-e"/>
      </object_component>
      <object_component id="oc-f3">
         <name>.debug_abbrev</name>
         <load_address>0xacc</load_address>
         <run_address>0xacc</run_address>
         <size>0xf7</size>
         <input_file_ref idref="fl-f"/>
      </object_component>
      <object_component id="oc-f8">
         <name>.debug_abbrev</name>
         <load_address>0xbc3</load_address>
         <run_address>0xbc3</run_address>
         <size>0x1b8</size>
         <input_file_ref idref="fl-10"/>
      </object_component>
      <object_component id="oc-fd">
         <name>.debug_abbrev</name>
         <load_address>0xd7b</load_address>
         <run_address>0xd7b</run_address>
         <size>0x161</size>
         <input_file_ref idref="fl-11"/>
      </object_component>
      <object_component id="oc-102">
         <name>.debug_abbrev</name>
         <load_address>0xedc</load_address>
         <run_address>0xedc</run_address>
         <size>0x2c</size>
         <input_file_ref idref="fl-1a"/>
      </object_component>
      <object_component id="oc-10b">
         <name>.debug_abbrev</name>
         <load_address>0xf08</load_address>
         <run_address>0xf08</run_address>
         <size>0x206</size>
         <input_file_ref idref="fl-1f"/>
      </object_component>
      <object_component id="oc-110">
         <name>.debug_abbrev</name>
         <load_address>0x110e</load_address>
         <run_address>0x110e</run_address>
         <size>0x151</size>
         <input_file_ref idref="fl-20"/>
      </object_component>
      <object_component id="oc-115">
         <name>.debug_abbrev</name>
         <load_address>0x125f</load_address>
         <run_address>0x125f</run_address>
         <size>0x1d3</size>
         <input_file_ref idref="fl-21"/>
      </object_component>
      <object_component id="oc-11a">
         <name>.debug_abbrev</name>
         <load_address>0x1432</load_address>
         <run_address>0x1432</run_address>
         <size>0x45</size>
         <input_file_ref idref="fl-27"/>
      </object_component>
      <object_component id="oc-121">
         <name>.debug_abbrev</name>
         <load_address>0x1477</load_address>
         <run_address>0x1477</run_address>
         <size>0x117</size>
         <input_file_ref idref="fl-28"/>
      </object_component>
      <object_component id="oc-126">
         <name>.debug_abbrev</name>
         <load_address>0x158e</load_address>
         <run_address>0x158e</run_address>
         <size>0x37</size>
         <input_file_ref idref="fl-29"/>
      </object_component>
      <object_component id="oc-12b">
         <name>.debug_abbrev</name>
         <load_address>0x15c5</load_address>
         <run_address>0x15c5</run_address>
         <size>0x37</size>
         <input_file_ref idref="fl-2a"/>
      </object_component>
      <object_component id="oc-130">
         <name>.debug_abbrev</name>
         <load_address>0x15fc</load_address>
         <run_address>0x15fc</run_address>
         <size>0x37</size>
         <input_file_ref idref="fl-2b"/>
      </object_component>
      <object_component id="oc-135">
         <name>.debug_abbrev</name>
         <load_address>0x1633</load_address>
         <run_address>0x1633</run_address>
         <size>0x37</size>
         <input_file_ref idref="fl-2c"/>
      </object_component>
      <object_component id="oc-13a">
         <name>.debug_abbrev</name>
         <load_address>0x166a</load_address>
         <run_address>0x166a</run_address>
         <size>0x37</size>
         <input_file_ref idref="fl-2d"/>
      </object_component>
      <object_component id="oc-13f">
         <name>.debug_abbrev</name>
         <load_address>0x16a1</load_address>
         <run_address>0x16a1</run_address>
         <size>0x37</size>
         <input_file_ref idref="fl-2e"/>
      </object_component>
      <object_component id="oc-144">
         <name>.debug_abbrev</name>
         <load_address>0x16d8</load_address>
         <run_address>0x16d8</run_address>
         <size>0x37</size>
         <input_file_ref idref="fl-2f"/>
      </object_component>
      <object_component id="oc-149">
         <name>.debug_abbrev</name>
         <load_address>0x170f</load_address>
         <run_address>0x170f</run_address>
         <size>0x37</size>
         <input_file_ref idref="fl-30"/>
      </object_component>
      <object_component id="oc-14e">
         <name>.debug_abbrev</name>
         <load_address>0x1746</load_address>
         <run_address>0x1746</run_address>
         <size>0xb2</size>
         <input_file_ref idref="fl-31"/>
      </object_component>
      <object_component id="oc-153">
         <name>.debug_abbrev</name>
         <load_address>0x17f8</load_address>
         <run_address>0x17f8</run_address>
         <size>0xa8</size>
         <input_file_ref idref="fl-32"/>
      </object_component>
      <object_component id="oc-158">
         <name>.debug_abbrev</name>
         <load_address>0x18a0</load_address>
         <run_address>0x18a0</run_address>
         <size>0xfe</size>
         <input_file_ref idref="fl-33"/>
      </object_component>
      <object_component id="oc-1e9">
         <name>.debug_abbrev</name>
         <load_address>0x199e</load_address>
         <run_address>0x199e</run_address>
         <size>0xf</size>
      </object_component>
      <object_component id="oc-79">
         <name>.debug_aranges</name>
         <load_address>0x0</load_address>
         <run_address>0x0</run_address>
         <size>0x20</size>
         <input_file_ref idref="fl-2"/>
      </object_component>
      <object_component id="oc-7f">
         <name>.debug_aranges</name>
         <load_address>0x20</load_address>
         <run_address>0x20</run_address>
         <size>0x28</size>
         <input_file_ref idref="fl-3"/>
      </object_component>
      <object_component id="oc-b6">
         <name>.debug_aranges</name>
         <load_address>0x48</load_address>
         <run_address>0x48</run_address>
         <size>0x20</size>
         <input_file_ref idref="fl-5"/>
      </object_component>
      <object_component id="oc-bd">
         <name>.debug_aranges</name>
         <load_address>0x68</load_address>
         <run_address>0x68</run_address>
         <size>0x20</size>
         <input_file_ref idref="fl-7"/>
      </object_component>
      <object_component id="oc-c8">
         <name>.debug_aranges</name>
         <load_address>0x88</load_address>
         <run_address>0x88</run_address>
         <size>0x28</size>
         <input_file_ref idref="fl-8"/>
      </object_component>
      <object_component id="oc-ce">
         <name>.debug_aranges</name>
         <load_address>0xb0</load_address>
         <run_address>0xb0</run_address>
         <size>0x58</size>
         <input_file_ref idref="fl-9"/>
      </object_component>
      <object_component id="oc-d8">
         <name>.debug_aranges</name>
         <load_address>0x108</load_address>
         <run_address>0x108</run_address>
         <size>0x40</size>
         <input_file_ref idref="fl-a"/>
      </object_component>
      <object_component id="oc-de">
         <name>.debug_aranges</name>
         <load_address>0x148</load_address>
         <run_address>0x148</run_address>
         <size>0x20</size>
         <input_file_ref idref="fl-b"/>
      </object_component>
      <object_component id="oc-e3">
         <name>.debug_aranges</name>
         <load_address>0x168</load_address>
         <run_address>0x168</run_address>
         <size>0x18</size>
         <input_file_ref idref="fl-c"/>
      </object_component>
      <object_component id="oc-ea">
         <name>.debug_aranges</name>
         <load_address>0x180</load_address>
         <run_address>0x180</run_address>
         <size>0x58</size>
         <input_file_ref idref="fl-d"/>
      </object_component>
      <object_component id="oc-ef">
         <name>.debug_aranges</name>
         <load_address>0x1d8</load_address>
         <run_address>0x1d8</run_address>
         <size>0x50</size>
         <input_file_ref idref="fl-e"/>
      </object_component>
      <object_component id="oc-f4">
         <name>.debug_aranges</name>
         <load_address>0x228</load_address>
         <run_address>0x228</run_address>
         <size>0x60</size>
         <input_file_ref idref="fl-f"/>
      </object_component>
      <object_component id="oc-f9">
         <name>.debug_aranges</name>
         <load_address>0x288</load_address>
         <run_address>0x288</run_address>
         <size>0x50</size>
         <input_file_ref idref="fl-10"/>
      </object_component>
      <object_component id="oc-fe">
         <name>.debug_aranges</name>
         <load_address>0x2d8</load_address>
         <run_address>0x2d8</run_address>
         <size>0x48</size>
         <input_file_ref idref="fl-11"/>
      </object_component>
      <object_component id="oc-11b">
         <name>.debug_aranges</name>
         <load_address>0x320</load_address>
         <run_address>0x320</run_address>
         <size>0x20</size>
         <input_file_ref idref="fl-27"/>
      </object_component>
      <object_component id="oc-122">
         <name>.debug_aranges</name>
         <load_address>0x340</load_address>
         <run_address>0x340</run_address>
         <size>0x28</size>
         <input_file_ref idref="fl-28"/>
      </object_component>
      <object_component id="oc-127">
         <name>.debug_aranges</name>
         <load_address>0x368</load_address>
         <run_address>0x368</run_address>
         <size>0x20</size>
         <input_file_ref idref="fl-29"/>
      </object_component>
      <object_component id="oc-12c">
         <name>.debug_aranges</name>
         <load_address>0x388</load_address>
         <run_address>0x388</run_address>
         <size>0x20</size>
         <input_file_ref idref="fl-2a"/>
      </object_component>
      <object_component id="oc-131">
         <name>.debug_aranges</name>
         <load_address>0x3a8</load_address>
         <run_address>0x3a8</run_address>
         <size>0x20</size>
         <input_file_ref idref="fl-2b"/>
      </object_component>
      <object_component id="oc-136">
         <name>.debug_aranges</name>
         <load_address>0x3c8</load_address>
         <run_address>0x3c8</run_address>
         <size>0x20</size>
         <input_file_ref idref="fl-2c"/>
      </object_component>
      <object_component id="oc-13b">
         <name>.debug_aranges</name>
         <load_address>0x3e8</load_address>
         <run_address>0x3e8</run_address>
         <size>0x28</size>
         <input_file_ref idref="fl-2d"/>
      </object_component>
      <object_component id="oc-140">
         <name>.debug_aranges</name>
         <load_address>0x410</load_address>
         <run_address>0x410</run_address>
         <size>0x20</size>
         <input_file_ref idref="fl-2e"/>
      </object_component>
      <object_component id="oc-145">
         <name>.debug_aranges</name>
         <load_address>0x430</load_address>
         <run_address>0x430</run_address>
         <size>0x30</size>
         <input_file_ref idref="fl-2f"/>
      </object_component>
      <object_component id="oc-14a">
         <name>.debug_aranges</name>
         <load_address>0x460</load_address>
         <run_address>0x460</run_address>
         <size>0x28</size>
         <input_file_ref idref="fl-30"/>
      </object_component>
      <object_component id="oc-14f">
         <name>.debug_aranges</name>
         <load_address>0x488</load_address>
         <run_address>0x488</run_address>
         <size>0x30</size>
         <input_file_ref idref="fl-31"/>
      </object_component>
      <object_component id="oc-154">
         <name>.debug_aranges</name>
         <load_address>0x4b8</load_address>
         <run_address>0x4b8</run_address>
         <size>0x20</size>
         <input_file_ref idref="fl-32"/>
      </object_component>
      <object_component id="oc-159">
         <name>.debug_aranges</name>
         <load_address>0x4d8</load_address>
         <run_address>0x4d8</run_address>
         <size>0x20</size>
         <input_file_ref idref="fl-33"/>
      </object_component>
   </object_component_list>
   <logical_group_list>
      <logical_group id="lg-3" display="no" color="cyan">
         <name>PieVectTableFile</name>
         <run_address>0xd00</run_address>
         <size>0x100</size>
         <contents>
            <object_component_ref idref="oc-af"/>
         </contents>
      </logical_group>
      <logical_group id="lg-5" display="no" color="cyan">
         <name>EmuKeyVar</name>
         <run_address>0xd00</run_address>
         <size>0x1</size>
         <contents>
            <object_component_ref idref="oc-82"/>
         </contents>
      </logical_group>
      <logical_group id="lg-6" display="no" color="cyan">
         <name>EmuBModeVar</name>
         <run_address>0xd01</run_address>
         <size>0x1</size>
         <contents>
            <object_component_ref idref="oc-81"/>
         </contents>
      </logical_group>
      <logical_group id="lg-7" display="no" color="cyan">
         <name>FlashCallbackVar</name>
         <run_address>0xd02</run_address>
         <size>0x2</size>
         <contents>
            <object_component_ref idref="oc-84"/>
         </contents>
      </logical_group>
      <logical_group id="lg-8" display="no" color="cyan">
         <name>FlashScalingVar</name>
         <run_address>0xd04</run_address>
         <size>0x2</size>
         <contents>
            <object_component_ref idref="oc-85"/>
         </contents>
      </logical_group>
      <logical_group id="lg-4" display="no" color="cyan">
         <name>GROUP_2</name>
         <run_address>0xd00</run_address>
         <size>0x6</size>
         <contents>
            <logical_group_ref idref="lg-5"/>
            <logical_group_ref idref="lg-6"/>
            <logical_group_ref idref="lg-7"/>
            <logical_group_ref idref="lg-8"/>
         </contents>
      </logical_group>
      <overlay id="lg-2" display="no" color="cyan">
         <name>UNION_1</name>
         <run_address>0xd00</run_address>
         <size>0x100</size>
         <contents>
            <logical_group_ref idref="lg-3"/>
            <logical_group_ref idref="lg-4"/>
         </contents>
      </overlay>
      <logical_group id="lg-9" display="no" color="cyan">
         <name>DevEmuRegsFile</name>
         <run_address>0x880</run_address>
         <size>0x4</size>
         <contents>
            <object_component_ref idref="oc-87"/>
         </contents>
      </logical_group>
      <logical_group id="lg-a" display="no" color="cyan">
         <name>SysPwrCtrlRegsFile</name>
         <run_address>0x985</run_address>
         <size>0x3</size>
         <contents>
            <object_component_ref idref="oc-86"/>
         </contents>
      </logical_group>
      <logical_group id="lg-b" display="no" color="cyan">
         <name>FlashRegsFile</name>
         <run_address>0xa80</run_address>
         <size>0x8</size>
         <contents>
            <object_component_ref idref="oc-88"/>
         </contents>
      </logical_group>
      <logical_group id="lg-c" display="no" color="cyan">
         <name>CsmRegsFile</name>
         <run_address>0xae0</run_address>
         <size>0x10</size>
         <contents>
            <object_component_ref idref="oc-93"/>
         </contents>
      </logical_group>
      <logical_group id="lg-d" display="no" color="cyan">
         <name>AdcResultFile</name>
         <run_address>0xb00</run_address>
         <size>0x20</size>
         <contents>
            <object_component_ref idref="oc-9d"/>
         </contents>
      </logical_group>
      <logical_group id="lg-e" display="no" color="cyan">
         <name>CpuTimer0RegsFile</name>
         <run_address>0xc00</run_address>
         <size>0x8</size>
         <contents>
            <object_component_ref idref="oc-8b"/>
         </contents>
      </logical_group>
      <logical_group id="lg-f" display="no" color="cyan">
         <name>CpuTimer1RegsFile</name>
         <run_address>0xc08</run_address>
         <size>0x8</size>
         <contents>
            <object_component_ref idref="oc-8a"/>
         </contents>
      </logical_group>
      <logical_group id="lg-10" display="no" color="cyan">
         <name>CpuTimer2RegsFile</name>
         <run_address>0xc10</run_address>
         <size>0x8</size>
         <contents>
            <object_component_ref idref="oc-8c"/>
         </contents>
      </logical_group>
      <logical_group id="lg-11" display="no" color="cyan">
         <name>PieCtrlRegsFile</name>
         <run_address>0xce0</run_address>
         <size>0x1a</size>
         <contents>
            <object_component_ref idref="oc-97"/>
         </contents>
      </logical_group>
      <logical_group id="lg-12" display="no" color="cyan">
         <name>Cla1RegsFile</name>
         <run_address>0x1400</run_address>
         <size>0x40</size>
         <contents>
            <object_component_ref idref="oc-a1"/>
         </contents>
      </logical_group>
      <logical_group id="lg-13" display="no" color="cyan">
         <name>ECanaRegsFile</name>
         <run_address>0x6000</run_address>
         <size>0x34</size>
         <contents>
            <object_component_ref idref="oc-9f"/>
         </contents>
      </logical_group>
      <logical_group id="lg-14" display="no" color="cyan">
         <name>ECanaLAMRegsFile</name>
         <run_address>0x6040</run_address>
         <size>0x40</size>
         <contents>
            <object_component_ref idref="oc-a4"/>
         </contents>
      </logical_group>
      <logical_group id="lg-15" display="no" color="cyan">
         <name>ECanaMboxesFile</name>
         <run_address>0x6100</run_address>
         <size>0x100</size>
         <contents>
            <object_component_ref idref="oc-b0"/>
         </contents>
      </logical_group>
      <logical_group id="lg-16" display="no" color="cyan">
         <name>ECanaMOTSRegsFile</name>
         <run_address>0x6080</run_address>
         <size>0x40</size>
         <contents>
            <object_component_ref idref="oc-a3"/>
         </contents>
      </logical_group>
      <logical_group id="lg-17" display="no" color="cyan">
         <name>ECanaMOTORegsFile</name>
         <run_address>0x60c0</run_address>
         <size>0x40</size>
         <contents>
            <object_component_ref idref="oc-ac"/>
         </contents>
      </logical_group>
[...]
         <value>0x3eee4d</value>
         <object_component_ref idref="oc-160"/>
      </symbol>
      <symbol id="sm-574">
         <name>_InverterCtor</name>
         <value>0x3eed47</value>
         <object_component_ref idref="oc-160"/>
      </symbol>
      <symbol id="sm-575">
         <name>_Inverter_AlmostOutOfParameters</name>
         <value>0x3eee1c</value>
         <object_component_ref idref="oc-160"/>
      </symbol>
      <symbol id="sm-576">
         <name>_Inverter_WithinParameters</name>
         <value>0x3eedeb</value>
         <object_component_ref idref="oc-160"/>
      </symbol>
      <symbol id="sm-577">
         <name>_Inverter_initial</name>
         <value>0x3eed4f</value>
         <object_component_ref idref="oc-160"/>
      </symbol>
      <symbol id="sm-578">
         <name>_Inverter_default</name>
         <value>0x3eed58</value>
         <object_component_ref idref="oc-160"/>
      </symbol>
      <symbol id="sm-579">
         <name>_Inverter_PowerOn</name>
         <value>0x3eed89</value>
         <object_component_ref idref="oc-160"/>
      </symbol>
      <symbol id="sm-57a">
         <name>_Inverter_OutOfParameters</name>
         <value>0x3eedba</value>
         <object_component_ref idref="oc-160"/>
      </symbol>
      <symbol id="sm-5c5">
         <name>_MpptCtor</name>
         <value>0x3eead9</value>
         <object_component_ref idref="oc-162"/>
      </symbol>
      <symbol id="sm-5c6">
         <name>_Mppt_StateMachine</name>
         <value>0x3eec17</value>
         <object_component_ref idref="oc-162"/>
      </symbol>
      <symbol id="sm-5c7">
         <name>_Mppt_Disable</name>
         <value>0x3eecde</value>
         <object_component_ref idref="oc-162"/>
      </symbol>
      <symbol id="sm-5c8">
         <name>_Mppt_Execute</name>
         <value>0x3eeaea</value>
         <object_component_ref idref="oc-162"/>
      </symbol>
      <symbol id="sm-5c9">
         <name>_Mppt_Blink</name>
         <value>0x3eebf5</value>
         <object_component_ref idref="oc-162"/>
      </symbol>
      <symbol id="sm-5ca">
         <name>_MpptTransitionFunction</name>
         <value>0x3eecf4</value>
         <object_component_ref idref="oc-162"/>
      </symbol>
      <symbol id="sm-5cb">
         <name>_Mppt_initial</name>
         <value>0x3eeae1</value>
         <object_component_ref idref="oc-162"/>
      </symbol>
      <symbol id="sm-605">
         <name>_PanelTransitionFunction</name>
         <value>0x3ef3da</value>
         <object_component_ref idref="oc-163"/>
      </symbol>
      <symbol id="sm-606">
         <name>_Panel_Dashboard</name>
         <value>0x3ef228</value>
         <object_component_ref idref="oc-163"/>
      </symbol>
      <symbol id="sm-607">
         <name>_Panel_initial</name>
         <value>0x3ef21f</value>
         <object_component_ref idref="oc-163"/>
      </symbol>
      <symbol id="sm-608">
         <name>_Panel_Connect</name>
         <value>0x3ef360</value>
         <object_component_ref idref="oc-163"/>
      </symbol>
      <symbol id="sm-609">
         <name>_Panel_Emulator</name>
         <value>0x3ef384</value>
         <object_component_ref idref="oc-163"/>
      </symbol>
      <symbol id="sm-60a">
         <name>_PanelCtor</name>
         <value>0x3ef217</value>
         <object_component_ref idref="oc-163"/>
      </symbol>
      <symbol id="sm-614">
         <name>_SGENHP_2_calc</name>
         <value>0x3efd2f</value>
         <object_component_ref idref="oc-ff"/>
      </symbol>
      <symbol id="sm-618">
         <name>SINTAB_360</name>
         <value>0x3f4000</value>
         <object_component_ref idref="oc-103"/>
      </symbol>
      <symbol id="sm-623">
         <name>__IQ24div</name>
         <value>0x3f6193</value>
         <object_component_ref idref="oc-104"/>
      </symbol>
      <symbol id="sm-62e">
         <name>__IQ9div</name>
         <value>0x3f61da</value>
         <object_component_ref idref="oc-105"/>
      </symbol>
      <symbol id="sm-632">
         <name>_IQ16mpyRndSatTable</name>
         <value>0x3fea90</value>
         <object_component_ref idref="oc-106"/>
      </symbol>
      <symbol id="sm-633">
         <name>_IQ24mpyRndSatTable</name>
         <value>0x3fea30</value>
         <object_component_ref idref="oc-106"/>
      </symbol>
      <symbol id="sm-634">
         <name>_IQ13mpyRndSatTable</name>
         <value>0x3feab4</value>
         <object_component_ref idref="oc-106"/>
      </symbol>
      <symbol id="sm-635">
         <name>_IQ21mpyRndSatTable</name>
         <value>0x3fea54</value>
         <object_component_ref idref="oc-106"/>
      </symbol>
      <symbol id="sm-636">
         <name>_IQ10mpyRndSatTable</name>
         <value>0x3fead8</value>
         <object_component_ref idref="oc-106"/>
      </symbol>
      <symbol id="sm-637">
         <name>_IQdivTable</name>
         <value>0x3fe510</value>
         <object_component_ref idref="oc-106"/>
      </symbol>
      <symbol id="sm-638">
         <name>_IQ9mpyRndSatTable</name>
         <value>0x3feae4</value>
         <object_component_ref idref="oc-106"/>
      </symbol>
      <symbol id="sm-639">
         <name>_IQ6mpyRndSatTable</name>
         <value>0x3feb08</value>
         <object_component_ref idref="oc-106"/>
      </symbol>
      <symbol id="sm-63a">
         <name>_IQatan2TableEnd</name>
         <value>0x3fe9e8</value>
         <object_component_ref idref="oc-106"/>
      </symbol>
      <symbol id="sm-63b">
         <name>_IQdivTableEnd</name>
         <value>0x3fe712</value>
         <object_component_ref idref="oc-106"/>
      </symbol>
      <symbol id="sm-63c">
         <name>_IQ29mpyRndSatTable</name>
         <value>0x3fe9f4</value>
         <object_component_ref idref="oc-106"/>
      </symbol>
      <symbol id="sm-63d">
         <name>_IQ3mpyRndSatTable</name>
         <value>0x3feb2c</value>
         <object_component_ref idref="oc-106"/>
      </symbol>
      <symbol id="sm-63e">
         <name>_IQ18mpyRndSatTable</name>
         <value>0x3fea78</value>
         <object_component_ref idref="oc-106"/>
      </symbol>
      <symbol id="sm-63f">
         <name>_IQ26mpyRndSatTable</name>
         <value>0x3fea18</value>
         <object_component_ref idref="oc-106"/>
      </symbol>
      <symbol id="sm-640">
         <name>_IQcosTableEnd</name>
         <value>0x3fe502</value>
         <object_component_ref idref="oc-106"/>
      </symbol>
      <symbol id="sm-641">
         <name>_IQsinTableEnd</name>
         <value>0x3fe400</value>
         <object_component_ref idref="oc-106"/>
      </symbol>
      <symbol id="sm-642">
         <name>_IQ15mpyRndSatTable</name>
         <value>0x3fea9c</value>
         <object_component_ref idref="oc-106"/>
      </symbol>
      <symbol id="sm-643">
         <name>_IQ23mpyRndSatTable</name>
         <value>0x3fea3c</value>
         <object_component_ref idref="oc-106"/>
      </symbol>
      <symbol id="sm-644">
         <name>_IQ12mpyRndSatTable</name>
         <value>0x3feac0</value>
         <object_component_ref idref="oc-106"/>
      </symbol>
      <symbol id="sm-645">
         <name>_IQ20mpyRndSatTable</name>
         <value>0x3fea60</value>
         <object_component_ref idref="oc-106"/>
      </symbol>
      <symbol id="sm-646">
         <name>_IQisqrtTableEnd</name>
         <value>0x3fe824</value>
         <object_component_ref idref="oc-106"/>
      </symbol>
      <symbol id="sm-647">
         <name>_IQ8mpyRndSatTable</name>
         <value>0x3feaf0</value>
         <object_component_ref idref="oc-106"/>
      </symbol>
      <symbol id="sm-648">
         <name>_IQisqrtRoundSatTable</name>
         <value>0x3fe712</value>
         <object_component_ref idref="oc-106"/>
      </symbol>
      <symbol id="sm-649">
         <name>_IQ5mpyRndSatTable</name>
         <value>0x3feb14</value>
         <object_component_ref idref="oc-106"/>
      </symbol>
      <symbol id="sm-64a">
         <name>_IQmpyRndSatTable</name>
         <value>0x3fe9e8</value>
         <object_component_ref idref="oc-106"/>
      </symbol>
      <symbol id="sm-64b">
         <name>_IQ28mpyRndSatTable</name>
         <value>0x3fea00</value>
         <object_component_ref idref="oc-106"/>
      </symbol>
      <symbol id="sm-64c">
         <name>_IQatan2Table</name>
         <value>0x3fe862</value>
         <object_component_ref idref="oc-106"/>
      </symbol>
      <symbol id="sm-64d">
         <name>_IQ2mpyRndSatTable</name>
         <value>0x3feb38</value>
         <object_component_ref idref="oc-106"/>
      </symbol>
      <symbol id="sm-64e">
         <name>_IQatan2HalfPITable</name>
         <value>0x3fe824</value>
         <object_component_ref idref="oc-106"/>
      </symbol>
      <symbol id="sm-64f">
         <name>_IQ17mpyRndSatTable</name>
         <value>0x3fea84</value>
         <object_component_ref idref="oc-106"/>
      </symbol>
      <symbol id="sm-650">
         <name>_IQ25mpyRndSatTable</name>
         <value>0x3fea24</value>
         <object_component_ref idref="oc-106"/>
      </symbol>
      <symbol id="sm-651">
         <name>_IQsqrtTable</name>
         <value>0x3fe722</value>
         <object_component_ref idref="oc-106"/>
      </symbol>
      <symbol id="sm-652">
         <name>_IQsqrtTableEnd</name>
         <value>0x3fe824</value>
         <object_component_ref idref="oc-106"/>
      </symbol>
      <symbol id="sm-653">
         <name>_IQ14mpyRndSatTable</name>
         <value>0x3feaa8</value>
         <object_component_ref idref="oc-106"/>
      </symbol>
      <symbol id="sm-654">
         <name>_IQ22mpyRndSatTable</name>
         <value>0x3fea48</value>
         <object_component_ref idref="oc-106"/>
      </symbol>
      <symbol id="sm-655">
         <name>_IQ30mpyRndSatTable</name>
         <value>0x3fe9e8</value>
         <object_component_ref idref="oc-106"/>
      </symbol>
      <symbol id="sm-656">
         <name>_IQsqrtRoundSatTable</name>
         <value>0x3fe712</value>
         <object_component_ref idref="oc-106"/>
      </symbol>
      <symbol id="sm-657">
         <name>_IQ11mpyRndSatTable</name>
         <value>0x3feacc</value>
         <object_component_ref idref="oc-106"/>
      </symbol>
      <symbol id="sm-658">
         <name>_IQdivRoundSatTable</name>
         <value>0x3fe502</value>
         <object_component_ref idref="oc-106"/>
      </symbol>
      <symbol id="sm-659">
         <name>_IQ7mpyRndSatTable</name>
         <value>0x3feafc</value>
         <object_component_ref idref="oc-106"/>
      </symbol>
      <symbol id="sm-65a">
         <name>_IQcosTable</name>
         <value>0x3fe100</value>
         <object_component_ref idref="oc-106"/>
      </symbol>
      <symbol id="sm-65b">
         <name>_IQisqrtTable</name>
         <value>0x3fe722</value>
         <object_component_ref idref="oc-106"/>
      </symbol>
      <symbol id="sm-65c">
         <name>_IQ4mpyRndSatTable</name>
         <value>0x3feb20</value>
         <object_component_ref idref="oc-106"/>
      </symbol>
      <symbol id="sm-65d">
         <name>_IQ19mpyRndSatTable</name>
         <value>0x3fea6c</value>
         <object_component_ref idref="oc-106"/>
      </symbol>
      <symbol id="sm-65e">
         <name>_IQ27mpyRndSatTable</name>
         <value>0x3fea0c</value>
         <object_component_ref idref="oc-106"/>
      </symbol>
      <symbol id="sm-65f">
         <name>_IQmpyRndSatTableEnd</name>
         <value>0x3feb50</value>
         <object_component_ref idref="oc-106"/>
      </symbol>
      <symbol id="sm-660">
         <name>_IQ1mpyRndSatTable</name>
         <value>0x3feb44</value>
         <object_component_ref idref="oc-106"/>
      </symbol>
      <symbol id="sm-661">
         <name>_IQsinTable</name>
         <value>0x3fe000</value>
         <object_component_ref idref="oc-106"/>
      </symbol>
      <symbol id="sm-6e7">
         <name>_ConvertToUint16</name>
         <value>0x3ee658</value>
         <object_component_ref idref="oc-107"/>
      </symbol>
      <symbol id="sm-6e8">
         <name>_DoCrc32</name>
         <value>0x3ee6bc</value>
         <object_component_ref idref="oc-107"/>
      </symbol>
      <symbol id="sm-6e9">
         <name>_ServiceRoutine</name>
         <value>0x3ee9ec</value>
         <object_component_ref idref="oc-107"/>
      </symbol>
      <symbol id="sm-6ea">
         <name>_EncodeAndTransmitData</name>
         <value>0x3ee70a</value>
         <object_component_ref idref="oc-107"/>
      </symbol>
      <symbol id="sm-6eb">
         <name>_InitCore</name>
         <value>0x3eea6f</value>
         <object_component_ref idref="oc-107"/>
      </symbol>
      <symbol id="sm-6ec">
         <name>_ConvertToBytes32</name>
         <value>0x3ee646</value>
         <object_component_ref idref="oc-107"/>
      </symbol>
      <symbol id="sm-6ed">
         <name>_ConvertToBytes16</name>
         <value>0x3ee653</value>
         <object_component_ref idref="oc-107"/>
      </symbol>
      <symbol id="sm-6ee">
         <name>_SendResetMessage</name>
         <value>0x3eea4b</value>
         <object_component_ref idref="oc-107"/>
      </symbol>
      <symbol id="sm-6ef">
         <name>_ConvertToUint64</name>
         <value>0x3ee65c</value>
         <object_component_ref idref="oc-107"/>
      </symbol>
      <symbol id="sm-6f0">
         <name>_ConvertToUint32</name>
         <value>0x3ee627</value>
         <object_component_ref idref="oc-107"/>
      </symbol>
      <symbol id="sm-6f1">
         <name>_DecodePacket</name>
         <value>0x3ee729</value>
         <object_component_ref idref="oc-107"/>
      </symbol>
      <symbol id="sm-71d">
         <name>_ByteProtocol_Transmit</name>
         <value>0x3ef7b1</value>
         <object_component_ref idref="oc-10c"/>
      </symbol>
      <symbol id="sm-71e">
         <name>_ByteProtocol_DecodeByte</name>
         <value>0x3ef846</value>
         <object_component_ref idref="oc-10c"/>
      </symbol>
      <symbol id="sm-71f">
         <name>_ByteProtocol_Init</name>
         <value>0x3ef818</value>
         <object_component_ref idref="oc-10c"/>
      </symbol>
      <symbol id="sm-77b">
         <name>_AddLoggerVariableBuffers</name>
         <value>0x3ef212</value>
         <object_component_ref idref="oc-111"/>
      </symbol>
      <symbol id="sm-77c">
         <name>_ClearVariables</name>
         <value>0x3ef01e</value>
         <object_component_ref idref="oc-111"/>
      </symbol>
      <symbol id="sm-77d">
         <name>_Datalogger</name>
         <value>0x3ef158</value>
         <object_component_ref idref="oc-111"/>
      </symbol>
      <symbol id="sm-77e">
         <name>_Init</name>
         <value>0x3ef01d</value>
         <object_component_ref idref="oc-111"/>
      </symbol>
      <symbol id="sm-77f">
         <name>_loggdata</name>
         <value>0x3eefb0</value>
         <object_component_ref idref="oc-111"/>
      </symbol>
      <symbol id="sm-780">
         <name>_DecodeCommands</name>
         <value>0x3ef02c</value>
         <object_component_ref idref="oc-111"/>
      </symbol>
      <symbol id="sm-781">
         <name>_AddProbes</name>
         <value>0x3ef20d</value>
         <object_component_ref idref="oc-111"/>
      </symbol>
      <symbol id="sm-79a">
         <name>_c_int00</name>
         <value>0x3efceb</value>
         <object_component_ref idref="oc-74"/>
      </symbol>
      <symbol id="sm-79b">
         <name>__stack</name>
         <value>0x50</value>
         <object_component_ref idref="oc-116"/>
      </symbol>
      <symbol id="sm-7af">
         <name>C$$EXIT</name>
         <value>0x3efe17</value>
         <object_component_ref idref="oc-15b"/>
      </symbol>
      <symbol id="sm-7b0">
         <name>_exit</name>
         <value>0x3efe19</value>
         <object_component_ref idref="oc-15b"/>
      </symbol>
      <symbol id="sm-7b1">
         <name>___TI_cleanup_ptr</name>
         <value>0x82c8</value>
         <object_component_ref idref="oc-11e"/>
      </symbol>
      <symbol id="sm-7b2">
         <name>_abort</name>
         <value>0x3efe17</value>
         <object_component_ref idref="oc-15b"/>
      </symbol>
      <symbol id="sm-7b3">
         <name>___TI_dtors_ptr</name>
         <value>0x82ca</value>
         <object_component_ref idref="oc-11e"/>
      </symbol>
      <symbol id="sm-7c5">
         <name>FD$$MPY</name>
         <value>0x3efb70</value>
         <object_component_ref idref="oc-123"/>
      </symbol>
      <symbol id="sm-7d4">
         <name>FD$$TOL</name>
         <value>0x3efd8b</value>
         <object_component_ref idref="oc-128"/>
      </symbol>
      <symbol id="sm-7e5">
         <name>FS$$MPY</name>
         <value>0x3efbf3</value>
         <object_component_ref idref="oc-12d"/>
      </symbol>
      <symbol id="sm-7f5">
         <name>FS$$TOFD</name>
         <value>0x3efdc8</value>
         <object_component_ref idref="oc-132"/>
      </symbol>
      <symbol id="sm-803">
         <name>I$$MOD</name>
         <value>0x3efd7a</value>
         <object_component_ref idref="oc-137"/>
      </symbol>
      <symbol id="sm-804">
         <name>I$$DIV</name>
         <value>0x3efd69</value>
         <object_component_ref idref="oc-137"/>
      </symbol>
      <symbol id="sm-813">
         <name>I$$TOFS</name>
         <value>0x3efde4</value>
         <object_component_ref idref="oc-13c"/>
      </symbol>
      <symbol id="sm-81f">
         <name>LL$$AND</name>
         <value>0x3efe30</value>
         <object_component_ref idref="oc-141"/>
      </symbol>
      <symbol id="sm-820">
         <name>LL$$OR</name>
         <value>0x3efe38</value>
         <object_component_ref idref="oc-141"/>
      </symbol>
      <symbol id="sm-821">
         <name>LL$$XOR</name>
         <value>0x3efe40</value>
         <object_component_ref idref="oc-141"/>
      </symbol>
      <symbol id="sm-82f">
         <name>ULL$$CMP</name>
         <value>0x3efdbc</value>
         <object_component_ref idref="oc-146"/>
      </symbol>
      <symbol id="sm-830">
         <name>LL$$CMP</name>
         <value>0x3efdaa</value>
         <object_component_ref idref="oc-146"/>
      </symbol>
      <symbol id="sm-845">
         <name>__unlock</name>
         <value>0x82ce</value>
         <object_component_ref idref="oc-16b"/>
      </symbol>
      <symbol id="sm-846">
         <name>__lock</name>
         <value>0x82cc</value>
         <object_component_ref idref="oc-15e"/>
      </symbol>
      <symbol id="sm-847">
         <name>__register_lock</name>
         <value>0x3efe58</value>
         <object_component_ref idref="oc-169"/>
      </symbol>
      <symbol id="sm-848">
         <name>__nop</name>
         <value>0x3efe5c</value>
         <object_component_ref idref="oc-169"/>
      </symbol>
      <symbol id="sm-849">
         <name>__register_unlock</name>
         <value>0x3efe54</value>
         <object_component_ref idref="oc-169"/>
      </symbol>
      <symbol id="sm-858">
         <name>_memset</name>
         <value>0x3efe48</value>
         <object_component_ref idref="oc-15c"/>
      </symbol>
      <symbol id="sm-868">
         <name>__args_main</name>
         <value>0x3efdfe</value>
         <object_component_ref idref="oc-15a"/>
      </symbol>
   </symbol_table>
   <title>Link successful</title>
</link_info>
